MemTotal:        4016008 kB
MemFree:         2454308 kB
Active:           946880 kB
Mem:          3.8G       1.5G       2.3G       4.2M       139M       824M

MemTotal:        4016008 kB
MemFree:         2453776 kB
Active:           947444 kB
Mem:          3.8G       1.5G       2.3G       4.2M       139M       824M

MemTotal:        4016008 kB
MemFree:         2452908 kB
Active:           947776 kB
Mem:          3.8G       1.5G       2.3G       4.2M       139M       824M

MemTotal:        4016008 kB
MemFree:         2453264 kB
Active:           948008 kB
Mem:          3.8G       1.5G       2.3G       4.2M       139M       824M

MemTotal:        4016008 kB
MemFree:         2452860 kB
Active:           947904 kB
Mem:          3.8G       1.5G       2.3G       4.2M       139M       824M

MemTotal:        4016008 kB
MemFree:         2453124 kB
Active:           947884 kB
Mem:          3.8G       1.5G       2.3G       4.2M       139M       824M

MemTotal:        4016008 kB
MemFree:         2453356 kB
Active:           948172 kB
Mem:          3.8G       1.5G       2.3G       4.2M       139M       824M

MemTotal:        4016008 kB
MemFree:         2453372 kB
Active:           947904 kB
Mem:          3.8G       1.5G       2.3G       4.2M       139M       824M

MemTotal:        4016008 kB
MemFree:         2452456 kB
Active:           948004 kB
Mem:          3.8G       1.5G       2.3G       4.2M       139M       824M

MemTotal:        4016008 kB
MemFree:         2452356 kB
Active:           948172 kB
Mem:          3.8G       1.5G       2.3G       4.2M       139M       824M

MemTotal:        4016008 kB
MemFree:         2452356 kB
Active:           948008 kB
Mem:          3.8G       1.5G       2.3G       4.2M       139M       824M

MemTotal:        4016008 kB
MemFree:         2452588 kB
Active:           948136 kB
Mem:          3.8G       1.5G       2.3G       4.2M       139M       824M

MemTotal:        4016008 kB
MemFree:         2452908 kB
Active:           947600 kB
Mem:          3.8G       1.5G       2.3G       4.2M       139M       824M

MemTotal:        4016008 kB
MemFree:         2452636 kB
Active:           947648 kB
Mem:          3.8G       1.5G       2.3G       4.2M       139M       824M

MemTotal:        4016008 kB
MemFree:         2452908 kB
Active:           947372 kB
Mem:          3.8G       1.5G       2.3G       4.2M       139M       824M

MemTotal:        4016008 kB
MemFree:         2452956 kB
Active:           947532 kB
Mem:          3.8G       1.5G       2.3G       4.2M       139M       824M

MemTotal:        4016008 kB
MemFree:         2452968 kB
Active:           947784 kB
Mem:          3.8G       1.5G       2.3G       4.2M       139M       824M

MemTotal:        4016008 kB
MemFree:         2453324 kB
Active:           947664 kB
Mem:          3.8G       1.5G       2.3G       4.2M       139M       824M

MemTotal:        4016008 kB
MemFree:         2453116 kB
Active:           947688 kB
Mem:          3.8G       1.5G       2.3G       4.2M       139M       824M

MemTotal:        4016008 kB
MemFree:         2453048 kB
Active:           947552 kB
Mem:          3.8G       1.5G       2.3G       4.2M       139M       824M

MemTotal:        4016008 kB
MemFree:         2452844 kB
Active:           947700 kB
Mem:          3.8G       1.5G       2.3G       4.2M       139M       824M

MemTotal:        4016008 kB
MemFree:         2452868 kB
Active:           947668 kB
Mem:          3.8G       1.5G       2.3G       4.2M       139M       824M

MemTotal:        4016008 kB
MemFree:         2453588 kB
Active:           947380 kB
Mem:          3.8G       1.5G       2.3G       4.2M       139M       824M

MemTotal:        4016008 kB
MemFree:         2453588 kB
Active:           947668 kB
Mem:          3.8G       1.5G       2.3G       4.2M       139M       824M

MemTotal:        4016008 kB
MemFree:         2452800 kB
Active:           947576 kB
Mem:          3.8G       1.5G       2.3G       4.2M       139M       824M

MemTotal:        4016008 kB
MemFree:         2453000 kB
Active:           947276 kB
Mem:          3.8G       1.5G       2.3G       4.2M       139M       824M

MemTotal:        4016008 kB
MemFree:         2453216 kB
Active:           947664 kB
Mem:          3.8G       1.5G       2.3G       4.2M       139M       824M

MemTotal:        4016008 kB
MemFree:         2453000 kB
Active:           947824 kB
Mem:          3.8G       1.5G       2.3G       4.2M       139M       824M

MemTotal:        4016008 kB
MemFree:         2453496 kB
Active:           947468 kB
Mem:          3.8G       1.5G       2.3G       4.2M       139M       824M

MemTotal:        4016008 kB
MemFree:         2453124 kB
Active:           947576 kB
Mem:          3.8G       1.5G       2.3G       4.2M       139M       824M

MemTotal:        4016008 kB
MemFree:         2453124 kB
Active:           947544 kB
Mem:          3.8G       1.5G       2.3G       4.2M       139M       824M

MemTotal:        4016008 kB
MemFree:         2453372 kB
Active:           947576 kB
Mem:          3.8G       1.5G       2.3G       4.2M       139M       824M

MemTotal:        4016008 kB
MemFree:         2453744 kB
Active:           947564 kB
Mem:          3.8G       1.5G       2.3G       4.2M       139M       824M

MemTotal:        4016008 kB
MemFree:         2453620 kB
Active:           947568 kB
Mem:          3.8G       1.5G       2.3G       4.2M       139M       824M

MemTotal:        4016008 kB
MemFree:         2453000 kB
Active:           947580 kB
Mem:          3.8G       1.5G       2.3G       4.2M       139M       824M

MemTotal:        4016008 kB
MemFree:         2453108 kB
Active:           947460 kB
Mem:          3.8G       1.5G       2.3G       4.2M       139M       824M

MemTotal:        4016008 kB
MemFree:         2453124 kB
Active:           947552 kB
Mem:          3.8G       1.5G       2.3G       4.2M       139M       824M

MemTotal:        4016008 kB
MemFree:         2453464 kB
Active:           947656 kB
Mem:          3.8G       1.5G       2.3G       4.2M       139M       824M

MemTotal:        4016008 kB
MemFree:         2453340 kB
Active:           947352 kB
Mem:          3.8G       1.5G       2.3G       4.2M       139M       824M

MemTotal:        4016008 kB
MemFree:         2453348 kB
Active:           947564 kB
Mem:          3.8G       1.5G       2.3G       4.2M       139M       824M

MemTotal:        4016008 kB
MemFree:         2453264 kB
Active:           947596 kB
Mem:          3.8G       1.5G       2.3G       4.2M       139M       824M

MemTotal:        4016008 kB
MemFree:         2453216 kB
Active:           947580 kB
Mem:          3.8G       1.5G       2.3G       4.2M       139M       824M

MemTotal:        4016008 kB
MemFree:         2453248 kB
Active:           947580 kB
Mem:          3.8G       1.5G       2.3G       4.2M       139M       824M

MemTotal:        4016008 kB
MemFree:         2452876 kB
Active:           947600 kB
Mem:          3.8G       1.5G       2.3G       4.2M       139M       824M

MemTotal:        4016008 kB
MemFree:         2453124 kB
Active:           947592 kB
Mem:          3.8G       1.5G       2.3G       4.2M       139M       824M

MemTotal:        4016008 kB
MemFree:         2453620 kB
Active:           947588 kB
Mem:          3.8G       1.5G       2.3G       4.2M       139M       824M

MemTotal:        4016008 kB
MemFree:         2453372 kB
Active:           947564 kB
Mem:          3.8G       1.5G       2.3G       4.2M       139M       824M

MemTotal:        4016008 kB
MemFree:         2453496 kB
Active:           947608 kB
Mem:          3.8G       1.5G       2.3G       4.2M       139M       824M

MemTotal:        4016008 kB
MemFree:         2453124 kB
Active:           947612 kB
Mem:          3.8G       1.5G       2.3G       4.2M       139M       824M

MemTotal:        4016008 kB
MemFree:         2452752 kB
Active:           947612 kB
Mem:          3.8G       1.5G       2.3G       4.2M       139M       824M

MemTotal:        4016008 kB
MemFree:         2453372 kB
Active:           947616 kB
Mem:          3.8G       1.5G       2.3G       4.2M       139M       824M

MemTotal:        4016008 kB
MemFree:         2453000 kB
Active:           947628 kB
Mem:          3.8G       1.5G       2.3G       4.2M       139M       824M

MemTotal:        4016008 kB
MemFree:         2452876 kB
Active:           947632 kB
Mem:          3.8G       1.5G       2.3G       4.2M       139M       824M

MemTotal:        4016008 kB
MemFree:         2452380 kB
Active:           947644 kB
Mem:          3.8G       1.5G       2.3G       4.2M       139M       824M

MemTotal:        4016008 kB
MemFree:         2452504 kB
Active:           947644 kB
Mem:          3.8G       1.5G       2.3G       4.2M       139M       824M

MemTotal:        4016008 kB
MemFree:         2452752 kB
Active:           947644 kB
Mem:          3.8G       1.5G       2.3G       4.2M       139M       824M

MemTotal:        4016008 kB
MemFree:         2452876 kB
Active:           947656 kB
Mem:          3.8G       1.5G       2.3G       4.2M       139M       824M

MemTotal:        4016008 kB
MemFree:         2453000 kB
Active:           947656 kB
Mem:          3.8G       1.5G       2.3G       4.2M       139M       824M

MemTotal:        4016008 kB
MemFree:         2452876 kB
Active:           947656 kB
Mem:          3.8G       1.5G       2.3G       4.2M       139M       824M

MemTotal:        4016008 kB
MemFree:         2453372 kB
Active:           947656 kB
Mem:          3.8G       1.5G       2.3G       4.2M       139M       824M

MemTotal:        4016008 kB
MemFree:         2453620 kB
Active:           947660 kB
Mem:          3.8G       1.5G       2.3G       4.2M       139M       824M

MemTotal:        4016008 kB
MemFree:         2453744 kB
Active:           947660 kB
Mem:          3.8G       1.5G       2.3G       4.2M       139M       824M

MemTotal:        4016008 kB
MemFree:         2453868 kB
Active:           947660 kB
Mem:          3.8G       1.5G       2.3G       4.2M       139M       824M

MemTotal:        4016008 kB
MemFree:         2453992 kB
Active:           947652 kB
Mem:          3.8G       1.5G       2.3G       4.2M       139M       824M

MemTotal:        4016008 kB
MemFree:         2453496 kB
Active:           947624 kB
Mem:          3.8G       1.5G       2.3G       4.2M       139M       824M

MemTotal:        4016008 kB
MemFree:         2453372 kB
Active:           947652 kB
Mem:          3.8G       1.5G       2.3G       4.2M       139M       824M

MemTotal:        4016008 kB
MemFree:         2453372 kB
Active:           947648 kB
Mem:          3.8G       1.5G       2.3G       4.2M       139M       824M

MemTotal:        4016008 kB
MemFree:         2453248 kB
Active:           947664 kB
Mem:          3.8G       1.5G       2.3G       4.2M       139M       824M

MemTotal:        4016008 kB
MemFree:         2453712 kB
Active:           947592 kB
Mem:          3.8G       1.5G       2.3G       4.2M       139M       824M

MemTotal:        4016008 kB
MemFree:         2453836 kB
Active:           947644 kB
Mem:          3.8G       1.5G       2.3G       4.2M       139M       824M

MemTotal:        4016008 kB
MemFree:         2453464 kB
Active:           947648 kB
Mem:          3.8G       1.5G       2.3G       4.2M       139M       824M

MemTotal:        4016008 kB
MemFree:         2453340 kB
Active:           947668 kB
Mem:          3.8G       1.5G       2.3G       4.2M       139M       824M

MemTotal:        4016008 kB
MemFree:         2452332 kB
Active:           947812 kB
Mem:          3.8G       1.5G       2.3G       4.2M       139M       824M

MemTotal:        4016008 kB
MemFree:         2452868 kB
Active:           947664 kB
Mem:          3.8G       1.5G       2.3G       4.2M       139M       824M

MemTotal:        4016008 kB
MemFree:         2452952 kB
Active:           947816 kB
Mem:          3.8G       1.5G       2.3G       4.2M       139M       824M

MemTotal:        4016008 kB
MemFree:         2452720 kB
Active:           947796 kB
Mem:          3.8G       1.5G       2.3G       4.2M       139M       824M

MemTotal:        4016008 kB
MemFree:         2452876 kB
Active:           947852 kB
Mem:          3.8G       1.5G       2.3G       4.2M       139M       824M

MemTotal:        4016008 kB
MemFree:         2452876 kB
Active:           947688 kB
Mem:          3.8G       1.5G       2.3G       4.2M       139M       824M

MemTotal:        4016008 kB
MemFree:         2452992 kB
Active:           947508 kB
Mem:          3.8G       1.5G       2.3G       4.2M       139M       824M

MemTotal:        4016008 kB
MemFree:         2453444 kB
Active:           947400 kB
Mem:          3.8G       1.5G       2.3G       4.2M       139M       824M

MemTotal:        4016008 kB
MemFree:         2453340 kB
Active:           947688 kB
Mem:          3.8G       1.5G       2.3G       4.2M       139M       824M

MemTotal:        4016008 kB
MemFree:         2453100 kB
Active:           947844 kB
Mem:          3.8G       1.5G       2.3G       4.2M       139M       824M

MemTotal:        4016008 kB
MemFree:         2452332 kB
Active:           947804 kB
Mem:          3.8G       1.5G       2.3G       4.2M       139M       824M

MemTotal:        4016008 kB
MemFree:         2452752 kB
Active:           947540 kB
Mem:          3.8G       1.5G       2.3G       4.2M       139M       824M

MemTotal:        4016008 kB
MemFree:         2452620 kB
Active:           947832 kB
Mem:          3.8G       1.5G       2.3G       4.2M       139M       824M

MemTotal:        4016008 kB
MemFree:         2452580 kB
Active:           947856 kB
Mem:          3.8G       1.5G       2.3G       4.2M       139M       824M

MemTotal:        4016008 kB
MemFree:         2452876 kB
Active:           947740 kB
Mem:          3.8G       1.5G       2.3G       4.2M       139M       824M

MemTotal:        4016008 kB
MemFree:         2453240 kB
Active:           947724 kB
Mem:          3.8G       1.5G       2.3G       4.2M       139M       824M

MemTotal:        4016008 kB
MemFree:         2453092 kB
Active:           947728 kB
Mem:          3.8G       1.5G       2.3G       4.2M       139M       824M

MemTotal:        4016008 kB
MemFree:         2453340 kB
Active:           947832 kB
Mem:          3.8G       1.5G       2.3G       4.2M       139M       824M

MemTotal:        4016008 kB
MemFree:         2453012 kB
Active:           947992 kB
Mem:          3.8G       1.5G       2.3G       4.2M       139M       824M

MemTotal:        4016008 kB
MemFree:         2453432 kB
Active:           947892 kB
Mem:          3.8G       1.5G       2.3G       4.2M       139M       824M

MemTotal:        4016008 kB
MemFree:         2453152 kB
Active:           947864 kB
Mem:          3.8G       1.5G       2.3G       4.2M       139M       824M

MemTotal:        4016008 kB
MemFree:         2453208 kB
Active:           947704 kB
Mem:          3.8G       1.5G       2.3G       4.2M       139M       824M

MemTotal:        4016008 kB
MemFree:         2452928 kB
Active:           947604 kB
Mem:          3.8G       1.5G       2.3G       4.2M       139M       824M

MemTotal:        4016008 kB
MemFree:         2453492 kB
Active:           947672 kB
Mem:          3.8G       1.5G       2.3G       4.2M       139M       824M

MemTotal:        4016008 kB
MemFree:         2452516 kB
Active:           947812 kB
Mem:          3.8G       1.5G       2.3G       4.2M       139M       824M

MemTotal:        4016008 kB
MemFree:         2452564 kB
Active:           947804 kB
Mem:          3.8G       1.5G       2.3G       4.2M       139M       824M

MemTotal:        4016008 kB
MemFree:         2452812 kB
Active:           947732 kB
Mem:          3.8G       1.5G       2.3G       4.2M       139M       824M

MemTotal:        4016008 kB
MemFree:         2451104 kB
Active:           949808 kB
Mem:          3.8G       1.5G       2.3G       4.2M       139M       824M

MemTotal:        4016008 kB
MemFree:         2451228 kB
Active:           949756 kB
Mem:          3.8G       1.5G       2.3G       4.2M       139M       824M

MemTotal:        4016008 kB
MemFree:         2451600 kB
Active:           949736 kB
Mem:          3.8G       1.5G       2.3G       4.2M       139M       824M

MemTotal:        4016008 kB
MemFree:         2451632 kB
Active:           949712 kB
Mem:          3.8G       1.5G       2.3G       4.2M       139M       824M

MemTotal:        4016008 kB
MemFree:         2450888 kB
Active:           949776 kB
Mem:          3.8G       1.5G       2.3G       4.2M       139M       824M

MemTotal:        4016008 kB
MemFree:         2451384 kB
Active:           949788 kB
Mem:          3.8G       1.5G       2.3G       4.2M       139M       824M

MemTotal:        4016008 kB
MemFree:         2451756 kB
Active:           949788 kB
Mem:          3.8G       1.5G       2.3G       4.2M       139M       824M

MemTotal:        4016008 kB
MemFree:         2451384 kB
Active:           949768 kB
Mem:          3.8G       1.5G       2.3G       4.2M       139M       824M

MemTotal:        4016008 kB
MemFree:         2450888 kB
Active:           949756 kB
Mem:          3.8G       1.5G       2.3G       4.2M       139M       824M

MemTotal:        4016008 kB
MemFree:         2450888 kB
Active:           949788 kB
Mem:          3.8G       1.5G       2.3G       4.2M       139M       824M

MemTotal:        4016008 kB
MemFree:         2450888 kB
Active:           949764 kB
Mem:          3.8G       1.5G       2.3G       4.2M       139M       824M

MemTotal:        4016008 kB
MemFree:         2451384 kB
Active:           949776 kB
Mem:          3.8G       1.5G       2.3G       4.2M       139M       824M

MemTotal:        4016008 kB
MemFree:         2451120 kB
Active:           949776 kB
Mem:          3.8G       1.5G       2.3G       4.2M       139M       824M

MemTotal:        4016008 kB
MemFree:         2451244 kB
Active:           949800 kB
Mem:          3.8G       1.5G       2.3G       4.2M       139M       824M

MemTotal:        4016008 kB
MemFree:         2451492 kB
Active:           949764 kB
Mem:          3.8G       1.5G       2.3G       4.2M       139M       824M

MemTotal:        4016008 kB
MemFree:         2451120 kB
Active:           949788 kB
Mem:          3.8G       1.5G       2.3G       4.2M       139M       824M

MemTotal:        4016008 kB
MemFree:         2450996 kB
Active:           949796 kB
Mem:          3.8G       1.5G       2.3G       4.2M       139M       824M

MemTotal:        4016008 kB
MemFree:         2451120 kB
Active:           949800 kB
Mem:          3.8G       1.5G       2.3G       4.2M       139M       824M

MemTotal:        4016008 kB
MemFree:         2450872 kB
Active:           949792 kB
Mem:          3.8G       1.5G       2.3G       4.2M       139M       824M

MemTotal:        4016008 kB
MemFree:         2450748 kB
Active:           949796 kB
Mem:          3.8G       1.5G       2.3G       4.2M       139M       824M

MemTotal:        4016008 kB
MemFree:         2450748 kB
Active:           949808 kB
Mem:          3.8G       1.5G       2.3G       4.2M       139M       824M

MemTotal:        4016008 kB
MemFree:         2450996 kB
Active:           949812 kB
Mem:          3.8G       1.5G       2.3G       4.2M       139M       824M

MemTotal:        4016008 kB
MemFree:         2451492 kB
Active:           949800 kB
Mem:          3.8G       1.5G       2.3G       4.2M       139M       824M

MemTotal:        4016008 kB
MemFree:         2451120 kB
Active:           949816 kB
Mem:          3.8G       1.5G       2.3G       4.2M       139M       824M

MemTotal:        4016008 kB
MemFree:         2450996 kB
Active:           949804 kB
Mem:          3.8G       1.5G       2.3G       4.2M       139M       824M

MemTotal:        4016008 kB
MemFree:         2450996 kB
Active:           949812 kB
Mem:          3.8G       1.5G       2.3G       4.2M       139M       824M

MemTotal:        4016008 kB
MemFree:         2450996 kB
Active:           949812 kB
Mem:          3.8G       1.5G       2.3G       4.2M       139M       824M

MemTotal:        4016008 kB
MemFree:         2451244 kB
Active:           949832 kB
Mem:          3.8G       1.5G       2.3G       4.2M       139M       824M

MemTotal:        4016008 kB
MemFree:         2451368 kB
Active:           949828 kB
Mem:          3.8G       1.5G       2.3G       4.2M       139M       824M

MemTotal:        4016008 kB
MemFree:         2451740 kB
Active:           949796 kB
Mem:          3.8G       1.5G       2.3G       4.2M       139M       824M

MemTotal:        4016008 kB
MemFree:         2451368 kB
Active:           949832 kB
Mem:          3.8G       1.5G       2.3G       4.2M       139M       824M

MemTotal:        4016008 kB
MemFree:         2451368 kB
Active:           949836 kB
Mem:          3.8G       1.5G       2.3G       4.2M       139M       824M

MemTotal:        4016008 kB
MemFree:         2451492 kB
Active:           949848 kB
Mem:          3.8G       1.5G       2.3G       4.2M       139M       824M

MemTotal:        4016008 kB
MemFree:         2450964 kB
Active:           949876 kB
Mem:          3.8G       1.5G       2.3G       4.2M       139M       824M

MemTotal:        4016008 kB
MemFree:         2450740 kB
Active:           949816 kB
Mem:          3.8G       1.5G       2.3G       4.2M       139M       824M

MemTotal:        4016008 kB
MemFree:         2450096 kB
Active:           949996 kB
Mem:          3.8G       1.5G       2.3G       4.2M       139M       824M

MemTotal:        4016008 kB
MemFree:         2450392 kB
Active:           949812 kB
Mem:          3.8G       1.5G       2.3G       4.2M       139M       824M

MemTotal:        4016008 kB
MemFree:         2450400 kB
Active:           949796 kB
Mem:          3.8G       1.5G       2.3G       4.2M       139M       824M

MemTotal:        4016008 kB
MemFree:         2450700 kB
Active:           949944 kB
Mem:          3.8G       1.5G       2.3G       4.2M       139M       824M

MemTotal:        4016008 kB
MemFree:         2451088 kB
Active:           949984 kB
Mem:          3.8G       1.5G       2.3G       4.2M       139M       824M

MemTotal:        4016008 kB
MemFree:         2451212 kB
Active:           949836 kB
Mem:          3.8G       1.5G       2.3G       4.2M       139M       824M

MemTotal:        4016008 kB
MemFree:         2450948 kB
Active:           950368 kB
Mem:          3.8G       1.5G       2.3G       4.2M       139M       824M

MemTotal:        4016008 kB
MemFree:         2450156 kB
Active:           950628 kB
Mem:          3.8G       1.5G       2.3G       4.2M       139M       824M

MemTotal:        4016008 kB
MemFree:         2450420 kB
Active:           950624 kB
Mem:          3.8G       1.5G       2.3G       4.2M       139M       824M

MemTotal:        4016008 kB
MemFree:         2449800 kB
Active:           950396 kB
Mem:          3.8G       1.5G       2.3G       4.2M       139M       824M

MemTotal:        4016008 kB
MemFree:         2449660 kB
Active:           950360 kB
Mem:          3.8G       1.5G       2.3G       4.2M       139M       824M

MemTotal:        4016008 kB
MemFree:         2449800 kB
Active:           950396 kB
Mem:          3.8G       1.5G       2.3G       4.2M       139M       824M

MemTotal:        4016008 kB
MemFree:         2450196 kB
Active:           950652 kB
Mem:          3.8G       1.5G       2.3G       4.2M       139M       824M

MemTotal:        4016008 kB
MemFree:         2449536 kB
Active:           950664 kB
Mem:          3.8G       1.5G       2.3G       4.2M       139M       824M

MemTotal:        4016008 kB
MemFree:         2449660 kB
Active:           950520 kB
Mem:          3.8G       1.5G       2.3G       4.2M       139M       824M

MemTotal:        4016008 kB
MemFree:         2449676 kB
Active:           950416 kB
Mem:          3.8G       1.5G       2.3G       4.2M       139M       824M

MemTotal:        4016008 kB
MemFree:         2450440 kB
Active:           949792 kB
Mem:          3.8G       1.5G       2.3G       4.2M       139M       824M

MemTotal:        4016008 kB
MemFree:         2450684 kB
Active:           949860 kB
Mem:          3.8G       1.5G       2.3G       4.2M       139M       824M

MemTotal:        4016008 kB
MemFree:         2450700 kB
Active:           949916 kB
Mem:          3.8G       1.5G       2.3G       4.2M       139M       824M

MemTotal:        4016008 kB
MemFree:         2450808 kB
Active:           950056 kB
Mem:          3.8G       1.5G       2.3G       4.2M       139M       824M

MemTotal:        4016008 kB
MemFree:         2450560 kB
Active:           949916 kB
Mem:          3.8G       1.5G       2.3G       4.2M       139M       824M

MemTotal:        4016008 kB
MemFree:         2451144 kB
Active:           949880 kB
Mem:          3.8G       1.5G       2.3G       4.2M       139M       824M

MemTotal:        4016008 kB
MemFree:         2450972 kB
Active:           949896 kB
Mem:          3.8G       1.5G       2.3G       4.2M       139M       824M

MemTotal:        4016008 kB
MemFree:         2450932 kB
Active:           950164 kB
Mem:          3.8G       1.5G       2.3G       4.2M       139M       824M

MemTotal:        4016008 kB
MemFree:         2451204 kB
Active:           949884 kB
Mem:          3.8G       1.5G       2.3G       4.2M       139M       824M

MemTotal:        4016008 kB
MemFree:         2450412 kB
Active:           949936 kB
Mem:          3.8G       1.5G       2.3G       4.2M       139M       824M

MemTotal:        4016008 kB
MemFree:         2450560 kB
Active:           949936 kB
Mem:          3.8G       1.5G       2.3G       4.2M       139M       824M

MemTotal:        4016008 kB
MemFree:         2450884 kB
Active:           950048 kB
Mem:          3.8G       1.5G       2.3G       4.2M       139M       824M

MemTotal:        4016008 kB
MemFree:         2450544 kB
Active:           949912 kB
Mem:          3.8G       1.5G       2.3G       4.2M       139M       824M

MemTotal:        4016008 kB
MemFree:         2451736 kB
Active:           949860 kB
Mem:          3.8G       1.5G       2.3G       4.2M       139M       824M

MemTotal:        4016008 kB
MemFree:         2451164 kB
Active:           949936 kB
Mem:          3.8G       1.5G       2.3G       4.2M       139M       824M

MemTotal:        4016008 kB
MemFree:         2451288 kB
Active:           949932 kB
Mem:          3.8G       1.5G       2.3G       4.2M       139M       824M

MemTotal:        4016008 kB
MemFree:         2451164 kB
Active:           949916 kB
Mem:          3.8G       1.5G       2.3G       4.2M       139M       824M

MemTotal:        4016008 kB
MemFree:         2451180 kB
Active:           949936 kB
Mem:          3.8G       1.5G       2.3G       4.2M       139M       824M

MemTotal:        4016008 kB
MemFree:         2451552 kB
Active:           949916 kB
Mem:          3.8G       1.5G       2.3G       4.2M       139M       824M

MemTotal:        4016008 kB
MemFree:         2451428 kB
Active:           949928 kB
Mem:          3.8G       1.5G       2.3G       4.2M       139M       824M

MemTotal:        4016008 kB
MemFree:         2451304 kB
Active:           949948 kB
Mem:          3.8G       1.5G       2.3G       4.2M       139M       824M

MemTotal:        4016008 kB
MemFree:         2451180 kB
Active:           949932 kB
Mem:          3.8G       1.5G       2.3G       4.2M       139M       824M

MemTotal:        4016008 kB
MemFree:         2450808 kB
Active:           949948 kB
Mem:          3.8G       1.5G       2.3G       4.2M       139M       824M

MemTotal:        4016008 kB
MemFree:         2450808 kB
Active:           949952 kB
Mem:          3.8G       1.5G       2.3G       4.2M       139M       824M

MemTotal:        4016008 kB
MemFree:         2451180 kB
Active:           949948 kB
Mem:          3.8G       1.5G       2.3G       4.2M       139M       824M

MemTotal:        4016008 kB
MemFree:         2450808 kB
Active:           949960 kB
Mem:          3.8G       1.5G       2.3G       4.2M       139M       824M

MemTotal:        4016008 kB
MemFree:         2450684 kB
Active:           949956 kB
Mem:          3.8G       1.5G       2.3G       4.2M       139M       824M

MemTotal:        4016008 kB
MemFree:         2450808 kB
Active:           949960 kB
Mem:          3.8G       1.5G       2.3G       4.2M       139M       824M

MemTotal:        4016008 kB
MemFree:         2450684 kB
Active:           949956 kB
Mem:          3.8G       1.5G       2.3G       4.2M       139M       824M

MemTotal:        4016008 kB
MemFree:         2450932 kB
Active:           949964 kB
Mem:          3.8G       1.5G       2.3G       4.2M       139M       824M

MemTotal:        4016008 kB
MemFree:         2450560 kB
Active:           949972 kB
Mem:          3.8G       1.5G       2.3G       4.2M       139M       824M

MemTotal:        4016008 kB
MemFree:         2450312 kB
Active:           949972 kB
Mem:          3.8G       1.5G       2.3G       4.2M       139M       824M

MemTotal:        4016008 kB
MemFree:         2450932 kB
Active:           949944 kB
Mem:          3.8G       1.5G       2.3G       4.2M       139M       824M

MemTotal:        4016008 kB
MemFree:         2451180 kB
Active:           949952 kB
Mem:          3.8G       1.5G       2.3G       4.2M       139M       824M

MemTotal:        4016008 kB
MemFree:         2450652 kB
Active:           949940 kB
Mem:          3.8G       1.5G       2.3G       4.2M       139M       824M

MemTotal:        4016008 kB
MemFree:         2450404 kB
Active:           949980 kB
Mem:          3.8G       1.5G       2.3G       4.2M       139M       824M

MemTotal:        4016008 kB
MemFree:         2450900 kB
Active:           949924 kB
Mem:          3.8G       1.5G       2.3G       4.2M       139M       824M

MemTotal:        4016008 kB
MemFree:         2450280 kB
Active:           949984 kB
Mem:          3.8G       1.5G       2.3G       4.2M       139M       824M

MemTotal:        4016008 kB
MemFree:         2450404 kB
Active:           949932 kB
Mem:          3.8G       1.5G       2.3G       4.2M       139M       824M

MemTotal:        4016008 kB
MemFree:         2450544 kB
Active:           949928 kB
Mem:          3.8G       1.5G       2.3G       4.2M       139M       824M

MemTotal:        4016008 kB
MemFree:         2450544 kB
Active:           949992 kB
Mem:          3.8G       1.5G       2.3G       4.2M       139M       824M

MemTotal:        4016008 kB
MemFree:         2450420 kB
Active:           949956 kB
Mem:          3.8G       1.5G       2.3G       4.2M       139M       824M

MemTotal:        4016008 kB
MemFree:         2450668 kB
Active:           949976 kB
Mem:          3.8G       1.5G       2.3G       4.2M       139M       824M

MemTotal:        4016008 kB
MemFree:         2450916 kB
Active:           949992 kB
Mem:          3.8G       1.5G       2.3G       4.2M       139M       824M

MemTotal:        4016008 kB
MemFree:         2450792 kB
Active:           949996 kB
Mem:          3.8G       1.5G       2.3G       4.2M       139M       824M

MemTotal:        4016008 kB
MemFree:         2450568 kB
Active:           949948 kB
Mem:          3.8G       1.5G       2.3G       4.2M       139M       824M

MemTotal:        4016008 kB
MemFree:         2450576 kB
Active:           949992 kB
Mem:          3.8G       1.5G       2.3G       4.2M       139M       824M

MemTotal:        4016008 kB
MemFree:         2450700 kB
Active:           949984 kB
Mem:          3.8G       1.5G       2.3G       4.2M       139M       824M

MemTotal:        4016008 kB
MemFree:         2450288 kB
Active:           949952 kB
Mem:          3.8G       1.5G       2.3G       4.2M       139M       824M

MemTotal:        4016008 kB
MemFree:         2450560 kB
Active:           950004 kB
Mem:          3.8G       1.5G       2.3G       4.2M       139M       824M

MemTotal:        4016008 kB
MemFree:         2450536 kB
Active:           950024 kB
Mem:          3.8G       1.5G       2.3G       4.2M       140M       824M

MemTotal:        4016008 kB
MemFree:         2450784 kB
Active:           949948 kB
Mem:          3.8G       1.5G       2.3G       4.2M       140M       824M

MemTotal:        4016008 kB
MemFree:         2450800 kB
Active:           949872 kB
Mem:          3.8G       1.5G       2.3G       4.2M       140M       824M

MemTotal:        4016008 kB
MemFree:         2450900 kB
Active:           949868 kB
Mem:          3.8G       1.5G       2.3G       4.2M       140M       824M

MemTotal:        4016008 kB
MemFree:         2450760 kB
Active:           950008 kB
Mem:          3.8G       1.5G       2.3G       4.2M       140M       824M

MemTotal:        4016008 kB
MemFree:         2450528 kB
Active:           950136 kB
Mem:          3.8G       1.5G       2.3G       4.2M       140M       824M

MemTotal:        4016008 kB
MemFree:         2450592 kB
Active:           950048 kB
Mem:          3.8G       1.5G       2.3G       4.2M       140M       824M

MemTotal:        4016008 kB
MemFree:         2450552 kB
Active:           950180 kB
Mem:          3.8G       1.5G       2.3G       4.2M       140M       824M

MemTotal:        4016008 kB
MemFree:         2450404 kB
Active:           950164 kB
Mem:          3.8G       1.5G       2.3G       4.2M       140M       824M

MemTotal:        4016008 kB
MemFree:         2450032 kB
Active:           950008 kB
Mem:          3.8G       1.5G       2.3G       4.2M       140M       824M

MemTotal:        4016008 kB
MemFree:         2450404 kB
Active:           950044 kB
Mem:          3.8G       1.5G       2.3G       4.2M       140M       824M

MemTotal:        4016008 kB
MemFree:         2450428 kB
Active:           949880 kB
Mem:          3.8G       1.5G       2.3G       4.2M       140M       824M

MemTotal:        4016008 kB
MemFree:         2450428 kB
Active:           950204 kB
Mem:          3.8G       1.5G       2.3G       4.2M       140M       824M

MemTotal:        4016008 kB
MemFree:         2450064 kB
Active:           950316 kB
Mem:          3.8G       1.5G       2.3G       4.2M       140M       824M

MemTotal:        4016008 kB
MemFree:         2459420 kB
Active:           941324 kB
Mem:          3.8G       1.5G       2.3G       4.2M       140M       824M

MemTotal:        4016008 kB
MemFree:         2459900 kB
Active:           940940 kB
Mem:          3.8G       1.5G       2.3G       4.2M       140M       824M

MemTotal:        4016008 kB
MemFree:         2459904 kB
Active:           941088 kB
Mem:          3.8G       1.5G       2.3G       4.2M       140M       824M

MemTotal:        4016008 kB
MemFree:         2460152 kB
Active:           941280 kB
Mem:          3.8G       1.5G       2.3G       4.2M       140M       824M

MemTotal:        4016008 kB
MemFree:         2460176 kB
Active:           941100 kB
Mem:          3.8G       1.5G       2.3G       4.2M       140M       824M

MemTotal:        4016008 kB
MemFree:         2446512 kB
Active:           952012 kB
Mem:          3.8G       1.5G       2.3G       4.4M       140M       824M

MemTotal:        4016008 kB
MemFree:         2447908 kB
Active:           952316 kB
Mem:          3.8G       1.5G       2.3G       4.5M       140M       824M

MemTotal:        4016008 kB
MemFree:         2448204 kB
Active:           952440 kB
Mem:          3.8G       1.5G       2.3G       4.5M       140M       824M

MemTotal:        4016008 kB
MemFree:         2448156 kB
Active:           952696 kB
Mem:          3.8G       1.5G       2.3G       4.5M       140M       824M

MemTotal:        4016008 kB
MemFree:         2448596 kB
Active:           952556 kB
Mem:          3.8G       1.5G       2.3G       4.5M       140M       824M

MemTotal:        4016008 kB
MemFree:         2448340 kB
Active:           952272 kB
Mem:          3.8G       1.5G       2.3G       4.5M       140M       824M

MemTotal:        4016008 kB
MemFree:         2448116 kB
Active:           952556 kB
Mem:          3.8G       1.5G       2.3G       4.5M       140M       824M

MemTotal:        4016008 kB
MemFree:         2448000 kB
Active:           952748 kB
Mem:          3.8G       1.5G       2.3G       4.5M       140M       824M

MemTotal:        4016008 kB
MemFree:         2447916 kB
Active:           952468 kB
Mem:          3.8G       1.5G       2.3G       4.5M       140M       824M

MemTotal:        4016008 kB
MemFree:         2448660 kB
Active:           952552 kB
Mem:          3.8G       1.5G       2.3G       4.5M       140M       824M

MemTotal:        4016008 kB
MemFree:         2448356 kB
Active:           952636 kB
Mem:          3.8G       1.5G       2.3G       4.5M       140M       824M

MemTotal:        4016008 kB
MemFree:         2448096 kB
Active:           952332 kB
Mem:          3.8G       1.5G       2.3G       4.5M       140M       824M

MemTotal:        4016008 kB
MemFree:         2447900 kB
Active:           952440 kB
Mem:          3.8G       1.5G       2.3G       4.5M       140M       824M

MemTotal:        4016008 kB
MemFree:         2447768 kB
Active:           952516 kB
Mem:          3.8G       1.5G       2.3G       4.5M       140M       824M

MemTotal:        4016008 kB
MemFree:         2447496 kB
Active:           952596 kB
Mem:          3.8G       1.5G       2.3G       4.5M       140M       824M

MemTotal:        4016008 kB
MemFree:         2447412 kB
Active:           952592 kB
Mem:          3.8G       1.5G       2.3G       4.5M       140M       824M

MemTotal:        4016008 kB
MemFree:         2447708 kB
Active:           952492 kB
Mem:          3.8G       1.5G       2.3G       4.5M       140M       824M

MemTotal:        4016008 kB
MemFree:         2448404 kB
Active:           952536 kB
Mem:          3.8G       1.5G       2.3G       4.5M       140M       824M

MemTotal:        4016008 kB
MemFree:         2447336 kB
Active:           952568 kB
Mem:          3.8G       1.5G       2.3G       4.5M       140M       824M

MemTotal:        4016008 kB
MemFree:         2448320 kB
Active:           952456 kB
Mem:          3.8G       1.5G       2.3G       4.5M       140M       824M

MemTotal:        4016008 kB
MemFree:         2448196 kB
Active:           952468 kB
Mem:          3.8G       1.5G       2.3G       4.5M       140M       824M

MemTotal:        4016008 kB
MemFree:         2448320 kB
Active:           952476 kB
Mem:          3.8G       1.5G       2.3G       4.5M       140M       824M

MemTotal:        4016008 kB
MemFree:         2448444 kB
Active:           952472 kB
Mem:          3.8G       1.5G       2.3G       4.5M       140M       824M

MemTotal:        4016008 kB
MemFree:         2448320 kB
Active:           952480 kB
Mem:          3.8G       1.5G       2.3G       4.5M       140M       824M

MemTotal:        4016008 kB
MemFree:         2448320 kB
Active:           952492 kB
Mem:          3.8G       1.5G       2.3G       4.5M       140M       824M

MemTotal:        4016008 kB
MemFree:         2448320 kB
Active:           952504 kB
Mem:          3.8G       1.5G       2.3G       4.5M       140M       824M

MemTotal:        4016008 kB
MemFree:         2448568 kB
Active:           952508 kB
Mem:          3.8G       1.5G       2.3G       4.5M       140M       824M

MemTotal:        4016008 kB
MemFree:         2447172 kB
Active:           952516 kB
Mem:          3.8G       1.5G       2.3G       4.5M       140M       824M

MemTotal:        4016008 kB
MemFree:         2447312 kB
Active:           952700 kB
Mem:          3.8G       1.5G       2.3G       4.6M       140M       824M

MemTotal:        4016008 kB
MemFree:         2459336 kB
Active:           941728 kB
Mem:          3.8G       1.5G       2.3G       4.2M       140M       824M

MemTotal:        4016008 kB
MemFree:         2440384 kB
Active:           960440 kB
Mem:          3.8G       1.5G       2.3G       4.4M       140M       824M

MemTotal:        4016008 kB
MemFree:         2441188 kB
Active:           959140 kB
Mem:          3.8G       1.5G       2.3G       4.5M       140M       824M

MemTotal:        4016008 kB
MemFree:         2440792 kB
Active:           959292 kB
Mem:          3.8G       1.5G       2.3G       4.5M       140M       824M

MemTotal:        4016008 kB
MemFree:         2441136 kB
Active:           959308 kB
Mem:          3.8G       1.5G       2.3G       4.5M       140M       824M

MemTotal:        4016008 kB
MemFree:         2441276 kB
Active:           959404 kB
Mem:          3.8G       1.5G       2.3G       4.5M       140M       824M

MemTotal:        4016008 kB
MemFree:         2441772 kB
Active:           959416 kB
Mem:          3.8G       1.5G       2.3G       4.5M       140M       824M

MemTotal:        4016008 kB
MemFree:         2441924 kB
Active:           959468 kB
Mem:          3.8G       1.5G       2.3G       4.5M       140M       824M

MemTotal:        4016008 kB
MemFree:         2441376 kB
Active:           959332 kB
Mem:          3.8G       1.5G       2.3G       4.5M       140M       824M

MemTotal:        4016008 kB
MemFree:         2441304 kB
Active:           959464 kB
Mem:          3.8G       1.5G       2.3G       4.5M       140M       824M

MemTotal:        4016008 kB
MemFree:         2441484 kB
Active:           959436 kB
Mem:          3.8G       1.5G       2.3G       4.5M       140M       824M

MemTotal:        4016008 kB
MemFree:         2459624 kB
Active:           941652 kB
Mem:          3.8G       1.5G       2.3G       4.2M       140M       824M

MemTotal:        4016008 kB
MemFree:         2448208 kB
Active:           952780 kB
Mem:          3.8G       1.5G       2.3G       4.5M       140M       824M

MemTotal:        4016008 kB
MemFree:         2447636 kB
Active:           953072 kB
Mem:          3.8G       1.5G       2.3G       4.5M       140M       824M

MemTotal:        4016008 kB
MemFree:         2447760 kB
Active:           953148 kB
Mem:          3.8G       1.5G       2.3G       4.5M       140M       824M

MemTotal:        4016008 kB
MemFree:         2447760 kB
Active:           953140 kB
Mem:          3.8G       1.5G       2.3G       4.5M       140M       824M

MemTotal:        4016008 kB
MemFree:         2447512 kB
Active:           953152 kB
Mem:          3.8G       1.5G       2.3G       4.5M       140M       824M

MemTotal:        4016008 kB
MemFree:         2459376 kB
Active:           941848 kB
Mem:          3.8G       1.5G       2.3G       4.2M       140M       824M

MemTotal:        4016008 kB
MemFree:         2447992 kB
Active:           953076 kB
Mem:          3.8G       1.5G       2.3G       4.5M       140M       824M

MemTotal:        4016008 kB
MemFree:         2448132 kB
Active:           953264 kB
Mem:          3.8G       1.5G       2.3G       4.5M       140M       824M

MemTotal:        4016008 kB
MemFree:         2447760 kB
Active:           953252 kB
Mem:          3.8G       1.5G       2.3G       4.5M       140M       824M

MemTotal:        4016008 kB
MemFree:         2447760 kB
Active:           953224 kB
Mem:          3.8G       1.5G       2.3G       4.5M       140M       824M

MemTotal:        4016008 kB
MemFree:         2447628 kB
Active:           953244 kB
Mem:          3.8G       1.5G       2.3G       4.5M       140M       824M

MemTotal:        4016008 kB
MemFree:         2446852 kB
Active:           954100 kB
Mem:          3.8G       1.5G       2.3G       4.6M       140M       825M

MemTotal:        4016008 kB
MemFree:         2457748 kB
Active:           942820 kB
Mem:          3.8G       1.5G       2.3G       4.4M       140M       824M

MemTotal:        4016008 kB
MemFree:         2442808 kB
Active:           953424 kB
Mem:          3.8G       1.5G       2.3G       4.4M       140M       824M

MemTotal:        4016008 kB
MemFree:         2446496 kB
Active:           953752 kB
Mem:          3.8G       1.5G       2.3G       4.5M       140M       824M

MemTotal:        4016008 kB
MemFree:         2446496 kB
Active:           953880 kB
Mem:          3.8G       1.5G       2.3G       4.5M       140M       824M

MemTotal:        4016008 kB
MemFree:         2446868 kB
Active:           953872 kB
Mem:          3.8G       1.5G       2.3G       4.5M       140M       824M

MemTotal:        4016008 kB
MemFree:         2446992 kB
Active:           953864 kB
Mem:          3.8G       1.5G       2.3G       4.5M       140M       824M

MemTotal:        4016008 kB
MemFree:         2446372 kB
Active:           953872 kB
Mem:          3.8G       1.5G       2.3G       4.5M       140M       824M

MemTotal:        4016008 kB
MemFree:         2446620 kB
Active:           953856 kB
Mem:          3.8G       1.5G       2.3G       4.5M       140M       824M

MemTotal:        4016008 kB
MemFree:         2447412 kB
Active:           953432 kB
Mem:          3.8G       1.5G       2.3G       4.5M       140M       824M

MemTotal:        4016008 kB
MemFree:         2448264 kB
Active:           953336 kB
Mem:          3.8G       1.5G       2.3G       4.5M       140M       824M

MemTotal:        4016008 kB
MemFree:         2447768 kB
Active:           953332 kB
Mem:          3.8G       1.5G       2.3G       4.5M       140M       824M

MemTotal:        4016008 kB
MemFree:         2447520 kB
Active:           953376 kB
Mem:          3.8G       1.5G       2.3G       4.5M       140M       824M

MemTotal:        4016008 kB
MemFree:         2447396 kB
Active:           953352 kB
Mem:          3.8G       1.5G       2.3G       4.5M       140M       824M

MemTotal:        4016008 kB
MemFree:         2458944 kB
Active:           942220 kB
Mem:          3.8G       1.5G       2.3G       4.3M       140M       824M

MemTotal:        4016008 kB
MemFree:         2459352 kB
Active:           941928 kB
Mem:          3.8G       1.5G       2.3G       4.2M       140M       824M

MemTotal:        4016008 kB
MemFree:         2443452 kB
Active:           957476 kB
Mem:          3.8G       1.5G       2.3G       4.5M       140M       824M

MemTotal:        4016008 kB
MemFree:         2443360 kB
Active:           957944 kB
Mem:          3.8G       1.5G       2.3G       4.5M       140M       824M

MemTotal:        4016008 kB
MemFree:         2443136 kB
Active:           957808 kB
Mem:          3.8G       1.5G       2.3G       4.5M       140M       824M

MemTotal:        4016008 kB
MemFree:         2442804 kB
Active:           957936 kB
Mem:          3.8G       1.5G       2.3G       4.5M       140M       824M

MemTotal:        4016008 kB
MemFree:         2458496 kB
Active:           942640 kB
Mem:          3.8G       1.5G       2.3G       4.3M       140M       824M

MemTotal:        4016008 kB
MemFree:         2459128 kB
Active:           942252 kB
Mem:          3.8G       1.5G       2.3G       4.2M       140M       824M

MemTotal:        4016008 kB
MemFree:         2444432 kB
Active:           955548 kB
Mem:          3.8G       1.5G       2.3G       4.4M       140M       824M

MemTotal:        4016008 kB
MemFree:         2442920 kB
Active:           956112 kB
Mem:          3.8G       1.5G       2.3G       4.6M       140M       825M

MemTotal:        4016008 kB
MemFree:         2457720 kB
Active:           942816 kB
Mem:          3.8G       1.5G       2.3G       4.2M       141M       824M

MemTotal:        4016008 kB
MemFree:         2458328 kB
Active:           942440 kB
Mem:          3.8G       1.5G       2.3G       4.2M       141M       824M

MemTotal:        4016008 kB
MemFree:         2458404 kB
Active:           942564 kB
Mem:          3.8G       1.5G       2.3G       4.2M       141M       824M

MemTotal:        4016008 kB
MemFree:         2458672 kB
Active:           942532 kB
Mem:          3.8G       1.5G       2.3G       4.2M       141M       824M

MemTotal:        4016008 kB
MemFree:         2459160 kB
Active:           942536 kB
Mem:          3.8G       1.5G       2.3G       4.2M       141M       824M

