MemTotal:        4016008 kB
MemFree:         3069200 kB
Active:           555480 kB
Mem:          3.8G       925M       2.9G       3.1M        69M       354M

MemTotal:        4016008 kB
MemFree:         3017240 kB
Active:           555740 kB
Mem:          3.8G       975M       2.9G       3.1M        69M       403M

MemTotal:        4016008 kB
MemFree:         2965328 kB
Active:           555708 kB
Mem:          3.8G       1.0G       2.8G       3.1M        69M       453M

MemTotal:        4016008 kB
MemFree:         2913440 kB
Active:           555764 kB
Mem:          3.8G       1.1G       2.8G       3.1M        69M       503M

MemTotal:        4016008 kB
MemFree:         2861340 kB
Active:           555764 kB
Mem:          3.8G       1.1G       2.7G       3.1M        69M       553M

MemTotal:        4016008 kB
MemFree:         2809892 kB
Active:           555784 kB
Mem:          3.8G       1.2G       2.7G       3.1M        69M       603M

MemTotal:        4016008 kB
MemFree:         2757436 kB
Active:           555756 kB
Mem:          3.8G       1.2G       2.6G       3.1M        69M       654M

MemTotal:        4016008 kB
MemFree:         2704556 kB
Active:           555764 kB
Mem:          3.8G       1.3G       2.6G       3.1M        69M       704M

MemTotal:        4016008 kB
MemFree:         2653908 kB
Active:           555792 kB
Mem:          3.8G       1.3G       2.5G       3.1M        69M       753M

MemTotal:        4016008 kB
MemFree:         2602236 kB
Active:           555796 kB
Mem:          3.8G       1.3G       2.5G       3.1M        69M       803M

MemTotal:        4016008 kB
MemFree:         2551792 kB
Active:           555768 kB
Mem:          3.8G       1.4G       2.4G       3.1M        69M       851M

MemTotal:        4016008 kB
MemFree:         2500816 kB
Active:           555784 kB
Mem:          3.8G       1.4G       2.4G       3.1M        69M       900M

MemTotal:        4016008 kB
MemFree:         2448268 kB
Active:           555848 kB
Mem:          3.8G       1.5G       2.3G       3.1M        69M       950M

MemTotal:        4016008 kB
MemFree:         2394708 kB
Active:           555960 kB
Mem:          3.8G       1.5G       2.3G       3.1M        69M       1.0G

MemTotal:        4016008 kB
MemFree:         2342884 kB
Active:           555700 kB
Mem:          3.8G       1.6G       2.2G       3.1M        69M       1.0G

MemTotal:        4016008 kB
MemFree:         2291072 kB
Active:           555824 kB
Mem:          3.8G       1.6G       2.2G       3.1M        69M       1.1G

MemTotal:        4016008 kB
MemFree:         2240008 kB
Active:           555868 kB
Mem:          3.8G       1.7G       2.1G       3.1M        69M       1.1G

MemTotal:        4016008 kB
MemFree:         2187968 kB
Active:           555952 kB
Mem:          3.8G       1.7G       2.1G       3.1M        69M       1.2G

MemTotal:        4016008 kB
MemFree:         2134936 kB
Active:           555896 kB
Mem:          3.8G       1.8G       2.0G       3.1M        69M       1.2G

MemTotal:        4016008 kB
MemFree:         2083784 kB
Active:           555888 kB
Mem:          3.8G       1.8G       2.0G       3.1M        69M       1.3G

MemTotal:        4016008 kB
MemFree:         2031332 kB
Active:           555864 kB
Mem:          3.8G       1.9G       1.9G       3.1M        69M       1.3G

MemTotal:        4016008 kB
MemFree:         1978768 kB
Active:           555900 kB
Mem:          3.8G       1.9G       1.9G       3.1M        69M       1.4G

MemTotal:        4016008 kB
MemFree:         1927144 kB
Active:           555876 kB
Mem:          3.8G       2.0G       1.8G       3.1M        69M       1.4G

MemTotal:        4016008 kB
MemFree:         1873904 kB
Active:           555912 kB
Mem:          3.8G       2.0G       1.8G       3.1M        69M       1.5G

MemTotal:        4016008 kB
MemFree:         1819988 kB
Active:           555900 kB
Mem:          3.8G       2.1G       1.7G       3.1M        69M       1.5G

MemTotal:        4016008 kB
MemFree:         1767148 kB
Active:           555928 kB
Mem:          3.8G       2.1G       1.7G       3.1M        69M       1.6G

MemTotal:        4016008 kB
MemFree:         1714556 kB
Active:           555928 kB
Mem:          3.8G       2.2G       1.6G       3.1M        69M       1.6G

MemTotal:        4016008 kB
MemFree:         1662048 kB
Active:           556364 kB
Mem:          3.8G       2.2G       1.6G       3.1M        69M       1.7G

MemTotal:        4016008 kB
MemFree:         1608364 kB
Active:           554576 kB
Mem:          3.8G       2.3G       1.5G       3.1M        69M       1.7G

MemTotal:        4016008 kB
MemFree:         1555660 kB
Active:           556304 kB
Mem:          3.8G       2.3G       1.5G       3.1M        69M       1.8G

MemTotal:        4016008 kB
MemFree:         1502736 kB
Active:           556416 kB
Mem:          3.8G       2.4G       1.4G       3.1M        69M       1.8G

MemTotal:        4016008 kB
MemFree:         1450608 kB
Active:           556452 kB
Mem:          3.8G       2.4G       1.4G       3.1M        69M       1.9G

MemTotal:        4016008 kB
MemFree:         1399168 kB
Active:           556312 kB
Mem:          3.8G       2.5G       1.3G       3.1M        69M       1.9G

MemTotal:        4016008 kB
MemFree:         1347380 kB
Active:           556400 kB
Mem:          3.8G       2.5G       1.3G       3.1M        69M       2.0G

MemTotal:        4016008 kB
MemFree:         1295820 kB
Active:           556420 kB
Mem:          3.8G       2.6G       1.2G       3.1M        69M       2.0G

MemTotal:        4016008 kB
MemFree:         1242928 kB
Active:           556328 kB
Mem:          3.8G       2.6G       1.2G       3.1M        69M       2.1G

MemTotal:        4016008 kB
MemFree:         1190172 kB
Active:           556500 kB
Mem:          3.8G       2.7G       1.1G       3.1M        69M       2.1G

MemTotal:        4016008 kB
MemFree:         1138708 kB
Active:           556580 kB
Mem:          3.8G       2.7G       1.1G       3.1M        69M       2.2G

MemTotal:        4016008 kB
MemFree:         1085660 kB
Active:           556624 kB
Mem:          3.8G       2.8G       1.0G       3.1M        69M       2.2G

MemTotal:        4016008 kB
MemFree:         1031520 kB
Active:           556512 kB
Mem:          3.8G       2.8G       1.0G       3.1M        69M       2.3G

MemTotal:        4016008 kB
MemFree:          978508 kB
Active:           556516 kB
Mem:          3.8G       2.9G       955M       3.1M        69M       2.3G

MemTotal:        4016008 kB
MemFree:          926684 kB
Active:           556464 kB
Mem:          3.8G       2.9G       904M       3.1M        69M       2.4G

MemTotal:        4016008 kB
MemFree:          873804 kB
Active:           556628 kB
Mem:          3.8G       3.0G       853M       3.1M        69M       2.4G

MemTotal:        4016008 kB
MemFree:          821052 kB
Active:           556352 kB
Mem:          3.8G       3.0G       801M       3.1M        69M       2.5G

MemTotal:        4016008 kB
MemFree:          768120 kB
Active:           556556 kB
Mem:          3.8G       3.1G       749M       3.1M        69M       2.5G

MemTotal:        4016008 kB
MemFree:          716632 kB
Active:           556360 kB
Mem:          3.8G       3.1G       699M       3.1M        69M       2.6G

MemTotal:        4016008 kB
MemFree:          664980 kB
Active:           556752 kB
Mem:          3.8G       3.2G       649M       3.1M        69M       2.6G

MemTotal:        4016008 kB
MemFree:          612572 kB
Active:           556672 kB
Mem:          3.8G       3.2G       598M       3.1M        69M       2.7G

MemTotal:        4016008 kB
MemFree:          559068 kB
Active:           556748 kB
Mem:          3.8G       3.3G       545M       3.1M        69M       2.7G

MemTotal:        4016008 kB
MemFree:          504540 kB
Active:           556556 kB
Mem:          3.8G       3.3G       492M       3.1M        69M       2.8G

MemTotal:        4016008 kB
MemFree:          450100 kB
Active:           556568 kB
Mem:          3.8G       3.4G       439M       3.1M        69M       2.8G

MemTotal:        4016008 kB
MemFree:          395976 kB
Active:           556560 kB
Mem:          3.8G       3.5G       380M       3.1M        69M       2.9G

MemTotal:        4016008 kB
MemFree:          337512 kB
Active:           556568 kB
Mem:          3.8G       3.5G       329M       3.1M        69M       2.9G

MemTotal:        4016008 kB
MemFree:          286088 kB
Active:           556592 kB
Mem:          3.8G       3.6G       279M       3.1M        69M       3.0G

MemTotal:        4016008 kB
MemFree:          234940 kB
Active:           556588 kB
Mem:          3.8G       3.6G       228M       3.1M        69M       3.0G

MemTotal:        4016008 kB
MemFree:          182224 kB
Active:           556560 kB
Mem:          3.8G       3.7G       177M       3.1M        69M       3.1G

MemTotal:        4016008 kB
MemFree:          129208 kB
Active:           556604 kB
Mem:          3.8G       3.7G       126M       3.1M        69M       3.1G

MemTotal:        4016008 kB
MemFree:          117900 kB
Active:           558968 kB
Mem:          3.8G       3.7G       137M       3.1M        37M       3.1G

MemTotal:        4016008 kB
MemFree:          148692 kB
Active:           609468 kB
Mem:          3.8G       3.7G       121M       3.1M        37M       3.1G

MemTotal:        4016008 kB
MemFree:          124992 kB
Active:           591668 kB
Mem:          3.8G       3.7G       122M       3.1M        37M       3.1G

MemTotal:        4016008 kB
MemFree:          108036 kB
Active:           584232 kB
Mem:          3.8G       3.7G       105M       3.1M        37M       3.2G

MemTotal:        4016008 kB
MemFree:          131000 kB
Active:           576260 kB
Mem:          3.8G       3.7G       127M       3.1M        37M       3.1G

MemTotal:        4016008 kB
MemFree:          125448 kB
Active:           570188 kB
Mem:          3.8G       3.7G       122M       3.1M        37M       3.1G

MemTotal:        4016008 kB
MemFree:          119236 kB
Active:           563084 kB
Mem:          3.8G       3.7G       116M       3.1M        37M       3.1G

MemTotal:        4016008 kB
MemFree:          115488 kB
Active:           556768 kB
Mem:          3.8G       3.7G       112M       3.1M        37M       3.1G

MemTotal:        4016008 kB
MemFree:          132044 kB
Active:           547768 kB
Mem:          3.8G       3.7G       128M       3.1M        37M       3.1G

MemTotal:        4016008 kB
MemFree:          130252 kB
Active:           541492 kB
Mem:          3.8G       3.7G       127M       3.1M        37M       3.1G

MemTotal:        4016008 kB
MemFree:          123520 kB
Active:           538964 kB
Mem:          3.8G       3.7G       120M       3.1M        37M       3.1G

MemTotal:        4016008 kB
MemFree:          105680 kB
Active:           537796 kB
Mem:          3.8G       3.7G       102M       3.1M        37M       3.2G

MemTotal:        4016008 kB
MemFree:          122696 kB
Active:           536020 kB
Mem:          3.8G       3.7G       119M       3.1M        37M       3.1G

MemTotal:        4016008 kB
MemFree:          126560 kB
Active:           533724 kB
Mem:          3.8G       3.7G       123M       3.1M        37M       3.1G

MemTotal:        4016008 kB
MemFree:          124440 kB
Active:           531800 kB
Mem:          3.8G       3.7G       121M       3.1M        37M       3.1G

MemTotal:        4016008 kB
MemFree:          132976 kB
Active:           530400 kB
Mem:          3.8G       3.7G       130M       3.1M        37M       3.1G

MemTotal:        4016008 kB
MemFree:          132984 kB
Active:           530288 kB
Mem:          3.8G       3.7G       129M       3.1M        37M       3.1G

MemTotal:        4016008 kB
MemFree:          132800 kB
Active:           530324 kB
Mem:          3.8G       3.7G       129M       3.1M        37M       3.1G

MemTotal:        4016008 kB
MemFree:          132872 kB
Active:           530316 kB
Mem:          3.8G       3.7G       129M       3.1M        37M       3.1G

MemTotal:        4016008 kB
MemFree:          118312 kB
Active:           530464 kB
Mem:          3.8G       3.7G       115M       3.1M        37M       3.1G

MemTotal:        4016008 kB
MemFree:          123280 kB
Active:           528520 kB
Mem:          3.8G       3.7G       120M       3.1M        37M       3.1G

MemTotal:        4016008 kB
MemFree:          116620 kB
Active:           527220 kB
Mem:          3.8G       3.7G       114M       3.1M        37M       3.1G

MemTotal:        4016008 kB
MemFree:          132276 kB
Active:           525116 kB
Mem:          3.8G       3.7G       128M       3.1M        37M       3.1G

MemTotal:        4016008 kB
MemFree:          125960 kB
Active:           523760 kB
Mem:          3.8G       3.7G       123M       3.1M        37M       3.1G

MemTotal:        4016008 kB
MemFree:          119368 kB
Active:           519848 kB
Mem:          3.8G       3.7G       116M       3.1M        37M       3.1G

MemTotal:        4016008 kB
MemFree:          124440 kB
Active:           515912 kB
Mem:          3.8G       3.7G       120M       3.1M        37M       3.1G

MemTotal:        4016008 kB
MemFree:          126844 kB
Active:           515348 kB
Mem:          3.8G       3.7G       123M       3.1M        37M       3.1G

MemTotal:        4016008 kB
MemFree:          130272 kB
Active:           514164 kB
Mem:          3.8G       3.7G       127M       3.1M        37M       3.1G

MemTotal:        4016008 kB
MemFree:          124072 kB
Active:           512984 kB
Mem:          3.8G       3.7G       121M       3.1M        37M       3.1G

MemTotal:        4016008 kB
MemFree:          104988 kB
Active:           511664 kB
Mem:          3.8G       3.7G       108M       3.1M        37M       3.2G

MemTotal:        4016008 kB
MemFree:          126576 kB
Active:           509008 kB
Mem:          3.8G       3.7G       123M       3.1M        37M       3.1G

MemTotal:        4016008 kB
MemFree:          131100 kB
Active:           506596 kB
Mem:          3.8G       3.7G       127M       3.1M        37M       3.1G

MemTotal:        4016008 kB
MemFree:          147028 kB
Active:           504656 kB
Mem:          3.8G       3.7G       143M       3.1M        37M       3.1G

MemTotal:        4016008 kB
MemFree:          141136 kB
Active:           503140 kB
Mem:          3.8G       3.7G       137M       3.1M        37M       3.1G

MemTotal:        4016008 kB
MemFree:          123020 kB
Active:           498756 kB
Mem:          3.8G       3.7G       119M       3.1M        37M       3.1G

MemTotal:        4016008 kB
MemFree:          125924 kB
Active:           497076 kB
Mem:          3.8G       3.7G       122M       3.1M        37M       3.1G

MemTotal:        4016008 kB
MemFree:          108200 kB
Active:           495808 kB
Mem:          3.8G       3.7G       105M       3.1M        37M       3.2G

MemTotal:        4016008 kB
MemFree:          106128 kB
Active:           493776 kB
Mem:          3.8G       3.7G       103M       3.1M        37M       3.2G

MemTotal:        4016008 kB
MemFree:          129992 kB
Active:           491324 kB
Mem:          3.8G       3.7G       126M       3.1M        37M       3.1G

MemTotal:        4016008 kB
MemFree:          144888 kB
Active:           488780 kB
Mem:          3.8G       3.7G       141M       3.1M        37M       3.1G

MemTotal:        4016008 kB
MemFree:          139552 kB
Active:           488780 kB
Mem:          3.8G       3.7G       136M       3.1M        37M       3.1G

MemTotal:        4016008 kB
MemFree:          138712 kB
Active:           487268 kB
Mem:          3.8G       3.7G       134M       3.1M        37M       3.1G

MemTotal:        4016008 kB
MemFree:          132528 kB
Active:           485860 kB
Mem:          3.8G       3.7G       129M       3.1M        37M       3.1G

MemTotal:        4016008 kB
MemFree:          126260 kB
Active:           484540 kB
Mem:          3.8G       3.7G       123M       3.1M        37M       3.1G

MemTotal:        4016008 kB
MemFree:          118976 kB
Active:           483316 kB
Mem:          3.8G       3.7G       116M       3.1M        37M       3.1G

MemTotal:        4016008 kB
MemFree:          123852 kB
Active:           477248 kB
Mem:          3.8G       3.7G       120M       3.1M        37M       3.1G

MemTotal:        4016008 kB
MemFree:          105064 kB
Active:           476104 kB
Mem:          3.8G       3.7G       102M       3.1M        37M       3.2G

MemTotal:        4016008 kB
MemFree:          127580 kB
Active:           473168 kB
Mem:          3.8G       3.7G       124M       3.1M        37M       3.1G

MemTotal:        4016008 kB
MemFree:          126464 kB
Active:           469372 kB
Mem:          3.8G       3.7G       123M       3.1M        37M       3.1G

MemTotal:        4016008 kB
MemFree:          108992 kB
Active:           468264 kB
Mem:          3.8G       3.7G       106M       3.1M        37M       3.2G

MemTotal:        4016008 kB
MemFree:          119776 kB
Active:           466168 kB
Mem:          3.8G       3.7G       116M       3.1M        37M       3.1G

MemTotal:        4016008 kB
MemFree:          113672 kB
Active:           464356 kB
Mem:          3.8G       3.7G       110M       3.1M        37M       3.1G

MemTotal:        4016008 kB
MemFree:          108276 kB
Active:           460200 kB
Mem:          3.8G       3.7G       105M       3.1M        37M       3.2G

MemTotal:        4016008 kB
MemFree:          112812 kB
Active:           458504 kB
Mem:          3.8G       3.7G       109M       3.1M        37M       3.1G

MemTotal:        4016008 kB
MemFree:          112396 kB
Active:           456484 kB
Mem:          3.8G       3.7G       110M       3.1M        37M       3.1G

MemTotal:        4016008 kB
MemFree:          106424 kB
Active:           453284 kB
Mem:          3.8G       3.7G       103M       3.1M        37M       3.2G

MemTotal:        4016008 kB
MemFree:          123400 kB
Active:           450676 kB
Mem:          3.8G       3.7G       120M       3.1M        37M       3.1G

MemTotal:        4016008 kB
MemFree:          132872 kB
Active:           451004 kB
Mem:          3.8G       3.7G       130M       3.1M        37M       3.1G

MemTotal:        4016008 kB
MemFree:          125124 kB
Active:           451976 kB
Mem:          3.8G       3.7G       121M       3.1M        37M       3.1G

MemTotal:        4016008 kB
MemFree:          106368 kB
Active:           452632 kB
Mem:          3.8G       3.7G       103M       3.1M        37M       3.2G

MemTotal:        4016008 kB
MemFree:          123968 kB
Active:           450640 kB
Mem:          3.8G       3.7G       120M       3.1M        37M       3.1G

MemTotal:        4016008 kB
MemFree:          127072 kB
Active:           452064 kB
Mem:          3.8G       3.7G       123M       3.1M        37M       3.1G

MemTotal:        4016008 kB
MemFree:          125244 kB
Active:           450600 kB
Mem:          3.8G       3.7G       122M       3.1M        37M       3.1G

MemTotal:        4016008 kB
MemFree:          118616 kB
Active:           450412 kB
Mem:          3.8G       3.7G       116M       3.1M        37M       3.1G

MemTotal:        4016008 kB
MemFree:          124368 kB
Active:           450440 kB
Mem:          3.8G       3.7G       121M       3.1M        37M       3.1G

MemTotal:        4016008 kB
MemFree:          124352 kB
Active:           451532 kB
Mem:          3.8G       3.7G       121M       3.1M        37M       3.1G

MemTotal:        4016008 kB
MemFree:          123944 kB
Active:           451664 kB
Mem:          3.8G       3.7G       120M       3.1M        37M       3.1G

MemTotal:        4016008 kB
MemFree:          124356 kB
Active:           451692 kB
Mem:          3.8G       3.7G       121M       3.1M        37M       3.1G

MemTotal:        4016008 kB
MemFree:          105604 kB
Active:           451684 kB
Mem:          3.8G       3.7G       102M       3.1M        37M       3.2G

MemTotal:        4016008 kB
MemFree:          133680 kB
Active:           451000 kB
Mem:          3.8G       3.7G       130M       3.1M        37M       3.1G

MemTotal:        4016008 kB
MemFree:          126136 kB
Active:           451008 kB
Mem:          3.8G       3.7G       122M       3.1M        37M       3.1G

MemTotal:        4016008 kB
MemFree:          110012 kB
Active:           451008 kB
Mem:          3.8G       3.7G       107M       3.1M        37M       3.1G

MemTotal:        4016008 kB
MemFree:          126452 kB
Active:           451008 kB
Mem:          3.8G       3.7G       123M       3.1M        37M       3.1G

MemTotal:        4016008 kB
MemFree:          114440 kB
Active:           445636 kB
Mem:          3.8G       3.7G       111M       3.1M        37M       3.1G

MemTotal:        4016008 kB
MemFree:          110436 kB
Active:           446356 kB
Mem:          3.8G       3.7G       107M       3.1M        37M       3.1G

MemTotal:        4016008 kB
MemFree:          127132 kB
Active:           445480 kB
Mem:          3.8G       3.7G       123M       3.1M        37M       3.1G

MemTotal:        4016008 kB
MemFree:          120620 kB
Active:           445468 kB
Mem:          3.8G       3.7G       118M       3.1M        37M       3.1G

MemTotal:        4016008 kB
MemFree:          114964 kB
Active:           444368 kB
Mem:          3.8G       3.7G       112M       3.1M        37M       3.1G

MemTotal:        4016008 kB
MemFree:          108324 kB
Active:           444368 kB
Mem:          3.8G       3.7G       105M       3.1M        37M       3.1G

MemTotal:        4016008 kB
MemFree:          125220 kB
Active:           444348 kB
Mem:          3.8G       3.7G       122M       3.1M        37M       3.1G

MemTotal:        4016008 kB
MemFree:          129844 kB
Active:           444328 kB
Mem:          3.8G       3.7G       126M       3.1M        37M       3.1G

MemTotal:        4016008 kB
MemFree:          129848 kB
Active:           444588 kB
Mem:          3.8G       3.7G       126M       3.1M        37M       3.1G

MemTotal:        4016008 kB
MemFree:          105048 kB
Active:           444304 kB
Mem:          3.8G       3.7G       108M       3.1M        37M       3.1G

MemTotal:        4016008 kB
MemFree:          113052 kB
Active:           444152 kB
Mem:          3.8G       3.7G       109M       3.1M        37M       3.1G

MemTotal:        4016008 kB
MemFree:          121160 kB
Active:           443772 kB
Mem:          3.8G       3.7G       117M       3.1M        37M       3.1G

MemTotal:        4016008 kB
MemFree:          114112 kB
Active:           444040 kB
Mem:          3.8G       3.7G       111M       3.1M        37M       3.1G

MemTotal:        4016008 kB
MemFree:          112772 kB
Active:           444000 kB
Mem:          3.8G       3.7G       110M       3.1M        37M       3.1G

MemTotal:        4016008 kB
MemFree:          130168 kB
Active:           444040 kB
Mem:          3.8G       3.7G       126M       3.1M        37M       3.1G

MemTotal:        4016008 kB
MemFree:          125788 kB
Active:           442640 kB
Mem:          3.8G       3.7G       123M       3.1M        37M       3.1G

MemTotal:        4016008 kB
MemFree:          114352 kB
Active:           442508 kB
Mem:          3.8G       3.7G       111M       3.1M        37M       3.1G

MemTotal:        4016008 kB
MemFree:          118812 kB
Active:           442508 kB
Mem:          3.8G       3.7G       115M       3.1M        37M       3.1G

MemTotal:        4016008 kB
MemFree:          111560 kB
Active:           442528 kB
Mem:          3.8G       3.7G       109M       3.1M        37M       3.1G

MemTotal:        4016008 kB
MemFree:          118044 kB
Active:           441936 kB
Mem:          3.8G       3.7G       115M       3.1M        37M       3.1G

MemTotal:        4016008 kB
MemFree:          123984 kB
Active:           441904 kB
Mem:          3.8G       3.7G       121M       3.1M        37M       3.1G

MemTotal:        4016008 kB
MemFree:          118116 kB
Active:           441924 kB
Mem:          3.8G       3.7G       115M       3.1M        37M       3.1G

MemTotal:        4016008 kB
MemFree:          117748 kB
Active:           441964 kB
Mem:          3.8G       3.7G       115M       3.1M        37M       3.1G

MemTotal:        4016008 kB
MemFree:          124972 kB
Active:           441448 kB
Mem:          3.8G       3.7G       121M       3.1M        37M       3.1G

MemTotal:        4016008 kB
MemFree:          119272 kB
Active:           441456 kB
Mem:          3.8G       3.7G       116M       3.1M        37M       3.1G

MemTotal:        4016008 kB
MemFree:          123500 kB
Active:           441456 kB
Mem:          3.8G       3.7G       120M       3.1M        37M       3.1G

MemTotal:        4016008 kB
MemFree:          119292 kB
Active:           441468 kB
Mem:          3.8G       3.7G       116M       3.1M        37M       3.1G

MemTotal:        4016008 kB
MemFree:          114360 kB
Active:           441472 kB
Mem:          3.8G       3.7G       111M       3.1M        37M       3.1G

MemTotal:        4016008 kB
MemFree:          111376 kB
Active:           440100 kB
Mem:          3.8G       3.7G       108M       3.1M        37M       3.1G

MemTotal:        4016008 kB
MemFree:          105124 kB
Active:           440096 kB
Mem:          3.8G       3.7G       102M       3.1M        37M       3.1G

MemTotal:        4016008 kB
MemFree:          145368 kB
Active:           440000 kB
Mem:          3.8G       3.7G       141M       3.1M        37M       3.1G

MemTotal:        4016008 kB
MemFree:          139324 kB
Active:           439964 kB
Mem:          3.8G       3.7G       135M       3.1M        37M       3.1G

MemTotal:        4016008 kB
MemFree:          144080 kB
Active:           440004 kB
Mem:          3.8G       3.7G       140M       3.1M        37M       3.1G

MemTotal:        4016008 kB
MemFree:          138108 kB
Active:           439972 kB
Mem:          3.8G       3.7G       134M       3.1M        37M       3.1G

MemTotal:        4016008 kB
MemFree:          141804 kB
Active:           434640 kB
Mem:          3.8G       3.7G       138M       3.1M        37M       3.1G

MemTotal:        4016008 kB
MemFree:          141932 kB
Active:           434596 kB
Mem:          3.8G       3.7G       138M       3.1M        37M       3.1G

MemTotal:        4016008 kB
MemFree:          138920 kB
Active:           434584 kB
Mem:          3.8G       3.7G       135M       3.1M        37M       3.1G

MemTotal:        4016008 kB
MemFree:          133000 kB
Active:           434624 kB
Mem:          3.8G       3.7G       129M       3.1M        37M       3.1G

MemTotal:        4016008 kB
MemFree:          115536 kB
Active:           434640 kB
Mem:          3.8G       3.7G       111M       3.1M        37M       3.1G

MemTotal:        4016008 kB
MemFree:          109492 kB
Active:           434636 kB
Mem:          3.8G       3.7G       106M       3.1M        37M       3.1G

MemTotal:        4016008 kB
MemFree:          109548 kB
Active:           433056 kB
Mem:          3.8G       3.7G       106M       3.1M        37M       3.1G

MemTotal:        4016008 kB
MemFree:          104952 kB
Active:           433032 kB
Mem:          3.8G       3.7G       109M       3.1M        37M       3.1G

MemTotal:        4016008 kB
MemFree:          128248 kB
Active:           433048 kB
Mem:          3.8G       3.7G       124M       3.1M        37M       3.1G

MemTotal:        4016008 kB
MemFree:          130380 kB
Active:           433056 kB
Mem:          3.8G       3.7G       127M       3.1M        37M       3.1G

MemTotal:        4016008 kB
MemFree:          130528 kB
Active:           433136 kB
Mem:          3.8G       3.7G       127M       3.1M        37M       3.1G

MemTotal:        4016008 kB
MemFree:          122628 kB
Active:           433164 kB
Mem:          3.8G       3.7G       119M       3.1M        37M       3.1G

MemTotal:        4016008 kB
MemFree:          114412 kB
Active:           435788 kB
Mem:          3.8G       3.7G       111M        11M        37M       3.1G

MemTotal:        4016008 kB
MemFree:          120424 kB
Active:           435996 kB
Mem:          3.8G       3.7G       116M        11M        37M       3.1G

MemTotal:        4016008 kB
MemFree:          126048 kB
Active:           434208 kB
Mem:          3.8G       3.7G       123M        11M        37M       3.1G

MemTotal:        4016008 kB
MemFree:          122932 kB
Active:           434064 kB
Mem:          3.8G       3.7G       120M        11M        37M       3.1G

MemTotal:        4016008 kB
MemFree:          116668 kB
Active:           434236 kB
Mem:          3.8G       3.7G       113M        11M        37M       3.1G

MemTotal:        4016008 kB
MemFree:          121212 kB
Active:           434208 kB
Mem:          3.8G       3.7G       118M        11M        37M       3.1G

MemTotal:        4016008 kB
MemFree:          107024 kB
Active:           434128 kB
Mem:          3.8G       3.7G       104M        11M        37M       3.1G

MemTotal:        4016008 kB
MemFree:          106900 kB
Active:           434144 kB
Mem:          3.8G       3.7G       104M        11M        37M       3.1G

MemTotal:        4016008 kB
MemFree:          106592 kB
Active:           434100 kB
Mem:          3.8G       3.7G       103M        11M        37M       3.1G

MemTotal:        4016008 kB
MemFree:          144572 kB
Active:           434092 kB
Mem:          3.8G       3.7G       140M        11M        37M       3.1G

MemTotal:        4016008 kB
MemFree:          128104 kB
Active:           434096 kB
Mem:          3.8G       3.7G       125M        11M        37M       3.1G

MemTotal:        4016008 kB
MemFree:          110244 kB
Active:           434104 kB
Mem:          3.8G       3.7G       107M        11M        37M       3.1G

MemTotal:        4016008 kB
MemFree:          124600 kB
Active:           430004 kB
Mem:          3.8G       3.7G       121M        11M        37M       3.1G

MemTotal:        4016008 kB
MemFree:          107176 kB
Active:           430068 kB
Mem:          3.8G       3.7G       104M        11M        37M       3.1G

MemTotal:        4016008 kB
MemFree:          125632 kB
Active:           430080 kB
Mem:          3.8G       3.7G       122M        11M        37M       3.1G

MemTotal:        4016008 kB
MemFree:          131432 kB
Active:           430096 kB
Mem:          3.8G       3.7G       127M        11M        37M       3.1G

MemTotal:        4016008 kB
MemFree:          109956 kB
Active:           430260 kB
Mem:          3.8G       3.7G       107M        11M        37M       3.1G

MemTotal:        4016008 kB
MemFree:          114480 kB
Active:           430312 kB
Mem:          3.8G       3.7G       121M        11M        37M       3.1G

MemTotal:        4016008 kB
MemFree:          123636 kB
Active:           430016 kB
Mem:          3.8G       3.7G       120M        11M        37M       3.1G

MemTotal:        4016008 kB
MemFree:          126984 kB
Active:           429772 kB
Mem:          3.8G       3.7G       123M        11M        37M       3.1G

MemTotal:        4016008 kB
MemFree:          121564 kB
Active:           429808 kB
Mem:          3.8G       3.7G       118M        11M        37M       3.1G

MemTotal:        4016008 kB
MemFree:          116224 kB
Active:           429912 kB
Mem:          3.8G       3.7G       113M        11M        37M       3.1G

MemTotal:        4016008 kB
MemFree:          131860 kB
Active:           429792 kB
Mem:          3.8G       3.7G       128M        11M        37M       3.1G

MemTotal:        4016008 kB
MemFree:          135932 kB
Active:           429828 kB
Mem:          3.8G       3.7G       132M        11M        37M       3.1G

MemTotal:        4016008 kB
MemFree:          123956 kB
Active:           429704 kB
Mem:          3.8G       3.7G       121M        11M        37M       3.1G

MemTotal:        4016008 kB
MemFree:          123852 kB
Active:           429676 kB
Mem:          3.8G       3.7G       120M        11M        37M       3.1G

MemTotal:        4016008 kB
MemFree:          132940 kB
Active:           429820 kB
Mem:          3.8G       3.7G       129M        11M        37M       3.1G

MemTotal:        4016008 kB
MemFree:          123628 kB
Active:           421036 kB
Mem:          3.8G       3.7G       120M        11M        37M       3.1G

MemTotal:        4016008 kB
MemFree:          129604 kB
Active:           421004 kB
Mem:          3.8G       3.7G       126M        11M        37M       3.1G

MemTotal:        4016008 kB
MemFree:          125376 kB
Active:           421152 kB
Mem:          3.8G       3.7G       121M        11M        37M       3.1G

MemTotal:        4016008 kB
MemFree:          130636 kB
Active:           421008 kB
Mem:          3.8G       3.7G       123M        11M        37M       3.1G

MemTotal:        4016008 kB
MemFree:          121992 kB
Active:           420804 kB
Mem:          3.8G       3.7G       118M        11M        37M       3.1G

MemTotal:        4016008 kB
MemFree:          116172 kB
Active:           420856 kB
Mem:          3.8G       3.7G       113M        11M        37M       3.1G

MemTotal:        4016008 kB
MemFree:          131496 kB
Active:           376408 kB
Mem:          3.8G       3.7G       128M        11M        37M       3.1G

MemTotal:        4016008 kB
MemFree:          114132 kB
Active:           376280 kB
Mem:          3.8G       3.7G       111M        11M        37M       3.1G

MemTotal:        4016008 kB
MemFree:          131784 kB
Active:           376312 kB
Mem:          3.8G       3.7G       128M        11M        37M       3.1G

MemTotal:        4016008 kB
MemFree:          126164 kB
Active:           376292 kB
Mem:          3.8G       3.7G       123M        11M        37M       3.1G

MemTotal:        4016008 kB
MemFree:          109108 kB
Active:           376240 kB
Mem:          3.8G       3.7G       106M        11M        37M       3.1G

MemTotal:        4016008 kB
MemFree:          125868 kB
Active:           376296 kB
Mem:          3.8G       3.7G       122M        11M        37M       3.1G

MemTotal:        4016008 kB
MemFree:          124912 kB
Active:           376220 kB
Mem:          3.8G       3.7G       121M        11M        37M       3.1G

MemTotal:        4016008 kB
MemFree:          114208 kB
Active:           376460 kB
Mem:          3.8G       3.7G       111M        11M        37M       3.1G

MemTotal:        4016008 kB
MemFree:          113296 kB
Active:           376320 kB
Mem:          3.8G       3.7G       110M        11M        37M       3.1G

MemTotal:        4016008 kB
MemFree:          120132 kB
Active:           375996 kB
Mem:          3.8G       3.7G       117M        11M        37M       3.1G

MemTotal:        4016008 kB
MemFree:          132596 kB
Active:           375316 kB
Mem:          3.8G       3.7G       129M        11M        37M       3.1G

MemTotal:        4016008 kB
MemFree:          105572 kB
Active:           375196 kB
Mem:          3.8G       3.7G       102M        11M        37M       3.1G

MemTotal:        4016008 kB
MemFree:          137748 kB
Active:           375340 kB
Mem:          3.8G       3.7G       134M        11M        37M       3.1G

MemTotal:        4016008 kB
MemFree:          120396 kB
Active:           375220 kB
Mem:          3.8G       3.7G       117M        11M        37M       3.1G

MemTotal:        4016008 kB
MemFree:          117124 kB
Active:           375284 kB
Mem:          3.8G       3.7G       114M        11M        37M       3.1G

MemTotal:        4016008 kB
MemFree:          123980 kB
Active:           375300 kB
Mem:          3.8G       3.7G       120M        11M        37M       3.1G

MemTotal:        4016008 kB
MemFree:          139596 kB
Active:           375268 kB
Mem:          3.8G       3.7G       135M        11M        37M       3.1G

MemTotal:        4016008 kB
MemFree:          136848 kB
Active:           375260 kB
Mem:          3.8G       3.7G       133M        11M        37M       3.1G

MemTotal:        4016008 kB
MemFree:          131568 kB
Active:           375240 kB
Mem:          3.8G       3.7G       128M        11M        37M       3.1G

MemTotal:        4016008 kB
MemFree:          124752 kB
Active:           375260 kB
Mem:          3.8G       3.7G       121M        11M        37M       3.1G

MemTotal:        4016008 kB
MemFree:          126128 kB
Active:           375296 kB
Mem:          3.8G       3.7G       123M        11M        37M       3.1G

MemTotal:        4016008 kB
MemFree:          108540 kB
Active:           375284 kB
Mem:          3.8G       3.7G       105M        11M        37M       3.1G

MemTotal:        4016008 kB
MemFree:          106552 kB
Active:           375292 kB
Mem:          3.8G       3.7G       103M        11M        37M       3.1G

MemTotal:        4016008 kB
MemFree:          151540 kB
Active:           371520 kB
Mem:          3.8G       3.7G       148M        11M        37M       3.1G

MemTotal:        4016008 kB
MemFree:          137304 kB
Active:           371516 kB
Mem:          3.8G       3.7G       133M        11M        37M       3.1G

MemTotal:        4016008 kB
MemFree:          137004 kB
Active:           371564 kB
Mem:          3.8G       3.7G       133M        11M        37M       3.1G

MemTotal:        4016008 kB
MemFree:          137392 kB
Active:           371552 kB
Mem:          3.8G       3.7G       134M        11M        37M       3.1G

MemTotal:        4016008 kB
MemFree:          134920 kB
Active:           371460 kB
Mem:          3.8G       3.7G       130M        11M        37M       3.1G

MemTotal:        4016008 kB
MemFree:          117856 kB
Active:           371580 kB
Mem:          3.8G       3.7G       115M        11M        37M       3.1G

MemTotal:        4016008 kB
MemFree:          127972 kB
Active:           371584 kB
Mem:          3.8G       3.7G       124M        11M        37M       3.1G

MemTotal:        4016008 kB
MemFree:          122164 kB
Active:           371588 kB
Mem:          3.8G       3.7G       119M        11M        37M       3.1G

MemTotal:        4016008 kB
MemFree:          117508 kB
Active:           371584 kB
Mem:          3.8G       3.7G       114M        11M        37M       3.1G

MemTotal:        4016008 kB
MemFree:          129028 kB
Active:           371568 kB
Mem:          3.8G       3.7G       126M        11M        37M       3.1G

MemTotal:        4016008 kB
MemFree:          135348 kB
Active:           371568 kB
Mem:          3.8G       3.7G       132M        11M        37M       3.1G

MemTotal:        4016008 kB
MemFree:          140996 kB
Active:           371596 kB
Mem:          3.8G       3.7G       137M        11M        37M       3.1G

MemTotal:        4016008 kB
MemFree:          137312 kB
Active:           371584 kB
Mem:          3.8G       3.7G       134M        11M        37M       3.1G

MemTotal:        4016008 kB
MemFree:          124064 kB
Active:           371600 kB
Mem:          3.8G       3.7G       121M        11M        37M       3.1G

MemTotal:        4016008 kB
MemFree:          128720 kB
Active:           371644 kB
Mem:          3.8G       3.7G       126M        11M        37M       3.1G

MemTotal:        4016008 kB
MemFree:          111168 kB
Active:           371660 kB
Mem:          3.8G       3.7G       108M        11M        37M       3.1G

MemTotal:        4016008 kB
MemFree:          123684 kB
Active:           371352 kB
Mem:          3.8G       3.7G       120M        11M        37M       3.1G

MemTotal:        4016008 kB
MemFree:          115852 kB
Active:           371356 kB
Mem:          3.8G       3.7G       113M        11M        37M       3.1G

MemTotal:        4016008 kB
MemFree:          127992 kB
Active:           371344 kB
Mem:          3.8G       3.7G       124M        11M        37M       3.1G

MemTotal:        4016008 kB
MemFree:          123356 kB
Active:           371332 kB
Mem:          3.8G       3.7G       119M        11M        37M       3.1G

MemTotal:        4016008 kB
MemFree:          130360 kB
Active:           371500 kB
Mem:          3.8G       3.7G       126M        11M        37M       3.1G

MemTotal:        4016008 kB
MemFree:          112472 kB
Active:           371496 kB
Mem:          3.8G       3.7G       109M        11M        37M       3.1G

MemTotal:        4016008 kB
MemFree:          105860 kB
Active:           371516 kB
Mem:          3.8G       3.7G       103M        11M        37M       3.1G

MemTotal:        4016008 kB
MemFree:          130644 kB
Active:           371516 kB
Mem:          3.8G       3.7G       127M        11M        37M       3.1G

MemTotal:        4016008 kB
MemFree:          112968 kB
Active:           371500 kB
Mem:          3.8G       3.7G       109M        11M        37M       3.1G

MemTotal:        4016008 kB
MemFree:          118504 kB
Active:           371684 kB
Mem:          3.8G       3.7G       115M        11M        37M       3.1G

MemTotal:        4016008 kB
MemFree:          117904 kB
Active:           371548 kB
Mem:          3.8G       3.7G       115M        11M        37M       3.1G

MemTotal:        4016008 kB
MemFree:          112616 kB
Active:           371708 kB
Mem:          3.8G       3.7G       109M        11M        37M       3.1G

MemTotal:        4016008 kB
MemFree:          124556 kB
Active:           371684 kB
Mem:          3.8G       3.7G       121M        11M        37M       3.1G

MemTotal:        4016008 kB
MemFree:          131280 kB
Active:           371712 kB
Mem:          3.8G       3.7G       128M        11M        37M       3.1G

MemTotal:        4016008 kB
MemFree:          113244 kB
Active:           371596 kB
Mem:          3.8G       3.7G       110M        11M        37M       3.1G

MemTotal:        4016008 kB
MemFree:          126236 kB
Active:           371556 kB
Mem:          3.8G       3.7G       123M        11M        37M       3.1G

MemTotal:        4016008 kB
MemFree:          116724 kB
Active:           371540 kB
Mem:          3.8G       3.7G       113M        11M        37M       3.1G

MemTotal:        4016008 kB
MemFree:          117272 kB
Active:           371016 kB
Mem:          3.8G       3.7G       113M        11M        37M       3.1G

MemTotal:        4016008 kB
MemFree:          134692 kB
Active:           371008 kB
Mem:          3.8G       3.7G       131M        11M        37M       3.1G

MemTotal:        4016008 kB
MemFree:          130512 kB
Active:           370984 kB
Mem:          3.8G       3.7G       126M        11M        37M       3.1G

MemTotal:        4016008 kB
MemFree:          124940 kB
Active:           370984 kB
Mem:          3.8G       3.7G       121M        11M        37M       3.1G

MemTotal:        4016008 kB
MemFree:          124544 kB
Active:           371012 kB
Mem:          3.8G       3.7G       121M        11M        37M       3.1G

MemTotal:        4016008 kB
MemFree:          119068 kB
Active:           371008 kB
Mem:          3.8G       3.7G       115M        11M        37M       3.1G

MemTotal:        4016008 kB
MemFree:          107164 kB
Active:           371052 kB
Mem:          3.8G       3.7G       104M        11M        37M       3.1G

MemTotal:        4016008 kB
MemFree:          119384 kB
Active:           371056 kB
Mem:          3.8G       3.7G       116M        11M        37M       3.1G

MemTotal:        4016008 kB
MemFree:          138692 kB
Active:           371152 kB
Mem:          3.8G       3.7G       135M        11M        37M       3.1G

MemTotal:        4016008 kB
MemFree:          134380 kB
Active:           371164 kB
Mem:          3.8G       3.7G       131M        11M        37M       3.1G

MemTotal:        4016008 kB
MemFree:          134892 kB
Active:           371048 kB
Mem:          3.8G       3.7G       132M        11M        37M       3.1G

MemTotal:        4016008 kB
MemFree:          118072 kB
Active:           371044 kB
Mem:          3.8G       3.7G       114M        11M        37M       3.1G

MemTotal:        4016008 kB
MemFree:          117364 kB
Active:           371036 kB
Mem:          3.8G       3.7G       114M        11M        37M       3.1G

MemTotal:        4016008 kB
MemFree:          112944 kB
Active:           371036 kB
Mem:          3.8G       3.7G       110M        11M        37M       3.1G

MemTotal:        4016008 kB
MemFree:          138236 kB
Active:           371108 kB
Mem:          3.8G       3.7G       135M        11M        37M       3.1G

MemTotal:        4016008 kB
MemFree:          138712 kB
Active:           371084 kB
Mem:          3.8G       3.7G       135M        11M        37M       3.1G

MemTotal:        4016008 kB
MemFree:          138584 kB
Active:           371052 kB
Mem:          3.8G       3.7G       135M        11M        37M       3.1G

MemTotal:        4016008 kB
MemFree:          138600 kB
Active:           371048 kB
Mem:          3.8G       3.7G       135M        11M        37M       3.1G

MemTotal:        4016008 kB
MemFree:          127888 kB
Active:           371068 kB
Mem:          3.8G       3.7G       124M        11M        37M       3.1G

MemTotal:        4016008 kB
MemFree:          122244 kB
Active:           371088 kB
Mem:          3.8G       3.7G       119M        11M        37M       3.1G

MemTotal:        4016008 kB
MemFree:          121316 kB
Active:           371076 kB
Mem:          3.8G       3.7G       118M        11M        37M       3.1G

MemTotal:        4016008 kB
MemFree:          131016 kB
Active:           371100 kB
Mem:          3.8G       3.7G       128M        11M        37M       3.1G

MemTotal:        4016008 kB
MemFree:          137652 kB
Active:           371068 kB
Mem:          3.8G       3.7G       134M        11M        37M       3.1G

MemTotal:        4016008 kB
MemFree:          144208 kB
Active:           371080 kB
Mem:          3.8G       3.7G       141M        11M        37M       3.1G

MemTotal:        4016008 kB
MemFree:          139404 kB
Active:           371096 kB
Mem:          3.8G       3.7G       136M        11M        37M       3.1G

MemTotal:        4016008 kB
MemFree:          134652 kB
Active:           371100 kB
Mem:          3.8G       3.7G       131M        11M        37M       3.1G

MemTotal:        4016008 kB
MemFree:          106128 kB
Active:           371108 kB
Mem:          3.8G       3.7G       103M        11M        37M       3.1G

MemTotal:        4016008 kB
MemFree:          124268 kB
Active:           371092 kB
Mem:          3.8G       3.7G       121M        11M        37M       3.1G

MemTotal:        4016008 kB
MemFree:          142832 kB
Active:           371092 kB
Mem:          3.8G       3.7G       139M        11M        37M       3.1G

MemTotal:        4016008 kB
MemFree:          143288 kB
Active:           371132 kB
Mem:          3.8G       3.7G       139M        11M        37M       3.1G

MemTotal:        4016008 kB
MemFree:          143244 kB
Active:           371032 kB
Mem:          3.8G       3.7G       139M        11M        37M       3.1G

MemTotal:        4016008 kB
MemFree:          143208 kB
Active:           371008 kB
Mem:          3.8G       3.7G       139M        11M        37M       3.1G

MemTotal:        4016008 kB
MemFree:          136084 kB
Active:           371148 kB
Mem:          3.8G       3.7G       132M        11M        37M       3.1G

MemTotal:        4016008 kB
MemFree:          119100 kB
Active:           371156 kB
Mem:          3.8G       3.7G       116M        11M        37M       3.1G

MemTotal:        4016008 kB
MemFree:          125888 kB
Active:           371160 kB
Mem:          3.8G       3.7G       122M        11M        37M       3.1G

MemTotal:        4016008 kB
MemFree:          126748 kB
Active:           370860 kB
Mem:          3.8G       3.7G       123M        11M        37M       3.1G

MemTotal:        4016008 kB
MemFree:          128756 kB
Active:           371444 kB
Mem:          3.8G       3.7G       125M        11M        37M       3.1G

MemTotal:        4016008 kB
MemFree:          135552 kB
Active:           371312 kB
Mem:          3.8G       3.7G       131M        11M        37M       3.1G

MemTotal:        4016008 kB
MemFree:          129296 kB
Active:           371268 kB
Mem:          3.8G       3.7G       126M        11M        37M       3.1G

MemTotal:        4016008 kB
MemFree:          123944 kB
Active:           371020 kB
Mem:          3.8G       3.7G       120M        11M        37M       3.1G

MemTotal:        4016008 kB
MemFree:          119736 kB
Active:           371340 kB
Mem:          3.8G       3.7G       116M        11M        37M       3.1G

MemTotal:        4016008 kB
MemFree:          125992 kB
Active:           371008 kB
Mem:          3.8G       3.7G       122M        11M        37M       3.1G

MemTotal:        4016008 kB
MemFree:          126084 kB
Active:           371176 kB
Mem:          3.8G       3.7G       122M        11M        37M       3.1G

MemTotal:        4016008 kB
MemFree:          120532 kB
Active:           371400 kB
Mem:          3.8G       3.7G       116M        11M        37M       3.1G

MemTotal:        4016008 kB
MemFree:          116048 kB
Active:           371184 kB
Mem:          3.8G       3.7G       113M        11M        37M       3.1G

MemTotal:        4016008 kB
MemFree:          122284 kB
Active:           371212 kB
Mem:          3.8G       3.7G       119M        11M        37M       3.1G

MemTotal:        4016008 kB
MemFree:          128708 kB
Active:           371216 kB
Mem:          3.8G       3.7G       125M        11M        37M       3.1G

MemTotal:        4016008 kB
MemFree:          111756 kB
Active:           371224 kB
Mem:          3.8G       3.7G       109M        11M        37M       3.1G

MemTotal:        4016008 kB
MemFree:          124108 kB
Active:           371236 kB
Mem:          3.8G       3.7G       121M        11M        37M       3.1G

MemTotal:        4016008 kB
MemFree:          107692 kB
Active:           371196 kB
Mem:          3.8G       3.7G       104M        11M        37M       3.1G

MemTotal:        4016008 kB
MemFree:          107884 kB
Active:           371196 kB
Mem:          3.8G       3.7G       105M        11M        37M       3.1G

MemTotal:        4016008 kB
MemFree:          137256 kB
Active:           371220 kB
Mem:          3.8G       3.7G       134M        11M        37M       3.1G

MemTotal:        4016008 kB
MemFree:          112108 kB
Active:           371216 kB
Mem:          3.8G       3.7G       109M        11M        37M       3.1G

MemTotal:        4016008 kB
MemFree:          135256 kB
Active:           371232 kB
Mem:          3.8G       3.7G       132M        11M        37M       3.1G

MemTotal:        4016008 kB
MemFree:          130380 kB
Active:           371224 kB
Mem:          3.8G       3.7G       127M        11M        37M       3.1G

MemTotal:        4016008 kB
MemFree:          109068 kB
Active:           371228 kB
Mem:          3.8G       3.7G       106M        11M        37M       3.1G

MemTotal:        4016008 kB
MemFree:          109076 kB
Active:           371388 kB
Mem:          3.8G       3.7G       106M        11M        37M       3.1G

MemTotal:        4016008 kB
MemFree:          108896 kB
Active:           371272 kB
Mem:          3.8G       3.7G       106M        11M        37M       3.1G

MemTotal:        4016008 kB
MemFree:          129636 kB
Active:           371328 kB
Mem:          3.8G       3.7G       126M        11M        37M       3.1G

MemTotal:        4016008 kB
MemFree:          130156 kB
Active:           371272 kB
Mem:          3.8G       3.7G       127M        11M        37M       3.1G

MemTotal:        4016008 kB
MemFree:          114412 kB
Active:           371420 kB
Mem:          3.8G       3.7G       111M        11M        37M       3.1G

MemTotal:        4016008 kB
MemFree:          132664 kB
Active:           371508 kB
Mem:          3.8G       3.7G       129M        11M        37M       3.1G

MemTotal:        4016008 kB
MemFree:          116160 kB
Active:           371228 kB
Mem:          3.8G       3.7G       113M        11M        37M       3.1G

MemTotal:        4016008 kB
MemFree:          109312 kB
Active:           371272 kB
Mem:          3.8G       3.7G       106M        11M        37M       3.1G

MemTotal:        4016008 kB
MemFree:          116456 kB
Active:           371312 kB
Mem:          3.8G       3.7G       112M        11M        37M       3.1G

MemTotal:        4016008 kB
MemFree:          110292 kB
Active:           371320 kB
Mem:          3.8G       3.7G       107M        11M        37M       3.1G

MemTotal:        4016008 kB
MemFree:          106464 kB
Active:           371280 kB
Mem:          3.8G       3.7G       103M        11M        37M       3.1G

MemTotal:        4016008 kB
MemFree:          124348 kB
Active:           371340 kB
Mem:          3.8G       3.7G       121M        11M        37M       3.1G

MemTotal:        4016008 kB
MemFree:          106364 kB
Active:           371328 kB
Mem:          3.8G       3.7G       103M        11M        37M       3.1G

MemTotal:        4016008 kB
MemFree:          126420 kB
Active:           371316 kB
Mem:          3.8G       3.7G       123M        11M        37M       3.1G

MemTotal:        4016008 kB
MemFree:          126956 kB
Active:           371340 kB
Mem:          3.8G       3.7G       123M        11M        37M       3.1G

MemTotal:        4016008 kB
MemFree:          105512 kB
Active:           371420 kB
Mem:          3.8G       3.7G       103M        11M        37M       3.1G

MemTotal:        4016008 kB
MemFree:          114872 kB
Active:           371400 kB
Mem:          3.8G       3.7G       112M        11M        37M       3.1G

MemTotal:        4016008 kB
MemFree:          120576 kB
Active:           371276 kB
Mem:          3.8G       3.7G       117M        11M        37M       3.1G

MemTotal:        4016008 kB
MemFree:          115460 kB
Active:           371608 kB
Mem:          3.8G       3.7G       112M        11M        37M       3.1G

MemTotal:        4016008 kB
MemFree:          132960 kB
Active:           371516 kB
Mem:          3.8G       3.7G       130M        11M        37M       3.1G

MemTotal:        4016008 kB
MemFree:          105064 kB
Active:           371220 kB
Mem:          3.8G       3.7G       102M        11M        37M       3.1G

MemTotal:        4016008 kB
MemFree:          111388 kB
Active:           371404 kB
Mem:          3.8G       3.7G       108M        11M        37M       3.1G

MemTotal:        4016008 kB
MemFree:          130380 kB
Active:           371544 kB
Mem:          3.8G       3.7G       126M        11M        37M       3.1G

MemTotal:        4016008 kB
MemFree:          124196 kB
Active:           371352 kB
Mem:          3.8G       3.7G       121M        11M        37M       3.1G

MemTotal:        4016008 kB
MemFree:          137960 kB
Active:           371388 kB
Mem:          3.8G       3.7G       135M        11M        37M       3.1G

MemTotal:        4016008 kB
MemFree:          121976 kB
Active:           371432 kB
Mem:          3.8G       3.7G       118M        11M        37M       3.1G

MemTotal:        4016008 kB
MemFree:          107356 kB
Active:           371444 kB
Mem:          3.8G       3.7G       104M        11M        37M       3.1G

MemTotal:        4016008 kB
MemFree:          135844 kB
Active:           371460 kB
Mem:          3.8G       3.7G       132M        11M        37M       3.1G

MemTotal:        4016008 kB
MemFree:          121504 kB
Active:           371436 kB
Mem:          3.8G       3.7G       118M        11M        37M       3.1G

MemTotal:        4016008 kB
MemFree:          121272 kB
Active:           371412 kB
Mem:          3.8G       3.7G       118M        11M        37M       3.1G

MemTotal:        4016008 kB
MemFree:          127748 kB
Active:           371464 kB
Mem:          3.8G       3.7G       124M        11M        37M       3.1G

MemTotal:        4016008 kB
MemFree:          124756 kB
Active:           371452 kB
Mem:          3.8G       3.7G       121M        11M        37M       3.1G

MemTotal:        4016008 kB
MemFree:          119340 kB
Active:           371468 kB
Mem:          3.8G       3.7G       115M        11M        37M       3.1G

MemTotal:        4016008 kB
MemFree:          113152 kB
Active:           371464 kB
Mem:          3.8G       3.7G       110M        11M        37M       3.1G

MemTotal:        4016008 kB
MemFree:          113024 kB
Active:           371456 kB
Mem:          3.8G       3.7G       110M        11M        37M       3.1G

MemTotal:        4016008 kB
MemFree:          131868 kB
Active:           371460 kB
Mem:          3.8G       3.7G       128M        11M        37M       3.1G

MemTotal:        4016008 kB
MemFree:          113344 kB
Active:           371496 kB
Mem:          3.8G       3.7G       110M        11M        37M       3.1G

MemTotal:        4016008 kB
MemFree:          131688 kB
Active:           371520 kB
Mem:          3.8G       3.7G       128M        11M        37M       3.1G

MemTotal:        4016008 kB
MemFree:          115640 kB
Active:           371508 kB
Mem:          3.8G       3.7G       112M        11M        37M       3.1G

MemTotal:        4016008 kB
MemFree:          127464 kB
Active:           371508 kB
Mem:          3.8G       3.7G       124M        11M        37M       3.1G

MemTotal:        4016008 kB
MemFree:          124156 kB
Active:           371512 kB
Mem:          3.8G       3.7G       102M        11M        37M       3.1G

MemTotal:        4016008 kB
MemFree:          136768 kB
Active:           371536 kB
Mem:          3.8G       3.7G       133M        11M        37M       3.1G

MemTotal:        4016008 kB
MemFree:          131572 kB
Active:           371512 kB
Mem:          3.8G       3.7G       128M        11M        37M       3.1G

MemTotal:        4016008 kB
MemFree:          114812 kB
Active:           371540 kB
Mem:          3.8G       3.7G       111M        11M        37M       3.1G

MemTotal:        4016008 kB
MemFree:          132328 kB
Active:           371524 kB
Mem:          3.8G       3.7G       129M        11M        37M       3.1G

MemTotal:        4016008 kB
MemFree:          137084 kB
Active:           371540 kB
Mem:          3.8G       3.7G       133M        11M        37M       3.1G

MemTotal:        4016008 kB
MemFree:          123752 kB
Active:           371540 kB
Mem:          3.8G       3.7G       120M        11M        37M       3.1G

MemTotal:        4016008 kB
MemFree:          130428 kB
Active:           371568 kB
Mem:          3.8G       3.7G       127M        11M        37M       3.1G

MemTotal:        4016008 kB
MemFree:          129300 kB
Active:           371560 kB
Mem:          3.8G       3.7G       125M        11M        37M       3.1G

MemTotal:        4016008 kB
MemFree:          111348 kB
Active:           371488 kB
Mem:          3.8G       3.7G       108M        11M        37M       3.1G

MemTotal:        4016008 kB
MemFree:          122200 kB
Active:           371652 kB
Mem:          3.8G       3.7G       119M        11M        37M       3.1G

MemTotal:        4016008 kB
MemFree:          128232 kB
Active:           371568 kB
Mem:          3.8G       3.7G       125M        11M        37M       3.1G

MemTotal:        4016008 kB
MemFree:          127336 kB
Active:           371460 kB
Mem:          3.8G       3.7G       123M        11M        37M       3.1G

MemTotal:        4016008 kB
MemFree:          122928 kB
Active:           371428 kB
Mem:          3.8G       3.7G       120M        11M        37M       3.1G

MemTotal:        4016008 kB
MemFree:          106204 kB
Active:           371560 kB
Mem:          3.8G       3.7G       103M        11M        37M       3.1G

MemTotal:        4016008 kB
MemFree:          123988 kB
Active:           371592 kB
Mem:          3.8G       3.7G       120M        11M        37M       3.1G

MemTotal:        4016008 kB
MemFree:          107344 kB
Active:           371540 kB
Mem:          3.8G       3.7G       104M        11M        37M       3.1G

MemTotal:        4016008 kB
MemFree:          124444 kB
Active:           371604 kB
Mem:          3.8G       3.7G       121M        11M        37M       3.1G

MemTotal:        4016008 kB
MemFree:          120960 kB
Active:           371580 kB
Mem:          3.8G       3.7G       118M        11M        37M       3.1G

MemTotal:        4016008 kB
MemFree:          151924 kB
Active:           371872 kB
Mem:          3.8G       3.7G       148M        11M        37M       3.1G

MemTotal:        4016008 kB
MemFree:          152308 kB
Active:           371632 kB
Mem:          3.8G       3.7G       148M        11M        37M       3.1G

MemTotal:        4016008 kB
MemFree:          151884 kB
Active:           371668 kB
Mem:          3.8G       3.7G       148M        11M        37M       3.1G

MemTotal:        4016008 kB
MemFree:          152496 kB
Active:           371668 kB
Mem:          3.8G       3.7G       148M        11M        37M       3.1G

MemTotal:        4016008 kB
MemFree:          125620 kB
Active:           371616 kB
Mem:          3.8G       3.7G       122M        11M        37M       3.1G

MemTotal:        4016008 kB
MemFree:          123912 kB
Active:           371632 kB
Mem:          3.8G       3.7G       121M        11M        37M       3.1G

MemTotal:        4016008 kB
MemFree:          130572 kB
Active:           371644 kB
Mem:          3.8G       3.7G       127M        11M        37M       3.1G

MemTotal:        4016008 kB
MemFree:          124632 kB
Active:           371644 kB
Mem:          3.8G       3.7G       121M        11M        37M       3.1G

MemTotal:        4016008 kB
MemFree:          119452 kB
Active:           371632 kB
Mem:          3.8G       3.7G       116M        11M        37M       3.1G

MemTotal:        4016008 kB
MemFree:          126516 kB
Active:           371624 kB
Mem:          3.8G       3.7G       123M        11M        37M       3.1G

MemTotal:        4016008 kB
MemFree:          108100 kB
Active:           371608 kB
Mem:          3.8G       3.7G       105M        11M        37M       3.1G

MemTotal:        4016008 kB
MemFree:          107100 kB
Active:           371664 kB
Mem:          3.8G       3.7G       104M        11M        37M       3.1G

MemTotal:        4016008 kB
MemFree:          126508 kB
Active:           371664 kB
Mem:          3.8G       3.7G       123M        11M        37M       3.1G

MemTotal:        4016008 kB
MemFree:          128264 kB
Active:           371640 kB
Mem:          3.8G       3.7G       124M        11M        37M       3.1G

MemTotal:        4016008 kB
MemFree:          127616 kB
Active:           371676 kB
Mem:          3.8G       3.7G       124M        11M        38M       3.1G

MemTotal:        4016008 kB
MemFree:          127668 kB
Active:           371676 kB
Mem:          3.8G       3.7G       124M        11M        38M       3.1G

MemTotal:        4016008 kB
MemFree:          127440 kB
Active:           371664 kB
Mem:          3.8G       3.7G       124M        11M        38M       3.1G

MemTotal:        4016008 kB
MemFree:          127644 kB
Active:           371696 kB
Mem:          3.8G       3.7G       124M        11M        38M       3.1G

MemTotal:        4016008 kB
MemFree:          127872 kB
Active:           371628 kB
Mem:          3.8G       3.7G       124M        11M        38M       3.1G

MemTotal:        4016008 kB
MemFree:          132820 kB
Active:           371688 kB
Mem:          3.8G       3.7G       130M        11M        38M       3.1G

MemTotal:        4016008 kB
MemFree:          132452 kB
Active:           371712 kB
Mem:          3.8G       3.7G       129M        11M        38M       3.1G

MemTotal:        4016008 kB
MemFree:          127632 kB
Active:           371704 kB
Mem:          3.8G       3.7G       124M        11M        38M       3.1G

MemTotal:        4016008 kB
MemFree:          135512 kB
Active:           371712 kB
Mem:          3.8G       3.7G       132M        11M        38M       3.1G

MemTotal:        4016008 kB
MemFree:          130080 kB
Active:           371732 kB
Mem:          3.8G       3.7G       127M        11M        38M       3.1G

MemTotal:        4016008 kB
MemFree:          131076 kB
Active:           371732 kB
Mem:          3.8G       3.7G       128M        11M        38M       3.1G

MemTotal:        4016008 kB
MemFree:          126036 kB
Active:           371716 kB
Mem:          3.8G       3.7G       123M        11M        38M       3.1G

MemTotal:        4016008 kB
MemFree:          120432 kB
Active:           371740 kB
Mem:          3.8G       3.7G       117M        11M        38M       3.1G

MemTotal:        4016008 kB
MemFree:          114768 kB
Active:           371712 kB
Mem:          3.8G       3.7G       111M        11M        38M       3.1G

MemTotal:        4016008 kB
MemFree:          133232 kB
Active:           371720 kB
Mem:          3.8G       3.7G       129M        11M        38M       3.1G

MemTotal:        4016008 kB
MemFree:          134264 kB
Active:           371744 kB
Mem:          3.8G       3.7G       131M        11M        38M       3.1G

MemTotal:        4016008 kB
MemFree:          152536 kB
Active:           371560 kB
Mem:          3.8G       3.7G       148M        11M        38M       3.1G

MemTotal:        4016008 kB
MemFree:          123852 kB
Active:           371772 kB
Mem:          3.8G       3.7G       120M        11M        38M       3.1G

MemTotal:        4016008 kB
MemFree:          106396 kB
Active:           371768 kB
Mem:          3.8G       3.7G       103M        11M        38M       3.1G

MemTotal:        4016008 kB
MemFree:          124836 kB
Active:           371768 kB
Mem:          3.8G       3.7G       109M        11M        38M       3.1G

MemTotal:        4016008 kB
MemFree:          118992 kB
Active:           371760 kB
Mem:          3.8G       3.7G       115M        11M        38M       3.1G

MemTotal:        4016008 kB
MemFree:          112860 kB
Active:           371712 kB
Mem:          3.8G       3.7G       109M        11M        38M       3.1G

MemTotal:        4016008 kB
MemFree:          117692 kB
Active:           371732 kB
Mem:          3.8G       3.7G       114M        11M        38M       3.1G

MemTotal:        4016008 kB
MemFree:          114912 kB
Active:           371824 kB
Mem:          3.8G       3.7G       112M        11M        38M       3.1G

MemTotal:        4016008 kB
MemFree:          109460 kB
Active:           371696 kB
Mem:          3.8G       3.7G       106M        11M        38M       3.1G

MemTotal:        4016008 kB
MemFree:          129708 kB
Active:           372048 kB
Mem:          3.8G       3.7G       126M        11M        38M       3.1G

MemTotal:        4016008 kB
MemFree:          126924 kB
Active:           371736 kB
Mem:          3.8G       3.7G       123M        11M        38M       3.1G

MemTotal:        4016008 kB
MemFree:          123284 kB
Active:           371972 kB
Mem:          3.8G       3.7G       120M        11M        38M       3.1G

MemTotal:        4016008 kB
MemFree:          117348 kB
Active:           371904 kB
Mem:          3.8G       3.7G       113M        11M        38M       3.1G

MemTotal:        4016008 kB
MemFree:          124672 kB
Active:           371816 kB
Mem:          3.8G       3.7G       121M        11M        38M       3.1G

MemTotal:        4016008 kB
MemFree:          129760 kB
Active:           371976 kB
Mem:          3.8G       3.7G       126M        11M        38M       3.1G

MemTotal:        4016008 kB
MemFree:          126024 kB
Active:           371908 kB
Mem:          3.8G       3.7G       123M        11M        38M       3.1G

MemTotal:        4016008 kB
MemFree:          109124 kB
Active:           371980 kB
Mem:          3.8G       3.7G       106M        11M        38M       3.1G

MemTotal:        4016008 kB
MemFree:          128608 kB
Active:           371800 kB
Mem:          3.8G       3.7G       125M        11M        38M       3.1G

MemTotal:        4016008 kB
MemFree:          111152 kB
Active:           371732 kB
Mem:          3.8G       3.7G       108M        11M        38M       3.1G

MemTotal:        4016008 kB
MemFree:          129072 kB
Active:           371792 kB
Mem:          3.8G       3.7G       126M        11M        38M       3.1G

MemTotal:        4016008 kB
MemFree:          123384 kB
Active:           371852 kB
Mem:          3.8G       3.7G       119M        11M        38M       3.1G

MemTotal:        4016008 kB
MemFree:          128768 kB
Active:           371864 kB
Mem:          3.8G       3.7G       125M        11M        38M       3.1G

MemTotal:        4016008 kB
MemFree:          124768 kB
Active:           371852 kB
Mem:          3.8G       3.7G       121M        11M        38M       3.1G

MemTotal:        4016008 kB
MemFree:          131428 kB
Active:           371856 kB
Mem:          3.8G       3.7G       128M        11M        38M       3.1G

MemTotal:        4016008 kB
MemFree:          125524 kB
Active:           371852 kB
Mem:          3.8G       3.7G       122M        11M        38M       3.1G

MemTotal:        4016008 kB
MemFree:          124972 kB
Active:           371876 kB
Mem:          3.8G       3.7G       122M        11M        38M       3.1G

MemTotal:        4016008 kB
MemFree:          113320 kB
Active:           371920 kB
Mem:          3.8G       3.7G       110M        11M        38M       3.1G

MemTotal:        4016008 kB
MemFree:          111752 kB
Active:           371848 kB
Mem:          3.8G       3.7G       109M        11M        38M       3.1G

MemTotal:        4016008 kB
MemFree:          129248 kB
Active:           371888 kB
Mem:          3.8G       3.7G       126M        11M        38M       3.1G

MemTotal:        4016008 kB
MemFree:          112876 kB
Active:           371892 kB
Mem:          3.8G       3.7G       110M        11M        38M       3.1G

MemTotal:        4016008 kB
MemFree:          131188 kB
Active:           371908 kB
Mem:          3.8G       3.7G       128M        11M        38M       3.1G

MemTotal:        4016008 kB
MemFree:          137428 kB
Active:           372032 kB
Mem:          3.8G       3.7G       134M        11M        38M       3.1G

MemTotal:        4016008 kB
MemFree:          126208 kB
Active:           371912 kB
Mem:          3.8G       3.7G       122M        11M        38M       3.1G

MemTotal:        4016008 kB
MemFree:          125996 kB
Active:           371928 kB
Mem:          3.8G       3.7G       122M        11M        38M       3.1G

MemTotal:        4016008 kB
MemFree:          126836 kB
Active:           371928 kB
Mem:          3.8G       3.7G       123M        11M        38M       3.1G

MemTotal:        4016008 kB
MemFree:          116748 kB
Active:           371932 kB
Mem:          3.8G       3.7G       114M        11M        38M       3.1G

MemTotal:        4016008 kB
MemFree:          117156 kB
Active:           371920 kB
Mem:          3.8G       3.7G       114M        11M        38M       3.1G

MemTotal:        4016008 kB
MemFree:          117228 kB
Active:           371976 kB
Mem:          3.8G       3.7G       114M        11M        38M       3.1G

MemTotal:        4016008 kB
MemFree:          128476 kB
Active:           371948 kB
Mem:          3.8G       3.7G       125M        11M        38M       3.1G

MemTotal:        4016008 kB
MemFree:          111552 kB
Active:           371940 kB
Mem:          3.8G       3.7G       108M        11M        38M       3.1G

MemTotal:        4016008 kB
MemFree:          105244 kB
Active:           371952 kB
Mem:          3.8G       3.7G       102M        11M        38M       3.1G

MemTotal:        4016008 kB
MemFree:          112064 kB
Active:           371936 kB
Mem:          3.8G       3.7G       109M        11M        38M       3.1G

MemTotal:        4016008 kB
MemFree:          117360 kB
Active:           371956 kB
Mem:          3.8G       3.7G       114M        11M        38M       3.1G

MemTotal:        4016008 kB
MemFree:          112072 kB
Active:           371936 kB
Mem:          3.8G       3.7G       109M        11M        38M       3.1G

MemTotal:        4016008 kB
MemFree:          118580 kB
Active:           371940 kB
Mem:          3.8G       3.7G       115M        11M        38M       3.1G

MemTotal:        4016008 kB
MemFree:          128864 kB
Active:           372024 kB
Mem:          3.8G       3.7G       125M        11M        38M       3.1G

MemTotal:        4016008 kB
MemFree:          123708 kB
Active:           372112 kB
Mem:          3.8G       3.7G       120M        11M        38M       3.1G

MemTotal:        4016008 kB
MemFree:          129168 kB
Active:           371872 kB
Mem:          3.8G       3.7G       126M        11M        38M       3.1G

MemTotal:        4016008 kB
MemFree:          122036 kB
Active:           372120 kB
Mem:          3.8G       3.7G       119M        11M        38M       3.1G

MemTotal:        4016008 kB
MemFree:          128424 kB
Active:           372164 kB
Mem:          3.8G       3.7G       125M        11M        38M       3.1G

MemTotal:        4016008 kB
MemFree:          124744 kB
Active:           372008 kB
Mem:          3.8G       3.7G       121M        11M        38M       3.1G

MemTotal:        4016008 kB
MemFree:          132968 kB
Active:           372036 kB
Mem:          3.8G       3.7G       130M        11M        38M       3.1G

MemTotal:        4016008 kB
MemFree:          136600 kB
Active:           374084 kB
Mem:          3.8G       3.7G       133M        11M        38M       3.1G

MemTotal:        4016008 kB
MemFree:          132328 kB
Active:           373992 kB
Mem:          3.8G       3.7G       129M        11M        38M       3.1G

MemTotal:        4016008 kB
MemFree:          127532 kB
Active:           374076 kB
Mem:          3.8G       3.7G       124M        11M        38M       3.1G

MemTotal:        4016008 kB
MemFree:          110316 kB
Active:           374080 kB
Mem:          3.8G       3.7G       107M        11M        38M       3.1G

MemTotal:        4016008 kB
MemFree:          127448 kB
Active:           374100 kB
Mem:          3.8G       3.7G       124M        11M        38M       3.1G

MemTotal:        4016008 kB
MemFree:          121724 kB
Active:           374080 kB
Mem:          3.8G       3.7G       119M        11M        38M       3.1G

MemTotal:        4016008 kB
MemFree:          104896 kB
Active:           374100 kB
Mem:          3.8G       3.7G       102M        11M        38M       3.1G

MemTotal:        4016008 kB
MemFree:          125616 kB
Active:           374088 kB
Mem:          3.8G       3.7G       123M        11M        38M       3.1G

MemTotal:        4016008 kB
MemFree:          120324 kB
Active:           374080 kB
Mem:          3.8G       3.7G       117M        11M        38M       3.1G

MemTotal:        4016008 kB
MemFree:          126776 kB
Active:           374096 kB
Mem:          3.8G       3.7G       123M        11M        38M       3.1G

MemTotal:        4016008 kB
MemFree:          132800 kB
Active:           374092 kB
Mem:          3.8G       3.7G       129M        11M        38M       3.1G

MemTotal:        4016008 kB
MemFree:          127544 kB
Active:           374096 kB
Mem:          3.8G       3.7G       124M        11M        38M       3.1G

MemTotal:        4016008 kB
MemFree:          121864 kB
Active:           374080 kB
Mem:          3.8G       3.7G       119M        11M        38M       3.1G

MemTotal:        4016008 kB
MemFree:          117688 kB
Active:           374092 kB
Mem:          3.8G       3.7G       114M        11M        38M       3.1G

MemTotal:        4016008 kB
MemFree:          123832 kB
Active:           374020 kB
Mem:          3.8G       3.7G       120M        11M        38M       3.1G

MemTotal:        4016008 kB
MemFree:          123596 kB
Active:           374276 kB
Mem:          3.8G       3.7G       120M        11M        38M       3.1G

MemTotal:        4016008 kB
MemFree:          128664 kB
Active:           374084 kB
Mem:          3.8G       3.7G       125M        11M        38M       3.1G

MemTotal:        4016008 kB
MemFree:          129720 kB
Active:           374120 kB
Mem:          3.8G       3.7G       127M        11M        38M       3.1G

MemTotal:        4016008 kB
MemFree:          113792 kB
Active:           374120 kB
Mem:          3.8G       3.7G       110M        11M        38M       3.1G

MemTotal:        4016008 kB
MemFree:          119392 kB
Active:           374272 kB
Mem:          3.8G       3.7G       116M        11M        38M       3.1G

MemTotal:        4016008 kB
MemFree:          115232 kB
Active:           374020 kB
Mem:          3.8G       3.7G       112M        11M        38M       3.1G

MemTotal:        4016008 kB
MemFree:          117980 kB
Active:           373996 kB
Mem:          3.8G       3.7G       114M        11M        38M       3.1G

MemTotal:        4016008 kB
MemFree:          112248 kB
Active:           374148 kB
Mem:          3.8G       3.7G       109M        11M        38M       3.1G

MemTotal:        4016008 kB
MemFree:          130200 kB
Active:           374268 kB
Mem:          3.8G       3.7G       126M        11M        38M       3.1G

MemTotal:        4016008 kB
MemFree:          113192 kB
Active:           374132 kB
Mem:          3.8G       3.7G       110M        11M        38M       3.1G

MemTotal:        4016008 kB
MemFree:          130240 kB
Active:           374184 kB
Mem:          3.8G       3.7G       127M        11M        38M       3.1G

MemTotal:        4016008 kB
MemFree:          135620 kB
Active:           374144 kB
Mem:          3.8G       3.7G       132M        11M        38M       3.1G

MemTotal:        4016008 kB
MemFree:          133304 kB
Active:           374208 kB
Mem:          3.8G       3.7G       130M        11M        38M       3.1G

MemTotal:        4016008 kB
MemFree:          128392 kB
Active:           374140 kB
Mem:          3.8G       3.7G       125M        11M        38M       3.1G

MemTotal:        4016008 kB
MemFree:          138856 kB
Active:           374200 kB
Mem:          3.8G       3.7G       135M        11M        38M       3.1G

MemTotal:        4016008 kB
MemFree:          134316 kB
Active:           374256 kB
Mem:          3.8G       3.7G       131M        11M        38M       3.1G

MemTotal:        4016008 kB
MemFree:          135392 kB
Active:           374256 kB
Mem:          3.8G       3.7G       131M        11M        38M       3.1G

MemTotal:        4016008 kB
MemFree:          111440 kB
Active:           374220 kB
Mem:          3.8G       3.7G       108M        11M        38M       3.1G

MemTotal:        4016008 kB
MemFree:          130428 kB
Active:           374220 kB
Mem:          3.8G       3.7G       127M        11M        38M       3.1G

MemTotal:        4016008 kB
MemFree:          127080 kB
Active:           374208 kB
Mem:          3.8G       3.7G       123M        11M        38M       3.1G

MemTotal:        4016008 kB
MemFree:          119524 kB
Active:           374224 kB
Mem:          3.8G       3.7G       116M        11M        38M       3.1G

MemTotal:        4016008 kB
MemFree:          131648 kB
Active:           374212 kB
Mem:          3.8G       3.7G       128M        11M        38M       3.1G

MemTotal:        4016008 kB
MemFree:          130192 kB
Active:           374236 kB
Mem:          3.8G       3.7G       126M        11M        38M       3.1G

MemTotal:        4016008 kB
MemFree:          128412 kB
Active:           374264 kB
Mem:          3.8G       3.7G       125M        11M        38M       3.1G

MemTotal:        4016008 kB
MemFree:          128488 kB
Active:           374212 kB
Mem:          3.8G       3.7G       125M        11M        38M       3.1G

MemTotal:        4016008 kB
MemFree:          128612 kB
Active:           374304 kB
Mem:          3.8G       3.7G       125M        11M        38M       3.1G

MemTotal:        4016008 kB
MemFree:          128948 kB
Active:           374304 kB
Mem:          3.8G       3.7G       125M        11M        38M       3.1G

MemTotal:        4016008 kB
MemFree:          125928 kB
Active:           374204 kB
Mem:          3.8G       3.7G       123M        11M        38M       3.1G

MemTotal:        4016008 kB
MemFree:          132036 kB
Active:           374232 kB
Mem:          3.8G       3.7G       129M        11M        38M       3.1G

MemTotal:        4016008 kB
MemFree:          125472 kB
Active:           374264 kB
Mem:          3.8G       3.7G       121M        11M        38M       3.1G

MemTotal:        4016008 kB
MemFree:          124980 kB
Active:           374288 kB
Mem:          3.8G       3.7G       121M        11M        38M       3.1G

MemTotal:        4016008 kB
MemFree:          107108 kB
Active:           374272 kB
Mem:          3.8G       3.7G       104M        11M        38M       3.1G

MemTotal:        4016008 kB
MemFree:          123480 kB
Active:           374276 kB
Mem:          3.8G       3.7G       119M        11M        38M       3.1G

MemTotal:        4016008 kB
MemFree:          140476 kB
Active:           374296 kB
Mem:          3.8G       3.7G       137M        11M        38M       3.1G

MemTotal:        4016008 kB
MemFree:          144740 kB
Active:           374304 kB
Mem:          3.8G       3.7G       141M        11M        38M       3.1G

MemTotal:        4016008 kB
MemFree:          150428 kB
Active:           374292 kB
Mem:          3.8G       3.7G       146M        11M        38M       3.1G

MemTotal:        4016008 kB
MemFree:          145120 kB
Active:           374300 kB
Mem:          3.8G       3.7G       141M        11M        38M       3.1G

MemTotal:        4016008 kB
MemFree:          126172 kB
Active:           374328 kB
Mem:          3.8G       3.7G       122M        11M        38M       3.1G

MemTotal:        4016008 kB
MemFree:          132656 kB
Active:           374312 kB
Mem:          3.8G       3.7G       129M        11M        38M       3.1G

MemTotal:        4016008 kB
MemFree:          113492 kB
Active:           374364 kB
Mem:          3.8G       3.7G       109M        11M        38M       3.1G

MemTotal:        4016008 kB
MemFree:          123236 kB
Active:           374312 kB
Mem:          3.8G       3.7G       120M        11M        38M       3.1G

MemTotal:        4016008 kB
MemFree:          128032 kB
Active:           374336 kB
Mem:          3.8G       3.7G       125M        11M        38M       3.1G

MemTotal:        4016008 kB
MemFree:          124832 kB
Active:           374232 kB
Mem:          3.8G       3.7G       122M        11M        38M       3.1G

MemTotal:        4016008 kB
MemFree:          118684 kB
Active:           374284 kB
Mem:          3.8G       3.7G       115M        11M        38M       3.1G

MemTotal:        4016008 kB
MemFree:          123396 kB
Active:           374420 kB
Mem:          3.8G       3.7G       120M        11M        38M       3.1G

MemTotal:        4016008 kB
MemFree:          146028 kB
Active:           374420 kB
Mem:          3.8G       3.7G       142M        11M        38M       3.1G

MemTotal:        4016008 kB
MemFree:          146628 kB
Active:           374428 kB
Mem:          3.8G       3.7G       142M        11M        38M       3.1G

MemTotal:        4016008 kB
MemFree:          146948 kB
Active:           374376 kB
Mem:          3.8G       3.7G       143M        11M        38M       3.1G

MemTotal:        4016008 kB
MemFree:          146932 kB
Active:           374428 kB
Mem:          3.8G       3.7G       143M        11M        38M       3.1G

MemTotal:        4016008 kB
MemFree:          147092 kB
Active:           374432 kB
Mem:          3.8G       3.7G       143M        11M        38M       3.1G

MemTotal:        4016008 kB
MemFree:          110176 kB
Active:           374324 kB
Mem:          3.8G       3.7G       107M        11M        38M       3.1G

MemTotal:        4016008 kB
MemFree:          127520 kB
Active:           374396 kB
Mem:          3.8G       3.7G       123M        11M        38M       3.1G

MemTotal:        4016008 kB
MemFree:          120876 kB
Active:           374404 kB
Mem:          3.8G       3.7G       117M        11M        38M       3.1G

MemTotal:        4016008 kB
MemFree:          127232 kB
Active:           374356 kB
Mem:          3.8G       3.7G       123M        11M        38M       3.1G

MemTotal:        4016008 kB
MemFree:          120280 kB
Active:           374392 kB
Mem:          3.8G       3.7G       117M        11M        38M       3.1G

MemTotal:        4016008 kB
MemFree:          127136 kB
Active:           374396 kB
Mem:          3.8G       3.7G       124M        11M        38M       3.1G

MemTotal:        4016008 kB
MemFree:          120568 kB
Active:           374404 kB
Mem:          3.8G       3.7G       117M        11M        38M       3.1G

MemTotal:        4016008 kB
MemFree:          114828 kB
Active:           374412 kB
Mem:          3.8G       3.7G       122M        11M        38M       3.1G

MemTotal:        4016008 kB
MemFree:          116544 kB
Active:           374412 kB
Mem:          3.8G       3.7G       114M        11M        38M       3.1G

MemTotal:        4016008 kB
MemFree:          116204 kB
Active:           374428 kB
Mem:          3.8G       3.7G       112M        11M        38M       3.1G

MemTotal:        4016008 kB
MemFree:          110180 kB
Active:           374440 kB
Mem:          3.8G       3.7G       107M        11M        38M       3.1G

MemTotal:        4016008 kB
MemFree:          127700 kB
Active:           374396 kB
Mem:          3.8G       3.7G       124M        11M        38M       3.1G

MemTotal:        4016008 kB
MemFree:          120928 kB
Active:           374480 kB
Mem:          3.8G       3.7G       118M        11M        38M       3.1G

MemTotal:        4016008 kB
MemFree:          126140 kB
Active:           374392 kB
Mem:          3.8G       3.7G       123M        11M        38M       3.1G

MemTotal:        4016008 kB
MemFree:          127072 kB
Active:           374464 kB
Mem:          3.8G       3.7G       123M        11M        38M       3.1G

MemTotal:        4016008 kB
MemFree:          144336 kB
Active:           374400 kB
Mem:          3.8G       3.7G       140M        11M        38M       3.1G

MemTotal:        4016008 kB
MemFree:          139264 kB
Active:           374380 kB
Mem:          3.8G       3.7G       135M        11M        38M       3.1G

MemTotal:        4016008 kB
MemFree:          121192 kB
Active:           374444 kB
Mem:          3.8G       3.7G       118M        11M        38M       3.1G

MemTotal:        4016008 kB
MemFree:          114008 kB
Active:           374364 kB
Mem:          3.8G       3.7G       111M        11M        38M       3.1G

MemTotal:        4016008 kB
MemFree:          131204 kB
Active:           374508 kB
Mem:          3.8G       3.7G       127M        11M        38M       3.1G

MemTotal:        4016008 kB
MemFree:          141876 kB
Active:           374512 kB
Mem:          3.8G       3.7G       138M        11M        38M       3.1G

MemTotal:        4016008 kB
MemFree:          137440 kB
Active:           374512 kB
Mem:          3.8G       3.7G       133M        11M        38M       3.1G

MemTotal:        4016008 kB
MemFree:          113532 kB
Active:           374508 kB
Mem:          3.8G       3.7G       110M        11M        38M       3.1G

MemTotal:        4016008 kB
MemFree:          131044 kB
Active:           374556 kB
Mem:          3.8G       3.7G       127M        11M        38M       3.1G

MemTotal:        4016008 kB
MemFree:          124888 kB
Active:           374492 kB
Mem:          3.8G       3.7G       121M        11M        38M       3.1G

MemTotal:        4016008 kB
MemFree:          129996 kB
Active:           374504 kB
Mem:          3.8G       3.7G       126M        11M        38M       3.1G

MemTotal:        4016008 kB
MemFree:          111476 kB
Active:           374528 kB
Mem:          3.8G       3.7G       108M        11M        38M       3.1G

MemTotal:        4016008 kB
MemFree:          110848 kB
Active:           374544 kB
Mem:          3.8G       3.7G       108M        11M        38M       3.1G

MemTotal:        4016008 kB
MemFree:          128468 kB
Active:           374528 kB
Mem:          3.8G       3.7G       125M        11M        38M       3.1G

MemTotal:        4016008 kB
MemFree:          122304 kB
Active:           374556 kB
Mem:          3.8G       3.7G       119M        11M        38M       3.1G

MemTotal:        4016008 kB
MemFree:          125040 kB
Active:           374536 kB
Mem:          3.8G       3.7G       122M        11M        38M       3.1G

MemTotal:        4016008 kB
MemFree:          105548 kB
Active:           374548 kB
Mem:          3.8G       3.7G       103M        11M        38M       3.1G

MemTotal:        4016008 kB
MemFree:          106256 kB
Active:           374580 kB
Mem:          3.8G       3.7G       102M        11M        38M       3.1G

MemTotal:        4016008 kB
MemFree:          123176 kB
Active:           374600 kB
Mem:          3.8G       3.7G       119M        11M        38M       3.1G

MemTotal:        4016008 kB
MemFree:          118784 kB
Active:           374492 kB
Mem:          3.8G       3.7G       115M        11M        38M       3.1G

MemTotal:        4016008 kB
MemFree:          118500 kB
Active:           374588 kB
Mem:          3.8G       3.7G       114M        11M        38M       3.1G

MemTotal:        4016008 kB
MemFree:          112240 kB
Active:           374836 kB
Mem:          3.8G       3.7G       109M        11M        38M       3.1G

MemTotal:        4016008 kB
MemFree:          112188 kB
Active:           374440 kB
Mem:          3.8G       3.7G       109M        11M        38M       3.1G

MemTotal:        4016008 kB
MemFree:          130116 kB
Active:           374448 kB
Mem:          3.8G       3.7G       126M        11M        38M       3.1G

MemTotal:        4016008 kB
MemFree:          136656 kB
Active:           374724 kB
Mem:          3.8G       3.7G       133M        11M        38M       3.1G

MemTotal:        4016008 kB
MemFree:          130756 kB
Active:           374624 kB
Mem:          3.8G       3.7G       127M        11M        38M       3.1G

MemTotal:        4016008 kB
MemFree:          129928 kB
Active:           374468 kB
Mem:          3.8G       3.7G       126M        11M        38M       3.1G

MemTotal:        4016008 kB
MemFree:          110488 kB
Active:           374496 kB
Mem:          3.8G       3.7G       107M        11M        38M       3.1G

MemTotal:        4016008 kB
MemFree:          110352 kB
Active:           374684 kB
Mem:          3.8G       3.7G       107M        11M        38M       3.1G

MemTotal:        4016008 kB
MemFree:          110628 kB
Active:           374660 kB
Mem:          3.8G       3.7G       107M        11M        38M       3.1G

MemTotal:        4016008 kB
MemFree:          131516 kB
Active:           374640 kB
Mem:          3.8G       3.7G       128M        11M        38M       3.1G

MemTotal:        4016008 kB
MemFree:          136688 kB
Active:           374648 kB
Mem:          3.8G       3.7G       133M        11M        38M       3.1G

MemTotal:        4016008 kB
MemFree:          131028 kB
Active:           374612 kB
Mem:          3.8G       3.7G       127M        11M        38M       3.1G

MemTotal:        4016008 kB
MemFree:          136732 kB
Active:           374660 kB
Mem:          3.8G       3.7G       133M        11M        38M       3.1G

MemTotal:        4016008 kB
MemFree:          129308 kB
Active:           374784 kB
Mem:          3.8G       3.7G       126M        11M        38M       3.1G

MemTotal:        4016008 kB
MemFree:          112576 kB
Active:           374808 kB
Mem:          3.8G       3.7G       109M        11M        38M       3.1G

MemTotal:        4016008 kB
MemFree:          106268 kB
Active:           374512 kB
Mem:          3.8G       3.7G       103M        11M        38M       3.1G

MemTotal:        4016008 kB
MemFree:          124752 kB
Active:           374516 kB
Mem:          3.8G       3.7G       121M        11M        38M       3.1G

MemTotal:        4016008 kB
MemFree:          118568 kB
Active:           374620 kB
Mem:          3.8G       3.7G       115M        11M        38M       3.1G

MemTotal:        4016008 kB
MemFree:          124412 kB
Active:           374664 kB
Mem:          3.8G       3.7G       121M        11M        38M       3.1G

MemTotal:        4016008 kB
MemFree:          129296 kB
Active:           374928 kB
Mem:          3.8G       3.7G       126M        11M        38M       3.1G

MemTotal:        4016008 kB
MemFree:          141592 kB
Active:           374820 kB
Mem:          3.8G       3.7G       138M        11M        38M       3.1G

MemTotal:        4016008 kB
MemFree:          124580 kB
Active:           374844 kB
Mem:          3.8G       3.7G       121M        11M        38M       3.1G

MemTotal:        4016008 kB
MemFree:          129912 kB
Active:           374736 kB
Mem:          3.8G       3.7G       126M        11M        38M       3.1G

MemTotal:        4016008 kB
MemFree:          112056 kB
Active:           374736 kB
Mem:          3.8G       3.7G       109M        11M        38M       3.1G

MemTotal:        4016008 kB
MemFree:          109464 kB
Active:           374860 kB
Mem:          3.8G       3.7G       106M        11M        38M       3.1G

MemTotal:        4016008 kB
MemFree:          134452 kB
Active:           374980 kB
Mem:          3.8G       3.7G       131M        11M        38M       3.1G

MemTotal:        4016008 kB
MemFree:          134568 kB
Active:           375036 kB
Mem:          3.8G       3.7G       131M        11M        38M       3.1G

MemTotal:        4016008 kB
MemFree:          134792 kB
Active:           374788 kB
Mem:          3.8G       3.7G       131M        11M        38M       3.1G

MemTotal:        4016008 kB
MemFree:          134728 kB
Active:           374628 kB
Mem:          3.8G       3.7G       131M        11M        38M       3.1G

MemTotal:        4016008 kB
MemFree:          134432 kB
Active:           374868 kB
Mem:          3.8G       3.7G       131M        11M        38M       3.1G

MemTotal:        4016008 kB
MemFree:          134444 kB
Active:           374656 kB
Mem:          3.8G       3.7G       131M        11M        38M       3.1G

MemTotal:        4016008 kB
MemFree:          134520 kB
Active:           374816 kB
Mem:          3.8G       3.7G       131M        11M        38M       3.1G

MemTotal:        4016008 kB
MemFree:          134764 kB
Active:           374800 kB
Mem:          3.8G       3.7G       131M        11M        38M       3.1G

MemTotal:        4016008 kB
MemFree:          134904 kB
Active:           374808 kB
Mem:          3.8G       3.7G       131M        11M        38M       3.1G

MemTotal:        4016008 kB
MemFree:          134828 kB
Active:           375116 kB
Mem:          3.8G       3.7G       131M        11M        38M       3.1G

MemTotal:        4016008 kB
MemFree:          134068 kB
Active:           375032 kB
Mem:          3.8G       3.7G       130M        11M        38M       3.1G

MemTotal:        4016008 kB
MemFree:          134344 kB
Active:           374968 kB
Mem:          3.8G       3.7G       131M        11M        38M       3.1G

