MemTotal:        4016008 kB
MemFree:         2747420 kB
Active:           735388 kB
Mem:          3.8G       1.2G       2.6G        14M       133M       508M

MemTotal:        4016008 kB
MemFree:         2747280 kB
Active:           735620 kB
Mem:          3.8G       1.2G       2.6G        14M       133M       508M

MemTotal:        4016008 kB
MemFree:         2746984 kB
Active:           735680 kB
Mem:          3.8G       1.2G       2.6G        14M       133M       508M

MemTotal:        4016008 kB
MemFree:         2747420 kB
Active:           735628 kB
Mem:          3.8G       1.2G       2.6G        14M       133M       508M

MemTotal:        4016008 kB
MemFree:         2747420 kB
Active:           735640 kB
Mem:          3.8G       1.2G       2.6G        14M       133M       508M

MemTotal:        4016008 kB
MemFree:         2747296 kB
Active:           735636 kB
Mem:          3.8G       1.2G       2.6G        14M       133M       508M

MemTotal:        4016008 kB
MemFree:         2747048 kB
Active:           735688 kB
Mem:          3.8G       1.2G       2.6G        14M       133M       508M

MemTotal:        4016008 kB
MemFree:         2747048 kB
Active:           735680 kB
Mem:          3.8G       1.2G       2.6G        14M       133M       508M

MemTotal:        4016008 kB
MemFree:         2747172 kB
Active:           735688 kB
Mem:          3.8G       1.2G       2.6G        14M       133M       508M

MemTotal:        4016008 kB
MemFree:         2747172 kB
Active:           735696 kB
Mem:          3.8G       1.2G       2.6G        14M       133M       508M

MemTotal:        4016008 kB
MemFree:         2747172 kB
Active:           735696 kB
Mem:          3.8G       1.2G       2.6G        14M       133M       508M

MemTotal:        4016008 kB
MemFree:         2747296 kB
Active:           735680 kB
Mem:          3.8G       1.2G       2.6G        14M       133M       508M

MemTotal:        4016008 kB
MemFree:         2747296 kB
Active:           735688 kB
Mem:          3.8G       1.2G       2.6G        14M       133M       508M

MemTotal:        4016008 kB
MemFree:         2747172 kB
Active:           735664 kB
Mem:          3.8G       1.2G       2.6G        14M       133M       508M

MemTotal:        4016008 kB
MemFree:         2746336 kB
Active:           735720 kB
Mem:          3.8G       1.2G       2.6G        14M       133M       508M

MemTotal:        4016008 kB
MemFree:         2746280 kB
Active:           735724 kB
Mem:          3.8G       1.2G       2.6G        14M       133M       508M

MemTotal:        4016008 kB
MemFree:         2725816 kB
Active:           755304 kB
Mem:          3.8G       1.2G       2.6G        14M       133M       509M

MemTotal:        4016008 kB
MemFree:         2729260 kB
Active:           751968 kB
Mem:          3.8G       1.2G       2.6G        14M       133M       509M

MemTotal:        4016008 kB
MemFree:         2729152 kB
Active:           752084 kB
Mem:          3.8G       1.2G       2.6G        14M       133M       509M

MemTotal:        4016008 kB
MemFree:         2729152 kB
Active:           752028 kB
Mem:          3.8G       1.2G       2.6G        14M       133M       509M

MemTotal:        4016008 kB
MemFree:         2729400 kB
Active:           752072 kB
Mem:          3.8G       1.2G       2.6G        14M       133M       509M

MemTotal:        4016008 kB
MemFree:         2744996 kB
Active:           736372 kB
Mem:          3.8G       1.2G       2.6G        14M       133M       508M

MemTotal:        4016008 kB
MemFree:         2745540 kB
Active:           736060 kB
Mem:          3.8G       1.2G       2.6G        14M       133M       508M

MemTotal:        4016008 kB
MemFree:         2746020 kB
Active:           736040 kB
Mem:          3.8G       1.2G       2.6G        14M       133M       508M

MemTotal:        4016008 kB
MemFree:         2745912 kB
Active:           736208 kB
Mem:          3.8G       1.2G       2.6G        14M       133M       508M

MemTotal:        4016008 kB
MemFree:         2745960 kB
Active:           736220 kB
Mem:          3.8G       1.2G       2.6G        14M       133M       508M

MemTotal:        4016008 kB
MemFree:         2734704 kB
Active:           739216 kB
Mem:          3.8G       1.2G       2.6G        14M       133M       509M

MemTotal:        4016008 kB
MemFree:         2734588 kB
Active:           739496 kB
Mem:          3.8G       1.2G       2.6G        14M       133M       509M

MemTotal:        4016008 kB
MemFree:         2734340 kB
Active:           739504 kB
Mem:          3.8G       1.2G       2.6G        14M       133M       509M

MemTotal:        4016008 kB
MemFree:         2734960 kB
Active:           739512 kB
Mem:          3.8G       1.2G       2.6G        14M       133M       509M

MemTotal:        4016008 kB
MemFree:         2734588 kB
Active:           739512 kB
Mem:          3.8G       1.2G       2.6G        14M       133M       509M

MemTotal:        4016008 kB
MemFree:         2734604 kB
Active:           739476 kB
Mem:          3.8G       1.2G       2.6G        14M       133M       509M

MemTotal:        4016008 kB
MemFree:         2734620 kB
Active:           739496 kB
Mem:          3.8G       1.2G       2.6G        14M       133M       509M

MemTotal:        4016008 kB
MemFree:         2734496 kB
Active:           739464 kB
Mem:          3.8G       1.2G       2.6G        14M       133M       509M

MemTotal:        4016008 kB
MemFree:         2734124 kB
Active:           739488 kB
Mem:          3.8G       1.2G       2.6G        14M       133M       509M

MemTotal:        4016008 kB
MemFree:         2733876 kB
Active:           739512 kB
Mem:          3.8G       1.2G       2.6G        14M       133M       509M

MemTotal:        4016008 kB
MemFree:         2734248 kB
Active:           739484 kB
Mem:          3.8G       1.2G       2.6G        14M       133M       509M

MemTotal:        4016008 kB
MemFree:         2734868 kB
Active:           739460 kB
Mem:          3.8G       1.2G       2.6G        14M       133M       509M

MemTotal:        4016008 kB
MemFree:         2734496 kB
Active:           739512 kB
Mem:          3.8G       1.2G       2.6G        14M       133M       509M

MemTotal:        4016008 kB
MemFree:         2735116 kB
Active:           739500 kB
Mem:          3.8G       1.2G       2.6G        14M       133M       509M

MemTotal:        4016008 kB
MemFree:         2734992 kB
Active:           739500 kB
Mem:          3.8G       1.2G       2.6G        14M       133M       509M

MemTotal:        4016008 kB
MemFree:         2735008 kB
Active:           739464 kB
Mem:          3.8G       1.2G       2.6G        14M       133M       509M

MemTotal:        4016008 kB
MemFree:         2735008 kB
Active:           739472 kB
Mem:          3.8G       1.2G       2.6G        14M       133M       509M

MemTotal:        4016008 kB
MemFree:         2735132 kB
Active:           739492 kB
Mem:          3.8G       1.2G       2.6G        14M       133M       509M

MemTotal:        4016008 kB
MemFree:         2734884 kB
Active:           739472 kB
Mem:          3.8G       1.2G       2.6G        14M       133M       509M

MemTotal:        4016008 kB
MemFree:         2734884 kB
Active:           739508 kB
Mem:          3.8G       1.2G       2.6G        14M       133M       509M

MemTotal:        4016008 kB
MemFree:         2734760 kB
Active:           739472 kB
Mem:          3.8G       1.2G       2.6G        14M       133M       509M

MemTotal:        4016008 kB
MemFree:         2734744 kB
Active:           739480 kB
Mem:          3.8G       1.2G       2.6G        14M       133M       509M

MemTotal:        4016008 kB
MemFree:         2734620 kB
Active:           739496 kB
Mem:          3.8G       1.2G       2.6G        14M       133M       509M

MemTotal:        4016008 kB
MemFree:         2734248 kB
Active:           739540 kB
Mem:          3.8G       1.2G       2.6G        14M       133M       509M

MemTotal:        4016008 kB
MemFree:         2734108 kB
Active:           739540 kB
Mem:          3.8G       1.2G       2.6G        14M       133M       509M

MemTotal:        4016008 kB
MemFree:         2734728 kB
Active:           739548 kB
Mem:          3.8G       1.2G       2.6G        14M       133M       509M

MemTotal:        4016008 kB
MemFree:         2734852 kB
Active:           739524 kB
Mem:          3.8G       1.2G       2.6G        14M       133M       509M

MemTotal:        4016008 kB
MemFree:         2734976 kB
Active:           739564 kB
Mem:          3.8G       1.2G       2.6G        14M       133M       509M

MemTotal:        4016008 kB
MemFree:         2734536 kB
Active:           737608 kB
Mem:          3.8G       1.2G       2.6G        14M       133M       509M

MemTotal:        4016008 kB
MemFree:         2734784 kB
Active:           739692 kB
Mem:          3.8G       1.2G       2.6G        14M       133M       509M

MemTotal:        4016008 kB
MemFree:         2734288 kB
Active:           739660 kB
Mem:          3.8G       1.2G       2.6G        14M       133M       509M

MemTotal:        4016008 kB
MemFree:         2734164 kB
Active:           739672 kB
Mem:          3.8G       1.2G       2.6G        14M       133M       509M

MemTotal:        4016008 kB
MemFree:         2734164 kB
Active:           739692 kB
Mem:          3.8G       1.2G       2.6G        14M       133M       509M

MemTotal:        4016008 kB
MemFree:         2734412 kB
Active:           739700 kB
Mem:          3.8G       1.2G       2.6G        14M       133M       509M

MemTotal:        4016008 kB
MemFree:         2734412 kB
Active:           739712 kB
Mem:          3.8G       1.2G       2.6G        14M       133M       509M

MemTotal:        4016008 kB
MemFree:         2734288 kB
Active:           739672 kB
Mem:          3.8G       1.2G       2.6G        14M       133M       509M

MemTotal:        4016008 kB
MemFree:         2734288 kB
Active:           739668 kB
Mem:          3.8G       1.2G       2.6G        14M       133M       509M

MemTotal:        4016008 kB
MemFree:         2734264 kB
Active:           737780 kB
Mem:          3.8G       1.2G       2.6G        14M       133M       509M

MemTotal:        4016008 kB
MemFree:         2733728 kB
Active:           737680 kB
Mem:          3.8G       1.2G       2.6G        14M       133M       509M

MemTotal:        4016008 kB
MemFree:         2734100 kB
Active:           739724 kB
Mem:          3.8G       1.2G       2.6G        14M       133M       509M

MemTotal:        4016008 kB
MemFree:         2734100 kB
Active:           739676 kB
Mem:          3.8G       1.2G       2.6G        14M       133M       509M

MemTotal:        4016008 kB
MemFree:         2734596 kB
Active:           739688 kB
Mem:          3.8G       1.2G       2.6G        14M       133M       509M

MemTotal:        4016008 kB
MemFree:         2733728 kB
Active:           739732 kB
Mem:          3.8G       1.2G       2.6G        14M       133M       509M

MemTotal:        4016008 kB
MemFree:         2734472 kB
Active:           739716 kB
Mem:          3.8G       1.2G       2.6G        14M       133M       509M

MemTotal:        4016008 kB
MemFree:         2734208 kB
Active:           739676 kB
Mem:          3.8G       1.2G       2.6G        14M       133M       509M

MemTotal:        4016008 kB
MemFree:         2734332 kB
Active:           739708 kB
Mem:          3.8G       1.2G       2.6G        14M       133M       509M

MemTotal:        4016008 kB
MemFree:         2734564 kB
Active:           739692 kB
Mem:          3.8G       1.2G       2.6G        14M       133M       509M

MemTotal:        4016008 kB
MemFree:         2734444 kB
Active:           737924 kB
Mem:          3.8G       1.2G       2.6G        14M       133M       509M

MemTotal:        4016008 kB
MemFree:         2734376 kB
Active:           739736 kB
Mem:          3.8G       1.2G       2.6G        14M       133M       509M

MemTotal:        4016008 kB
MemFree:         2734624 kB
Active:           739700 kB
Mem:          3.8G       1.2G       2.6G        14M       133M       509M

MemTotal:        4016008 kB
MemFree:         2734872 kB
Active:           739728 kB
Mem:          3.8G       1.2G       2.6G        14M       133M       509M

MemTotal:        4016008 kB
MemFree:         2734376 kB
Active:           739740 kB
Mem:          3.8G       1.2G       2.6G        14M       133M       509M

MemTotal:        4016008 kB
MemFree:         2734748 kB
Active:           739736 kB
Mem:          3.8G       1.2G       2.6G        14M       133M       509M

MemTotal:        4016008 kB
MemFree:         2734748 kB
Active:           739704 kB
Mem:          3.8G       1.2G       2.6G        14M       133M       509M

MemTotal:        4016008 kB
MemFree:         2734624 kB
Active:           739720 kB
Mem:          3.8G       1.2G       2.6G        14M       133M       509M

MemTotal:        4016008 kB
MemFree:         2734376 kB
Active:           739708 kB
Mem:          3.8G       1.2G       2.6G        14M       133M       509M

MemTotal:        4016008 kB
MemFree:         2734128 kB
Active:           739716 kB
Mem:          3.8G       1.2G       2.6G        14M       133M       509M

MemTotal:        4016008 kB
MemFree:         2732204 kB
Active:           739708 kB
Mem:          3.8G       1.2G       2.6G        14M       133M       509M

MemTotal:        4016008 kB
MemFree:         2732204 kB
Active:           739704 kB
Mem:          3.8G       1.2G       2.6G        14M       133M       509M

MemTotal:        4016008 kB
MemFree:         2732080 kB
Active:           741760 kB
Mem:          3.8G       1.2G       2.6G        14M       133M       509M

MemTotal:        4016008 kB
MemFree:         2732004 kB
Active:           741768 kB
Mem:          3.8G       1.2G       2.6G        14M       133M       509M

MemTotal:        4016008 kB
MemFree:         2732376 kB
Active:           741732 kB
Mem:          3.8G       1.2G       2.6G        14M       133M       509M

MemTotal:        4016008 kB
MemFree:         2732500 kB
Active:           741756 kB
Mem:          3.8G       1.2G       2.6G        14M       133M       509M

MemTotal:        4016008 kB
MemFree:         2731880 kB
Active:           741788 kB
Mem:          3.8G       1.2G       2.6G        14M       133M       509M

MemTotal:        4016008 kB
MemFree:         2732252 kB
Active:           741764 kB
Mem:          3.8G       1.2G       2.6G        14M       133M       509M

MemTotal:        4016008 kB
MemFree:         2732252 kB
Active:           741792 kB
Mem:          3.8G       1.2G       2.6G        14M       133M       509M

MemTotal:        4016008 kB
MemFree:         2732252 kB
Active:           741756 kB
Mem:          3.8G       1.2G       2.6G        14M       133M       509M

MemTotal:        4016008 kB
MemFree:         2731784 kB
Active:           739744 kB
Mem:          3.8G       1.2G       2.6G        14M       133M       509M

MemTotal:        4016008 kB
MemFree:         2731692 kB
Active:           741752 kB
Mem:          3.8G       1.2G       2.6G        14M       133M       509M

MemTotal:        4016008 kB
MemFree:         2731816 kB
Active:           741760 kB
Mem:          3.8G       1.2G       2.6G        14M       133M       509M

MemTotal:        4016008 kB
MemFree:         2731320 kB
Active:           741800 kB
Mem:          3.8G       1.2G       2.6G        14M       133M       509M

MemTotal:        4016008 kB
MemFree:         2732064 kB
Active:           741796 kB
Mem:          3.8G       1.2G       2.6G        14M       133M       509M

MemTotal:        4016008 kB
MemFree:         2731940 kB
Active:           741748 kB
Mem:          3.8G       1.2G       2.6G        14M       133M       509M

MemTotal:        4016008 kB
MemFree:         2731460 kB
Active:           741804 kB
Mem:          3.8G       1.2G       2.6G        14M       133M       509M

MemTotal:        4016008 kB
MemFree:         2731832 kB
Active:           741804 kB
Mem:          3.8G       1.2G       2.6G        14M       133M       509M

MemTotal:        4016008 kB
MemFree:         2732328 kB
Active:           741788 kB
Mem:          3.8G       1.2G       2.6G        14M       133M       509M

MemTotal:        4016008 kB
MemFree:         2732204 kB
Active:           741800 kB
Mem:          3.8G       1.2G       2.6G        14M       133M       509M

MemTotal:        4016008 kB
MemFree:         2732452 kB
Active:           741776 kB
Mem:          3.8G       1.2G       2.6G        14M       133M       509M

MemTotal:        4016008 kB
MemFree:         2732080 kB
Active:           741792 kB
Mem:          3.8G       1.2G       2.6G        14M       133M       509M

MemTotal:        4016008 kB
MemFree:         2732700 kB
Active:           741812 kB
Mem:          3.8G       1.2G       2.6G        14M       133M       509M

MemTotal:        4016008 kB
MemFree:         2732948 kB
Active:           741772 kB
Mem:          3.8G       1.2G       2.6G        14M       133M       509M

MemTotal:        4016008 kB
MemFree:         2732576 kB
Active:           741816 kB
Mem:          3.8G       1.2G       2.6G        14M       133M       509M

MemTotal:        4016008 kB
MemFree:         2732452 kB
Active:           741764 kB
Mem:          3.8G       1.2G       2.6G        14M       133M       509M

MemTotal:        4016008 kB
MemFree:         2732204 kB
Active:           741780 kB
Mem:          3.8G       1.2G       2.6G        14M       133M       509M

MemTotal:        4016008 kB
MemFree:         2732204 kB
Active:           741772 kB
Mem:          3.8G       1.2G       2.6G        14M       133M       509M

MemTotal:        4016008 kB
MemFree:         2732700 kB
Active:           741780 kB
Mem:          3.8G       1.2G       2.6G        14M       133M       509M

MemTotal:        4016008 kB
MemFree:         2732560 kB
Active:           741808 kB
Mem:          3.8G       1.2G       2.6G        14M       133M       509M

MemTotal:        4016008 kB
MemFree:         2732248 kB
Active:           739788 kB
Mem:          3.8G       1.2G       2.6G        14M       133M       509M

MemTotal:        4016008 kB
MemFree:         2732728 kB
Active:           741800 kB
Mem:          3.8G       1.2G       2.6G        14M       133M       509M

MemTotal:        4016008 kB
MemFree:         2732852 kB
Active:           741828 kB
Mem:          3.8G       1.2G       2.6G        14M       133M       509M

MemTotal:        4016008 kB
MemFree:         2732604 kB
Active:           741832 kB
Mem:          3.8G       1.2G       2.6G        14M       133M       509M

MemTotal:        4016008 kB
MemFree:         2732604 kB
Active:           741816 kB
Mem:          3.8G       1.2G       2.6G        14M       133M       509M

MemTotal:        4016008 kB
MemFree:         2731720 kB
Active:           741848 kB
Mem:          3.8G       1.2G       2.6G        14M       133M       509M

MemTotal:        4016008 kB
MemFree:         2732588 kB
Active:           741812 kB
Mem:          3.8G       1.2G       2.6G        14M       133M       509M

MemTotal:        4016008 kB
MemFree:         2732588 kB
Active:           741804 kB
Mem:          3.8G       1.2G       2.6G        14M       133M       509M

MemTotal:        4016008 kB
MemFree:         2732588 kB
Active:           741820 kB
Mem:          3.8G       1.2G       2.6G        14M       133M       509M

MemTotal:        4016008 kB
MemFree:         2732836 kB
Active:           741796 kB
Mem:          3.8G       1.2G       2.6G        14M       133M       509M

MemTotal:        4016008 kB
MemFree:         2732836 kB
Active:           741824 kB
Mem:          3.8G       1.2G       2.6G        14M       133M       509M

MemTotal:        4016008 kB
MemFree:         2732712 kB
Active:           741796 kB
Mem:          3.8G       1.2G       2.6G        14M       133M       509M

MemTotal:        4016008 kB
MemFree:         2732836 kB
Active:           741836 kB
Mem:          3.8G       1.2G       2.6G        14M       133M       509M

MemTotal:        4016008 kB
MemFree:         2732960 kB
Active:           741808 kB
Mem:          3.8G       1.2G       2.6G        14M       133M       509M

MemTotal:        4016008 kB
MemFree:         2732836 kB
Active:           741812 kB
Mem:          3.8G       1.2G       2.6G        14M       133M       509M

MemTotal:        4016008 kB
MemFree:         2732340 kB
Active:           741808 kB
Mem:          3.8G       1.2G       2.6G        14M       133M       509M

MemTotal:        4016008 kB
MemFree:         2732340 kB
Active:           741864 kB
Mem:          3.8G       1.2G       2.6G        14M       133M       509M

MemTotal:        4016008 kB
MemFree:         2732340 kB
Active:           741864 kB
Mem:          3.8G       1.2G       2.6G        14M       133M       509M

MemTotal:        4016008 kB
MemFree:         2732868 kB
Active:           741824 kB
Mem:          3.8G       1.2G       2.6G        14M       133M       509M

MemTotal:        4016008 kB
MemFree:         2732744 kB
Active:           741812 kB
Mem:          3.8G       1.2G       2.6G        14M       133M       509M

MemTotal:        4016008 kB
MemFree:         2732620 kB
Active:           741816 kB
Mem:          3.8G       1.2G       2.6G        14M       133M       509M

MemTotal:        4016008 kB
MemFree:         2732620 kB
Active:           741828 kB
Mem:          3.8G       1.2G       2.6G        14M       133M       509M

MemTotal:        4016008 kB
MemFree:         2732744 kB
Active:           741864 kB
Mem:          3.8G       1.2G       2.6G        14M       133M       509M

MemTotal:        4016008 kB
MemFree:         2732620 kB
Active:           741864 kB
Mem:          3.8G       1.2G       2.6G        14M       133M       509M

MemTotal:        4016008 kB
MemFree:         2732744 kB
Active:           741824 kB
Mem:          3.8G       1.2G       2.6G        14M       133M       509M

MemTotal:        4016008 kB
MemFree:         2732744 kB
Active:           741844 kB
Mem:          3.8G       1.2G       2.6G        14M       133M       509M

MemTotal:        4016008 kB
MemFree:         2732992 kB
Active:           741864 kB
Mem:          3.8G       1.2G       2.6G        14M       133M       509M

MemTotal:        4016008 kB
MemFree:         2733116 kB
Active:           741840 kB
Mem:          3.8G       1.2G       2.6G        14M       133M       509M

MemTotal:        4016008 kB
MemFree:         2732620 kB
Active:           741864 kB
Mem:          3.8G       1.2G       2.6G        14M       133M       509M

MemTotal:        4016008 kB
MemFree:         2732620 kB
Active:           741876 kB
Mem:          3.8G       1.2G       2.6G        14M       133M       509M

MemTotal:        4016008 kB
MemFree:         2732744 kB
Active:           741832 kB
Mem:          3.8G       1.2G       2.6G        14M       133M       509M

MemTotal:        4016008 kB
MemFree:         2732620 kB
Active:           741848 kB
Mem:          3.8G       1.2G       2.6G        14M       133M       509M

MemTotal:        4016008 kB
MemFree:         2732124 kB
Active:           741888 kB
Mem:          3.8G       1.2G       2.6G        14M       133M       509M

MemTotal:        4016008 kB
MemFree:         2732248 kB
Active:           741880 kB
Mem:          3.8G       1.2G       2.6G        14M       133M       509M

MemTotal:        4016008 kB
MemFree:         2732372 kB
Active:           741856 kB
Mem:          3.8G       1.2G       2.6G        14M       133M       509M

MemTotal:        4016008 kB
MemFree:         2732248 kB
Active:           741892 kB
Mem:          3.8G       1.2G       2.6G        14M       133M       509M

MemTotal:        4016008 kB
MemFree:         2732264 kB
Active:           741888 kB
Mem:          3.8G       1.2G       2.6G        14M       133M       509M

MemTotal:        4016008 kB
MemFree:         2732264 kB
Active:           741860 kB
Mem:          3.8G       1.2G       2.6G        14M       133M       509M

MemTotal:        4016008 kB
MemFree:         2732264 kB
Active:           741856 kB
Mem:          3.8G       1.2G       2.6G        14M       133M       509M

MemTotal:        4016008 kB
MemFree:         2732388 kB
Active:           741852 kB
Mem:          3.8G       1.2G       2.6G        14M       133M       509M

MemTotal:        4016008 kB
MemFree:         2731892 kB
Active:           741896 kB
Mem:          3.8G       1.2G       2.6G        14M       133M       509M

MemTotal:        4016008 kB
MemFree:         2732016 kB
Active:           741888 kB
Mem:          3.8G       1.2G       2.6G        14M       133M       509M

MemTotal:        4016008 kB
MemFree:         2731644 kB
Active:           741920 kB
Mem:          3.8G       1.2G       2.6G        14M       133M       509M

MemTotal:        4016008 kB
MemFree:         2731644 kB
Active:           741912 kB
Mem:          3.8G       1.2G       2.6G        14M       133M       509M

MemTotal:        4016008 kB
MemFree:         2732016 kB
Active:           741888 kB
Mem:          3.8G       1.2G       2.6G        14M       133M       509M

MemTotal:        4016008 kB
MemFree:         2732016 kB
Active:           741916 kB
Mem:          3.8G       1.2G       2.6G        14M       133M       509M

MemTotal:        4016008 kB
MemFree:         2731628 kB
Active:           741920 kB
Mem:          3.8G       1.2G       2.6G        14M       133M       509M

MemTotal:        4016008 kB
MemFree:         2731892 kB
Active:           741896 kB
Mem:          3.8G       1.2G       2.6G        14M       133M       509M

MemTotal:        4016008 kB
MemFree:         2732140 kB
Active:           741928 kB
Mem:          3.8G       1.2G       2.6G        14M       133M       509M

MemTotal:        4016008 kB
MemFree:         2731768 kB
Active:           741928 kB
Mem:          3.8G       1.2G       2.6G        14M       133M       509M

MemTotal:        4016008 kB
MemFree:         2732264 kB
Active:           741892 kB
Mem:          3.8G       1.2G       2.6G        14M       133M       509M

MemTotal:        4016008 kB
MemFree:         2732388 kB
Active:           741928 kB
Mem:          3.8G       1.2G       2.6G        14M       133M       509M

MemTotal:        4016008 kB
MemFree:         2732512 kB
Active:           741928 kB
Mem:          3.8G       1.2G       2.6G        14M       133M       509M

MemTotal:        4016008 kB
MemFree:         2732388 kB
Active:           741888 kB
Mem:          3.8G       1.2G       2.6G        14M       133M       509M

MemTotal:        4016008 kB
MemFree:         2732388 kB
Active:           741932 kB
Mem:          3.8G       1.2G       2.6G        14M       133M       509M

MemTotal:        4016008 kB
MemFree:         2732264 kB
Active:           741884 kB
Mem:          3.8G       1.2G       2.6G        14M       133M       509M

MemTotal:        4016008 kB
MemFree:         2732280 kB
Active:           741900 kB
Mem:          3.8G       1.2G       2.6G        14M       133M       509M

MemTotal:        4016008 kB
MemFree:         2732264 kB
Active:           741932 kB
Mem:          3.8G       1.2G       2.6G        14M       133M       509M

MemTotal:        4016008 kB
MemFree:         2732512 kB
Active:           741900 kB
Mem:          3.8G       1.2G       2.6G        14M       133M       509M

MemTotal:        4016008 kB
MemFree:         2732076 kB
Active:           741940 kB
Mem:          3.8G       1.2G       2.6G        14M       133M       509M

MemTotal:        4016008 kB
MemFree:         2732324 kB
Active:           741972 kB
Mem:          3.8G       1.2G       2.6G        14M       133M       509M

MemTotal:        4016008 kB
MemFree:         2732572 kB
Active:           741960 kB
Mem:          3.8G       1.2G       2.6G        14M       133M       509M

MemTotal:        4016008 kB
MemFree:         2732324 kB
Active:           741932 kB
Mem:          3.8G       1.2G       2.6G        14M       133M       509M

MemTotal:        4016008 kB
MemFree:         2732076 kB
Active:           741948 kB
Mem:          3.8G       1.2G       2.6G        14M       133M       509M

MemTotal:        4016008 kB
MemFree:         2732076 kB
Active:           741924 kB
Mem:          3.8G       1.2G       2.6G        14M       133M       509M

MemTotal:        4016008 kB
MemFree:         2731952 kB
Active:           741964 kB
Mem:          3.8G       1.2G       2.6G        14M       133M       509M

MemTotal:        4016008 kB
MemFree:         2732076 kB
Active:           741976 kB
Mem:          3.8G       1.2G       2.6G        14M       133M       509M

MemTotal:        4016008 kB
MemFree:         2732076 kB
Active:           741952 kB
Mem:          3.8G       1.2G       2.6G        14M       133M       509M

MemTotal:        4016008 kB
MemFree:         2732200 kB
Active:           741964 kB
Mem:          3.8G       1.2G       2.6G        14M       133M       509M

MemTotal:        4016008 kB
MemFree:         2732200 kB
Active:           741984 kB
Mem:          3.8G       1.2G       2.6G        14M       133M       509M

MemTotal:        4016008 kB
MemFree:         2731828 kB
Active:           741992 kB
Mem:          3.8G       1.2G       2.6G        14M       133M       509M

MemTotal:        4016008 kB
MemFree:         2731828 kB
Active:           741936 kB
Mem:          3.8G       1.2G       2.6G        14M       133M       509M

MemTotal:        4016008 kB
MemFree:         2734432 kB
Active:           739964 kB
Mem:          3.8G       1.2G       2.6G        14M       133M       509M

MemTotal:        4016008 kB
MemFree:         2734076 kB
Active:           739976 kB
Mem:          3.8G       1.2G       2.6G        14M       133M       509M

MemTotal:        4016008 kB
MemFree:         2734324 kB
Active:           739976 kB
Mem:          3.8G       1.2G       2.6G        14M       133M       509M

MemTotal:        4016008 kB
MemFree:         2734324 kB
Active:           739924 kB
Mem:          3.8G       1.2G       2.6G        14M       133M       509M

MemTotal:        4016008 kB
MemFree:         2734448 kB
Active:           739964 kB
Mem:          3.8G       1.2G       2.6G        14M       133M       509M

MemTotal:        4016008 kB
MemFree:         2734448 kB
Active:           739940 kB
Mem:          3.8G       1.2G       2.6G        14M       133M       509M

MemTotal:        4016008 kB
MemFree:         2734200 kB
Active:           739972 kB
Mem:          3.8G       1.2G       2.6G        14M       133M       509M

MemTotal:        4016008 kB
MemFree:         2734324 kB
Active:           739980 kB
Mem:          3.8G       1.2G       2.6G        14M       133M       509M

MemTotal:        4016008 kB
MemFree:         2734696 kB
Active:           739976 kB
Mem:          3.8G       1.2G       2.6G        14M       133M       509M

MemTotal:        4016008 kB
MemFree:         2734324 kB
Active:           739988 kB
Mem:          3.8G       1.2G       2.6G        14M       133M       509M

MemTotal:        4016008 kB
MemFree:         2734572 kB
Active:           739980 kB
Mem:          3.8G       1.2G       2.6G        14M       133M       509M

MemTotal:        4016008 kB
MemFree:         2734696 kB
Active:           739956 kB
Mem:          3.8G       1.2G       2.6G        14M       133M       509M

MemTotal:        4016008 kB
MemFree:         2734696 kB
Active:           739976 kB
Mem:          3.8G       1.2G       2.6G        14M       133M       509M

MemTotal:        4016008 kB
MemFree:         2734448 kB
Active:           739968 kB
Mem:          3.8G       1.2G       2.6G        14M       133M       509M

MemTotal:        4016008 kB
MemFree:         2734572 kB
Active:           739984 kB
Mem:          3.8G       1.2G       2.6G        14M       133M       509M

MemTotal:        4016008 kB
MemFree:         2734292 kB
Active:           739996 kB
Mem:          3.8G       1.2G       2.6G        14M       133M       509M

MemTotal:        4016008 kB
MemFree:         2734276 kB
Active:           739960 kB
Mem:          3.8G       1.2G       2.6G        14M       133M       509M

MemTotal:        4016008 kB
MemFree:         2734152 kB
Active:           739988 kB
Mem:          3.8G       1.2G       2.6G        14M       133M       509M

MemTotal:        4016008 kB
MemFree:         2734028 kB
Active:           739948 kB
Mem:          3.8G       1.2G       2.6G        14M       133M       509M

MemTotal:        4016008 kB
MemFree:         2734276 kB
Active:           740004 kB
Mem:          3.8G       1.2G       2.6G        14M       133M       509M

MemTotal:        4016008 kB
MemFree:         2733904 kB
Active:           739968 kB
Mem:          3.8G       1.2G       2.6G        14M       133M       509M

MemTotal:        4016008 kB
MemFree:         2733904 kB
Active:           740012 kB
Mem:          3.8G       1.2G       2.6G        14M       133M       509M

MemTotal:        4016008 kB
MemFree:         2734028 kB
Active:           740016 kB
Mem:          3.8G       1.2G       2.6G        14M       133M       509M

MemTotal:        4016008 kB
MemFree:         2734028 kB
Active:           739980 kB
Mem:          3.8G       1.2G       2.6G        14M       133M       509M

MemTotal:        4016008 kB
MemFree:         2733904 kB
Active:           739996 kB
Mem:          3.8G       1.2G       2.6G        14M       133M       509M

MemTotal:        4016008 kB
MemFree:         2733828 kB
Active:           740020 kB
Mem:          3.8G       1.2G       2.6G        14M       133M       509M

MemTotal:        4016008 kB
MemFree:         2734076 kB
Active:           739980 kB
Mem:          3.8G       1.2G       2.6G        14M       133M       509M

MemTotal:        4016008 kB
MemFree:         2734324 kB
Active:           740016 kB
Mem:          3.8G       1.2G       2.6G        14M       133M       509M

MemTotal:        4016008 kB
MemFree:         2734324 kB
Active:           740024 kB
Mem:          3.8G       1.2G       2.6G        14M       133M       509M

MemTotal:        4016008 kB
MemFree:         2734200 kB
Active:           739984 kB
Mem:          3.8G       1.2G       2.6G        14M       133M       509M

MemTotal:        4016008 kB
MemFree:         2734324 kB
Active:           740008 kB
Mem:          3.8G       1.2G       2.6G        14M       133M       509M

MemTotal:        4016008 kB
MemFree:         2734200 kB
Active:           740024 kB
Mem:          3.8G       1.2G       2.6G        14M       133M       509M

MemTotal:        4016008 kB
MemFree:         2734200 kB
Active:           739980 kB
Mem:          3.8G       1.2G       2.6G        14M       134M       509M

MemTotal:        4016008 kB
MemFree:         2734572 kB
Active:           739996 kB
Mem:          3.8G       1.2G       2.6G        14M       134M       509M

MemTotal:        4016008 kB
MemFree:         2734200 kB
Active:           739992 kB
Mem:          3.8G       1.2G       2.6G        14M       134M       509M

MemTotal:        4016008 kB
MemFree:         2733704 kB
Active:           740036 kB
Mem:          3.8G       1.2G       2.6G        14M       134M       509M

MemTotal:        4016008 kB
MemFree:         2734076 kB
Active:           740004 kB
Mem:          3.8G       1.2G       2.6G        14M       134M       509M

MemTotal:        4016008 kB
MemFree:         2734200 kB
Active:           740004 kB
Mem:          3.8G       1.2G       2.6G        14M       134M       509M

MemTotal:        4016008 kB
MemFree:         2733704 kB
Active:           740048 kB
Mem:          3.8G       1.2G       2.6G        14M       134M       509M

MemTotal:        4016008 kB
MemFree:         2733580 kB
Active:           740048 kB
Mem:          3.8G       1.2G       2.6G        14M       134M       509M

MemTotal:        4016008 kB
MemFree:         2734076 kB
Active:           740036 kB
Mem:          3.8G       1.2G       2.6G        14M       134M       509M

MemTotal:        4016008 kB
MemFree:         2734076 kB
Active:           740016 kB
Mem:          3.8G       1.2G       2.6G        14M       134M       509M

MemTotal:        4016008 kB
MemFree:         2734400 kB
Active:           740008 kB
Mem:          3.8G       1.2G       2.6G        14M       134M       509M

MemTotal:        4016008 kB
MemFree:         2734384 kB
Active:           740048 kB
Mem:          3.8G       1.2G       2.6G        14M       134M       509M

MemTotal:        4016008 kB
MemFree:         2734804 kB
Active:           740056 kB
Mem:          3.8G       1.2G       2.6G        14M       134M       509M

MemTotal:        4016008 kB
MemFree:         2734928 kB
Active:           740032 kB
Mem:          3.8G       1.2G       2.6G        14M       134M       509M

MemTotal:        4016008 kB
MemFree:         2734804 kB
Active:           740032 kB
Mem:          3.8G       1.2G       2.6G        14M       134M       509M

MemTotal:        4016008 kB
MemFree:         2734804 kB
Active:           740016 kB
Mem:          3.8G       1.2G       2.6G        14M       134M       509M

MemTotal:        4016008 kB
MemFree:         2734804 kB
Active:           740040 kB
Mem:          3.8G       1.2G       2.6G        14M       134M       509M

MemTotal:        4016008 kB
MemFree:         2734556 kB
Active:           740012 kB
Mem:          3.8G       1.2G       2.6G        14M       134M       509M

MemTotal:        4016008 kB
MemFree:         2734060 kB
Active:           740060 kB
Mem:          3.8G       1.2G       2.6G        14M       134M       509M

MemTotal:        4016008 kB
MemFree:         2733936 kB
Active:           740064 kB
Mem:          3.8G       1.2G       2.6G        14M       134M       509M

MemTotal:        4016008 kB
MemFree:         2733936 kB
Active:           740044 kB
Mem:          3.8G       1.2G       2.6G        14M       134M       509M

MemTotal:        4016008 kB
MemFree:         2733688 kB
Active:           740072 kB
Mem:          3.8G       1.2G       2.6G        14M       134M       509M

MemTotal:        4016008 kB
MemFree:         2733936 kB
Active:           740072 kB
Mem:          3.8G       1.2G       2.6G        14M       134M       509M

MemTotal:        4016008 kB
MemFree:         2734308 kB
Active:           740028 kB
Mem:          3.8G       1.2G       2.6G        14M       134M       509M

MemTotal:        4016008 kB
MemFree:         2734432 kB
Active:           740056 kB
Mem:          3.8G       1.2G       2.6G        14M       134M       509M

MemTotal:        4016008 kB
MemFree:         2734060 kB
Active:           740080 kB
Mem:          3.8G       1.2G       2.6G        14M       134M       509M

MemTotal:        4016008 kB
MemFree:         2734184 kB
Active:           740080 kB
Mem:          3.8G       1.2G       2.6G        14M       134M       509M

MemTotal:        4016008 kB
MemFree:         2733936 kB
Active:           740040 kB
Mem:          3.8G       1.2G       2.6G        14M       134M       509M

MemTotal:        4016008 kB
MemFree:         2734060 kB
Active:           740056 kB
Mem:          3.8G       1.2G       2.6G        14M       134M       509M

MemTotal:        4016008 kB
MemFree:         2734308 kB
Active:           740052 kB
Mem:          3.8G       1.2G       2.6G        14M       134M       509M

MemTotal:        4016008 kB
MemFree:         2734432 kB
Active:           740068 kB
Mem:          3.8G       1.2G       2.6G        14M       134M       509M

MemTotal:        4016008 kB
MemFree:         2734184 kB
Active:           740064 kB
Mem:          3.8G       1.2G       2.6G        14M       134M       509M

MemTotal:        4016008 kB
MemFree:         2734184 kB
Active:           740068 kB
Mem:          3.8G       1.2G       2.6G        14M       134M       509M

MemTotal:        4016008 kB
MemFree:         2734432 kB
Active:           740032 kB
Mem:          3.8G       1.2G       2.6G        14M       134M       509M

MemTotal:        4016008 kB
MemFree:         2734432 kB
Active:           740052 kB
Mem:          3.8G       1.2G       2.6G        14M       134M       509M

MemTotal:        4016008 kB
MemFree:         2734540 kB
Active:           740080 kB
Mem:          3.8G       1.2G       2.6G        14M       134M       509M

MemTotal:        4016008 kB
MemFree:         2734540 kB
Active:           740040 kB
Mem:          3.8G       1.2G       2.6G        14M       134M       509M

MemTotal:        4016008 kB
MemFree:         2734540 kB
Active:           740060 kB
Mem:          3.8G       1.2G       2.6G        14M       134M       509M

MemTotal:        4016008 kB
MemFree:         2734416 kB
Active:           740088 kB
Mem:          3.8G       1.2G       2.6G        14M       134M       509M

MemTotal:        4016008 kB
MemFree:         2734540 kB
Active:           740092 kB
Mem:          3.8G       1.2G       2.6G        14M       134M       509M

MemTotal:        4016008 kB
MemFree:         2734788 kB
Active:           740064 kB
Mem:          3.8G       1.2G       2.6G        14M       134M       509M

MemTotal:        4016008 kB
MemFree:         2734664 kB
Active:           740044 kB
Mem:          3.8G       1.2G       2.6G        14M       134M       509M

MemTotal:        4016008 kB
MemFree:         2734540 kB
Active:           740068 kB
Mem:          3.8G       1.2G       2.6G        14M       134M       509M

MemTotal:        4016008 kB
MemFree:         2734664 kB
Active:           740056 kB
Mem:          3.8G       1.2G       2.6G        14M       134M       509M

MemTotal:        4016008 kB
MemFree:         2734168 kB
Active:           740108 kB
Mem:          3.8G       1.2G       2.6G        14M       134M       509M

MemTotal:        4016008 kB
MemFree:         2734044 kB
Active:           740068 kB
Mem:          3.8G       1.2G       2.6G        14M       134M       509M

MemTotal:        4016008 kB
MemFree:         2734044 kB
Active:           740120 kB
Mem:          3.8G       1.2G       2.6G        14M       134M       509M

MemTotal:        4016008 kB
MemFree:         2733656 kB
Active:           740120 kB
Mem:          3.8G       1.2G       2.6G        14M       134M       509M

MemTotal:        4016008 kB
MemFree:         2733764 kB
Active:           740112 kB
Mem:          3.8G       1.2G       2.6G        14M       134M       509M

MemTotal:        4016008 kB
MemFree:         2733764 kB
Active:           740108 kB
Mem:          3.8G       1.2G       2.6G        14M       134M       509M

MemTotal:        4016008 kB
MemFree:         2733640 kB
Active:           740104 kB
Mem:          3.8G       1.2G       2.6G        14M       134M       509M

MemTotal:        4016008 kB
MemFree:         2733888 kB
Active:           740100 kB
Mem:          3.8G       1.2G       2.6G        14M       134M       509M

MemTotal:        4016008 kB
MemFree:         2734136 kB
Active:           740080 kB
Mem:          3.8G       1.2G       2.6G        14M       134M       509M

MemTotal:        4016008 kB
MemFree:         2734012 kB
Active:           740120 kB
Mem:          3.8G       1.2G       2.6G        14M       134M       509M

MemTotal:        4016008 kB
MemFree:         2734508 kB
Active:           740120 kB
Mem:          3.8G       1.2G       2.6G        14M       134M       509M

MemTotal:        4016008 kB
MemFree:         2734384 kB
Active:           740112 kB
Mem:          3.8G       1.2G       2.6G        14M       134M       509M

MemTotal:        4016008 kB
MemFree:         2734508 kB
Active:           740132 kB
Mem:          3.8G       1.2G       2.6G        14M       134M       509M

MemTotal:        4016008 kB
MemFree:         2734508 kB
Active:           740092 kB
Mem:          3.8G       1.2G       2.6G        14M       134M       509M

MemTotal:        4016008 kB
MemFree:         2734260 kB
Active:           740136 kB
Mem:          3.8G       1.2G       2.6G        14M       134M       509M

MemTotal:        4016008 kB
MemFree:         2734136 kB
Active:           740096 kB
Mem:          3.8G       1.2G       2.6G        14M       134M       509M

MemTotal:        4016008 kB
MemFree:         2734260 kB
Active:           740140 kB
Mem:          3.8G       1.2G       2.6G        14M       134M       509M

MemTotal:        4016008 kB
MemFree:         2734012 kB
Active:           740088 kB
Mem:          3.8G       1.2G       2.6G        14M       134M       509M

MemTotal:        4016008 kB
MemFree:         2734260 kB
Active:           740104 kB
Mem:          3.8G       1.2G       2.6G        14M       134M       509M

MemTotal:        4016008 kB
MemFree:         2734260 kB
Active:           740112 kB
Mem:          3.8G       1.2G       2.6G        14M       134M       509M

MemTotal:        4016008 kB
MemFree:         2734260 kB
Active:           740144 kB
Mem:          3.8G       1.2G       2.6G        14M       134M       509M

MemTotal:        4016008 kB
MemFree:         2734136 kB
Active:           740108 kB
Mem:          3.8G       1.2G       2.6G        14M       134M       509M

MemTotal:        4016008 kB
MemFree:         2734136 kB
Active:           740120 kB
Mem:          3.8G       1.2G       2.6G        14M       134M       509M

MemTotal:        4016008 kB
MemFree:         2734384 kB
Active:           740116 kB
Mem:          3.8G       1.2G       2.6G        14M       134M       509M

MemTotal:        4016008 kB
MemFree:         2734384 kB
Active:           740108 kB
Mem:          3.8G       1.2G       2.6G        14M       134M       509M

MemTotal:        4016008 kB
MemFree:         2733888 kB
Active:           740136 kB
Mem:          3.8G       1.2G       2.6G        14M       134M       509M

MemTotal:        4016008 kB
MemFree:         2734136 kB
Active:           740144 kB
Mem:          3.8G       1.2G       2.6G        14M       134M       509M

MemTotal:        4016008 kB
MemFree:         2734184 kB
Active:           740124 kB
Mem:          3.8G       1.2G       2.6G        14M       134M       509M

MemTotal:        4016008 kB
MemFree:         2733812 kB
Active:           740156 kB
Mem:          3.8G       1.2G       2.6G        14M       134M       509M

MemTotal:        4016008 kB
MemFree:         2733316 kB
Active:           740156 kB
Mem:          3.8G       1.2G       2.6G        14M       134M       509M

MemTotal:        4016008 kB
MemFree:         2733688 kB
Active:           740144 kB
Mem:          3.8G       1.2G       2.6G        14M       134M       509M

MemTotal:        4016008 kB
MemFree:         2733812 kB
Active:           740128 kB
Mem:          3.8G       1.2G       2.6G        14M       134M       509M

MemTotal:        4016008 kB
MemFree:         2733812 kB
Active:           740120 kB
Mem:          3.8G       1.2G       2.6G        14M       134M       509M

MemTotal:        4016008 kB
MemFree:         2734276 kB
Active:           740132 kB
Mem:          3.8G       1.2G       2.6G        14M       134M       509M

MemTotal:        4016008 kB
MemFree:         2733796 kB
Active:           740120 kB
Mem:          3.8G       1.2G       2.6G        14M       134M       509M

MemTotal:        4016008 kB
MemFree:         2734184 kB
Active:           740168 kB
Mem:          3.8G       1.2G       2.6G        14M       134M       509M

MemTotal:        4016008 kB
MemFree:         2734184 kB
Active:           740124 kB
Mem:          3.8G       1.2G       2.6G        14M       134M       509M

MemTotal:        4016008 kB
MemFree:         2734432 kB
Active:           740120 kB
Mem:          3.8G       1.2G       2.6G        14M       134M       509M

MemTotal:        4016008 kB
MemFree:         2733936 kB
Active:           740144 kB
Mem:          3.8G       1.2G       2.6G        14M       134M       509M

