MemTotal:        4016008 kB
MemFree:         3294796 kB
Active:           378092 kB
Mem:          3.8G       704M       3.1G       2.2M        50M       272M

MemTotal:        4016008 kB
MemFree:         3294944 kB
Active:           378072 kB
Mem:          3.8G       704M       3.1G       2.2M        50M       272M

MemTotal:        4016008 kB
MemFree:         3295192 kB
Active:           378196 kB
Mem:          3.8G       703M       3.1G       2.2M        50M       272M

MemTotal:        4016008 kB
MemFree:         3295300 kB
Active:           378168 kB
Mem:          3.8G       704M       3.1G       2.2M        50M       272M

MemTotal:        4016008 kB
MemFree:         3292508 kB
Active:           378184 kB
Mem:          3.8G       706M       3.1G       2.2M        50M       272M

MemTotal:        4016008 kB
MemFree:         3260356 kB
Active:           399956 kB
Mem:          3.8G       738M       3.1G         9M        50M       280M

MemTotal:        4016008 kB
MemFree:         3268360 kB
Active:           390948 kB
Mem:          3.8G       730M       3.1G        10M        50M       280M

MemTotal:        4016008 kB
MemFree:         3268352 kB
Active:           390992 kB
Mem:          3.8G       730M       3.1G        10M        50M       280M

MemTotal:        4016008 kB
MemFree:         3274128 kB
Active:           385104 kB
Mem:          3.8G       724M       3.1G        10M        50M       283M

MemTotal:        4016008 kB
MemFree:         3273416 kB
Active:           384856 kB
Mem:          3.8G       725M       3.1G        10M        50M       283M

MemTotal:        4016008 kB
MemFree:         3273044 kB
Active:           384864 kB
Mem:          3.8G       725M       3.1G        10M        50M       283M

MemTotal:        4016008 kB
MemFree:         3273292 kB
Active:           384844 kB
Mem:          3.8G       725M       3.1G        10M        50M       283M

MemTotal:        4016008 kB
MemFree:         3272920 kB
Active:           384880 kB
Mem:          3.8G       725M       3.1G        10M        50M       283M

MemTotal:        4016008 kB
MemFree:         3273292 kB
Active:           384856 kB
Mem:          3.8G       725M       3.1G        10M        50M       283M

MemTotal:        4016008 kB
MemFree:         3273460 kB
Active:           382844 kB
Mem:          3.8G       725M       3.1G        10M        50M       283M

MemTotal:        4016008 kB
MemFree:         3273196 kB
Active:           384892 kB
Mem:          3.8G       725M       3.1G        10M        50M       283M

MemTotal:        4016008 kB
MemFree:         3273180 kB
Active:           384936 kB
Mem:          3.8G       725M       3.1G        10M        50M       283M

MemTotal:        4016008 kB
MemFree:         3273180 kB
Active:           384908 kB
Mem:          3.8G       725M       3.1G        10M        50M       283M

MemTotal:        4016008 kB
MemFree:         3272664 kB
Active:           385684 kB
Mem:          3.8G       725M       3.1G        10M        50M       283M

MemTotal:        4016008 kB
MemFree:         3272976 kB
Active:           385304 kB
Mem:          3.8G       725M       3.1G        10M        50M       283M

MemTotal:        4016008 kB
MemFree:         3269968 kB
Active:           388116 kB
Mem:          3.8G       728M       3.1G        10M        50M       283M

MemTotal:        4016008 kB
MemFree:         3258372 kB
Active:           400256 kB
Mem:          3.8G       739M       3.1G        10M        50M       283M

MemTotal:        4016008 kB
MemFree:         3237256 kB
Active:           405456 kB
Mem:          3.8G       760M       3.1G        10M        50M       297M

MemTotal:        4016008 kB
MemFree:         3223088 kB
Active:           405456 kB
Mem:          3.8G       774M       3.1G        10M        50M       310M

MemTotal:        4016008 kB
MemFree:         3214144 kB
Active:           405428 kB
Mem:          3.8G       783M       3.1G        10M        50M       320M

MemTotal:        4016008 kB
MemFree:         3209804 kB
Active:           405428 kB
Mem:          3.8G       787M       3.1G        10M        50M       325M

MemTotal:        4016008 kB
MemFree:         3200840 kB
Active:           413996 kB
Mem:          3.8G       796M       3.1G        10M        50M       325M

MemTotal:        4016008 kB
MemFree:         3178272 kB
Active:           435868 kB
Mem:          3.8G       818M       3.0G        10M        50M       325M

MemTotal:        4016008 kB
MemFree:         3222296 kB
Active:           433460 kB
Mem:          3.8G       775M       3.1G        10M        50M       325M

MemTotal:        4016008 kB
MemFree:         3222804 kB
Active:           433724 kB
Mem:          3.8G       774M       3.1G        10M        50M       326M

MemTotal:        4016008 kB
MemFree:         3221972 kB
Active:           433736 kB
Mem:          3.8G       775M       3.1G        10M        50M       326M

MemTotal:        4016008 kB
MemFree:         3222292 kB
Active:           433832 kB
Mem:          3.8G       775M       3.1G        10M        50M       326M

MemTotal:        4016008 kB
MemFree:         3222292 kB
Active:           433820 kB
Mem:          3.8G       775M       3.1G        10M        50M       326M

MemTotal:        4016008 kB
MemFree:         3222292 kB
Active:           433844 kB
Mem:          3.8G       775M       3.1G        10M        50M       326M

MemTotal:        4016008 kB
MemFree:         3221796 kB
Active:           433864 kB
Mem:          3.8G       775M       3.1G        10M        50M       326M

MemTotal:        4016008 kB
MemFree:         3221796 kB
Active:           433864 kB
Mem:          3.8G       775M       3.1G        10M        50M       326M

MemTotal:        4016008 kB
MemFree:         3222680 kB
Active:           433864 kB
Mem:          3.8G       774M       3.1G        10M        50M       326M

MemTotal:        4016008 kB
MemFree:         3222664 kB
Active:           433828 kB
Mem:          3.8G       774M       3.1G        10M        50M       326M

MemTotal:        4016008 kB
MemFree:         3222540 kB
Active:           433856 kB
Mem:          3.8G       774M       3.1G        10M        50M       326M

MemTotal:        4016008 kB
MemFree:         3223160 kB
Active:           433824 kB
Mem:          3.8G       774M       3.1G        10M        50M       326M

MemTotal:        4016008 kB
MemFree:         3223036 kB
Active:           433868 kB
Mem:          3.8G       774M       3.1G        10M        50M       326M

MemTotal:        4016008 kB
MemFree:         3222664 kB
Active:           433872 kB
Mem:          3.8G       774M       3.1G        10M        50M       326M

MemTotal:        4016008 kB
MemFree:         3222772 kB
Active:           433848 kB
Mem:          3.8G       774M       3.1G        10M        50M       326M

MemTotal:        4016008 kB
MemFree:         3222772 kB
Active:           433828 kB
Mem:          3.8G       774M       3.1G        10M        50M       326M

MemTotal:        4016008 kB
MemFree:         3220864 kB
Active:           433844 kB
Mem:          3.8G       776M       3.1G        10M        50M       326M

MemTotal:        4016008 kB
MemFree:         3220724 kB
Active:           433864 kB
Mem:          3.8G       776M       3.1G        10M        50M       326M

MemTotal:        4016008 kB
MemFree:         3221096 kB
Active:           435872 kB
Mem:          3.8G       776M       3.1G        10M        50M       326M

MemTotal:        4016008 kB
MemFree:         3221096 kB
Active:           435888 kB
Mem:          3.8G       776M       3.1G        10M        50M       326M

MemTotal:        4016008 kB
MemFree:         3220848 kB
Active:           435884 kB
Mem:          3.8G       776M       3.1G        10M        50M       326M

MemTotal:        4016008 kB
MemFree:         3220444 kB
Active:           435916 kB
Mem:          3.8G       776M       3.1G        10M        50M       326M

MemTotal:        4016008 kB
MemFree:         3220816 kB
Active:           435900 kB
Mem:          3.8G       776M       3.1G        10M        50M       326M

MemTotal:        4016008 kB
MemFree:         3220568 kB
Active:           435924 kB
Mem:          3.8G       776M       3.1G        10M        50M       326M

MemTotal:        4016008 kB
MemFree:         3220320 kB
Active:           435948 kB
Mem:          3.8G       776M       3.1G        10M        50M       326M

MemTotal:        4016008 kB
MemFree:         3220568 kB
Active:           435908 kB
Mem:          3.8G       776M       3.1G        10M        50M       326M

MemTotal:        4016008 kB
MemFree:         3220940 kB
Active:           435892 kB
Mem:          3.8G       776M       3.1G        10M        50M       326M

MemTotal:        4016008 kB
MemFree:         3220444 kB
Active:           435928 kB
Mem:          3.8G       777M       3.1G        10M        50M       326M

MemTotal:        4016008 kB
MemFree:         3219948 kB
Active:           435952 kB
Mem:          3.8G       777M       3.1G        10M        50M       326M

MemTotal:        4016008 kB
MemFree:         3220444 kB
Active:           435924 kB
Mem:          3.8G       777M       3.1G        10M        50M       326M

MemTotal:        4016008 kB
MemFree:         3220444 kB
Active:           435956 kB
Mem:          3.8G       777M       3.1G        10M        50M       326M

MemTotal:        4016008 kB
MemFree:         3220568 kB
Active:           435924 kB
Mem:          3.8G       776M       3.1G        10M        50M       326M

MemTotal:        4016008 kB
MemFree:         3220444 kB
Active:           435916 kB
Mem:          3.8G       776M       3.1G        10M        50M       326M

MemTotal:        4016008 kB
MemFree:         3220196 kB
Active:           435904 kB
Mem:          3.8G       777M       3.1G        10M        50M       326M

MemTotal:        4016008 kB
MemFree:         3220072 kB
Active:           435960 kB
Mem:          3.8G       777M       3.1G        10M        50M       326M

MemTotal:        4016008 kB
MemFree:         3220444 kB
Active:           435908 kB
Mem:          3.8G       776M       3.1G        10M        50M       326M

MemTotal:        4016008 kB
MemFree:         3220444 kB
Active:           435940 kB
Mem:          3.8G       776M       3.1G        10M        50M       326M

MemTotal:        4016008 kB
MemFree:         3220444 kB
Active:           435952 kB
Mem:          3.8G       776M       3.1G        10M        50M       326M

MemTotal:        4016008 kB
MemFree:         3220568 kB
Active:           435928 kB
Mem:          3.8G       776M       3.1G        10M        50M       326M

MemTotal:        4016008 kB
MemFree:         3220520 kB
Active:           435936 kB
Mem:          3.8G       776M       3.1G        10M        50M       326M

MemTotal:        4016008 kB
MemFree:         3220692 kB
Active:           435912 kB
Mem:          3.8G       776M       3.1G        10M        50M       326M

MemTotal:        4016008 kB
MemFree:         3220816 kB
Active:           435928 kB
Mem:          3.8G       776M       3.1G        10M        50M       326M

MemTotal:        4016008 kB
MemFree:         3220444 kB
Active:           435964 kB
Mem:          3.8G       776M       3.1G        10M        50M       326M

MemTotal:        4016008 kB
MemFree:         3220692 kB
Active:           435940 kB
Mem:          3.8G       776M       3.1G        10M        50M       326M

MemTotal:        4016008 kB
MemFree:         3220832 kB
Active:           435932 kB
Mem:          3.8G       776M       3.1G        10M        50M       326M

MemTotal:        4016008 kB
MemFree:         3218412 kB
Active:           435916 kB
Mem:          3.8G       778M       3.1G        10M        50M       326M

MemTotal:        4016008 kB
MemFree:         3218412 kB
Active:           437936 kB
Mem:          3.8G       779M       3.1G        10M        50M       326M

MemTotal:        4016008 kB
MemFree:         3218412 kB
Active:           437960 kB
Mem:          3.8G       779M       3.1G        10M        50M       326M

MemTotal:        4016008 kB
MemFree:         3218288 kB
Active:           437968 kB
Mem:          3.8G       779M       3.1G        10M        50M       326M

MemTotal:        4016008 kB
MemFree:         3218288 kB
Active:           437976 kB
Mem:          3.8G       779M       3.1G        10M        50M       326M

MemTotal:        4016008 kB
MemFree:         3217612 kB
Active:           438780 kB
Mem:          3.8G       779M       3.1G        10M        51M       326M

MemTotal:        4016008 kB
MemFree:         3217364 kB
Active:           438852 kB
Mem:          3.8G       780M       3.1G        10M        51M       326M

MemTotal:        4016008 kB
MemFree:         3216416 kB
Active:           439828 kB
Mem:          3.8G       780M       3.1G        10M        51M       326M

MemTotal:        4016008 kB
MemFree:         3216044 kB
Active:           439864 kB
Mem:          3.8G       781M       3.1G        10M        51M       326M

MemTotal:        4016008 kB
MemFree:         3215656 kB
Active:           439868 kB
Mem:          3.8G       781M       3.1G        10M        51M       326M

MemTotal:        4016008 kB
MemFree:         3215780 kB
Active:           439844 kB
Mem:          3.8G       781M       3.1G        10M        51M       326M

MemTotal:        4016008 kB
MemFree:         3215284 kB
Active:           439876 kB
Mem:          3.8G       781M       3.1G        10M        51M       326M

MemTotal:        4016008 kB
MemFree:         3215656 kB
Active:           439832 kB
Mem:          3.8G       781M       3.1G        10M        51M       326M

MemTotal:        4016008 kB
MemFree:         3215408 kB
Active:           439880 kB
Mem:          3.8G       781M       3.1G        10M        51M       326M

MemTotal:        4016008 kB
MemFree:         3215780 kB
Active:           439864 kB
Mem:          3.8G       781M       3.1G        10M        51M       326M

MemTotal:        4016008 kB
MemFree:         3215640 kB
Active:           439876 kB
Mem:          3.8G       781M       3.1G        10M        51M       326M

MemTotal:        4016008 kB
MemFree:         3215888 kB
Active:           439872 kB
Mem:          3.8G       781M       3.1G        10M        51M       326M

MemTotal:        4016008 kB
MemFree:         3215268 kB
Active:           439892 kB
Mem:          3.8G       781M       3.1G        10M        51M       326M

MemTotal:        4016008 kB
MemFree:         3215640 kB
Active:           439896 kB
Mem:          3.8G       781M       3.1G        10M        51M       326M

MemTotal:        4016008 kB
MemFree:         3215516 kB
Active:           439868 kB
Mem:          3.8G       781M       3.1G        10M        51M       326M

MemTotal:        4016008 kB
MemFree:         3215516 kB
Active:           439860 kB
Mem:          3.8G       781M       3.1G        10M        51M       326M

MemTotal:        4016008 kB
MemFree:         3215640 kB
Active:           439856 kB
Mem:          3.8G       781M       3.1G        10M        51M       326M

MemTotal:        4016008 kB
MemFree:         3217656 kB
Active:           437880 kB
Mem:          3.8G       779M       3.1G        10M        51M       326M

MemTotal:        4016008 kB
MemFree:         3217532 kB
Active:           437848 kB
Mem:          3.8G       779M       3.1G        10M        51M       326M

MemTotal:        4016008 kB
MemFree:         3217532 kB
Active:           437872 kB
Mem:          3.8G       779M       3.1G        10M        51M       326M

MemTotal:        4016008 kB
MemFree:         3218152 kB
Active:           437852 kB
Mem:          3.8G       779M       3.1G        10M        51M       326M

MemTotal:        4016008 kB
MemFree:         3218152 kB
Active:           437832 kB
Mem:          3.8G       779M       3.1G        10M        51M       326M

MemTotal:        4016008 kB
MemFree:         3218152 kB
Active:           437872 kB
Mem:          3.8G       779M       3.1G        10M        51M       326M

MemTotal:        4016008 kB
MemFree:         3217780 kB
Active:           437848 kB
Mem:          3.8G       779M       3.1G        10M        51M       326M

MemTotal:        4016008 kB
MemFree:         3218136 kB
Active:           437868 kB
Mem:          3.8G       779M       3.1G        10M        51M       326M

MemTotal:        4016008 kB
MemFree:         3215964 kB
Active:           437848 kB
Mem:          3.8G       781M       3.1G        10M        51M       326M

MemTotal:        4016008 kB
MemFree:         3215840 kB
Active:           437864 kB
Mem:          3.8G       781M       3.1G        10M        51M       326M

MemTotal:        4016008 kB
MemFree:         3215964 kB
Active:           439896 kB
Mem:          3.8G       781M       3.1G        10M        51M       326M

MemTotal:        4016008 kB
MemFree:         3216196 kB
Active:           439860 kB
Mem:          3.8G       781M       3.1G        10M        51M       326M

MemTotal:        4016008 kB
MemFree:         3216320 kB
Active:           439892 kB
Mem:          3.8G       781M       3.1G        10M        51M       326M

MemTotal:        4016008 kB
MemFree:         3215948 kB
Active:           439920 kB
Mem:          3.8G       781M       3.1G        10M        51M       326M

MemTotal:        4016008 kB
MemFree:         3215916 kB
Active:           439888 kB
Mem:          3.8G       781M       3.1G        10M        51M       326M

MemTotal:        4016008 kB
MemFree:         3215652 kB
Active:           439896 kB
Mem:          3.8G       781M       3.1G        10M        51M       326M

MemTotal:        4016008 kB
MemFree:         3215528 kB
Active:           439932 kB
Mem:          3.8G       781M       3.1G        10M        51M       326M

MemTotal:        4016008 kB
MemFree:         3215652 kB
Active:           439916 kB
Mem:          3.8G       782M       3.1G        10M        51M       326M

MemTotal:        4016008 kB
MemFree:         3215404 kB
Active:           439916 kB
Mem:          3.8G       782M       3.1G        10M        51M       326M

MemTotal:        4016008 kB
MemFree:         3215032 kB
Active:           439932 kB
Mem:          3.8G       782M       3.1G        10M        51M       326M

MemTotal:        4016008 kB
MemFree:         3215512 kB
Active:           439920 kB
Mem:          3.8G       781M       3.1G        10M        51M       326M

MemTotal:        4016008 kB
MemFree:         3214876 kB
Active:           439916 kB
Mem:          3.8G       782M       3.1G        10M        51M       326M

MemTotal:        4016008 kB
MemFree:         3215372 kB
Active:           439904 kB
Mem:          3.8G       781M       3.1G        10M        51M       326M

MemTotal:        4016008 kB
MemFree:         3215372 kB
Active:           439904 kB
Mem:          3.8G       781M       3.1G        10M        51M       326M

MemTotal:        4016008 kB
MemFree:         3215124 kB
Active:           439888 kB
Mem:          3.8G       782M       3.1G        10M        51M       326M

MemTotal:        4016008 kB
MemFree:         3215512 kB
Active:           439928 kB
Mem:          3.8G       781M       3.1G        10M        51M       326M

MemTotal:        4016008 kB
MemFree:         3215760 kB
Active:           439916 kB
Mem:          3.8G       781M       3.1G        10M        51M       326M

MemTotal:        4016008 kB
MemFree:         3216008 kB
Active:           439912 kB
Mem:          3.8G       781M       3.1G        10M        51M       326M

MemTotal:        4016008 kB
MemFree:         3215884 kB
Active:           439924 kB
Mem:          3.8G       781M       3.1G        10M        51M       326M

MemTotal:        4016008 kB
MemFree:         3215388 kB
Active:           439944 kB
Mem:          3.8G       781M       3.1G        10M        51M       326M

MemTotal:        4016008 kB
MemFree:         3216008 kB
Active:           439916 kB
Mem:          3.8G       781M       3.1G        10M        51M       326M

MemTotal:        4016008 kB
MemFree:         3215264 kB
Active:           439952 kB
Mem:          3.8G       781M       3.1G        10M        51M       326M

MemTotal:        4016008 kB
MemFree:         3215760 kB
Active:           439912 kB
Mem:          3.8G       781M       3.1G        10M        51M       326M

MemTotal:        4016008 kB
MemFree:         3215884 kB
Active:           439940 kB
Mem:          3.8G       781M       3.1G        10M        51M       326M

MemTotal:        4016008 kB
MemFree:         3215388 kB
Active:           439960 kB
Mem:          3.8G       781M       3.1G        10M        51M       326M

MemTotal:        4016008 kB
MemFree:         3215884 kB
Active:           439916 kB
Mem:          3.8G       781M       3.1G        10M        51M       326M

MemTotal:        4016008 kB
MemFree:         3216008 kB
Active:           439944 kB
Mem:          3.8G       781M       3.1G        10M        51M       326M

MemTotal:        4016008 kB
MemFree:         3213464 kB
Active:           439960 kB
Mem:          3.8G       783M       3.1G        10M        51M       326M

MemTotal:        4016008 kB
MemFree:         3213540 kB
Active:           441972 kB
Mem:          3.8G       783M       3.1G        10M        51M       326M

MemTotal:        4016008 kB
MemFree:         3213588 kB
Active:           441940 kB
Mem:          3.8G       783M       3.1G        10M        51M       326M

MemTotal:        4016008 kB
MemFree:         3213340 kB
Active:           441936 kB
Mem:          3.8G       783M       3.1G        10M        51M       326M

MemTotal:        4016008 kB
MemFree:         3213340 kB
Active:           441968 kB
Mem:          3.8G       783M       3.1G        10M        51M       326M

MemTotal:        4016008 kB
MemFree:         3213464 kB
Active:           441956 kB
Mem:          3.8G       783M       3.1G        10M        51M       326M

MemTotal:        4016008 kB
MemFree:         3213092 kB
Active:           441964 kB
Mem:          3.8G       783M       3.1G        10M        51M       326M

MemTotal:        4016008 kB
MemFree:         3213092 kB
Active:           442004 kB
Mem:          3.8G       784M       3.1G        10M        51M       326M

MemTotal:        4016008 kB
MemFree:         3213216 kB
Active:           441992 kB
Mem:          3.8G       784M       3.1G        10M        51M       326M

MemTotal:        4016008 kB
MemFree:         3213340 kB
Active:           441976 kB
Mem:          3.8G       783M       3.1G        10M        51M       326M

MemTotal:        4016008 kB
MemFree:         3213464 kB
Active:           441956 kB
Mem:          3.8G       783M       3.1G        10M        51M       326M

MemTotal:        4016008 kB
MemFree:         3213464 kB
Active:           441968 kB
Mem:          3.8G       783M       3.1G        10M        51M       326M

MemTotal:        4016008 kB
MemFree:         3213464 kB
Active:           441972 kB
Mem:          3.8G       783M       3.1G        10M        51M       326M

MemTotal:        4016008 kB
MemFree:         3213588 kB
Active:           442004 kB
Mem:          3.8G       783M       3.1G        10M        51M       326M

MemTotal:        4016008 kB
MemFree:         3213472 kB
Active:           441980 kB
Mem:          3.8G       783M       3.1G        10M        51M       326M

MemTotal:        4016008 kB
MemFree:         3213332 kB
Active:           441956 kB
Mem:          3.8G       783M       3.1G        10M        51M       326M

MemTotal:        4016008 kB
MemFree:         3213580 kB
Active:           442004 kB
Mem:          3.8G       783M       3.1G        10M        51M       326M

MemTotal:        4016008 kB
MemFree:         3213564 kB
Active:           441988 kB
Mem:          3.8G       783M       3.1G        10M        51M       326M

MemTotal:        4016008 kB
MemFree:         3213812 kB
Active:           442008 kB
Mem:          3.8G       783M       3.1G        10M        51M       326M

MemTotal:        4016008 kB
MemFree:         3213812 kB
Active:           441976 kB
Mem:          3.8G       783M       3.1G        10M        51M       326M

MemTotal:        4016008 kB
MemFree:         3213316 kB
Active:           442028 kB
Mem:          3.8G       783M       3.1G        10M        51M       326M

MemTotal:        4016008 kB
MemFree:         3213440 kB
Active:           441988 kB
Mem:          3.8G       783M       3.1G        10M        51M       326M

MemTotal:        4016008 kB
MemFree:         3213316 kB
Active:           442004 kB
Mem:          3.8G       784M       3.1G        10M        51M       326M

MemTotal:        4016008 kB
MemFree:         3213364 kB
Active:           442028 kB
Mem:          3.8G       783M       3.1G        10M        51M       326M

MemTotal:        4016008 kB
MemFree:         3213860 kB
Active:           442000 kB
Mem:          3.8G       783M       3.1G        10M        51M       326M

MemTotal:        4016008 kB
MemFree:         3213860 kB
Active:           442012 kB
Mem:          3.8G       783M       3.1G        10M        51M       326M

MemTotal:        4016008 kB
MemFree:         3213612 kB
Active:           442020 kB
Mem:          3.8G       783M       3.1G        10M        51M       326M

MemTotal:        4016008 kB
MemFree:         3213596 kB
Active:           442032 kB
Mem:          3.8G       783M       3.1G        10M        51M       326M

MemTotal:        4016008 kB
MemFree:         3213720 kB
Active:           442032 kB
Mem:          3.8G       783M       3.1G        10M        51M       326M

MemTotal:        4016008 kB
MemFree:         3213844 kB
Active:           442000 kB
Mem:          3.8G       783M       3.1G        10M        51M       326M

MemTotal:        4016008 kB
MemFree:         3213844 kB
Active:           442036 kB
Mem:          3.8G       783M       3.1G        10M        51M       326M

MemTotal:        4016008 kB
MemFree:         3213844 kB
Active:           442052 kB
Mem:          3.8G       783M       3.1G        10M        51M       326M

MemTotal:        4016008 kB
MemFree:         3213224 kB
Active:           442056 kB
Mem:          3.8G       783M       3.1G        10M        51M       326M

MemTotal:        4016008 kB
MemFree:         3213720 kB
Active:           442032 kB
Mem:          3.8G       783M       3.1G        10M        51M       326M

MemTotal:        4016008 kB
MemFree:         3213892 kB
Active:           442044 kB
Mem:          3.8G       783M       3.1G        10M        51M       326M

MemTotal:        4016008 kB
MemFree:         3214016 kB
Active:           442024 kB
Mem:          3.8G       783M       3.1G        10M        51M       326M

MemTotal:        4016008 kB
MemFree:         3213644 kB
Active:           442028 kB
Mem:          3.8G       783M       3.1G        10M        51M       326M

MemTotal:        4016008 kB
MemFree:         3213768 kB
Active:           442052 kB
Mem:          3.8G       783M       3.1G        10M        51M       326M

MemTotal:        4016008 kB
MemFree:         3213768 kB
Active:           442040 kB
Mem:          3.8G       783M       3.1G        10M        51M       326M

MemTotal:        4016008 kB
MemFree:         3213148 kB
Active:           442060 kB
Mem:          3.8G       783M       3.1G        10M        51M       326M

MemTotal:        4016008 kB
MemFree:         3213644 kB
Active:           442040 kB
Mem:          3.8G       783M       3.1G        10M        51M       326M

MemTotal:        4016008 kB
MemFree:         3213768 kB
Active:           442032 kB
Mem:          3.8G       783M       3.1G        10M        51M       326M

MemTotal:        4016008 kB
MemFree:         3213644 kB
Active:           442064 kB
Mem:          3.8G       783M       3.1G        10M        51M       326M

MemTotal:        4016008 kB
MemFree:         3213272 kB
Active:           442072 kB
Mem:          3.8G       783M       3.1G        10M        51M       326M

MemTotal:        4016008 kB
MemFree:         3213148 kB
Active:           442072 kB
Mem:          3.8G       783M       3.1G        10M        51M       326M

MemTotal:        4016008 kB
MemFree:         3213272 kB
Active:           442060 kB
Mem:          3.8G       784M       3.1G        10M        51M       326M

MemTotal:        4016008 kB
MemFree:         3213272 kB
Active:           442076 kB
Mem:          3.8G       783M       3.1G        10M        51M       326M

MemTotal:        4016008 kB
MemFree:         3213024 kB
Active:           442080 kB
Mem:          3.8G       783M       3.1G        10M        51M       326M

MemTotal:        4016008 kB
MemFree:         3371052 kB
Active:           365164 kB
Mem:          3.8G       629M       3.2G        10M        20M       198M

MemTotal:        4016008 kB
MemFree:         3371688 kB
Active:           364824 kB
Mem:          3.8G       629M       3.2G        10M        20M       199M

MemTotal:        4016008 kB
MemFree:         3371192 kB
Active:           364944 kB
Mem:          3.8G       629M       3.2G        10M        20M       199M

MemTotal:        4016008 kB
MemFree:         3371316 kB
Active:           364956 kB
Mem:          3.8G       629M       3.2G        10M        20M       199M

MemTotal:        4016008 kB
MemFree:         3371812 kB
Active:           364948 kB
Mem:          3.8G       629M       3.2G        10M        20M       199M

MemTotal:        4016008 kB
MemFree:         3371936 kB
Active:           364948 kB
Mem:          3.8G       629M       3.2G        10M        20M       199M

MemTotal:        4016008 kB
MemFree:         3372432 kB
Active:           364928 kB
Mem:          3.8G       628M       3.2G        10M        20M       199M

MemTotal:        4016008 kB
MemFree:         3371936 kB
Active:           364956 kB
Mem:          3.8G       628M       3.2G        10M        20M       199M

MemTotal:        4016008 kB
MemFree:         3372308 kB
Active:           364912 kB
Mem:          3.8G       628M       3.2G        10M        20M       199M

MemTotal:        4016008 kB
MemFree:         3372308 kB
Active:           364940 kB
Mem:          3.8G       628M       3.2G        10M        20M       199M

MemTotal:        4016008 kB
MemFree:         3372432 kB
Active:           364920 kB
Mem:          3.8G       628M       3.2G        10M        20M       199M

MemTotal:        4016008 kB
MemFree:         3372556 kB
Active:           364956 kB
Mem:          3.8G       628M       3.2G        10M        20M       199M

MemTotal:        4016008 kB
MemFree:         3372308 kB
Active:           364960 kB
Mem:          3.8G       628M       3.2G        10M        20M       199M

MemTotal:        4016008 kB
MemFree:         3371936 kB
Active:           364964 kB
Mem:          3.8G       628M       3.2G        10M        20M       199M

MemTotal:        4016008 kB
MemFree:         3372312 kB
Active:           364932 kB
Mem:          3.8G       628M       3.2G        10M        20M       199M

MemTotal:        4016008 kB
MemFree:         3372560 kB
Active:           364964 kB
Mem:          3.8G       628M       3.2G        10M        20M       199M

MemTotal:        4016008 kB
MemFree:         3372560 kB
Active:           364948 kB
Mem:          3.8G       628M       3.2G        10M        20M       199M

MemTotal:        4016008 kB
MemFree:         3372684 kB
Active:           364908 kB
Mem:          3.8G       628M       3.2G        10M        20M       199M

MemTotal:        4016008 kB
MemFree:         3372436 kB
Active:           364964 kB
Mem:          3.8G       628M       3.2G        10M        20M       199M

MemTotal:        4016008 kB
MemFree:         3370636 kB
Active:           367012 kB
Mem:          3.8G       630M       3.2G        10M        20M       199M

MemTotal:        4016008 kB
MemFree:         3370512 kB
Active:           366956 kB
Mem:          3.8G       630M       3.2G        10M        20M       199M

MemTotal:        4016008 kB
MemFree:         3370264 kB
Active:           366996 kB
Mem:          3.8G       630M       3.2G        10M        20M       199M

MemTotal:        4016008 kB
MemFree:         3370264 kB
Active:           366944 kB
Mem:          3.8G       630M       3.2G        10M        20M       199M

MemTotal:        4016008 kB
MemFree:         3370016 kB
Active:           367000 kB
Mem:          3.8G       630M       3.2G        10M        20M       199M

MemTotal:        4016008 kB
MemFree:         3369892 kB
Active:           367004 kB
Mem:          3.8G       630M       3.2G        10M        20M       199M

MemTotal:        4016008 kB
MemFree:         3369892 kB
Active:           367004 kB
Mem:          3.8G       630M       3.2G        10M        20M       199M

MemTotal:        4016008 kB
MemFree:         3370264 kB
Active:           366976 kB
Mem:          3.8G       630M       3.2G        10M        20M       199M

MemTotal:        4016008 kB
MemFree:         3370388 kB
Active:           367008 kB
Mem:          3.8G       630M       3.2G        10M        20M       199M

MemTotal:        4016008 kB
MemFree:         3370016 kB
Active:           367016 kB
Mem:          3.8G       631M       3.2G        10M        20M       199M

MemTotal:        4016008 kB
MemFree:         3369520 kB
Active:           367016 kB
Mem:          3.8G       631M       3.2G        10M        20M       199M

MemTotal:        4016008 kB
MemFree:         3369768 kB
Active:           366980 kB
Mem:          3.8G       631M       3.2G        10M        20M       199M

MemTotal:        4016008 kB
MemFree:         3369520 kB
Active:           367016 kB
Mem:          3.8G       631M       3.2G        10M        20M       199M

MemTotal:        4016008 kB
MemFree:         3369768 kB
Active:           367016 kB
Mem:          3.8G       630M       3.2G        10M        20M       199M

MemTotal:        4016008 kB
MemFree:         3370140 kB
Active:           366976 kB
Mem:          3.8G       630M       3.2G        10M        20M       199M

MemTotal:        4016008 kB
MemFree:         3369752 kB
Active:           367024 kB
Mem:          3.8G       630M       3.2G        10M        20M       199M

MemTotal:        4016008 kB
MemFree:         3369752 kB
Active:           367024 kB
Mem:          3.8G       631M       3.2G        10M        20M       199M

MemTotal:        4016008 kB
MemFree:         3370016 kB
Active:           367024 kB
Mem:          3.8G       630M       3.2G        10M        20M       199M

MemTotal:        4016008 kB
MemFree:         3370264 kB
Active:           367024 kB
Mem:          3.8G       630M       3.2G        10M        20M       199M

MemTotal:        4016008 kB
MemFree:         3370264 kB
Active:           367024 kB
Mem:          3.8G       630M       3.2G        10M        20M       199M

MemTotal:        4016008 kB
MemFree:         3370760 kB
Active:           367012 kB
Mem:          3.8G       630M       3.2G        10M        20M       199M

MemTotal:        4016008 kB
MemFree:         3370636 kB
Active:           366996 kB
Mem:          3.8G       630M       3.2G        10M        20M       199M

MemTotal:        4016008 kB
MemFree:         3370636 kB
Active:           367024 kB
Mem:          3.8G       630M       3.2G        10M        20M       199M

MemTotal:        4016008 kB
MemFree:         3370388 kB
Active:           367048 kB
Mem:          3.8G       630M       3.2G        10M        20M       199M

MemTotal:        4016008 kB
MemFree:         3370388 kB
Active:           367012 kB
Mem:          3.8G       630M       3.2G        10M        20M       199M

MemTotal:        4016008 kB
MemFree:         3370636 kB
Active:           366996 kB
Mem:          3.8G       630M       3.2G        10M        20M       199M

MemTotal:        4016008 kB
MemFree:         3370636 kB
Active:           367028 kB
Mem:          3.8G       630M       3.2G        10M        20M       199M

MemTotal:        4016008 kB
MemFree:         3370512 kB
Active:           367048 kB
Mem:          3.8G       630M       3.2G        10M        20M       199M

MemTotal:        4016008 kB
MemFree:         3370388 kB
Active:           367000 kB
Mem:          3.8G       630M       3.2G        10M        20M       199M

MemTotal:        4016008 kB
MemFree:         3370388 kB
Active:           367056 kB
Mem:          3.8G       630M       3.2G        10M        20M       199M

MemTotal:        4016008 kB
MemFree:         3370512 kB
Active:           367056 kB
Mem:          3.8G       630M       3.2G        10M        20M       199M

MemTotal:        4016008 kB
MemFree:         3370264 kB
Active:           367056 kB
Mem:          3.8G       630M       3.2G        10M        20M       199M

MemTotal:        4016008 kB
MemFree:         3370512 kB
Active:           367056 kB
Mem:          3.8G       630M       3.2G        10M        20M       199M

MemTotal:        4016008 kB
MemFree:         3370512 kB
Active:           367028 kB
Mem:          3.8G       630M       3.2G        10M        20M       199M

MemTotal:        4016008 kB
MemFree:         3370016 kB
Active:           367056 kB
Mem:          3.8G       630M       3.2G        10M        20M       199M

MemTotal:        4016008 kB
MemFree:         3370344 kB
Active:           367032 kB
Mem:          3.8G       630M       3.2G        10M        20M       199M

MemTotal:        4016008 kB
MemFree:         3370592 kB
Active:           367004 kB
Mem:          3.8G       630M       3.2G        10M        20M       199M

MemTotal:        4016008 kB
MemFree:         3370344 kB
Active:           367036 kB
Mem:          3.8G       630M       3.2G        10M        20M       199M

MemTotal:        4016008 kB
MemFree:         3370344 kB
Active:           367020 kB
Mem:          3.8G       630M       3.2G        10M        20M       199M

MemTotal:        4016008 kB
MemFree:         3370220 kB
Active:           367052 kB
Mem:          3.8G       630M       3.2G        10M        20M       199M

MemTotal:        4016008 kB
MemFree:         3370344 kB
Active:           367044 kB
Mem:          3.8G       630M       3.2G        10M        20M       199M

MemTotal:        4016008 kB
MemFree:         3369848 kB
Active:           367068 kB
Mem:          3.8G       630M       3.2G        10M        20M       199M

MemTotal:        4016008 kB
MemFree:         3370220 kB
Active:           367036 kB
Mem:          3.8G       630M       3.2G        10M        20M       199M

MemTotal:        4016008 kB
MemFree:         3370344 kB
Active:           367064 kB
Mem:          3.8G       630M       3.2G        10M        20M       199M

MemTotal:        4016008 kB
MemFree:         3370344 kB
Active:           367040 kB
Mem:          3.8G       630M       3.2G        10M        20M       199M

MemTotal:        4016008 kB
MemFree:         3370840 kB
Active:           367068 kB
Mem:          3.8G       630M       3.2G        10M        20M       199M

MemTotal:        4016008 kB
MemFree:         3370716 kB
Active:           367044 kB
Mem:          3.8G       630M       3.2G        10M        20M       199M

MemTotal:        4016008 kB
MemFree:         3370344 kB
Active:           367080 kB
Mem:          3.8G       630M       3.2G        10M        20M       199M

MemTotal:        4016008 kB
MemFree:         3370344 kB
Active:           367036 kB
Mem:          3.8G       630M       3.2G        10M        20M       199M

MemTotal:        4016008 kB
MemFree:         3370344 kB
Active:           367072 kB
Mem:          3.8G       630M       3.2G        10M        20M       199M

MemTotal:        4016008 kB
MemFree:         3370344 kB
Active:           367040 kB
Mem:          3.8G       630M       3.2G        10M        20M       199M

MemTotal:        4016008 kB
MemFree:         3369972 kB
Active:           367084 kB
Mem:          3.8G       630M       3.2G        10M        20M       199M

MemTotal:        4016008 kB
MemFree:         3370220 kB
Active:           367084 kB
Mem:          3.8G       630M       3.2G        10M        20M       199M

MemTotal:        4016008 kB
MemFree:         3370840 kB
Active:           367080 kB
Mem:          3.8G       630M       3.2G        10M        20M       199M

MemTotal:        4016008 kB
MemFree:         3370096 kB
Active:           367028 kB
Mem:          3.8G       630M       3.2G        10M        20M       199M

MemTotal:        4016008 kB
MemFree:         3370096 kB
Active:           367072 kB
Mem:          3.8G       631M       3.2G        10M        20M       199M

MemTotal:        4016008 kB
MemFree:         3370128 kB
Active:           367044 kB
Mem:          3.8G       631M       3.2G        10M        20M       199M

MemTotal:        4016008 kB
MemFree:         3369632 kB
Active:           367064 kB
Mem:          3.8G       631M       3.2G        10M        20M       199M

MemTotal:        4016008 kB
MemFree:         3369384 kB
Active:           367092 kB
Mem:          3.8G       631M       3.2G        10M        20M       199M

MemTotal:        4016008 kB
MemFree:         3369880 kB
Active:           367052 kB
Mem:          3.8G       631M       3.2G        10M        20M       199M

MemTotal:        4016008 kB
MemFree:         3369880 kB
Active:           367072 kB
Mem:          3.8G       630M       3.2G        10M        20M       199M

MemTotal:        4016008 kB
MemFree:         3370128 kB
Active:           367060 kB
Mem:          3.8G       630M       3.2G        10M        20M       199M

MemTotal:        4016008 kB
MemFree:         3370500 kB
Active:           367088 kB
Mem:          3.8G       630M       3.2G        10M        20M       199M

MemTotal:        4016008 kB
MemFree:         3370624 kB
Active:           367076 kB
Mem:          3.8G       630M       3.2G        10M        20M       199M

MemTotal:        4016008 kB
MemFree:         3370376 kB
Active:           367164 kB
Mem:          3.8G       630M       3.2G        10M        20M       199M

MemTotal:        4016008 kB
MemFree:         3370376 kB
Active:           367148 kB
Mem:          3.8G       630M       3.2G        10M        20M       199M

MemTotal:        4016008 kB
MemFree:         3370376 kB
Active:           367160 kB
Mem:          3.8G       630M       3.2G        10M        20M       199M

MemTotal:        4016008 kB
MemFree:         3369880 kB
Active:           367168 kB
Mem:          3.8G       631M       3.2G        10M        20M       199M

MemTotal:        4016008 kB
MemFree:         3370004 kB
Active:           367160 kB
Mem:          3.8G       630M       3.2G        10M        20M       199M

MemTotal:        4016008 kB
MemFree:         3369756 kB
Active:           367128 kB
Mem:          3.8G       630M       3.2G        10M        20M       199M

MemTotal:        4016008 kB
MemFree:         3370252 kB
Active:           367124 kB
Mem:          3.8G       630M       3.2G        10M        20M       199M

MemTotal:        4016008 kB
MemFree:         3370128 kB
Active:           367136 kB
Mem:          3.8G       630M       3.2G        10M        20M       199M

MemTotal:        4016008 kB
MemFree:         3370252 kB
Active:           367144 kB
Mem:          3.8G       630M       3.2G        10M        20M       199M

MemTotal:        4016008 kB
MemFree:         3370252 kB
Active:           367136 kB
Mem:          3.8G       630M       3.2G        10M        20M       199M

MemTotal:        4016008 kB
MemFree:         3369756 kB
Active:           367180 kB
Mem:          3.8G       630M       3.2G        10M        20M       199M

MemTotal:        4016008 kB
MemFree:         3369756 kB
Active:           367184 kB
Mem:          3.8G       630M       3.2G        10M        20M       199M

MemTotal:        4016008 kB
MemFree:         3370252 kB
Active:           367148 kB
Mem:          3.8G       630M       3.2G        10M        20M       199M

MemTotal:        4016008 kB
MemFree:         3370252 kB
Active:           367156 kB
Mem:          3.8G       630M       3.2G        10M        20M       199M

MemTotal:        4016008 kB
MemFree:         3370004 kB
Active:           367128 kB
Mem:          3.8G       630M       3.2G        10M        20M       199M

MemTotal:        4016008 kB
MemFree:         3370252 kB
Active:           367196 kB
Mem:          3.8G       630M       3.2G        10M        20M       199M

MemTotal:        4016008 kB
MemFree:         3370376 kB
Active:           367196 kB
Mem:          3.8G       630M       3.2G        10M        20M       199M

MemTotal:        4016008 kB
MemFree:         3370128 kB
Active:           367156 kB
Mem:          3.8G       630M       3.2G        10M        20M       199M

MemTotal:        4016008 kB
MemFree:         3369972 kB
Active:           367188 kB
Mem:          3.8G       631M       3.2G        10M        20M       199M

MemTotal:        4016008 kB
MemFree:         3369956 kB
Active:           367160 kB
Mem:          3.8G       630M       3.2G        10M        20M       199M

MemTotal:        4016008 kB
MemFree:         3370128 kB
Active:           367168 kB
Mem:          3.8G       630M       3.2G        10M        20M       199M

MemTotal:        4016008 kB
MemFree:         3370128 kB
Active:           367140 kB
Mem:          3.8G       630M       3.2G        10M        20M       199M

MemTotal:        4016008 kB
MemFree:         3370004 kB
Active:           367148 kB
Mem:          3.8G       630M       3.2G        10M        20M       199M

MemTotal:        4016008 kB
MemFree:         3370128 kB
Active:           367152 kB
Mem:          3.8G       630M       3.2G        10M        20M       199M

MemTotal:        4016008 kB
MemFree:         3370316 kB
Active:           367168 kB
Mem:          3.8G       630M       3.2G        10M        20M       199M

MemTotal:        4016008 kB
MemFree:         3370192 kB
Active:           367180 kB
Mem:          3.8G       630M       3.2G        10M        20M       199M

MemTotal:        4016008 kB
MemFree:         3370068 kB
Active:           367192 kB
Mem:          3.8G       630M       3.2G        10M        20M       199M

MemTotal:        4016008 kB
MemFree:         3370068 kB
Active:           367144 kB
Mem:          3.8G       630M       3.2G        10M        20M       199M

MemTotal:        4016008 kB
MemFree:         3370068 kB
Active:           367164 kB
Mem:          3.8G       630M       3.2G        10M        20M       199M

MemTotal:        4016008 kB
MemFree:         3370316 kB
Active:           367168 kB
Mem:          3.8G       630M       3.2G        10M        20M       199M

MemTotal:        4016008 kB
MemFree:         3369820 kB
Active:           367208 kB
Mem:          3.8G       630M       3.2G        10M        20M       199M

MemTotal:        4016008 kB
MemFree:         3370068 kB
Active:           367216 kB
Mem:          3.8G       630M       3.2G        10M        20M       199M

MemTotal:        4016008 kB
MemFree:         3370316 kB
Active:           367172 kB
Mem:          3.8G       630M       3.2G        10M        20M       199M

MemTotal:        4016008 kB
MemFree:         3370192 kB
Active:           367204 kB
Mem:          3.8G       630M       3.2G        10M        20M       199M

MemTotal:        4016008 kB
MemFree:         3370192 kB
Active:           367164 kB
Mem:          3.8G       630M       3.2G        10M        20M       199M

MemTotal:        4016008 kB
MemFree:         3370564 kB
Active:           367160 kB
Mem:          3.8G       630M       3.2G        10M        20M       199M

MemTotal:        4016008 kB
MemFree:         3370688 kB
Active:           367220 kB
Mem:          3.8G       630M       3.2G        10M        20M       199M

MemTotal:        4016008 kB
MemFree:         3370192 kB
Active:           367176 kB
Mem:          3.8G       630M       3.2G        10M        20M       199M

MemTotal:        4016008 kB
MemFree:         3370440 kB
Active:           367172 kB
Mem:          3.8G       630M       3.2G        10M        20M       199M

MemTotal:        4016008 kB
MemFree:         3370068 kB
Active:           367180 kB
Mem:          3.8G       630M       3.2G        10M        20M       199M

MemTotal:        4016008 kB
MemFree:         3370440 kB
Active:           367196 kB
Mem:          3.8G       630M       3.2G        10M        20M       199M

MemTotal:        4016008 kB
MemFree:         3370316 kB
Active:           367204 kB
Mem:          3.8G       630M       3.2G        10M        20M       199M

MemTotal:        4016008 kB
MemFree:         3370068 kB
Active:           367228 kB
Mem:          3.8G       630M       3.2G        10M        20M       199M

MemTotal:        4016008 kB
MemFree:         3370192 kB
Active:           367228 kB
Mem:          3.8G       630M       3.2G        10M        20M       199M

MemTotal:        4016008 kB
MemFree:         3370564 kB
Active:           367220 kB
Mem:          3.8G       630M       3.2G        10M        20M       199M

MemTotal:        4016008 kB
MemFree:         3370564 kB
Active:           367184 kB
Mem:          3.8G       630M       3.2G        10M        20M       199M

MemTotal:        4016008 kB
MemFree:         3370068 kB
Active:           367228 kB
Mem:          3.8G       630M       3.2G        10M        20M       199M

MemTotal:        4016008 kB
MemFree:         3369696 kB
Active:           367232 kB
Mem:          3.8G       631M       3.2G        10M        20M       199M

MemTotal:        4016008 kB
MemFree:         3369944 kB
Active:           367192 kB
Mem:          3.8G       630M       3.2G        10M        20M       199M

MemTotal:        4016008 kB
MemFree:         3370440 kB
Active:           367240 kB
Mem:          3.8G       630M       3.2G        10M        20M       199M

MemTotal:        4016008 kB
MemFree:         3370068 kB
Active:           367240 kB
Mem:          3.8G       630M       3.2G        10M        20M       199M

MemTotal:        4016008 kB
MemFree:         3370440 kB
Active:           367232 kB
Mem:          3.8G       630M       3.2G        10M        20M       199M

MemTotal:        4016008 kB
MemFree:         3370564 kB
Active:           367216 kB
Mem:          3.8G       630M       3.2G        10M        20M       199M

MemTotal:        4016008 kB
MemFree:         3370440 kB
Active:           367204 kB
Mem:          3.8G       630M       3.2G        10M        20M       199M

MemTotal:        4016008 kB
MemFree:         3370440 kB
Active:           367212 kB
Mem:          3.8G       630M       3.2G        10M        20M       199M

MemTotal:        4016008 kB
MemFree:         3370440 kB
Active:           367248 kB
Mem:          3.8G       630M       3.2G        10M        20M       199M

MemTotal:        4016008 kB
MemFree:         3370440 kB
Active:           367256 kB
Mem:          3.8G       630M       3.2G        10M        20M       199M

MemTotal:        4016008 kB
MemFree:         3369820 kB
Active:           367256 kB
Mem:          3.8G       630M       3.2G        10M        20M       199M

MemTotal:        4016008 kB
MemFree:         3369944 kB
Active:           367232 kB
Mem:          3.8G       630M       3.2G        10M        20M       199M

MemTotal:        4016008 kB
MemFree:         3369696 kB
Active:           367212 kB
Mem:          3.8G       631M       3.2G        10M        20M       199M

MemTotal:        4016008 kB
MemFree:         3369448 kB
Active:           367228 kB
Mem:          3.8G       631M       3.2G        10M        20M       199M

MemTotal:        4016008 kB
MemFree:         3369572 kB
Active:           367248 kB
Mem:          3.8G       631M       3.2G        10M        20M       199M

MemTotal:        4016008 kB
MemFree:         3369820 kB
Active:           367272 kB
Mem:          3.8G       631M       3.2G        10M        20M       199M

MemTotal:        4016008 kB
MemFree:         3369820 kB
Active:           367228 kB
Mem:          3.8G       631M       3.2G        10M        20M       199M

MemTotal:        4016008 kB
MemFree:         3369448 kB
Active:           367276 kB
Mem:          3.8G       631M       3.2G        10M        20M       199M

MemTotal:        4016008 kB
MemFree:         3369820 kB
Active:           367232 kB
Mem:          3.8G       631M       3.2G        10M        20M       199M

MemTotal:        4016008 kB
MemFree:         3369448 kB
Active:           367276 kB
Mem:          3.8G       631M       3.2G        10M        20M       199M

MemTotal:        4016008 kB
MemFree:         3369324 kB
Active:           367280 kB
Mem:          3.8G       631M       3.2G        10M        20M       199M

MemTotal:        4016008 kB
MemFree:         3369696 kB
Active:           367272 kB
Mem:          3.8G       631M       3.2G        10M        20M       199M

MemTotal:        4016008 kB
MemFree:         3369448 kB
Active:           367284 kB
Mem:          3.8G       630M       3.2G        10M        20M       199M

MemTotal:        4016008 kB
MemFree:         3369696 kB
Active:           367284 kB
Mem:          3.8G       631M       3.2G        10M        20M       199M

MemTotal:        4016008 kB
MemFree:         3369820 kB
Active:           367240 kB
Mem:          3.8G       631M       3.2G        10M        20M       199M

MemTotal:        4016008 kB
MemFree:         3369572 kB
Active:           367284 kB
Mem:          3.8G       631M       3.2G        10M        20M       199M

MemTotal:        4016008 kB
MemFree:         3369944 kB
Active:           367264 kB
Mem:          3.8G       630M       3.2G        10M        20M       199M

MemTotal:        4016008 kB
MemFree:         3369944 kB
Active:           367280 kB
Mem:          3.8G       630M       3.2G        10M        20M       199M

MemTotal:        4016008 kB
MemFree:         3369944 kB
Active:           367240 kB
Mem:          3.8G       630M       3.2G        10M        20M       199M

MemTotal:        4016008 kB
MemFree:         3370192 kB
Active:           367268 kB
Mem:          3.8G       630M       3.2G        10M        20M       199M

MemTotal:        4016008 kB
MemFree:         3369696 kB
Active:           367296 kB
Mem:          3.8G       630M       3.2G        10M        20M       199M

MemTotal:        4016008 kB
MemFree:         3370316 kB
Active:           367248 kB
Mem:          3.8G       630M       3.2G        10M        20M       199M

MemTotal:        4016008 kB
MemFree:         3370316 kB
Active:           367260 kB
Mem:          3.8G       630M       3.2G        10M        20M       199M

MemTotal:        4016008 kB
MemFree:         3370068 kB
Active:           367256 kB
Mem:          3.8G       630M       3.2G        10M        20M       199M

MemTotal:        4016008 kB
MemFree:         3369696 kB
Active:           367308 kB
Mem:          3.8G       631M       3.2G        10M        20M       199M

MemTotal:        4016008 kB
MemFree:         3370192 kB
Active:           367312 kB
Mem:          3.8G       630M       3.2G        10M        20M       199M

MemTotal:        4016008 kB
MemFree:         3370316 kB
Active:           367312 kB
Mem:          3.8G       630M       3.2G        10M        20M       199M

MemTotal:        4016008 kB
MemFree:         3370192 kB
Active:           367324 kB
Mem:          3.8G       630M       3.2G        10M        20M       199M

MemTotal:        4016008 kB
MemFree:         3370068 kB
Active:           367308 kB
Mem:          3.8G       631M       3.2G        10M        20M       199M

MemTotal:        4016008 kB
MemFree:         3369680 kB
Active:           367324 kB
Mem:          3.8G       630M       3.2G        10M        20M       199M

MemTotal:        4016008 kB
MemFree:         3369820 kB
Active:           367288 kB
Mem:          3.8G       631M       3.2G        10M        20M       199M

MemTotal:        4016008 kB
MemFree:         3369820 kB
Active:           367312 kB
Mem:          3.8G       631M       3.2G        10M        20M       199M

MemTotal:        4016008 kB
MemFree:         3369696 kB
Active:           367324 kB
Mem:          3.8G       631M       3.2G        10M        20M       199M

MemTotal:        4016008 kB
MemFree:         3369696 kB
Active:           367324 kB
Mem:          3.8G       631M       3.2G        10M        20M       199M

MemTotal:        4016008 kB
MemFree:         3369696 kB
Active:           367296 kB
Mem:          3.8G       631M       3.2G        10M        20M       199M

MemTotal:        4016008 kB
MemFree:         3369696 kB
Active:           367280 kB
Mem:          3.8G       631M       3.2G        10M        20M       199M

MemTotal:        4016008 kB
MemFree:         3369572 kB
Active:           367332 kB
Mem:          3.8G       631M       3.2G        10M        20M       199M

MemTotal:        4016008 kB
MemFree:         3369820 kB
Active:           367332 kB
Mem:          3.8G       631M       3.2G        10M        20M       199M

MemTotal:        4016008 kB
MemFree:         3369572 kB
Active:           367332 kB
Mem:          3.8G       631M       3.2G        10M        20M       199M

MemTotal:        4016008 kB
MemFree:         3369324 kB
Active:           367332 kB
Mem:          3.8G       631M       3.2G        10M        20M       199M

MemTotal:        4016008 kB
MemFree:         3369572 kB
Active:           367300 kB
Mem:          3.8G       631M       3.2G        10M        20M       199M

MemTotal:        4016008 kB
MemFree:         3369572 kB
Active:           367312 kB
Mem:          3.8G       631M       3.2G        10M        20M       199M

MemTotal:        4016008 kB
MemFree:         3369696 kB
Active:           367312 kB
Mem:          3.8G       631M       3.2G        10M        20M       199M

MemTotal:        4016008 kB
MemFree:         3369572 kB
Active:           367284 kB
Mem:          3.8G       631M       3.2G        10M        20M       199M

MemTotal:        4016008 kB
MemFree:         3369820 kB
Active:           367304 kB
Mem:          3.8G       631M       3.2G        10M        20M       199M

MemTotal:        4016008 kB
MemFree:         3369820 kB
Active:           367344 kB
Mem:          3.8G       631M       3.2G        10M        20M       199M

MemTotal:        4016008 kB
MemFree:         3370068 kB
Active:           367316 kB
Mem:          3.8G       630M       3.2G        10M        20M       199M

MemTotal:        4016008 kB
MemFree:         3370440 kB
Active:           367324 kB
Mem:          3.8G       630M       3.2G        10M        20M       199M

MemTotal:        4016008 kB
MemFree:         3370440 kB
Active:           367348 kB
Mem:          3.8G       630M       3.2G        10M        20M       199M

MemTotal:        4016008 kB
MemFree:         3370440 kB
Active:           367312 kB
Mem:          3.8G       630M       3.2G        10M        20M       199M

MemTotal:        4016008 kB
MemFree:         3370316 kB
Active:           367324 kB
Mem:          3.8G       630M       3.2G        10M        20M       199M

MemTotal:        4016008 kB
MemFree:         3370316 kB
Active:           367300 kB
Mem:          3.8G       630M       3.2G        10M        20M       199M

MemTotal:        4016008 kB
MemFree:         3370068 kB
Active:           367352 kB
Mem:          3.8G       630M       3.2G        10M        20M       199M

MemTotal:        4016008 kB
MemFree:         3369820 kB
Active:           367312 kB
Mem:          3.8G       630M       3.2G        10M        20M       199M

MemTotal:        4016008 kB
MemFree:         3370068 kB
Active:           367316 kB
Mem:          3.8G       630M       3.2G        10M        20M       199M

MemTotal:        4016008 kB
MemFree:         3369572 kB
Active:           367356 kB
Mem:          3.8G       631M       3.2G        10M        20M       199M

MemTotal:        4016008 kB
MemFree:         3369820 kB
Active:           367364 kB
Mem:          3.8G       631M       3.2G        10M        20M       199M

MemTotal:        4016008 kB
MemFree:         3369944 kB
Active:           367320 kB
Mem:          3.8G       630M       3.2G        10M        20M       199M

MemTotal:        4016008 kB
MemFree:         3370068 kB
Active:           367340 kB
Mem:          3.8G       630M       3.2G        10M        20M       199M

MemTotal:        4016008 kB
MemFree:         3370068 kB
Active:           367332 kB
Mem:          3.8G       630M       3.2G        10M        20M       199M

MemTotal:        4016008 kB
MemFree:         3370068 kB
Active:           367356 kB
Mem:          3.8G       630M       3.2G        10M        20M       199M

MemTotal:        4016008 kB
MemFree:         3370068 kB
Active:           367368 kB
Mem:          3.8G       630M       3.2G        10M        20M       199M

MemTotal:        4016008 kB
MemFree:         3370192 kB
Active:           367320 kB
Mem:          3.8G       630M       3.2G        10M        20M       199M

MemTotal:        4016008 kB
MemFree:         3370068 kB
Active:           367328 kB
Mem:          3.8G       630M       3.2G        10M        20M       199M

MemTotal:        4016008 kB
MemFree:         3370192 kB
Active:           367348 kB
Mem:          3.8G       630M       3.2G        10M        20M       199M

MemTotal:        4016008 kB
MemFree:         3370068 kB
Active:           367328 kB
Mem:          3.8G       630M       3.2G        10M        20M       199M

MemTotal:        4016008 kB
MemFree:         3370068 kB
Active:           367352 kB
Mem:          3.8G       631M       3.2G        10M        20M       199M

MemTotal:        4016008 kB
MemFree:         3370068 kB
Active:           367324 kB
Mem:          3.8G       630M       3.2G        10M        20M       199M

MemTotal:        4016008 kB
MemFree:         3369944 kB
Active:           367320 kB
Mem:          3.8G       630M       3.2G        10M        20M       199M

MemTotal:        4016008 kB
MemFree:         3369820 kB
Active:           367328 kB
Mem:          3.8G       631M       3.2G        10M        20M       199M

MemTotal:        4016008 kB
MemFree:         3369820 kB
Active:           367348 kB
Mem:          3.8G       630M       3.2G        10M        20M       199M

MemTotal:        4016008 kB
MemFree:         3370316 kB
Active:           367344 kB
Mem:          3.8G       630M       3.2G        10M        20M       199M

MemTotal:        4016008 kB
MemFree:         3370068 kB
Active:           367364 kB
Mem:          3.8G       631M       3.2G        10M        20M       199M

MemTotal:        4016008 kB
MemFree:         3369572 kB
Active:           367376 kB
Mem:          3.8G       630M       3.2G        10M        20M       199M

MemTotal:        4016008 kB
MemFree:         3370192 kB
Active:           367336 kB
Mem:          3.8G       630M       3.2G        10M        20M       199M

MemTotal:        4016008 kB
MemFree:         3370192 kB
Active:           367336 kB
Mem:          3.8G       630M       3.2G        10M        20M       199M

MemTotal:        4016008 kB
MemFree:         3370316 kB
Active:           367352 kB
Mem:          3.8G       630M       3.2G        10M        20M       199M

MemTotal:        4016008 kB
MemFree:         3370192 kB
Active:           367376 kB
Mem:          3.8G       630M       3.2G        10M        20M       199M

MemTotal:        4016008 kB
MemFree:         3369572 kB
Active:           367388 kB
Mem:          3.8G       631M       3.2G        10M        20M       199M

MemTotal:        4016008 kB
MemFree:         3368952 kB
Active:           367396 kB
Mem:          3.8G       631M       3.2G        10M        20M       199M

MemTotal:        4016008 kB
MemFree:         3369324 kB
Active:           367384 kB
Mem:          3.8G       631M       3.2G        10M        20M       199M

MemTotal:        4016008 kB
MemFree:         3369200 kB
Active:           367340 kB
Mem:          3.8G       631M       3.2G        10M        20M       199M

MemTotal:        4016008 kB
MemFree:         3369944 kB
Active:           367360 kB
Mem:          3.8G       631M       3.2G        10M        20M       199M

MemTotal:        4016008 kB
MemFree:         3369944 kB
Active:           367364 kB
Mem:          3.8G       630M       3.2G        10M        20M       199M

MemTotal:        4016008 kB
MemFree:         3369820 kB
Active:           367380 kB
Mem:          3.8G       631M       3.2G        10M        20M       199M

MemTotal:        4016008 kB
MemFree:         3369944 kB
Active:           367400 kB
Mem:          3.8G       631M       3.2G        10M        20M       199M

MemTotal:        4016008 kB
MemFree:         3369944 kB
Active:           367364 kB
Mem:          3.8G       631M       3.2G        10M        20M       199M

MemTotal:        4016008 kB
MemFree:         3369960 kB
Active:           367392 kB
Mem:          3.8G       630M       3.2G        10M        20M       199M

MemTotal:        4016008 kB
MemFree:         3369712 kB
Active:           367416 kB
Mem:          3.8G       631M       3.2G        10M        20M       199M

MemTotal:        4016008 kB
MemFree:         3369960 kB
Active:           367384 kB
Mem:          3.8G       631M       3.2G        10M        20M       199M

MemTotal:        4016008 kB
MemFree:         3369588 kB
Active:           367424 kB
Mem:          3.8G       631M       3.2G        10M        20M       199M

MemTotal:        4016008 kB
MemFree:         3369712 kB
Active:           367380 kB
Mem:          3.8G       631M       3.2G        10M        20M       199M

MemTotal:        4016008 kB
MemFree:         3369836 kB
Active:           367384 kB
Mem:          3.8G       630M       3.2G        10M        20M       199M

MemTotal:        4016008 kB
MemFree:         3369836 kB
Active:           367392 kB
Mem:          3.8G       630M       3.2G        10M        20M       199M

MemTotal:        4016008 kB
MemFree:         3369712 kB
Active:           367384 kB
Mem:          3.8G       631M       3.2G        10M        20M       199M

MemTotal:        4016008 kB
MemFree:         3369712 kB
Active:           367392 kB
Mem:          3.8G       631M       3.2G        10M        20M       199M

MemTotal:        4016008 kB
MemFree:         3369696 kB
Active:           367420 kB
Mem:          3.8G       631M       3.2G        10M        20M       199M

MemTotal:        4016008 kB
MemFree:         3370036 kB
Active:           367404 kB
Mem:          3.8G       631M       3.2G        10M        20M       199M

MemTotal:        4016008 kB
MemFree:         3369588 kB
Active:           367432 kB
Mem:          3.8G       631M       3.2G        10M        20M       199M

MemTotal:        4016008 kB
MemFree:         3369960 kB
Active:           367392 kB
Mem:          3.8G       631M       3.2G        10M        20M       199M

MemTotal:        4016008 kB
MemFree:         3369712 kB
Active:           367432 kB
Mem:          3.8G       631M       3.2G        10M        20M       199M

MemTotal:        4016008 kB
MemFree:         3369960 kB
Active:           367384 kB
Mem:          3.8G       630M       3.2G        10M        20M       199M

MemTotal:        4016008 kB
MemFree:         3369960 kB
Active:           367412 kB
Mem:          3.8G       631M       3.2G        10M        20M       199M

MemTotal:        4016008 kB
MemFree:         3369960 kB
Active:           367384 kB
Mem:          3.8G       631M       3.2G        10M        20M       199M

MemTotal:        4016008 kB
MemFree:         3369836 kB
Active:           367404 kB
Mem:          3.8G       630M       3.2G        10M        20M       199M

MemTotal:        4016008 kB
MemFree:         3370084 kB
Active:           367424 kB
Mem:          3.8G       631M       3.2G        10M        20M       199M

MemTotal:        4016008 kB
MemFree:         3370208 kB
Active:           367388 kB
Mem:          3.8G       630M       3.2G        10M        20M       199M

MemTotal:        4016008 kB
MemFree:         3369712 kB
Active:           367444 kB
Mem:          3.8G       631M       3.2G        10M        20M       199M

MemTotal:        4016008 kB
MemFree:         3369588 kB
Active:           367448 kB
Mem:          3.8G       631M       3.2G        10M        20M       199M

MemTotal:        4016008 kB
MemFree:         3369712 kB
Active:           367452 kB
Mem:          3.8G       631M       3.2G        10M        20M       199M

MemTotal:        4016008 kB
MemFree:         3369588 kB
Active:           367452 kB
Mem:          3.8G       631M       3.2G        10M        20M       199M

MemTotal:        4016008 kB
MemFree:         3368844 kB
Active:           367452 kB
Mem:          3.8G       631M       3.2G        10M        20M       199M

MemTotal:        4016008 kB
MemFree:         3368844 kB
Active:           367452 kB
Mem:          3.8G       631M       3.2G        10M        20M       199M

MemTotal:        4016008 kB
MemFree:         3369216 kB
Active:           367436 kB
Mem:          3.8G       631M       3.2G        10M        20M       199M

MemTotal:        4016008 kB
MemFree:         3369712 kB
Active:           367452 kB
Mem:          3.8G       631M       3.2G        10M        20M       199M

MemTotal:        4016008 kB
MemFree:         3369588 kB
Active:           367416 kB
Mem:          3.8G       631M       3.2G        10M        20M       199M

MemTotal:        4016008 kB
MemFree:         3369712 kB
Active:           367460 kB
Mem:          3.8G       631M       3.2G        10M        20M       199M

MemTotal:        4016008 kB
MemFree:         3369836 kB
Active:           367416 kB
Mem:          3.8G       631M       3.2G        10M        20M       199M

MemTotal:        4016008 kB
MemFree:         3369960 kB
Active:           367444 kB
Mem:          3.8G       631M       3.2G        10M        20M       199M

MemTotal:        4016008 kB
MemFree:         3369960 kB
Active:           367468 kB
Mem:          3.8G       630M       3.2G        10M        20M       199M

MemTotal:        4016008 kB
MemFree:         3369944 kB
Active:           367456 kB
Mem:          3.8G       630M       3.2G        10M        20M       199M

MemTotal:        4016008 kB
MemFree:         3370068 kB
Active:           367424 kB
Mem:          3.8G       630M       3.2G        10M        20M       199M

MemTotal:        4016008 kB
MemFree:         3369944 kB
Active:           367448 kB
Mem:          3.8G       631M       3.2G        10M        20M       199M

MemTotal:        4016008 kB
MemFree:         3369696 kB
Active:           367472 kB
Mem:          3.8G       631M       3.2G        10M        20M       199M

MemTotal:        4016008 kB
MemFree:         3369696 kB
Active:           367464 kB
Mem:          3.8G       631M       3.2G        10M        20M       199M

MemTotal:        4016008 kB
MemFree:         3369572 kB
Active:           367484 kB
Mem:          3.8G       631M       3.2G        10M        20M       199M

MemTotal:        4016008 kB
MemFree:         3369820 kB
Active:           367444 kB
Mem:          3.8G       631M       3.2G        10M        20M       199M

MemTotal:        4016008 kB
MemFree:         3369820 kB
Active:           367484 kB
Mem:          3.8G       631M       3.2G        10M        20M       199M

MemTotal:        4016008 kB
MemFree:         3369820 kB
Active:           367452 kB
Mem:          3.8G       631M       3.2G        10M        20M       199M

MemTotal:        4016008 kB
MemFree:         3369448 kB
Active:           367496 kB
Mem:          3.8G       631M       3.2G        10M        20M       199M

MemTotal:        4016008 kB
MemFree:         3369572 kB
Active:           367472 kB
Mem:          3.8G       631M       3.2G        10M        20M       199M

MemTotal:        4016008 kB
MemFree:         3369448 kB
Active:           367480 kB
Mem:          3.8G       631M       3.2G        10M        20M       199M

MemTotal:        4016008 kB
MemFree:         3369696 kB
Active:           367496 kB
Mem:          3.8G       631M       3.2G        10M        20M       199M

MemTotal:        4016008 kB
MemFree:         3369572 kB
Active:           367472 kB
Mem:          3.8G       631M       3.2G        10M        20M       199M

MemTotal:        4016008 kB
MemFree:         3369944 kB
Active:           367504 kB
Mem:          3.8G       631M       3.2G        10M        20M       199M

MemTotal:        4016008 kB
MemFree:         3370068 kB
Active:           367476 kB
Mem:          3.8G       631M       3.2G        10M        20M       199M

MemTotal:        4016008 kB
MemFree:         3370068 kB
Active:           367476 kB
Mem:          3.8G       630M       3.2G        10M        20M       199M

MemTotal:        4016008 kB
MemFree:         3370192 kB
Active:           367488 kB
Mem:          3.8G       630M       3.2G        10M        20M       199M

MemTotal:        4016008 kB
MemFree:         3370068 kB
Active:           367472 kB
Mem:          3.8G       630M       3.2G        10M        20M       199M

MemTotal:        4016008 kB
MemFree:         3369944 kB
Active:           367516 kB
Mem:          3.8G       630M       3.2G        10M        20M       199M

MemTotal:        4016008 kB
MemFree:         3369696 kB
Active:           367520 kB
Mem:          3.8G       630M       3.2G        10M        20M       199M

MemTotal:        4016008 kB
MemFree:         3369696 kB
Active:           367516 kB
Mem:          3.8G       631M       3.2G        10M        20M       199M

MemTotal:        4016008 kB
MemFree:         3369820 kB
Active:           367508 kB
Mem:          3.8G       630M       3.2G        10M        20M       199M

MemTotal:        4016008 kB
MemFree:         3370192 kB
Active:           367500 kB
Mem:          3.8G       630M       3.2G        10M        20M       199M

MemTotal:        4016008 kB
MemFree:         3370316 kB
Active:           367500 kB
Mem:          3.8G       630M       3.2G        10M        20M       199M

MemTotal:        4016008 kB
MemFree:         3370192 kB
Active:           367536 kB
Mem:          3.8G       630M       3.2G        10M        20M       199M

MemTotal:        4016008 kB
MemFree:         3370192 kB
Active:           367532 kB
Mem:          3.8G       630M       3.2G        10M        20M       199M

MemTotal:        4016008 kB
MemFree:         3370192 kB
Active:           367540 kB
Mem:          3.8G       630M       3.2G        10M        20M       199M

MemTotal:        4016008 kB
MemFree:         3370192 kB
Active:           367504 kB
Mem:          3.8G       630M       3.2G        10M        20M       199M

MemTotal:        4016008 kB
MemFree:         3369696 kB
Active:           367544 kB
Mem:          3.8G       631M       3.2G        10M        20M       199M

MemTotal:        4016008 kB
MemFree:         3369696 kB
Active:           367492 kB
Mem:          3.8G       631M       3.2G        10M        20M       199M

MemTotal:        4016008 kB
MemFree:         3370068 kB
Active:           367496 kB
Mem:          3.8G       630M       3.2G        10M        20M       199M

MemTotal:        4016008 kB
MemFree:         3369448 kB
Active:           367556 kB
Mem:          3.8G       631M       3.2G        10M        20M       199M

MemTotal:        4016008 kB
MemFree:         3369448 kB
Active:           367524 kB
Mem:          3.8G       631M       3.2G        10M        20M       199M

MemTotal:        4016008 kB
MemFree:         3369448 kB
Active:           367524 kB
Mem:          3.8G       631M       3.2G        10M        20M       199M

MemTotal:        4016008 kB
MemFree:         3369324 kB
Active:           367556 kB
Mem:          3.8G       631M       3.2G        10M        20M       199M

MemTotal:        4016008 kB
MemFree:         3369448 kB
Active:           367552 kB
Mem:          3.8G       631M       3.2G        10M        20M       199M

MemTotal:        4016008 kB
MemFree:         3369820 kB
Active:           367500 kB
Mem:          3.8G       631M       3.2G        10M        20M       199M

MemTotal:        4016008 kB
MemFree:         3369820 kB
Active:           367512 kB
Mem:          3.8G       630M       3.2G        10M        20M       199M

MemTotal:        4016008 kB
MemFree:         3369696 kB
Active:           367556 kB
Mem:          3.8G       631M       3.2G        10M        20M       199M

MemTotal:        4016008 kB
MemFree:         3369696 kB
Active:           367548 kB
Mem:          3.8G       631M       3.2G        10M        20M       199M

MemTotal:        4016008 kB
MemFree:         3369572 kB
Active:           367556 kB
Mem:          3.8G       631M       3.2G        10M        20M       199M

MemTotal:        4016008 kB
MemFree:         3369556 kB
Active:           367528 kB
Mem:          3.8G       631M       3.2G        10M        20M       199M

MemTotal:        4016008 kB
MemFree:         3369772 kB
Active:           367532 kB
Mem:          3.8G       631M       3.2G        10M        20M       199M

MemTotal:        4016008 kB
MemFree:         3369308 kB
Active:           367548 kB
Mem:          3.8G       631M       3.2G        10M        20M       199M

MemTotal:        4016008 kB
MemFree:         3369648 kB
Active:           367564 kB
Mem:          3.8G       631M       3.2G        10M        20M       199M

MemTotal:        4016008 kB
MemFree:         3369820 kB
Active:           367560 kB
Mem:          3.8G       631M       3.2G        10M        20M       199M

MemTotal:        4016008 kB
MemFree:         3369200 kB
Active:           367572 kB
Mem:          3.8G       631M       3.2G        10M        20M       199M

MemTotal:        4016008 kB
MemFree:         3369200 kB
Active:           367532 kB
Mem:          3.8G       631M       3.2G        10M        20M       199M

MemTotal:        4016008 kB
MemFree:         3369324 kB
Active:           367548 kB
Mem:          3.8G       631M       3.2G        10M        20M       199M

MemTotal:        4016008 kB
MemFree:         3369324 kB
Active:           367564 kB
Mem:          3.8G       631M       3.2G        10M        20M       199M

MemTotal:        4016008 kB
MemFree:         3369324 kB
Active:           367584 kB
Mem:          3.8G       631M       3.2G        10M        20M       199M

MemTotal:        4016008 kB
MemFree:         3369324 kB
Active:           367548 kB
Mem:          3.8G       631M       3.2G        10M        20M       199M

MemTotal:        4016008 kB
MemFree:         3369200 kB
Active:           367540 kB
Mem:          3.8G       631M       3.2G        10M        20M       199M

MemTotal:        4016008 kB
MemFree:         3369076 kB
Active:           367532 kB
Mem:          3.8G       631M       3.2G        10M        20M       199M

MemTotal:        4016008 kB
MemFree:         3369324 kB
Active:           367568 kB
Mem:          3.8G       631M       3.2G        10M        20M       199M

MemTotal:        4016008 kB
MemFree:         3369324 kB
Active:           367572 kB
Mem:          3.8G       631M       3.2G        10M        20M       199M

MemTotal:        4016008 kB
MemFree:         3368952 kB
Active:           367592 kB
Mem:          3.8G       631M       3.2G        10M        20M       199M

MemTotal:        4016008 kB
MemFree:         3369324 kB
Active:           367560 kB
Mem:          3.8G       631M       3.2G        10M        20M       199M

MemTotal:        4016008 kB
MemFree:         3369448 kB
Active:           367592 kB
Mem:          3.8G       631M       3.2G        10M        20M       199M

MemTotal:        4016008 kB
MemFree:         3369324 kB
Active:           367576 kB
Mem:          3.8G       631M       3.2G        10M        20M       199M

MemTotal:        4016008 kB
MemFree:         3369324 kB
Active:           367604 kB
Mem:          3.8G       631M       3.2G        10M        20M       199M

MemTotal:        4016008 kB
MemFree:         3369200 kB
Active:           367612 kB
Mem:          3.8G       631M       3.2G        10M        20M       199M

MemTotal:        4016008 kB
MemFree:         3369324 kB
Active:           367568 kB
Mem:          3.8G       631M       3.2G        10M        20M       199M

MemTotal:        4016008 kB
MemFree:         3369200 kB
Active:           367620 kB
Mem:          3.8G       631M       3.2G        10M        20M       199M

MemTotal:        4016008 kB
MemFree:         3369324 kB
Active:           367612 kB
Mem:          3.8G       631M       3.2G        10M        20M       199M

MemTotal:        4016008 kB
MemFree:         3369324 kB
Active:           367608 kB
Mem:          3.8G       631M       3.2G        10M        20M       199M

MemTotal:        4016008 kB
MemFree:         3369076 kB
Active:           367628 kB
Mem:          3.8G       631M       3.2G        10M        20M       199M

MemTotal:        4016008 kB
MemFree:         3369696 kB
Active:           367596 kB
Mem:          3.8G       631M       3.2G        10M        20M       199M

MemTotal:        4016008 kB
MemFree:         3369572 kB
Active:           367580 kB
Mem:          3.8G       631M       3.2G        10M        20M       199M

MemTotal:        4016008 kB
MemFree:         3369696 kB
Active:           367592 kB
Mem:          3.8G       631M       3.2G        10M        20M       199M

MemTotal:        4016008 kB
MemFree:         3369324 kB
Active:           367644 kB
Mem:          3.8G       631M       3.2G        10M        20M       199M

MemTotal:        4016008 kB
MemFree:         3369696 kB
Active:           367588 kB
Mem:          3.8G       631M       3.2G        10M        20M       199M

MemTotal:        4016008 kB
MemFree:         3369200 kB
Active:           367648 kB
Mem:          3.8G       631M       3.2G        10M        20M       199M

MemTotal:        4016008 kB
MemFree:         3369200 kB
Active:           367648 kB
Mem:          3.8G       631M       3.2G        10M        20M       199M

MemTotal:        4016008 kB
MemFree:         3369448 kB
Active:           367616 kB
Mem:          3.8G       631M       3.2G        10M        20M       199M

MemTotal:        4016008 kB
MemFree:         3369448 kB
Active:           367624 kB
Mem:          3.8G       631M       3.2G        10M        20M       199M

MemTotal:        4016008 kB
MemFree:         3369076 kB
Active:           367620 kB
Mem:          3.8G       632M       3.2G        10M        20M       199M

MemTotal:        4016008 kB
MemFree:         3368828 kB
Active:           367624 kB
Mem:          3.8G       632M       3.2G        10M        20M       199M

MemTotal:        4016008 kB
MemFree:         3368952 kB
Active:           367616 kB
Mem:          3.8G       631M       3.2G        10M        20M       199M

MemTotal:        4016008 kB
MemFree:         3368952 kB
Active:           367664 kB
Mem:          3.8G       631M       3.2G        10M        20M       199M

MemTotal:        4016008 kB
MemFree:         3369448 kB
Active:           367624 kB
Mem:          3.8G       631M       3.2G        10M        20M       199M

MemTotal:        4016008 kB
MemFree:         3369572 kB
Active:           367612 kB
Mem:          3.8G       631M       3.2G        10M        20M       199M

MemTotal:        4016008 kB
MemFree:         3369580 kB
Active:           367680 kB
Mem:          3.8G       631M       3.2G        10M        20M       199M

MemTotal:        4016008 kB
MemFree:         3369208 kB
Active:           367660 kB
Mem:          3.8G       631M       3.2G        10M        20M       199M

MemTotal:        4016008 kB
MemFree:         3369208 kB
Active:           367720 kB
Mem:          3.8G       631M       3.2G        10M        20M       199M

MemTotal:        4016008 kB
MemFree:         3368960 kB
Active:           367728 kB
Mem:          3.8G       631M       3.2G        10M        20M       199M

MemTotal:        4016008 kB
MemFree:         3368836 kB
Active:           367728 kB
Mem:          3.8G       631M       3.2G        10M        20M       199M

MemTotal:        4016008 kB
MemFree:         3369208 kB
Active:           367704 kB
Mem:          3.8G       631M       3.2G        10M        20M       199M

MemTotal:        4016008 kB
MemFree:         3368992 kB
Active:           367680 kB
Mem:          3.8G       631M       3.2G        10M        20M       199M

MemTotal:        4016008 kB
MemFree:         3368620 kB
Active:           367736 kB
Mem:          3.8G       631M       3.2G        10M        20M       199M

MemTotal:        4016008 kB
MemFree:         3368992 kB
Active:           367716 kB
Mem:          3.8G       631M       3.2G        10M        20M       199M

MemTotal:        4016008 kB
MemFree:         3369116 kB
Active:           367712 kB
Mem:          3.8G       631M       3.2G        10M        20M       199M

MemTotal:        4016008 kB
MemFree:         3368868 kB
Active:           367736 kB
Mem:          3.8G       632M       3.2G        10M        20M       199M

MemTotal:        4016008 kB
MemFree:         3368992 kB
Active:           367684 kB
Mem:          3.8G       631M       3.2G        10M        20M       199M

MemTotal:        4016008 kB
MemFree:         3368744 kB
Active:           367696 kB
Mem:          3.8G       631M       3.2G        10M        20M       199M

MemTotal:        4016008 kB
MemFree:         3369364 kB
Active:           367676 kB
Mem:          3.8G       631M       3.2G        10M        20M       199M

MemTotal:        4016008 kB
MemFree:         3369612 kB
Active:           367732 kB
Mem:          3.8G       631M       3.2G        10M        20M       199M

MemTotal:        4016008 kB
MemFree:         3369364 kB
Active:           367740 kB
Mem:          3.8G       631M       3.2G        10M        20M       199M

MemTotal:        4016008 kB
MemFree:         3369364 kB
Active:           367740 kB
Mem:          3.8G       631M       3.2G        10M        20M       199M

MemTotal:        4016008 kB
MemFree:         3369104 kB
Active:           368092 kB
Mem:          3.8G       631M       3.2G        10M        20M       199M

MemTotal:        4016008 kB
MemFree:         3368992 kB
Active:           368044 kB
Mem:          3.8G       632M       3.2G        10M        20M       199M

MemTotal:        4016008 kB
MemFree:         3376132 kB
Active:           361464 kB
Mem:          3.8G       624M       3.2G        10M        20M       199M

MemTotal:        4016008 kB
MemFree:         3376320 kB
Active:           361276 kB
Mem:          3.8G       624M       3.2G        10M        20M       199M

MemTotal:        4016008 kB
MemFree:         3376444 kB
Active:           361260 kB
Mem:          3.8G       624M       3.2G        10M        20M       199M

MemTotal:        4016008 kB
MemFree:         3376444 kB
Active:           361316 kB
Mem:          3.8G       624M       3.2G        10M        20M       199M

MemTotal:        4016008 kB
MemFree:         3376072 kB
Active:           361428 kB
Mem:          3.8G       624M       3.2G        10M        20M       199M

MemTotal:        4016008 kB
MemFree:         3376196 kB
Active:           361380 kB
Mem:          3.8G       624M       3.2G        10M        20M       199M

MemTotal:        4016008 kB
MemFree:         3376320 kB
Active:           361424 kB
Mem:          3.8G       624M       3.2G        10M        20M       199M

MemTotal:        4016008 kB
MemFree:         3376568 kB
Active:           361392 kB
Mem:          3.8G       624M       3.2G        10M        20M       199M

MemTotal:        4016008 kB
MemFree:         3376196 kB
Active:           361432 kB
Mem:          3.8G       624M       3.2G        10M        20M       199M

MemTotal:        4016008 kB
MemFree:         3376320 kB
Active:           361400 kB
Mem:          3.8G       624M       3.2G        10M        20M       199M

MemTotal:        4016008 kB
MemFree:         3376304 kB
Active:           361388 kB
Mem:          3.8G       624M       3.2G        10M        20M       199M

MemTotal:        4016008 kB
MemFree:         3376320 kB
Active:           361400 kB
Mem:          3.8G       624M       3.2G        10M        20M       199M

MemTotal:        4016008 kB
MemFree:         3376568 kB
Active:           361420 kB
Mem:          3.8G       624M       3.2G        10M        20M       199M

MemTotal:        4016008 kB
MemFree:         3376568 kB
Active:           361444 kB
Mem:          3.8G       624M       3.2G        10M        20M       199M

MemTotal:        4016008 kB
MemFree:         3376460 kB
Active:           361388 kB
Mem:          3.8G       624M       3.2G        10M        20M       199M

MemTotal:        4016008 kB
MemFree:         3376460 kB
Active:           361400 kB
Mem:          3.8G       624M       3.2G        10M        20M       199M

MemTotal:        4016008 kB
MemFree:         3376460 kB
Active:           361376 kB
Mem:          3.8G       624M       3.2G        10M        20M       199M

MemTotal:        4016008 kB
MemFree:         3376460 kB
Active:           361400 kB
Mem:          3.8G       624M       3.2G        10M        20M       199M

MemTotal:        4016008 kB
MemFree:         3376584 kB
Active:           361428 kB
Mem:          3.8G       624M       3.2G        10M        20M       199M

MemTotal:        4016008 kB
MemFree:         3376708 kB
Active:           361408 kB
Mem:          3.8G       624M       3.2G        10M        20M       199M

MemTotal:        4016008 kB
MemFree:         3376584 kB
Active:           361432 kB
Mem:          3.8G       624M       3.2G        10M        20M       199M

MemTotal:        4016008 kB
MemFree:         3376336 kB
Active:           361444 kB
Mem:          3.8G       624M       3.2G        10M        20M       199M

MemTotal:        4016008 kB
MemFree:         3376212 kB
Active:           361444 kB
Mem:          3.8G       624M       3.2G        10M        20M       199M

MemTotal:        4016008 kB
MemFree:         3376584 kB
Active:           361428 kB
Mem:          3.8G       624M       3.2G        10M        20M       199M

MemTotal:        4016008 kB
MemFree:         3376212 kB
Active:           361444 kB
Mem:          3.8G       624M       3.2G        10M        20M       199M

MemTotal:        4016008 kB
MemFree:         3376212 kB
Active:           361444 kB
Mem:          3.8G       624M       3.2G        10M        20M       199M

MemTotal:        4016008 kB
MemFree:         3376460 kB
Active:           361408 kB
Mem:          3.8G       624M       3.2G        10M        20M       199M

MemTotal:        4016008 kB
MemFree:         3376584 kB
Active:           361444 kB
Mem:          3.8G       624M       3.2G        10M        20M       199M

MemTotal:        4016008 kB
MemFree:         3376584 kB
Active:           361412 kB
Mem:          3.8G       624M       3.2G        10M        20M       199M

MemTotal:        4016008 kB
MemFree:         3376212 kB
Active:           361460 kB
Mem:          3.8G       624M       3.2G        10M        20M       199M

MemTotal:        4016008 kB
MemFree:         3376584 kB
Active:           361420 kB
Mem:          3.8G       624M       3.2G        10M        20M       199M

MemTotal:        4016008 kB
MemFree:         3376460 kB
Active:           361428 kB
Mem:          3.8G       624M       3.2G        10M        20M       199M

MemTotal:        4016008 kB
MemFree:         3376584 kB
Active:           361440 kB
Mem:          3.8G       624M       3.2G        10M        20M       199M

MemTotal:        4016008 kB
MemFree:         3376584 kB
Active:           361468 kB
Mem:          3.8G       624M       3.2G        10M        20M       199M

MemTotal:        4016008 kB
MemFree:         3376708 kB
Active:           361440 kB
Mem:          3.8G       624M       3.2G        10M        20M       199M

MemTotal:        4016008 kB
MemFree:         3376460 kB
Active:           361424 kB
Mem:          3.8G       624M       3.2G        10M        20M       199M

MemTotal:        4016008 kB
MemFree:         3376832 kB
Active:           361448 kB
Mem:          3.8G       624M       3.2G        10M        20M       199M

MemTotal:        4016008 kB
MemFree:         3376708 kB
Active:           361416 kB
Mem:          3.8G       624M       3.2G        10M        20M       199M

MemTotal:        4016008 kB
MemFree:         3376336 kB
Active:           361472 kB
Mem:          3.8G       624M       3.2G        10M        20M       199M

MemTotal:        4016008 kB
MemFree:         3376212 kB
Active:           361436 kB
Mem:          3.8G       624M       3.2G        10M        20M       199M

MemTotal:        4016008 kB
MemFree:         3376336 kB
Active:           361468 kB
Mem:          3.8G       624M       3.2G        10M        20M       199M

MemTotal:        4016008 kB
MemFree:         3376460 kB
Active:           361456 kB
Mem:          3.8G       624M       3.2G        10M        20M       199M

MemTotal:        4016008 kB
MemFree:         3376212 kB
Active:           361484 kB
Mem:          3.8G       624M       3.2G        10M        20M       199M

MemTotal:        4016008 kB
MemFree:         3376584 kB
Active:           361480 kB
Mem:          3.8G       624M       3.2G        10M        20M       199M

MemTotal:        4016008 kB
MemFree:         3376568 kB
Active:           361556 kB
Mem:          3.8G       624M       3.2G        10M        20M       199M

MemTotal:        4016008 kB
MemFree:         3376088 kB
Active:           361488 kB
Mem:          3.8G       624M       3.2G        10M        20M       199M

MemTotal:        4016008 kB
MemFree:         3376336 kB
Active:           361464 kB
Mem:          3.8G       624M       3.2G        10M        20M       199M

MemTotal:        4016008 kB
MemFree:         3376088 kB
Active:           361788 kB
Mem:          3.8G       625M       3.2G        10M        20M       199M

MemTotal:        4016008 kB
MemFree:         3375220 kB
Active:           362092 kB
Mem:          3.8G       625M       3.2G        10M        20M       199M

MemTotal:        4016008 kB
MemFree:         3367340 kB
Active:           367248 kB
Mem:          3.8G       633M       3.2G        10M        21M       201M

MemTotal:        4016008 kB
MemFree:         3367216 kB
Active:           367992 kB
Mem:          3.8G       633M       3.2G        10M        21M       202M

MemTotal:        4016008 kB
MemFree:         3366732 kB
Active:           368152 kB
Mem:          3.8G       634M       3.2G        10M        21M       202M

MemTotal:        4016008 kB
MemFree:         3365988 kB
Active:           368224 kB
Mem:          3.8G       634M       3.2G        10M        21M       202M

MemTotal:        4016008 kB
MemFree:         3365640 kB
Active:           368740 kB
Mem:          3.8G       635M       3.2G        10M        21M       202M

MemTotal:        4016008 kB
MemFree:         3365444 kB
Active:           368900 kB
Mem:          3.8G       635M       3.2G        10M        21M       202M

MemTotal:        4016008 kB
MemFree:         3365148 kB
Active:           369064 kB
Mem:          3.8G       635M       3.2G        10M        21M       202M

MemTotal:        4016008 kB
MemFree:         3365024 kB
Active:           369268 kB
Mem:          3.8G       635M       3.2G        10M        21M       202M

MemTotal:        4016008 kB
MemFree:         3364652 kB
Active:           369336 kB
Mem:          3.8G       635M       3.2G        10M        21M       202M

MemTotal:        4016008 kB
MemFree:         3364760 kB
Active:           369520 kB
Mem:          3.8G       635M       3.2G        10M        21M       202M

MemTotal:        4016008 kB
MemFree:         3364248 kB
Active:           369700 kB
Mem:          3.8G       636M       3.2G        10M        21M       202M

MemTotal:        4016008 kB
MemFree:         3362212 kB
Active:           370152 kB
Mem:          3.8G       638M       3.2G        10M        21M       204M

MemTotal:        4016008 kB
MemFree:         3358368 kB
Active:           372252 kB
Mem:          3.8G       642M       3.2G        10M        21M       207M

MemTotal:        4016008 kB
MemFree:         3357864 kB
Active:           372552 kB
Mem:          3.8G       642M       3.2G        10M        21M       207M

MemTotal:        4016008 kB
MemFree:         3357368 kB
Active:           372564 kB
Mem:          3.8G       643M       3.2G        10M        21M       207M

MemTotal:        4016008 kB
MemFree:         3356872 kB
Active:           372572 kB
Mem:          3.8G       643M       3.2G        10M        21M       207M

MemTotal:        4016008 kB
MemFree:         3357244 kB
Active:           372552 kB
Mem:          3.8G       643M       3.2G        10M        21M       207M

MemTotal:        4016008 kB
MemFree:         3356748 kB
Active:           372528 kB
Mem:          3.8G       643M       3.2G        10M        21M       207M

MemTotal:        4016008 kB
MemFree:         3356748 kB
Active:           372704 kB
Mem:          3.8G       644M       3.2G        10M        21M       207M

MemTotal:        4016008 kB
MemFree:         3355992 kB
Active:           373432 kB
Mem:          3.8G       644M       3.2G        10M        21M       207M

MemTotal:        4016008 kB
MemFree:         3355460 kB
Active:           373680 kB
Mem:          3.8G       644M       3.2G        10M        21M       207M

MemTotal:        4016008 kB
MemFree:         3355832 kB
Active:           373624 kB
Mem:          3.8G       644M       3.2G        10M        21M       207M

MemTotal:        4016008 kB
MemFree:         3355832 kB
Active:           373628 kB
Mem:          3.8G       644M       3.2G        10M        21M       207M

MemTotal:        4016008 kB
MemFree:         3355832 kB
Active:           373688 kB
Mem:          3.8G       644M       3.2G        10M        21M       207M

MemTotal:        4016008 kB
MemFree:         3355708 kB
Active:           373660 kB
Mem:          3.8G       644M       3.2G        10M        21M       207M

MemTotal:        4016008 kB
MemFree:         3355956 kB
Active:           373640 kB
Mem:          3.8G       644M       3.2G        10M        21M       207M

MemTotal:        4016008 kB
MemFree:         3355956 kB
Active:           373652 kB
Mem:          3.8G       644M       3.2G        10M        21M       207M

MemTotal:        4016008 kB
MemFree:         3355972 kB
Active:           373656 kB
Mem:          3.8G       645M       3.2G        10M        21M       207M

MemTotal:        4016008 kB
MemFree:         3356112 kB
Active:           373620 kB
Mem:          3.8G       644M       3.2G        10M        21M       207M

MemTotal:        4016008 kB
MemFree:         3356360 kB
Active:           373676 kB
Mem:          3.8G       644M       3.2G        10M        21M       207M

MemTotal:        4016008 kB
MemFree:         3356204 kB
Active:           373648 kB
Mem:          3.8G       644M       3.2G        10M        21M       207M

MemTotal:        4016008 kB
MemFree:         3356236 kB
Active:           373660 kB
Mem:          3.8G       644M       3.2G        10M        21M       207M

MemTotal:        4016008 kB
MemFree:         3350020 kB
Active:           379700 kB
Mem:          3.8G       650M       3.2G        10M        23M       208M

MemTotal:        4016008 kB
MemFree:         3340844 kB
Active:           385600 kB
Mem:          3.8G       659M       3.2G        10M        23M       211M

MemTotal:        4016008 kB
MemFree:         3329684 kB
Active:           391968 kB
Mem:          3.8G       669M       3.2G        10M        24M       215M

MemTotal:        4016008 kB
MemFree:         3315548 kB
Active:           402036 kB
Mem:          3.8G       684M       3.2G        10M        24M       220M

MemTotal:        4016008 kB
MemFree:         3302636 kB
Active:           409268 kB
Mem:          3.8G       696M       3.1G        10M        24M       225M

MemTotal:        4016008 kB
MemFree:         3297180 kB
Active:           413500 kB
