MemTotal:        4016008 kB
MemFree:         3226820 kB
Active:           430876 kB
Mem:          3.8G       771M       3.1G       6.3M        50M       333M

MemTotal:        4016008 kB
MemFree:         3226712 kB
Active:           431104 kB
Mem:          3.8G       771M       3.1G       6.3M        50M       333M

MemTotal:        4016008 kB
MemFree:         3226712 kB
Active:           431196 kB
Mem:          3.8G       770M       3.1G       6.3M        50M       333M

MemTotal:        4016008 kB
MemFree:         3226712 kB
Active:           431204 kB
Mem:          3.8G       771M       3.1G       6.3M        50M       333M

MemTotal:        4016008 kB
MemFree:         3226696 kB
Active:           431180 kB
Mem:          3.8G       770M       3.1G       6.3M        50M       333M

MemTotal:        4016008 kB
MemFree:         3226588 kB
Active:           431192 kB
Mem:          3.8G       770M       3.1G       6.3M        50M       333M

MemTotal:        4016008 kB
MemFree:         3226464 kB
Active:           431228 kB
Mem:          3.8G       771M       3.1G       6.3M        50M       333M

MemTotal:        4016008 kB
MemFree:         3226340 kB
Active:           431172 kB
Mem:          3.8G       771M       3.1G       6.3M        50M       333M

MemTotal:        4016008 kB
MemFree:         3226092 kB
Active:           431224 kB
Mem:          3.8G       771M       3.1G       6.3M        50M       333M

MemTotal:        4016008 kB
MemFree:         3201444 kB
Active:           442408 kB
Mem:          3.8G       795M       3.1G        14M        51M       341M

MemTotal:        4016008 kB
MemFree:         3203152 kB
Active:           440336 kB
Mem:          3.8G       794M       3.1G        14M        51M       341M

MemTotal:        4016008 kB
MemFree:         3201968 kB
Active:           441100 kB
Mem:          3.8G       795M       3.1G        14M        51M       341M

MemTotal:        4016008 kB
MemFree:         3199764 kB
Active:           441064 kB
Mem:          3.8G       796M       3.1G        14M        51M       341M

MemTotal:        4016008 kB
MemFree:         3200384 kB
Active:           443108 kB
Mem:          3.8G       797M       3.1G        14M        51M       341M

MemTotal:        4016008 kB
MemFree:         3199624 kB
Active:           443084 kB
Mem:          3.8G       796M       3.1G        14M        51M       341M

MemTotal:        4016008 kB
MemFree:         3199872 kB
Active:           443124 kB
Mem:          3.8G       797M       3.1G        14M        51M       341M

MemTotal:        4016008 kB
MemFree:         3199996 kB
Active:           443080 kB
Mem:          3.8G       797M       3.1G        14M        51M       341M

MemTotal:        4016008 kB
MemFree:         3199996 kB
Active:           443072 kB
Mem:          3.8G       797M       3.1G        14M        51M       341M

MemTotal:        4016008 kB
MemFree:         3198972 kB
Active:           443124 kB
Mem:          3.8G       797M       3.1G        14M        51M       341M

MemTotal:        4016008 kB
MemFree:         3198956 kB
Active:           443136 kB
Mem:          3.8G       797M       3.1G        14M        51M       341M

MemTotal:        4016008 kB
MemFree:         3199452 kB
Active:           443180 kB
Mem:          3.8G       797M       3.1G        14M        51M       341M

MemTotal:        4016008 kB
MemFree:         3199328 kB
Active:           443128 kB
Mem:          3.8G       797M       3.1G        14M        51M       341M

MemTotal:        4016008 kB
MemFree:         3199312 kB
Active:           443140 kB
Mem:          3.8G       797M       3.1G        14M        51M       341M

MemTotal:        4016008 kB
MemFree:         3199064 kB
Active:           443140 kB
Mem:          3.8G       797M       3.1G        14M        51M       341M

MemTotal:        4016008 kB
MemFree:         3201420 kB
Active:           441184 kB
Mem:          3.8G       795M       3.1G        14M        51M       341M

MemTotal:        4016008 kB
MemFree:         3201420 kB
Active:           441136 kB
Mem:          3.8G       795M       3.1G        14M        51M       341M

MemTotal:        4016008 kB
MemFree:         3201808 kB
Active:           441176 kB
Mem:          3.8G       795M       3.1G        14M        51M       341M

MemTotal:        4016008 kB
MemFree:         3201064 kB
Active:           441144 kB
Mem:          3.8G       795M       3.1G        14M        51M       341M

MemTotal:        4016008 kB
MemFree:         3201296 kB
Active:           441176 kB
Mem:          3.8G       795M       3.1G        14M        51M       341M

MemTotal:        4016008 kB
MemFree:         3201668 kB
Active:           441152 kB
Mem:          3.8G       795M       3.1G        14M        51M       341M

MemTotal:        4016008 kB
MemFree:         3201544 kB
Active:           441180 kB
Mem:          3.8G       795M       3.1G        14M        51M       341M

MemTotal:        4016008 kB
MemFree:         3201668 kB
Active:           441188 kB
Mem:          3.8G       795M       3.1G        14M        51M       341M

MemTotal:        4016008 kB
MemFree:         3199496 kB
Active:           441168 kB
Mem:          3.8G       797M       3.1G        14M        51M       341M

MemTotal:        4016008 kB
MemFree:         3199604 kB
Active:           443164 kB
Mem:          3.8G       797M       3.1G        14M        51M       341M

MemTotal:        4016008 kB
MemFree:         3199356 kB
Active:           443216 kB
Mem:          3.8G       797M       3.1G        14M        51M       341M

MemTotal:        4016008 kB
MemFree:         3199480 kB
Active:           443188 kB
Mem:          3.8G       797M       3.1G        14M        51M       341M

MemTotal:        4016008 kB
MemFree:         3199604 kB
Active:           443184 kB
Mem:          3.8G       797M       3.1G        14M        51M       341M

MemTotal:        4016008 kB
MemFree:         3199604 kB
Active:           443204 kB
Mem:          3.8G       797M       3.1G        14M        51M       341M

MemTotal:        4016008 kB
MemFree:         3199728 kB
Active:           443176 kB
Mem:          3.8G       797M       3.1G        14M        51M       341M

MemTotal:        4016008 kB
MemFree:         3199852 kB
Active:           443216 kB
Mem:          3.8G       797M       3.1G        14M        51M       341M

MemTotal:        4016008 kB
MemFree:         3199464 kB
Active:           443204 kB
Mem:          3.8G       797M       3.1G        14M        51M       341M

MemTotal:        4016008 kB
MemFree:         3199216 kB
Active:           443224 kB
Mem:          3.8G       797M       3.1G        14M        51M       341M

MemTotal:        4016008 kB
MemFree:         3199464 kB
Active:           443216 kB
Mem:          3.8G       797M       3.1G        14M        51M       341M

MemTotal:        4016008 kB
MemFree:         3199588 kB
Active:           443184 kB
Mem:          3.8G       797M       3.1G        14M        51M       341M

MemTotal:        4016008 kB
MemFree:         3199588 kB
Active:           443208 kB
Mem:          3.8G       797M       3.1G        14M        51M       341M

MemTotal:        4016008 kB
MemFree:         3199588 kB
Active:           443204 kB
Mem:          3.8G       797M       3.1G        14M        51M       341M

MemTotal:        4016008 kB
MemFree:         3199696 kB
Active:           443248 kB
Mem:          3.8G       797M       3.1G        14M        51M       341M

MemTotal:        4016008 kB
MemFree:         3199572 kB
Active:           443204 kB
Mem:          3.8G       797M       3.1G        14M        51M       341M

MemTotal:        4016008 kB
MemFree:         3199572 kB
Active:           443244 kB
Mem:          3.8G       797M       3.1G        14M        51M       341M

MemTotal:        4016008 kB
MemFree:         3199572 kB
Active:           443224 kB
Mem:          3.8G       797M       3.1G        14M        51M       341M

MemTotal:        4016008 kB
MemFree:         3199696 kB
Active:           443232 kB
Mem:          3.8G       797M       3.1G        14M        51M       341M

MemTotal:        4016008 kB
MemFree:         3199944 kB
Active:           443264 kB
Mem:          3.8G       797M       3.1G        14M        51M       341M

MemTotal:        4016008 kB
MemFree:         3199680 kB
Active:           443236 kB
Mem:          3.8G       797M       3.1G        14M        51M       341M

MemTotal:        4016008 kB
MemFree:         3199680 kB
Active:           443272 kB
Mem:          3.8G       797M       3.1G        14M        51M       341M

MemTotal:        4016008 kB
MemFree:         3199308 kB
Active:           443264 kB
Mem:          3.8G       797M       3.1G        14M        51M       341M

MemTotal:        4016008 kB
MemFree:         3198936 kB
Active:           443292 kB
Mem:          3.8G       797M       3.1G        14M        51M       341M

MemTotal:        4016008 kB
MemFree:         3199448 kB
Active:           443240 kB
Mem:          3.8G       797M       3.1G        14M        51M       341M

MemTotal:        4016008 kB
MemFree:         3199448 kB
Active:           443280 kB
Mem:          3.8G       797M       3.1G        14M        51M       341M

MemTotal:        4016008 kB
MemFree:         3199324 kB
Active:           443288 kB
Mem:          3.8G       797M       3.1G        14M        51M       341M

MemTotal:        4016008 kB
MemFree:         3199324 kB
Active:           443260 kB
Mem:          3.8G       797M       3.1G        14M        51M       341M

MemTotal:        4016008 kB
MemFree:         3199200 kB
Active:           443300 kB
Mem:          3.8G       797M       3.1G        14M        51M       341M

MemTotal:        4016008 kB
MemFree:         3198952 kB
Active:           443304 kB
Mem:          3.8G       797M       3.1G        14M        51M       341M

MemTotal:        4016008 kB
MemFree:         3199200 kB
Active:           443260 kB
Mem:          3.8G       797M       3.1G        14M        51M       341M

MemTotal:        4016008 kB
MemFree:         3199324 kB
Active:           443284 kB
Mem:          3.8G       797M       3.1G        14M        51M       341M

MemTotal:        4016008 kB
MemFree:         3198828 kB
Active:           443312 kB
Mem:          3.8G       797M       3.1G        14M        51M       341M

MemTotal:        4016008 kB
MemFree:         3199076 kB
Active:           443312 kB
Mem:          3.8G       797M       3.1G        14M        51M       341M

MemTotal:        4016008 kB
MemFree:         3199000 kB
Active:           443264 kB
Mem:          3.8G       797M       3.1G        14M        51M       341M

MemTotal:        4016008 kB
MemFree:         3199372 kB
Active:           443284 kB
Mem:          3.8G       797M       3.1G        14M        51M       341M

MemTotal:        4016008 kB
MemFree:         3199248 kB
Active:           443312 kB
Mem:          3.8G       797M       3.1G        14M        51M       341M

MemTotal:        4016008 kB
MemFree:         3199124 kB
Active:           443312 kB
Mem:          3.8G       797M       3.1G        14M        51M       341M

MemTotal:        4016008 kB
MemFree:         3199372 kB
Active:           443260 kB
Mem:          3.8G       797M       3.1G        14M        51M       341M

MemTotal:        4016008 kB
MemFree:         3198732 kB
Active:           441356 kB
Mem:          3.8G       798M       3.1G        14M        51M       341M

MemTotal:        4016008 kB
MemFree:         3198812 kB
Active:           441240 kB
Mem:          3.8G       797M       3.1G        14M        51M       341M

MemTotal:        4016008 kB
MemFree:         3198936 kB
Active:           443268 kB
Mem:          3.8G       798M       3.1G        14M        51M       341M

MemTotal:        4016008 kB
MemFree:         3198936 kB
Active:           443296 kB
Mem:          3.8G       797M       3.1G        14M        51M       341M

MemTotal:        4016008 kB
MemFree:         3198688 kB
Active:           443316 kB
Mem:          3.8G       798M       3.1G        14M        51M       341M

MemTotal:        4016008 kB
MemFree:         3199060 kB
Active:           443288 kB
Mem:          3.8G       797M       3.1G        14M        51M       341M

MemTotal:        4016008 kB
MemFree:         3199044 kB
Active:           443292 kB
Mem:          3.8G       797M       3.1G        14M        51M       341M

MemTotal:        4016008 kB
MemFree:         3199168 kB
Active:           443308 kB
Mem:          3.8G       797M       3.1G        14M        51M       341M

MemTotal:        4016008 kB
MemFree:         3198920 kB
Active:           443324 kB
Mem:          3.8G       797M       3.1G        14M        51M       341M

MemTotal:        4016008 kB
MemFree:         3198920 kB
Active:           443280 kB
Mem:          3.8G       798M       3.1G        14M        51M       341M

MemTotal:        4016008 kB
MemFree:         3198920 kB
Active:           443324 kB
Mem:          3.8G       797M       3.1G        14M        51M       341M

MemTotal:        4016008 kB
MemFree:         3198920 kB
Active:           443304 kB
Mem:          3.8G       798M       3.1G        14M        51M       341M

MemTotal:        4016008 kB
MemFree:         3198920 kB
Active:           443308 kB
Mem:          3.8G       797M       3.1G        14M        51M       341M

MemTotal:        4016008 kB
MemFree:         3199028 kB
Active:           443284 kB
Mem:          3.8G       798M       3.1G        14M        51M       341M

MemTotal:        4016008 kB
MemFree:         3198408 kB
Active:           443340 kB
Mem:          3.8G       798M       3.1G        14M        51M       341M

MemTotal:        4016008 kB
MemFree:         3198904 kB
Active:           443316 kB
Mem:          3.8G       797M       3.1G        14M        51M       341M

MemTotal:        4016008 kB
MemFree:         3198872 kB
Active:           443304 kB
Mem:          3.8G       798M       3.1G        14M        51M       341M

MemTotal:        4016008 kB
MemFree:         3198764 kB
Active:           443320 kB
Mem:          3.8G       797M       3.1G        14M        51M       341M

MemTotal:        4016008 kB
MemFree:         3198640 kB
Active:           443332 kB
Mem:          3.8G       798M       3.1G        14M        51M       341M

MemTotal:        4016008 kB
MemFree:         3198764 kB
Active:           443312 kB
Mem:          3.8G       798M       3.1G        14M        51M       341M

MemTotal:        4016008 kB
MemFree:         3198328 kB
Active:           441320 kB
Mem:          3.8G       798M       3.1G        14M        51M       341M

MemTotal:        4016008 kB
MemFree:         3198700 kB
Active:           443368 kB
Mem:          3.8G       797M       3.1G        14M        51M       341M

MemTotal:        4016008 kB
MemFree:         3199072 kB
Active:           443324 kB
Mem:          3.8G       798M       3.1G        14M        51M       341M

MemTotal:        4016008 kB
MemFree:         3198700 kB
Active:           443368 kB
Mem:          3.8G       798M       3.1G        14M        51M       341M

MemTotal:        4016008 kB
MemFree:         3198436 kB
Active:           443368 kB
Mem:          3.8G       798M       3.1G        14M        51M       341M

MemTotal:        4016008 kB
MemFree:         3198932 kB
Active:           443324 kB
Mem:          3.8G       797M       3.1G        14M        51M       341M

MemTotal:        4016008 kB
MemFree:         3198932 kB
Active:           443344 kB
Mem:          3.8G       797M       3.1G        14M        51M       341M

MemTotal:        4016008 kB
MemFree:         3198808 kB
Active:           443380 kB
Mem:          3.8G       797M       3.1G        14M        51M       341M

MemTotal:        4016008 kB
MemFree:         3199304 kB
Active:           443344 kB
Mem:          3.8G       797M       3.1G        14M        51M       341M

MemTotal:        4016008 kB
MemFree:         3199676 kB
Active:           443372 kB
Mem:          3.8G       797M       3.1G        14M        51M       341M

MemTotal:        4016008 kB
MemFree:         3198916 kB
Active:           443352 kB
Mem:          3.8G       797M       3.1G        14M        51M       341M

MemTotal:        4016008 kB
MemFree:         3199148 kB
Active:           443336 kB
Mem:          3.8G       797M       3.1G        14M        51M       341M

MemTotal:        4016008 kB
MemFree:         3199024 kB
Active:           443384 kB
Mem:          3.8G       797M       3.1G        14M        51M       341M

MemTotal:        4016008 kB
MemFree:         3198652 kB
Active:           443412 kB
Mem:          3.8G       798M       3.1G        14M        51M       341M

MemTotal:        4016008 kB
MemFree:         3198652 kB
Active:           443412 kB
Mem:          3.8G       798M       3.1G        14M        51M       341M

MemTotal:        4016008 kB
MemFree:         3199148 kB
Active:           443400 kB
Mem:          3.8G       797M       3.1G        14M        51M       341M

MemTotal:        4016008 kB
MemFree:         3199380 kB
Active:           443360 kB
Mem:          3.8G       797M       3.1G        14M        51M       341M

MemTotal:        4016008 kB
MemFree:         3198760 kB
Active:           443412 kB
Mem:          3.8G       797M       3.1G        14M        51M       341M

MemTotal:        4016008 kB
MemFree:         3199132 kB
Active:           443360 kB
Mem:          3.8G       797M       3.1G        14M        51M       341M

MemTotal:        4016008 kB
MemFree:         3199072 kB
Active:           443376 kB
Mem:          3.8G       797M       3.1G        14M        51M       341M

MemTotal:        4016008 kB
MemFree:         3198636 kB
Active:           441360 kB
Mem:          3.8G       798M       3.1G        14M        51M       341M

MemTotal:        4016008 kB
MemFree:         3198388 kB
Active:           443436 kB
Mem:          3.8G       798M       3.1G        14M        51M       341M

MemTotal:        4016008 kB
MemFree:         3199132 kB
Active:           443384 kB
Mem:          3.8G       797M       3.1G        14M        51M       341M

MemTotal:        4016008 kB
MemFree:         3199504 kB
Active:           443412 kB
Mem:          3.8G       797M       3.1G        14M        51M       341M

MemTotal:        4016008 kB
MemFree:         3199628 kB
Active:           443432 kB
Mem:          3.8G       797M       3.1G        14M        51M       341M

MemTotal:        4016008 kB
MemFree:         3199008 kB
Active:           443440 kB
Mem:          3.8G       797M       3.1G        14M        51M       341M

MemTotal:        4016008 kB
MemFree:         3199132 kB
Active:           443440 kB
Mem:          3.8G       797M       3.1G        14M        51M       341M

MemTotal:        4016008 kB
MemFree:         3199256 kB
Active:           443392 kB
Mem:          3.8G       797M       3.1G        14M        51M       341M

MemTotal:        4016008 kB
MemFree:         3199256 kB
Active:           443412 kB
Mem:          3.8G       797M       3.1G        14M        51M       341M

MemTotal:        4016008 kB
MemFree:         3199256 kB
Active:           443448 kB
Mem:          3.8G       797M       3.1G        14M        51M       341M

MemTotal:        4016008 kB
MemFree:         3199380 kB
Active:           443436 kB
Mem:          3.8G       797M       3.1G        14M        51M       341M

MemTotal:        4016008 kB
MemFree:         3199132 kB
Active:           443432 kB
Mem:          3.8G       797M       3.1G        14M        51M       341M

MemTotal:        4016008 kB
MemFree:         3199132 kB
Active:           443400 kB
Mem:          3.8G       797M       3.1G        14M        51M       341M

MemTotal:        4016008 kB
MemFree:         3199132 kB
Active:           443420 kB
Mem:          3.8G       797M       3.1G        14M        51M       341M

MemTotal:        4016008 kB
MemFree:         3199504 kB
Active:           443444 kB
Mem:          3.8G       797M       3.1G        14M        51M       341M

MemTotal:        4016008 kB
MemFree:         3199256 kB
Active:           443456 kB
Mem:          3.8G       797M       3.1G        14M        51M       341M

MemTotal:        4016008 kB
MemFree:         3199628 kB
Active:           443428 kB
Mem:          3.8G       797M       3.1G        14M        51M       341M

MemTotal:        4016008 kB
MemFree:         3199628 kB
Active:           443440 kB
Mem:          3.8G       797M       3.1G        14M        51M       341M

MemTotal:        4016008 kB
MemFree:         3199504 kB
Active:           443428 kB
Mem:          3.8G       797M       3.1G        14M        51M       341M

MemTotal:        4016008 kB
MemFree:         3199132 kB
Active:           443464 kB
Mem:          3.8G       798M       3.1G        14M        51M       341M

MemTotal:        4016008 kB
MemFree:         3199132 kB
Active:           443420 kB
Mem:          3.8G       797M       3.1G        14M        51M       341M

MemTotal:        4016008 kB
MemFree:         3198636 kB
Active:           443448 kB
Mem:          3.8G       798M       3.1G        14M        51M       341M

MemTotal:        4016008 kB
MemFree:         3198264 kB
Active:           443472 kB
Mem:          3.8G       798M       3.1G        14M        51M       341M

MemTotal:        4016008 kB
MemFree:         3198760 kB
Active:           443416 kB
Mem:          3.8G       798M       3.1G        14M        51M       341M

MemTotal:        4016008 kB
MemFree:         3199008 kB
Active:           443472 kB
Mem:          3.8G       797M       3.1G        14M        51M       341M

MemTotal:        4016008 kB
MemFree:         3199132 kB
Active:           443436 kB
Mem:          3.8G       798M       3.1G        14M        51M       341M

MemTotal:        4016008 kB
MemFree:         3199008 kB
Active:           443456 kB
Mem:          3.8G       797M       3.1G        14M        51M       341M

MemTotal:        4016008 kB
MemFree:         3198760 kB
Active:           443460 kB
Mem:          3.8G       797M       3.1G        14M        51M       341M

MemTotal:        4016008 kB
MemFree:         3199256 kB
Active:           443472 kB
Mem:          3.8G       797M       3.1G        14M        51M       341M

MemTotal:        4016008 kB
MemFree:         3199132 kB
Active:           443440 kB
Mem:          3.8G       797M       3.1G        14M        51M       341M

MemTotal:        4016008 kB
MemFree:         3199256 kB
Active:           443488 kB
Mem:          3.8G       797M       3.1G        14M        51M       341M

MemTotal:        4016008 kB
MemFree:         3199256 kB
Active:           443452 kB
Mem:          3.8G       797M       3.1G        14M        51M       341M

MemTotal:        4016008 kB
MemFree:         3199380 kB
Active:           443448 kB
Mem:          3.8G       797M       3.1G        14M        51M       341M

MemTotal:        4016008 kB
MemFree:         3199256 kB
Active:           443472 kB
Mem:          3.8G       797M       3.1G        14M        51M       341M

MemTotal:        4016008 kB
MemFree:         3199132 kB
Active:           443496 kB
Mem:          3.8G       797M       3.1G        14M        51M       341M

MemTotal:        4016008 kB
MemFree:         3199008 kB
Active:           443472 kB
Mem:          3.8G       797M       3.1G        14M        51M       341M

MemTotal:        4016008 kB
MemFree:         3199504 kB
Active:           443440 kB
Mem:          3.8G       797M       3.1G        14M        51M       341M

MemTotal:        4016008 kB
MemFree:         3199380 kB
Active:           443468 kB
Mem:          3.8G       797M       3.1G        14M        51M       341M

MemTotal:        4016008 kB
MemFree:         3199380 kB
Active:           443484 kB
Mem:          3.8G       797M       3.1G        14M        51M       341M

MemTotal:        4016008 kB
MemFree:         3199132 kB
Active:           443456 kB
Mem:          3.8G       797M       3.1G        14M        51M       341M

MemTotal:        4016008 kB
MemFree:         3199380 kB
Active:           443480 kB
Mem:          3.8G       797M       3.1G        14M        51M       341M

MemTotal:        4016008 kB
MemFree:         3199380 kB
Active:           443496 kB
Mem:          3.8G       797M       3.1G        14M        51M       341M

MemTotal:        4016008 kB
MemFree:         3199256 kB
Active:           443500 kB
Mem:          3.8G       797M       3.1G        14M        51M       341M

MemTotal:        4016008 kB
MemFree:         3199320 kB
Active:           443512 kB
Mem:          3.8G       797M       3.1G        14M        51M       341M

MemTotal:        4016008 kB
MemFree:         3199432 kB
Active:           443464 kB
Mem:          3.8G       797M       3.1G        14M        51M       341M

MemTotal:        4016008 kB
MemFree:         3199092 kB
Active:           443476 kB
Mem:          3.8G       797M       3.1G        14M        51M       341M

MemTotal:        4016008 kB
MemFree:         3199092 kB
Active:           443512 kB
Mem:          3.8G       797M       3.1G        14M        51M       341M

MemTotal:        4016008 kB
MemFree:         3198968 kB
Active:           443524 kB
Mem:          3.8G       798M       3.1G        14M        51M       341M

MemTotal:        4016008 kB
MemFree:         3198844 kB
Active:           443504 kB
Mem:          3.8G       797M       3.1G        14M        51M       341M

MemTotal:        4016008 kB
MemFree:         3198036 kB
Active:           441556 kB
Mem:          3.8G       798M       3.1G        14M        51M       341M

MemTotal:        4016008 kB
MemFree:         3198408 kB
Active:           443580 kB
Mem:          3.8G       798M       3.1G        14M        51M       341M

MemTotal:        4016008 kB
MemFree:         3198284 kB
Active:           443616 kB
Mem:          3.8G       798M       3.1G        14M        51M       341M

MemTotal:        4016008 kB
MemFree:         3198780 kB
Active:           443612 kB
Mem:          3.8G       797M       3.1G        14M        51M       341M

MemTotal:        4016008 kB
MemFree:         3199152 kB
Active:           443572 kB
Mem:          3.8G       797M       3.1G        14M        51M       341M

MemTotal:        4016008 kB
MemFree:         3198780 kB
Active:           443608 kB
Mem:          3.8G       797M       3.1G        14M        51M       341M

MemTotal:        4016008 kB
MemFree:         3199400 kB
Active:           443576 kB
Mem:          3.8G       797M       3.1G        14M        51M       341M

MemTotal:        4016008 kB
MemFree:         3199152 kB
Active:           443620 kB
Mem:          3.8G       797M       3.1G        14M        51M       341M

MemTotal:        4016008 kB
MemFree:         3199152 kB
Active:           443604 kB
Mem:          3.8G       797M       3.1G        14M        51M       341M

MemTotal:        4016008 kB
MemFree:         3199152 kB
Active:           443596 kB
Mem:          3.8G       797M       3.1G        14M        51M       341M

MemTotal:        4016008 kB
MemFree:         3198548 kB
Active:           441584 kB
Mem:          3.8G       798M       3.1G        14M        51M       341M

MemTotal:        4016008 kB
MemFree:         3199168 kB
Active:           443600 kB
Mem:          3.8G       797M       3.1G        14M        51M       341M

MemTotal:        4016008 kB
MemFree:         3199416 kB
Active:           443636 kB
Mem:          3.8G       797M       3.1G        14M        51M       341M

MemTotal:        4016008 kB
MemFree:         3199912 kB
Active:           443616 kB
Mem:          3.8G       797M       3.1G        14M        51M       341M

MemTotal:        4016008 kB
MemFree:         3199168 kB
Active:           443644 kB
Mem:          3.8G       797M       3.1G        14M        51M       341M

MemTotal:        4016008 kB
MemFree:         3199168 kB
Active:           443644 kB
Mem:          3.8G       797M       3.1G        14M        51M       341M

MemTotal:        4016008 kB
MemFree:         3198920 kB
Active:           443644 kB
Mem:          3.8G       797M       3.1G        14M        51M       341M

MemTotal:        4016008 kB
MemFree:         3199292 kB
Active:           443596 kB
Mem:          3.8G       797M       3.1G        14M        51M       341M

MemTotal:        4016008 kB
MemFree:         3199044 kB
Active:           443640 kB
Mem:          3.8G       798M       3.1G        14M        51M       341M

MemTotal:        4016008 kB
MemFree:         3198920 kB
Active:           443612 kB
Mem:          3.8G       797M       3.1G        14M        51M       341M

MemTotal:        4016008 kB
MemFree:         3364832 kB
Active:           369804 kB
Mem:          3.8G       635M       3.2G        14M        20M       207M

MemTotal:        4016008 kB
MemFree:         3365388 kB
Active:           369628 kB
Mem:          3.8G       635M       3.2G        14M        20M       207M

MemTotal:        4016008 kB
MemFree:         3365388 kB
Active:           369668 kB
Mem:          3.8G       635M       3.2G        14M        20M       207M

MemTotal:        4016008 kB
MemFree:         3366008 kB
Active:           369700 kB
Mem:          3.8G       634M       3.2G        14M        20M       207M

MemTotal:        4016008 kB
MemFree:         3366256 kB
Active:           369700 kB
Mem:          3.8G       634M       3.2G        14M        20M       207M

MemTotal:        4016008 kB
MemFree:         3366132 kB
Active:           369672 kB
Mem:          3.8G       634M       3.2G        14M        20M       207M

MemTotal:        4016008 kB
MemFree:         3366132 kB
Active:           369704 kB
Mem:          3.8G       634M       3.2G        14M        20M       207M

MemTotal:        4016008 kB
MemFree:         3366256 kB
Active:           369680 kB
Mem:          3.8G       634M       3.2G        14M        20M       207M

MemTotal:        4016008 kB
MemFree:         3366132 kB
Active:           369688 kB
Mem:          3.8G       634M       3.2G        14M        20M       207M

MemTotal:        4016008 kB
MemFree:         3366380 kB
Active:           369672 kB
Mem:          3.8G       634M       3.2G        14M        20M       207M

MemTotal:        4016008 kB
MemFree:         3366504 kB
Active:           369700 kB
Mem:          3.8G       634M       3.2G        14M        20M       207M

MemTotal:        4016008 kB
MemFree:         3366380 kB
Active:           369668 kB
Mem:          3.8G       634M       3.2G        14M        20M       207M

MemTotal:        4016008 kB
MemFree:         3366380 kB
Active:           369700 kB
Mem:          3.8G       634M       3.2G        14M        20M       207M

MemTotal:        4016008 kB
MemFree:         3366132 kB
Active:           369684 kB
Mem:          3.8G       634M       3.2G        14M        20M       207M

MemTotal:        4016008 kB
MemFree:         3366380 kB
Active:           369704 kB
Mem:          3.8G       634M       3.2G        14M        20M       207M

MemTotal:        4016008 kB
MemFree:         3366256 kB
Active:           369708 kB
Mem:          3.8G       634M       3.2G        14M        20M       207M

MemTotal:        4016008 kB
MemFree:         3366628 kB
Active:           369684 kB
Mem:          3.8G       634M       3.2G        14M        20M       207M

MemTotal:        4016008 kB
MemFree:         3366504 kB
Active:           369700 kB
Mem:          3.8G       634M       3.2G        14M        20M       207M

MemTotal:        4016008 kB
MemFree:         3366752 kB
Active:           369680 kB
Mem:          3.8G       634M       3.2G        14M        20M       207M

MemTotal:        4016008 kB
MemFree:         3366752 kB
Active:           369692 kB
Mem:          3.8G       634M       3.2G        14M        20M       207M

MemTotal:        4016008 kB
MemFree:         3366380 kB
Active:           369720 kB
Mem:          3.8G       634M       3.2G        14M        20M       207M

MemTotal:        4016008 kB
MemFree:         3366132 kB
Active:           369724 kB
Mem:          3.8G       634M       3.2G        14M        20M       207M

MemTotal:        4016008 kB
MemFree:         3366504 kB
Active:           369680 kB
Mem:          3.8G       634M       3.2G        14M        20M       207M

MemTotal:        4016008 kB
MemFree:         3366504 kB
Active:           369680 kB
Mem:          3.8G       634M       3.2G        14M        20M       207M

MemTotal:        4016008 kB
MemFree:         3366504 kB
Active:           369708 kB
Mem:          3.8G       634M       3.2G        14M        20M       207M

MemTotal:        4016008 kB
MemFree:         3366628 kB
Active:           369728 kB
Mem:          3.8G       634M       3.2G        14M        20M       207M

MemTotal:        4016008 kB
MemFree:         3366132 kB
Active:           369716 kB
Mem:          3.8G       634M       3.2G        14M        20M       207M

MemTotal:        4016008 kB
MemFree:         3365760 kB
Active:           369736 kB
Mem:          3.8G       635M       3.2G        14M        20M       207M

MemTotal:        4016008 kB
MemFree:         3366008 kB
Active:           369700 kB
Mem:          3.8G       634M       3.2G        14M        20M       207M

MemTotal:        4016008 kB
MemFree:         3366132 kB
Active:           369732 kB
Mem:          3.8G       634M       3.2G        14M        20M       207M

MemTotal:        4016008 kB
MemFree:         3366132 kB
Active:           369724 kB
Mem:          3.8G       634M       3.2G        14M        20M       207M

MemTotal:        4016008 kB
MemFree:         3366256 kB
Active:           369684 kB
Mem:          3.8G       634M       3.2G        14M        20M       207M

MemTotal:        4016008 kB
MemFree:         3366380 kB
Active:           369724 kB
Mem:          3.8G       634M       3.2G        14M        20M       207M

MemTotal:        4016008 kB
MemFree:         3366088 kB
Active:           369748 kB
Mem:          3.8G       634M       3.2G        14M        20M       207M

MemTotal:        4016008 kB
MemFree:         3365840 kB
Active:           369748 kB
Mem:          3.8G       635M       3.2G        14M        20M       207M

MemTotal:        4016008 kB
MemFree:         3366088 kB
Active:           369696 kB
Mem:          3.8G       634M       3.2G        14M        20M       207M

MemTotal:        4016008 kB
MemFree:         3366212 kB
Active:           369736 kB
Mem:          3.8G       634M       3.2G        14M        20M       207M

MemTotal:        4016008 kB
MemFree:         3366088 kB
Active:           369692 kB
Mem:          3.8G       634M       3.2G        14M        20M       207M

MemTotal:        4016008 kB
MemFree:         3366088 kB
Active:           369708 kB
Mem:          3.8G       634M       3.2G        14M        20M       207M

MemTotal:        4016008 kB
MemFree:         3366088 kB
Active:           369692 kB
Mem:          3.8G       635M       3.2G        14M        20M       207M

MemTotal:        4016008 kB
MemFree:         3365964 kB
Active:           369736 kB
Mem:          3.8G       634M       3.2G        14M        20M       207M

MemTotal:        4016008 kB
MemFree:         3365840 kB
Active:           369720 kB
Mem:          3.8G       634M       3.2G        14M        20M       207M

MemTotal:        4016008 kB
MemFree:         3365964 kB
Active:           369752 kB
Mem:          3.8G       634M       3.2G        14M        20M       207M

MemTotal:        4016008 kB
MemFree:         3366212 kB
Active:           369732 kB
Mem:          3.8G       634M       3.2G        14M        20M       207M

MemTotal:        4016008 kB
MemFree:         3366212 kB
Active:           369756 kB
Mem:          3.8G       634M       3.2G        14M        20M       207M

MemTotal:        4016008 kB
MemFree:         3366212 kB
Active:           369732 kB
Mem:          3.8G       634M       3.2G        14M        20M       207M

MemTotal:        4016008 kB
MemFree:         3365840 kB
Active:           369712 kB
Mem:          3.8G       634M       3.2G        14M        20M       207M

MemTotal:        4016008 kB
MemFree:         3365592 kB
Active:           369772 kB
Mem:          3.8G       634M       3.2G        14M        20M       207M

MemTotal:        4016008 kB
MemFree:         3366336 kB
Active:           369768 kB
Mem:          3.8G       634M       3.2G        14M        20M       207M

MemTotal:        4016008 kB
MemFree:         3366336 kB
Active:           369756 kB
Mem:          3.8G       634M       3.2G        14M        20M       207M

MemTotal:        4016008 kB
MemFree:         3365964 kB
Active:           369776 kB
Mem:          3.8G       634M       3.2G        14M        20M       207M

MemTotal:        4016008 kB
MemFree:         3366088 kB
Active:           369756 kB
Mem:          3.8G       634M       3.2G        14M        20M       207M

MemTotal:        4016008 kB
MemFree:         3366088 kB
Active:           369768 kB
Mem:          3.8G       634M       3.2G        14M        20M       207M

MemTotal:        4016008 kB
MemFree:         3366336 kB
Active:           369756 kB
Mem:          3.8G       634M       3.2G        14M        20M       207M

MemTotal:        4016008 kB
MemFree:         3366212 kB
Active:           369740 kB
Mem:          3.8G       634M       3.2G        14M        20M       207M

MemTotal:        4016008 kB
MemFree:         3366012 kB
Active:           369780 kB
Mem:          3.8G       634M       3.2G        14M        20M       207M

MemTotal:        4016008 kB
MemFree:         3366260 kB
Active:           369764 kB
Mem:          3.8G       634M       3.2G        14M        20M       207M

MemTotal:        4016008 kB
MemFree:         3366012 kB
Active:           369760 kB
Mem:          3.8G       634M       3.2G        14M        20M       207M

MemTotal:        4016008 kB
MemFree:         3365888 kB
Active:           369740 kB
Mem:          3.8G       634M       3.2G        14M        20M       207M

MemTotal:        4016008 kB
MemFree:         3365516 kB
Active:           369792 kB
Mem:          3.8G       634M       3.2G        14M        20M       207M

MemTotal:        4016008 kB
MemFree:         3365872 kB
Active:           369792 kB
Mem:          3.8G       634M       3.2G        14M        20M       207M

MemTotal:        4016008 kB
MemFree:         3366012 kB
Active:           369756 kB
Mem:          3.8G       634M       3.2G        14M        20M       207M

MemTotal:        4016008 kB
MemFree:         3365764 kB
Active:           369796 kB
Mem:          3.8G       634M       3.2G        14M        20M       207M

MemTotal:        4016008 kB
MemFree:         3366260 kB
Active:           369744 kB
Mem:          3.8G       634M       3.2G        14M        20M       207M

MemTotal:        4016008 kB
MemFree:         3366136 kB
Active:           369796 kB
Mem:          3.8G       634M       3.2G        14M        20M       207M

MemTotal:        4016008 kB
MemFree:         3365764 kB
Active:           369804 kB
Mem:          3.8G       634M       3.2G        14M        20M       207M

MemTotal:        4016008 kB
MemFree:         3365888 kB
Active:           369748 kB
Mem:          3.8G       634M       3.2G        14M        20M       207M

MemTotal:        4016008 kB
MemFree:         3366012 kB
Active:           369784 kB
Mem:          3.8G       634M       3.2G        14M        20M       207M

MemTotal:        4016008 kB
MemFree:         3365516 kB
Active:           369804 kB
Mem:          3.8G       634M       3.2G        14M        20M       207M

MemTotal:        4016008 kB
MemFree:         3365764 kB
Active:           369808 kB
Mem:          3.8G       634M       3.2G        14M        20M       207M

MemTotal:        4016008 kB
MemFree:         3365888 kB
Active:           369804 kB
Mem:          3.8G       634M       3.2G        14M        20M       207M

MemTotal:        4016008 kB
MemFree:         3366384 kB
Active:           369784 kB
Mem:          3.8G       634M       3.2G        14M        20M       207M

MemTotal:        4016008 kB
MemFree:         3366136 kB
Active:           369808 kB
Mem:          3.8G       634M       3.2G        14M        20M       207M

MemTotal:        4016008 kB
MemFree:         3366384 kB
Active:           369792 kB
Mem:          3.8G       634M       3.2G        14M        20M       207M

MemTotal:        4016008 kB
MemFree:         3366260 kB
Active:           369768 kB
Mem:          3.8G       634M       3.2G        14M        20M       207M

MemTotal:        4016008 kB
MemFree:         3366384 kB
Active:           369796 kB
Mem:          3.8G       634M       3.2G        14M        20M       207M

MemTotal:        4016008 kB
MemFree:         3366260 kB
Active:           369776 kB
Mem:          3.8G       634M       3.2G        14M        20M       207M

MemTotal:        4016008 kB
MemFree:         3366260 kB
Active:           369808 kB
Mem:          3.8G       634M       3.2G        14M        20M       207M

MemTotal:        4016008 kB
MemFree:         3365888 kB
Active:           369816 kB
Mem:          3.8G       634M       3.2G        14M        20M       207M

MemTotal:        4016008 kB
MemFree:         3366260 kB
Active:           369788 kB
Mem:          3.8G       634M       3.2G        14M        20M       207M

MemTotal:        4016008 kB
MemFree:         3366384 kB
Active:           369808 kB
Mem:          3.8G       634M       3.2G        14M        20M       207M

MemTotal:        4016008 kB
MemFree:         3366508 kB
Active:           369776 kB
Mem:          3.8G       634M       3.2G        14M        20M       207M

MemTotal:        4016008 kB
MemFree:         3366012 kB
Active:           369828 kB
Mem:          3.8G       635M       3.2G        14M        20M       207M

MemTotal:        4016008 kB
MemFree:         3365764 kB
Active:           369812 kB
Mem:          3.8G       635M       3.2G        14M        20M       207M

MemTotal:        4016008 kB
MemFree:         3366384 kB
Active:           369804 kB
Mem:          3.8G       634M       3.2G        14M        20M       207M

MemTotal:        4016008 kB
MemFree:         3366508 kB
Active:           369828 kB
Mem:          3.8G       634M       3.2G        14M        20M       207M

MemTotal:        4016008 kB
MemFree:         3366508 kB
Active:           369836 kB
Mem:          3.8G       634M       3.2G        14M        20M       207M

MemTotal:        4016008 kB
MemFree:         3366136 kB
Active:           369840 kB
Mem:          3.8G       634M       3.2G        14M        20M       207M

MemTotal:        4016008 kB
MemFree:         3366136 kB
Active:           369840 kB
Mem:          3.8G       634M       3.2G        14M        20M       207M

MemTotal:        4016008 kB
MemFree:         3366136 kB
Active:           369788 kB
Mem:          3.8G       634M       3.2G        14M        20M       207M

MemTotal:        4016008 kB
MemFree:         3366260 kB
Active:           369800 kB
Mem:          3.8G       635M       3.2G        14M        20M       207M

MemTotal:        4016008 kB
MemFree:         3365888 kB
Active:           369828 kB
Mem:          3.8G       634M       3.2G        14M        20M       207M

MemTotal:        4016008 kB
MemFree:         3365888 kB
Active:           369836 kB
Mem:          3.8G       634M       3.2G        14M        20M       207M

MemTotal:        4016008 kB
MemFree:         3365392 kB
Active:           369844 kB
Mem:          3.8G       635M       3.2G        14M        20M       207M

MemTotal:        4016008 kB
MemFree:         3366260 kB
Active:           369800 kB
Mem:          3.8G       634M       3.2G        14M        20M       207M

MemTotal:        4016008 kB
MemFree:         3366260 kB
Active:           369820 kB
Mem:          3.8G       634M       3.2G        14M        20M       207M

MemTotal:        4016008 kB
MemFree:         3366136 kB
Active:           369848 kB
Mem:          3.8G       634M       3.2G        14M        20M       207M

MemTotal:        4016008 kB
MemFree:         3366260 kB
Active:           369804 kB
Mem:          3.8G       634M       3.2G        14M        20M       207M

MemTotal:        4016008 kB
MemFree:         3366028 kB
Active:           369860 kB
Mem:          3.8G       634M       3.2G        14M        20M       207M

MemTotal:        4016008 kB
MemFree:         3366028 kB
Active:           369856 kB
Mem:          3.8G       634M       3.2G        14M        20M       207M

MemTotal:        4016008 kB
MemFree:         3366152 kB
Active:           369840 kB
Mem:          3.8G       634M       3.2G        14M        20M       207M

MemTotal:        4016008 kB
MemFree:         3366028 kB
Active:           369852 kB
Mem:          3.8G       634M       3.2G        14M        20M       207M

MemTotal:        4016008 kB
MemFree:         3366028 kB
Active:           369820 kB
Mem:          3.8G       635M       3.2G        14M        20M       207M

MemTotal:        4016008 kB
MemFree:         3366028 kB
Active:           369864 kB
Mem:          3.8G       635M       3.2G        14M        20M       207M

MemTotal:        4016008 kB
MemFree:         3366028 kB
Active:           369824 kB
Mem:          3.8G       635M       3.2G        14M        20M       207M

MemTotal:        4016008 kB
MemFree:         3366028 kB
Active:           369856 kB
Mem:          3.8G       634M       3.2G        14M        20M       207M

MemTotal:        4016008 kB
MemFree:         3365656 kB
Active:           369868 kB
Mem:          3.8G       634M       3.2G        14M        20M       207M

MemTotal:        4016008 kB
MemFree:         3366028 kB
Active:           369860 kB
Mem:          3.8G       634M       3.2G        14M        20M       207M

MemTotal:        4016008 kB
MemFree:         3365780 kB
Active:           369872 kB
Mem:          3.8G       634M       3.2G        14M        20M       207M

MemTotal:        4016008 kB
MemFree:         3366152 kB
Active:           369852 kB
Mem:          3.8G       634M       3.2G        14M        20M       207M

MemTotal:        4016008 kB
MemFree:         3366276 kB
Active:           369856 kB
Mem:          3.8G       634M       3.2G        14M        20M       207M

MemTotal:        4016008 kB
MemFree:         3366152 kB
Active:           369864 kB
Mem:          3.8G       634M       3.2G        14M        20M       207M

MemTotal:        4016008 kB
MemFree:         3366276 kB
Active:           369872 kB
Mem:          3.8G       634M       3.2G        14M        20M       207M

MemTotal:        4016008 kB
MemFree:         3366400 kB
Active:           369824 kB
Mem:          3.8G       634M       3.2G        14M        20M       207M

MemTotal:        4016008 kB
MemFree:         3366648 kB
Active:           369836 kB
Mem:          3.8G       634M       3.2G        14M        20M       207M

MemTotal:        4016008 kB
MemFree:         3366648 kB
Active:           369848 kB
Mem:          3.8G       634M       3.2G        14M        20M       207M

MemTotal:        4016008 kB
MemFree:         3366772 kB
Active:           369840 kB
Mem:          3.8G       634M       3.2G        14M        20M       207M

MemTotal:        4016008 kB
MemFree:         3366648 kB
Active:           369868 kB
Mem:          3.8G       634M       3.2G        14M        20M       207M

MemTotal:        4016008 kB
MemFree:         3366728 kB
Active:           369880 kB
Mem:          3.8G       634M       3.2G        14M        20M       207M

MemTotal:        4016008 kB
MemFree:         3366728 kB
Active:           369884 kB
Mem:          3.8G       634M       3.2G        14M        20M       207M

MemTotal:        4016008 kB
MemFree:         3366604 kB
Active:           369852 kB
Mem:          3.8G       634M       3.2G        14M        20M       207M

MemTotal:        4016008 kB
MemFree:         3366356 kB
Active:           369888 kB
Mem:          3.8G       634M       3.2G        14M        20M       207M

MemTotal:        4016008 kB
MemFree:         3366728 kB
Active:           369852 kB
Mem:          3.8G       634M       3.2G        14M        20M       207M

MemTotal:        4016008 kB
MemFree:         3365984 kB
Active:           369888 kB
Mem:          3.8G       634M       3.2G        14M        20M       207M

MemTotal:        4016008 kB
MemFree:         3365860 kB
Active:           369888 kB
Mem:          3.8G       634M       3.2G        14M        20M       207M

MemTotal:        4016008 kB
MemFree:         3366232 kB
Active:           369872 kB
Mem:          3.8G       634M       3.2G        14M        20M       207M

MemTotal:        4016008 kB
MemFree:         3366108 kB
Active:           369888 kB
Mem:          3.8G       634M       3.2G        14M        20M       207M

MemTotal:        4016008 kB
MemFree:         3366108 kB
Active:           369872 kB
Mem:          3.8G       634M       3.2G        14M        20M       207M

MemTotal:        4016008 kB
MemFree:         3366480 kB
Active:           369892 kB
Mem:          3.8G       634M       3.2G        14M        20M       207M

MemTotal:        4016008 kB
MemFree:         3366356 kB
Active:           369844 kB
Mem:          3.8G       634M       3.2G        14M        20M       207M

MemTotal:        4016008 kB
MemFree:         3366480 kB
Active:           369852 kB
Mem:          3.8G       634M       3.2G        14M        20M       207M

MemTotal:        4016008 kB
MemFree:         3366480 kB
Active:           369884 kB
Mem:          3.8G       634M       3.2G        14M        20M       207M

MemTotal:        4016008 kB
MemFree:         3365984 kB
Active:           369908 kB
Mem:          3.8G       634M       3.2G        14M        20M       207M

MemTotal:        4016008 kB
MemFree:         3366356 kB
Active:           369876 kB
Mem:          3.8G       634M       3.2G        14M        20M       207M

MemTotal:        4016008 kB
MemFree:         3366480 kB
Active:           369888 kB
Mem:          3.8G       634M       3.2G        14M        20M       207M

MemTotal:        4016008 kB
MemFree:         3366108 kB
Active:           369908 kB
Mem:          3.8G       634M       3.2G        14M        20M       207M

MemTotal:        4016008 kB
MemFree:         3366728 kB
Active:           369884 kB
Mem:          3.8G       634M       3.2G        14M        20M       207M

MemTotal:        4016008 kB
MemFree:         3366604 kB
Active:           369912 kB
Mem:          3.8G       634M       3.2G        14M        20M       207M

MemTotal:        4016008 kB
MemFree:         3366232 kB
Active:           369920 kB
Mem:          3.8G       634M       3.2G        14M        20M       207M

MemTotal:        4016008 kB
MemFree:         3365984 kB
Active:           369928 kB
Mem:          3.8G       634M       3.2G        14M        20M       207M

MemTotal:        4016008 kB
MemFree:         3366232 kB
Active:           369924 kB
Mem:          3.8G       634M       3.2G        14M        20M       207M

MemTotal:        4016008 kB
MemFree:         3366232 kB
Active:           369888 kB
Mem:          3.8G       634M       3.2G        14M        20M       207M

MemTotal:        4016008 kB
MemFree:         3366232 kB
Active:           369912 kB
Mem:          3.8G       634M       3.2G        14M        20M       207M

MemTotal:        4016008 kB
MemFree:         3365736 kB
Active:           369928 kB
Mem:          3.8G       634M       3.2G        14M        20M       207M

MemTotal:        4016008 kB
MemFree:         3365984 kB
Active:           369904 kB
Mem:          3.8G       635M       3.2G        14M        20M       207M

MemTotal:        4016008 kB
MemFree:         3365488 kB
Active:           369936 kB
Mem:          3.8G       635M       3.2G        14M        20M       207M

MemTotal:        4016008 kB
MemFree:         3366108 kB
Active:           369904 kB
Mem:          3.8G       635M       3.2G        14M        20M       207M

MemTotal:        4016008 kB
MemFree:         3366108 kB
Active:           369924 kB
Mem:          3.8G       634M       3.2G        14M        20M       207M

MemTotal:        4016008 kB
MemFree:         3366108 kB
Active:           369936 kB
Mem:          3.8G       634M       3.2G        14M        20M       207M

MemTotal:        4016008 kB
MemFree:         3366232 kB
Active:           369916 kB
Mem:          3.8G       634M       3.2G        14M        20M       207M

MemTotal:        4016008 kB
MemFree:         3366108 kB
Active:           369936 kB
Mem:          3.8G       634M       3.2G        14M        20M       207M

MemTotal:        4016008 kB
MemFree:         3365984 kB
Active:           369884 kB
Mem:          3.8G       634M       3.2G        14M        20M       207M

MemTotal:        4016008 kB
MemFree:         3365488 kB
Active:           369944 kB
Mem:          3.8G       634M       3.2G        14M        20M       207M

MemTotal:        4016008 kB
MemFree:         3366480 kB
Active:           369928 kB
Mem:          3.8G       634M       3.2G        14M        20M       207M

MemTotal:        4016008 kB
MemFree:         3366604 kB
Active:           369916 kB
Mem:          3.8G       634M       3.2G        14M        20M       207M

MemTotal:        4016008 kB
MemFree:         3366604 kB
Active:           369900 kB
Mem:          3.8G       634M       3.2G        14M        20M       207M

MemTotal:        4016008 kB
MemFree:         3366852 kB
Active:           369896 kB
Mem:          3.8G       633M       3.2G        14M        20M       207M

MemTotal:        4016008 kB
MemFree:         3366852 kB
Active:           369916 kB
Mem:          3.8G       633M       3.2G        14M        20M       207M

MemTotal:        4016008 kB
MemFree:         3366620 kB
Active:           369960 kB
Mem:          3.8G       634M       3.2G        14M        20M       207M

MemTotal:        4016008 kB
MemFree:         3366496 kB
Active:           369932 kB
Mem:          3.8G       634M       3.2G        14M        20M       207M

MemTotal:        4016008 kB
MemFree:         3366496 kB
Active:           369940 kB
Mem:          3.8G       634M       3.2G        14M        20M       207M

MemTotal:        4016008 kB
MemFree:         3366496 kB
Active:           369948 kB
Mem:          3.8G       634M       3.2G        14M        20M       207M

MemTotal:        4016008 kB
MemFree:         3366620 kB
Active:           369912 kB
Mem:          3.8G       634M       3.2G        14M        20M       207M

MemTotal:        4016008 kB
MemFree:         3366372 kB
Active:           369936 kB
Mem:          3.8G       634M       3.2G        14M        20M       207M

MemTotal:        4016008 kB
MemFree:         3366000 kB
Active:           369964 kB
Mem:          3.8G       634M       3.2G        14M        20M       207M

MemTotal:        4016008 kB
MemFree:         3365876 kB
Active:           369928 kB
Mem:          3.8G       634M       3.2G        14M        20M       207M

MemTotal:        4016008 kB
MemFree:         3366124 kB
Active:           369932 kB
Mem:          3.8G       634M       3.2G        14M        20M       207M

MemTotal:        4016008 kB
MemFree:         3366000 kB
Active:           369960 kB
Mem:          3.8G       634M       3.2G        14M        20M       207M

MemTotal:        4016008 kB
MemFree:         3366140 kB
Active:           369932 kB
Mem:          3.8G       634M       3.2G        14M        20M       207M

MemTotal:        4016008 kB
MemFree:         3365768 kB
Active:           369984 kB
Mem:          3.8G       634M       3.2G        14M        20M       207M

MemTotal:        4016008 kB
MemFree:         3366388 kB
Active:           369964 kB
Mem:          3.8G       634M       3.2G        14M        20M       207M

MemTotal:        4016008 kB
MemFree:         3365768 kB
Active:           369988 kB
Mem:          3.8G       634M       3.2G        14M        20M       207M

MemTotal:        4016008 kB
MemFree:         3366140 kB
Active:           369984 kB
Mem:          3.8G       634M       3.2G        14M        20M       207M

MemTotal:        4016008 kB
MemFree:         3365892 kB
Active:           369944 kB
Mem:          3.8G       634M       3.2G        14M        20M       207M

MemTotal:        4016008 kB
MemFree:         3365396 kB
Active:           369988 kB
Mem:          3.8G       635M       3.2G        14M        20M       207M

MemTotal:        4016008 kB
MemFree:         3365768 kB
Active:           369960 kB
Mem:          3.8G       635M       3.2G        14M        20M       207M

MemTotal:        4016008 kB
MemFree:         3365396 kB
Active:           369988 kB
Mem:          3.8G       635M       3.2G        14M        20M       207M

MemTotal:        4016008 kB
MemFree:         3365768 kB
Active:           369940 kB
Mem:          3.8G       634M       3.2G        14M        20M       207M

MemTotal:        4016008 kB
MemFree:         3365396 kB
Active:           369988 kB
Mem:          3.8G       635M       3.2G        14M        20M       207M

MemTotal:        4016008 kB
MemFree:         3365644 kB
Active:           369956 kB
Mem:          3.8G       635M       3.2G        14M        20M       207M

MemTotal:        4016008 kB
MemFree:         3365644 kB
Active:           369960 kB
Mem:          3.8G       635M       3.2G        14M        20M       207M

MemTotal:        4016008 kB
MemFree:         3365768 kB
Active:           369968 kB
Mem:          3.8G       634M       3.2G        14M        20M       207M

MemTotal:        4016008 kB
MemFree:         3366016 kB
Active:           369984 kB
Mem:          3.8G       634M       3.2G        14M        20M       207M

MemTotal:        4016008 kB
MemFree:         3366016 kB
Active:           369952 kB
Mem:          3.8G       634M       3.2G        14M        20M       207M

MemTotal:        4016008 kB
MemFree:         3365768 kB
Active:           370000 kB
Mem:          3.8G       635M       3.2G        14M        20M       207M

MemTotal:        4016008 kB
MemFree:         3365892 kB
Active:           369976 kB
Mem:          3.8G       634M       3.2G        14M        20M       207M

MemTotal:        4016008 kB
MemFree:         3365892 kB
Active:           369996 kB
Mem:          3.8G       634M       3.2G        14M        20M       207M

MemTotal:        4016008 kB
MemFree:         3366016 kB
Active:           369964 kB
Mem:          3.8G       634M       3.2G        14M        20M       207M

MemTotal:        4016008 kB
MemFree:         3366016 kB
Active:           369968 kB
Mem:          3.8G       634M       3.2G        14M        20M       207M

MemTotal:        4016008 kB
MemFree:         3366140 kB
Active:           369988 kB
Mem:          3.8G       634M       3.2G        14M        20M       207M

MemTotal:        4016008 kB
MemFree:         3366016 kB
Active:           369996 kB
Mem:          3.8G       634M       3.2G        14M        20M       207M

MemTotal:        4016008 kB
MemFree:         3366264 kB
Active:           369972 kB
Mem:          3.8G       634M       3.2G        14M        20M       207M

MemTotal:        4016008 kB
MemFree:         3366140 kB
Active:           369984 kB
Mem:          3.8G       634M       3.2G        14M        20M       207M

MemTotal:        4016008 kB
MemFree:         3366216 kB
Active:           370012 kB
Mem:          3.8G       634M       3.2G        14M        20M       207M

MemTotal:        4016008 kB
MemFree:         3366264 kB
Active:           370008 kB
Mem:          3.8G       634M       3.2G        14M        20M       207M

MemTotal:        4016008 kB
MemFree:         3366264 kB
Active:           369992 kB
Mem:          3.8G       634M       3.2G        14M        20M       207M

MemTotal:        4016008 kB
MemFree:         3366264 kB
Active:           370004 kB
Mem:          3.8G       634M       3.2G        14M        20M       207M

MemTotal:        4016008 kB
MemFree:         3366016 kB
Active:           370000 kB
Mem:          3.8G       634M       3.2G        14M        20M       207M

MemTotal:        4016008 kB
MemFree:         3365644 kB
Active:           370032 kB
Mem:          3.8G       635M       3.2G        14M        20M       207M

MemTotal:        4016008 kB
MemFree:         3365272 kB
Active:           370032 kB
Mem:          3.8G       635M       3.2G        14M        20M       207M

MemTotal:        4016008 kB
MemFree:         3365644 kB
Active:           369976 kB
Mem:          3.8G       635M       3.2G        14M        20M       207M

MemTotal:        4016008 kB
MemFree:         3365644 kB
Active:           369984 kB
Mem:          3.8G       635M       3.2G        14M        20M       207M

MemTotal:        4016008 kB
MemFree:         3365272 kB
Active:           370040 kB
Mem:          3.8G       635M       3.2G        14M        20M       207M

MemTotal:        4016008 kB
MemFree:         3365768 kB
Active:           369984 kB
Mem:          3.8G       635M       3.2G        14M        20M       207M

MemTotal:        4016008 kB
MemFree:         3365892 kB
Active:           369996 kB
Mem:          3.8G       635M       3.2G        14M        20M       207M

MemTotal:        4016008 kB
MemFree:         3365644 kB
Active:           370040 kB
Mem:          3.8G       634M       3.2G        14M        20M       207M

MemTotal:        4016008 kB
MemFree:         3366512 kB
Active:           370032 kB
Mem:          3.8G       634M       3.2G        14M        20M       207M

MemTotal:        4016008 kB
MemFree:         3366140 kB
Active:           370040 kB
Mem:          3.8G       634M       3.2G        14M        20M       207M

MemTotal:        4016008 kB
MemFree:         3366140 kB
Active:           370008 kB
Mem:          3.8G       634M       3.2G        14M        20M       207M

MemTotal:        4016008 kB
MemFree:         3366140 kB
Active:           370012 kB
Mem:          3.8G       634M       3.2G        14M        20M       207M

MemTotal:        4016008 kB
MemFree:         3366140 kB
Active:           369984 kB
Mem:          3.8G       634M       3.2G        14M        20M       207M

MemTotal:        4016008 kB
MemFree:         3365768 kB
Active:           370004 kB
Mem:          3.8G       634M       3.2G        14M        20M       207M

MemTotal:        4016008 kB
MemFree:         3365892 kB
Active:           369992 kB
Mem:          3.8G       635M       3.2G        14M        20M       207M

MemTotal:        4016008 kB
MemFree:         3365892 kB
Active:           370004 kB
Mem:          3.8G       635M       3.2G        14M        20M       207M

MemTotal:        4016008 kB
MemFree:         3365892 kB
Active:           370012 kB
Mem:          3.8G       635M       3.2G        14M        20M       207M

MemTotal:        4016008 kB
MemFree:         3365520 kB
Active:           370052 kB
Mem:          3.8G       635M       3.2G        14M        20M       207M

MemTotal:        4016008 kB
MemFree:         3364108 kB
Active:           370432 kB
Mem:          3.8G       636M       3.2G        14M        20M       207M

MemTotal:        4016008 kB
MemFree:         3364156 kB
Active:           370160 kB
Mem:          3.8G       636M       3.2G        14M        20M       208M

MemTotal:        4016008 kB
MemFree:         3364900 kB
Active:           370120 kB
Mem:          3.8G       635M       3.2G        14M        20M       208M

MemTotal:        4016008 kB
MemFree:         3365024 kB
Active:           370120 kB
Mem:          3.8G       635M       3.2G        14M        20M       208M

MemTotal:        4016008 kB
MemFree:         3365272 kB
Active:           370136 kB
Mem:          3.8G       635M       3.2G        14M        20M       208M

MemTotal:        4016008 kB
MemFree:         3365148 kB
Active:           370148 kB
Mem:          3.8G       635M       3.2G        14M        20M       208M

MemTotal:        4016008 kB
MemFree:         3365148 kB
Active:           370164 kB
Mem:          3.8G       635M       3.2G        14M        20M       208M

MemTotal:        4016008 kB
MemFree:         3365148 kB
Active:           370168 kB
Mem:          3.8G       635M       3.2G        14M        20M       208M

MemTotal:        4016008 kB
MemFree:         3365148 kB
Active:           370172 kB
Mem:          3.8G       635M       3.2G        14M        20M       208M

MemTotal:        4016008 kB
MemFree:         3365148 kB
Active:           370128 kB
Mem:          3.8G       635M       3.2G        14M        20M       208M

MemTotal:        4016008 kB
MemFree:         3365272 kB
Active:           370148 kB
Mem:          3.8G       635M       3.2G        14M        20M       208M

MemTotal:        4016008 kB
MemFree:         3365024 kB
Active:           370164 kB
Mem:          3.8G       635M       3.2G        14M        20M       208M

MemTotal:        4016008 kB
MemFree:         3364776 kB
Active:           370200 kB
Mem:          3.8G       635M       3.2G        14M        20M       208M

MemTotal:        4016008 kB
MemFree:         3364900 kB
Active:           370200 kB
Mem:          3.8G       635M       3.2G        14M        20M       208M

MemTotal:        4016008 kB
MemFree:         3365024 kB
Active:           370144 kB
Mem:          3.8G       636M       3.2G        14M        20M       208M

MemTotal:        4016008 kB
MemFree:         3364900 kB
Active:           370176 kB
Mem:          3.8G       636M       3.2G        14M        20M       208M

MemTotal:        4016008 kB
MemFree:         3364652 kB
Active:           370156 kB
Mem:          3.8G       636M       3.2G        14M        20M       208M

MemTotal:        4016008 kB
MemFree:         3364652 kB
Active:           370176 kB
Mem:          3.8G       636M       3.2G        14M        20M       208M

MemTotal:        4016008 kB
MemFree:         3364652 kB
Active:           370188 kB
Mem:          3.8G       636M       3.2G        14M        20M       208M

MemTotal:        4016008 kB
MemFree:         3364776 kB
Active:           370144 kB
Mem:          3.8G       636M       3.2G        14M        20M       208M

MemTotal:        4016008 kB
MemFree:         3364900 kB
Active:           370176 kB
Mem:          3.8G       636M       3.2G        14M        20M       208M

MemTotal:        4016008 kB
MemFree:         3364652 kB
Active:           370192 kB
Mem:          3.8G       636M       3.2G        14M        20M       208M

MemTotal:        4016008 kB
MemFree:         3364900 kB
Active:           370168 kB
Mem:          3.8G       635M       3.2G        14M        20M       208M

MemTotal:        4016008 kB
MemFree:         3364776 kB
Active:           370188 kB
Mem:          3.8G       636M       3.2G        14M        20M       208M

MemTotal:        4016008 kB
MemFree:         3364528 kB
Active:           370212 kB
Mem:          3.8G       635M       3.2G        14M        20M       208M

MemTotal:        4016008 kB
MemFree:         3365024 kB
Active:           370216 kB
Mem:          3.8G       635M       3.2G        14M        20M       208M

MemTotal:        4016008 kB
MemFree:         3364900 kB
Active:           370212 kB
Mem:          3.8G       635M       3.2G        14M        20M       208M

MemTotal:        4016008 kB
MemFree:         3365396 kB
Active:           370188 kB
Mem:          3.8G       635M       3.2G        14M        20M       208M

MemTotal:        4016008 kB
MemFree:         3365520 kB
Active:           370216 kB
Mem:          3.8G       635M       3.2G        14M        20M       208M

MemTotal:        4016008 kB
MemFree:         3365644 kB
Active:           370196 kB
Mem:          3.8G       634M       3.2G        14M        20M       208M

MemTotal:        4016008 kB
MemFree:         3365396 kB
Active:           370196 kB
Mem:          3.8G       635M       3.2G        14M        20M       208M

MemTotal:        4016008 kB
MemFree:         3365396 kB
Active:           370180 kB
Mem:          3.8G       635M       3.2G        14M        20M       208M

MemTotal:        4016008 kB
MemFree:         3365148 kB
Active:           370180 kB
Mem:          3.8G       635M       3.2G        14M        20M       208M

MemTotal:        4016008 kB
MemFree:         3365272 kB
Active:           370200 kB
Mem:          3.8G       635M       3.2G        14M        20M       208M

MemTotal:        4016008 kB
MemFree:         3364528 kB
Active:           370208 kB
Mem:          3.8G       636M       3.2G        14M        20M       208M

MemTotal:        4016008 kB
MemFree:         3364528 kB
Active:           370192 kB
Mem:          3.8G       635M       3.2G        14M        20M       208M

MemTotal:        4016008 kB
MemFree:         3364776 kB
Active:           370220 kB
Mem:          3.8G       636M       3.2G        14M        20M       208M

MemTotal:        4016008 kB
MemFree:         3364280 kB
Active:           370232 kB
Mem:          3.8G       636M       3.2G        14M        20M       208M

MemTotal:        4016008 kB
MemFree:         3364776 kB
Active:           370184 kB
Mem:          3.8G       635M       3.2G        14M        20M       208M

MemTotal:        4016008 kB
MemFree:         3364776 kB
Active:           370216 kB
Mem:          3.8G       635M       3.2G        14M        20M       208M

MemTotal:        4016008 kB
MemFree:         3364404 kB
Active:           370232 kB
Mem:          3.8G       636M       3.2G        14M        20M       208M

MemTotal:        4016008 kB
MemFree:         3364404 kB
Active:           370232 kB
Mem:          3.8G       636M       3.2G        14M        20M       208M

MemTotal:        4016008 kB
MemFree:         3364900 kB
Active:           370220 kB
Mem:          3.8G       636M       3.2G        14M        20M       208M

MemTotal:        4016008 kB
MemFree:         3364404 kB
Active:           370196 kB
Mem:          3.8G       636M       3.2G        14M        20M       208M

MemTotal:        4016008 kB
MemFree:         3364404 kB
Active:           370240 kB
Mem:          3.8G       636M       3.2G        14M        20M       208M

MemTotal:        4016008 kB
MemFree:         3364728 kB
Active:           370216 kB
Mem:          3.8G       636M       3.2G        14M        20M       208M

MemTotal:        4016008 kB
MemFree:         3364404 kB
Active:           370236 kB
Mem:          3.8G       636M       3.2G        14M        20M       208M

MemTotal:        4016008 kB
MemFree:         3364156 kB
Active:           370252 kB
Mem:          3.8G       636M       3.2G        14M        20M       208M

MemTotal:        4016008 kB
MemFree:         3364900 kB
Active:           370200 kB
Mem:          3.8G       635M       3.2G        14M        20M       208M

MemTotal:        4016008 kB
MemFree:         3364652 kB
Active:           370200 kB
Mem:          3.8G       636M       3.2G        14M        20M       208M

MemTotal:        4016008 kB
MemFree:         3365024 kB
Active:           370204 kB
Mem:          3.8G       635M       3.2G        14M        20M       208M

MemTotal:        4016008 kB
MemFree:         3365148 kB
Active:           370228 kB
Mem:          3.8G       635M       3.2G        14M        20M       208M

MemTotal:        4016008 kB
MemFree:         3365024 kB
Active:           370240 kB
Mem:          3.8G       635M       3.2G        14M        20M       208M

MemTotal:        4016008 kB
MemFree:         3364900 kB
Active:           370256 kB
Mem:          3.8G       635M       3.2G        14M        20M       208M

MemTotal:        4016008 kB
MemFree:         3365148 kB
Active:           370220 kB
Mem:          3.8G       635M       3.2G        14M        20M       208M

MemTotal:        4016008 kB
MemFree:         3365024 kB
Active:           370244 kB
Mem:          3.8G       635M       3.2G        14M        20M       208M

MemTotal:        4016008 kB
MemFree:         3365024 kB
Active:           370228 kB
Mem:          3.8G       635M       3.2G        14M        20M       208M

MemTotal:        4016008 kB
MemFree:         3365148 kB
Active:           370248 kB
Mem:          3.8G       636M       3.2G        14M        20M       208M

MemTotal:        4016008 kB
MemFree:         3364900 kB
Active:           370244 kB
Mem:          3.8G       636M       3.2G        14M        20M       208M

MemTotal:        4016008 kB
MemFree:         3364652 kB
Active:           370248 kB
Mem:          3.8G       636M       3.2G        14M        20M       208M

MemTotal:        4016008 kB
MemFree:         3364404 kB
Active:           370280 kB
Mem:          3.8G       636M       3.2G        14M        20M       208M

MemTotal:        4016008 kB
MemFree:         3364528 kB
Active:           370272 kB
Mem:          3.8G       636M       3.2G        14M        20M       208M

MemTotal:        4016008 kB
MemFree:         3364156 kB
Active:           370284 kB
Mem:          3.8G       636M       3.2G        14M        20M       208M

MemTotal:        4016008 kB
MemFree:         3364528 kB
Active:           370260 kB
Mem:          3.8G       636M       3.2G        14M        20M       208M

MemTotal:        4016008 kB
MemFree:         3364652 kB
Active:           370280 kB
Mem:          3.8G       636M       3.2G        14M        20M       208M

MemTotal:        4016008 kB
MemFree:         3364528 kB
Active:           370260 kB
Mem:          3.8G       636M       3.2G        14M        20M       208M

MemTotal:        4016008 kB
MemFree:         3364776 kB
Active:           370280 kB
Mem:          3.8G       636M       3.2G        14M        20M       208M

MemTotal:        4016008 kB
MemFree:         3365148 kB
Active:           370256 kB
Mem:          3.8G       635M       3.2G        14M        20M       208M

MemTotal:        4016008 kB
MemFree:         3365272 kB
Active:           370268 kB
Mem:          3.8G       635M       3.2G        14M        20M       208M

MemTotal:        4016008 kB
MemFree:         3364652 kB
Active:           370300 kB
Mem:          3.8G       635M       3.2G        14M        20M       208M

MemTotal:        4016008 kB
MemFree:         3364900 kB
Active:           370296 kB
Mem:          3.8G       635M       3.2G        14M        20M       208M

MemTotal:        4016008 kB
MemFree:         3364916 kB
Active:           370272 kB
Mem:          3.8G       636M       3.2G        14M        20M       208M

MemTotal:        4016008 kB
MemFree:         3364296 kB
Active:           370300 kB
Mem:          3.8G       636M       3.2G        14M        20M       208M

MemTotal:        4016008 kB
MemFree:         3364172 kB
Active:           370300 kB
Mem:          3.8G       636M       3.2G        14M        20M       208M

MemTotal:        4016008 kB
MemFree:         3364668 kB
Active:           370268 kB
Mem:          3.8G       636M       3.2G        14M        20M       208M

MemTotal:        4016008 kB
MemFree:         3364792 kB
Active:           370284 kB
Mem:          3.8G       635M       3.2G        14M        20M       208M

MemTotal:        4016008 kB
MemFree:         3364916 kB
Active:           370300 kB
Mem:          3.8G       635M       3.2G        14M        20M       208M

MemTotal:        4016008 kB
MemFree:         3365164 kB
Active:           370268 kB
Mem:          3.8G       635M       3.2G        14M        20M       208M

MemTotal:        4016008 kB
MemFree:         3365164 kB
Active:           370284 kB
Mem:          3.8G       635M       3.2G        14M        20M       208M

MemTotal:        4016008 kB
MemFree:         3365288 kB
Active:           370252 kB
Mem:          3.8G       635M       3.2G        14M        20M       208M

MemTotal:        4016008 kB
MemFree:         3365164 kB
Active:           370308 kB
Mem:          3.8G       635M       3.2G        14M        20M       208M

MemTotal:        4016008 kB
MemFree:         3365040 kB
Active:           370284 kB
Mem:          3.8G       635M       3.2G        14M        20M       208M

MemTotal:        4016008 kB
MemFree:         3365164 kB
Active:           370296 kB
Mem:          3.8G       635M       3.2G        14M        20M       208M

MemTotal:        4016008 kB
MemFree:         3365164 kB
Active:           370268 kB
Mem:          3.8G       635M       3.2G        14M        20M       208M

MemTotal:        4016008 kB
MemFree:         3365040 kB
Active:           370300 kB
Mem:          3.8G       636M       3.2G        14M        20M       208M

MemTotal:        4016008 kB
MemFree:         3364296 kB
Active:           370336 kB
Mem:          3.8G       636M       3.2G        14M        20M       208M

MemTotal:        4016008 kB
MemFree:         3365164 kB
Active:           370304 kB
Mem:          3.8G       635M       3.2G        14M        20M       208M

MemTotal:        4016008 kB
MemFree:         3364596 kB
Active:           370932 kB
Mem:          3.8G       636M       3.2G        14M        20M       208M

MemTotal:        4016008 kB
MemFree:         3364404 kB
Active:           370716 kB
Mem:          3.8G       636M       3.2G        14M        20M       208M

MemTotal:        4016008 kB
MemFree:         3364652 kB
Active:           370720 kB
Mem:          3.8G       636M       3.2G        14M        20M       208M

MemTotal:        4016008 kB
MemFree:         3371708 kB
Active:           363912 kB
Mem:          3.8G       629M       3.2G        14M        20M       208M

MemTotal:        4016008 kB
MemFree:         3371832 kB
Active:           363888 kB
Mem:          3.8G       629M       3.2G        14M        20M       208M

MemTotal:        4016008 kB
MemFree:         3371832 kB
Active:           363904 kB
Mem:          3.8G       628M       3.2G        14M        20M       208M

MemTotal:        4016008 kB
MemFree:         3372204 kB
Active:           363932 kB
Mem:          3.8G       628M       3.2G        14M        20M       208M

MemTotal:        4016008 kB
MemFree:         3371832 kB
Active:           363908 kB
Mem:          3.8G       629M       3.2G        14M        20M       208M

MemTotal:        4016008 kB
MemFree:         3371832 kB
Active:           363940 kB
Mem:          3.8G       628M       3.2G        14M        20M       208M

MemTotal:        4016008 kB
MemFree:         3372080 kB
Active:           363900 kB
Mem:          3.8G       629M       3.2G        14M        20M       208M

MemTotal:        4016008 kB
MemFree:         3371708 kB
Active:           363924 kB
Mem:          3.8G       629M       3.2G        14M        20M       208M

MemTotal:        4016008 kB
MemFree:         3371460 kB
Active:           363956 kB
Mem:          3.8G       629M       3.2G        14M        20M       208M

MemTotal:        4016008 kB
MemFree:         3371708 kB
Active:           363956 kB
Mem:          3.8G       629M       3.2G        14M        20M       208M

MemTotal:        4016008 kB
MemFree:         3372328 kB
Active:           363912 kB
Mem:          3.8G       628M       3.2G        14M        20M       208M

MemTotal:        4016008 kB
MemFree:         3372204 kB
Active:           363952 kB
Mem:          3.8G       628M       3.2G        14M        20M       208M

MemTotal:        4016008 kB
MemFree:         3372080 kB
Active:           363968 kB
Mem:          3.8G       629M       3.2G        14M        20M       208M

MemTotal:        4016008 kB
MemFree:         3371832 kB
Active:           363920 kB
Mem:          3.8G       629M       3.2G        14M        20M       208M

MemTotal:        4016008 kB
MemFree:         3371228 kB
Active:           363960 kB
Mem:          3.8G       629M       3.2G        14M        20M       208M

MemTotal:        4016008 kB
MemFree:         3371600 kB
Active:           363908 kB
Mem:          3.8G       629M       3.2G        14M        20M       208M

MemTotal:        4016008 kB
MemFree:         3371724 kB
Active:           363940 kB
Mem:          3.8G       629M       3.2G        14M        20M       208M

MemTotal:        4016008 kB
MemFree:         3371352 kB
Active:           363928 kB
Mem:          3.8G       629M       3.2G        14M        20M       208M

MemTotal:        4016008 kB
MemFree:         3371376 kB
Active:           363952 kB
Mem:          3.8G       629M       3.2G        14M        20M       208M

MemTotal:        4016008 kB
MemFree:         3372096 kB
Active:           363968 kB
Mem:          3.8G       629M       3.2G        14M        20M       208M

MemTotal:        4016008 kB
MemFree:         3371972 kB
Active:           363932 kB
Mem:          3.8G       629M       3.2G        14M        20M       208M

MemTotal:        4016008 kB
MemFree:         3372096 kB
Active:           363960 kB
Mem:          3.8G       628M       3.2G        14M        20M       208M

MemTotal:        4016008 kB
MemFree:         3371848 kB
Active:           364000 kB
Mem:          3.8G       629M       3.2G        14M        20M       208M

MemTotal:        4016008 kB
MemFree:         3371568 kB
Active:           364000 kB
Mem:          3.8G       629M       3.2G        14M        20M       208M

MemTotal:        4016008 kB
MemFree:         3371972 kB
Active:           363948 kB
Mem:          3.8G       628M       3.2G        14M        20M       208M

MemTotal:        4016008 kB
MemFree:         3372080 kB
Active:           364004 kB
Mem:          3.8G       629M       3.2G        14M        20M       208M

MemTotal:        4016008 kB
MemFree:         3372096 kB
Active:           364000 kB
Mem:          3.8G       628M       3.2G        14M        20M       208M

MemTotal:        4016008 kB
MemFree:         3371972 kB
Active:           363996 kB
Mem:          3.8G       628M       3.2G        14M        20M       208M

MemTotal:        4016008 kB
MemFree:         3371724 kB
Active:           364012 kB
Mem:          3.8G       628M       3.2G        14M        20M       208M

MemTotal:        4016008 kB
MemFree:         3371848 kB
Active:           364012 kB
Mem:          3.8G       628M       3.2G        14M        20M       208M

MemTotal:        4016008 kB
MemFree:         3371848 kB
Active:           363996 kB
