MemTotal:        4016008 kB
MemFree:         3021604 kB
Active:           524636 kB
Mem:          3.8G       987M       2.9G       6.0M        53M       512M

MemTotal:        4016008 kB
MemFree:         2666972 kB
Active:           526300 kB
Mem:          3.8G       1.3G       2.5G       6.0M        53M       832M

MemTotal:        4016008 kB
MemFree:         2615208 kB
Active:           526592 kB
Mem:          3.8G       1.3G       2.5G       6.0M        53M       881M

MemTotal:        4016008 kB
MemFree:         2359400 kB
Active:           527520 kB
Mem:          3.8G       1.6G       2.3G       6.0M        53M       1.1G

MemTotal:        4016008 kB
MemFree:         2204652 kB
Active:           528096 kB
Mem:          3.8G       1.7G       2.1G       6.0M        53M       1.2G

MemTotal:        4016008 kB
MemFree:         2132904 kB
Active:           528408 kB
Mem:          3.8G       1.8G       2.0G       6.0M        53M       1.3G

MemTotal:        4016008 kB
MemFree:         2088800 kB
Active:           528568 kB
Mem:          3.8G       1.8G       2.0G       6.0M        53M       1.3G

MemTotal:        4016008 kB
MemFree:         2045808 kB
Active:           528724 kB
Mem:          3.8G       1.9G       2.0G       6.0M        53M       1.4G

MemTotal:        4016008 kB
MemFree:         2033068 kB
Active:           528860 kB
Mem:          3.8G       1.9G       1.9G       6.0M        54M       1.4G

MemTotal:        4016008 kB
MemFree:         2032468 kB
Active:           528864 kB
Mem:          3.8G       1.9G       1.9G       6.0M        54M       1.4G

MemTotal:        4016008 kB
MemFree:         2033092 kB
Active:           528864 kB
Mem:          3.8G       1.9G       1.9G       6.0M        54M       1.4G

MemTotal:        4016008 kB
MemFree:         1944840 kB
Active:           529116 kB
Mem:          3.8G       2.0G       1.9G       6.0M        54M       1.5G

MemTotal:        4016008 kB
MemFree:         1862164 kB
Active:           529456 kB
Mem:          3.8G       2.1G       1.8G       6.0M        54M       1.6G

MemTotal:        4016008 kB
MemFree:         1840368 kB
Active:           529604 kB
Mem:          3.8G       2.1G       1.8G       6.0M        54M       1.6G

MemTotal:        4016008 kB
MemFree:         1839780 kB
Active:           529632 kB
Mem:          3.8G       2.1G       1.8G       6.0M        54M       1.6G

MemTotal:        4016008 kB
MemFree:         1840500 kB
Active:           529612 kB
Mem:          3.8G       2.1G       1.8G       6.0M        54M       1.6G

MemTotal:        4016008 kB
MemFree:         1807828 kB
Active:           529632 kB
Mem:          3.8G       2.1G       1.7G       6.0M        54M       1.6G

MemTotal:        4016008 kB
MemFree:         1680508 kB
Active:           530136 kB
Mem:          3.8G       2.2G       1.6G       6.0M        54M       1.7G

MemTotal:        4016008 kB
MemFree:         1625404 kB
Active:           530400 kB
Mem:          3.8G       2.3G       1.5G       6.0M        54M       1.8G

MemTotal:        4016008 kB
MemFree:         1624988 kB
Active:           530436 kB
Mem:          3.8G       2.3G       1.5G       6.0M        54M       1.8G

MemTotal:        4016008 kB
MemFree:         1624932 kB
Active:           530468 kB
Mem:          3.8G       2.3G       1.5G       6.0M        54M       1.8G

MemTotal:        4016008 kB
MemFree:         1624832 kB
Active:           530412 kB
Mem:          3.8G       2.3G       1.5G       6.0M        54M       1.8G

MemTotal:        4016008 kB
MemFree:         1518704 kB
Active:           530752 kB
Mem:          3.8G       2.4G       1.4G       6.0M        54M       1.9G

MemTotal:        4016008 kB
MemFree:         1420236 kB
Active:           531152 kB
Mem:          3.8G       2.5G       1.4G       6.0M        54M       2.0G

MemTotal:        4016008 kB
MemFree:         1395124 kB
Active:           531384 kB
Mem:          3.8G       2.5G       1.3G       6.0M        54M       2.0G

MemTotal:        4016008 kB
MemFree:         1395032 kB
Active:           531376 kB
Mem:          3.8G       2.5G       1.3G       6.0M        54M       2.0G

MemTotal:        4016008 kB
MemFree:         1394544 kB
Active:           529424 kB
Mem:          3.8G       2.5G       1.3G       6.0M        54M       2.0G

MemTotal:        4016008 kB
MemFree:         1394508 kB
Active:           531468 kB
Mem:          3.8G       2.5G       1.3G       6.0M        54M       2.0G

MemTotal:        4016008 kB
MemFree:         1238460 kB
Active:           531936 kB
Mem:          3.8G       2.6G       1.2G       6.0M        54M       2.1G

MemTotal:        4016008 kB
MemFree:         1185556 kB
Active:           532500 kB
Mem:          3.8G       2.7G       1.1G       6.0M        54M       2.2G

MemTotal:        4016008 kB
MemFree:         1184004 kB
Active:           533376 kB
Mem:          3.8G       2.7G       1.1G       6.0M        54M       2.2G

MemTotal:        4016008 kB
MemFree:         1182788 kB
Active:           533592 kB
Mem:          3.8G       2.7G       1.1G       6.0M        54M       2.2G

MemTotal:        4016008 kB
MemFree:         1182900 kB
Active:           533568 kB
Mem:          3.8G       2.7G       1.1G       6.0M        54M       2.2G

MemTotal:        4016008 kB
MemFree:         1107556 kB
Active:           533996 kB
Mem:          3.8G       2.8G       1.1G       6.0M        54M       2.3G

MemTotal:        4016008 kB
MemFree:          982456 kB
Active:           534816 kB
Mem:          3.8G       2.9G       958M       6.0M        54M       2.4G

MemTotal:        4016008 kB
MemFree:          945520 kB
Active:           535144 kB
Mem:          3.8G       2.9G       923M       6.0M        54M       2.4G

MemTotal:        4016008 kB
MemFree:          945028 kB
Active:           533356 kB
Mem:          3.8G       2.9G       922M       6.0M        54M       2.4G

MemTotal:        4016008 kB
MemFree:          945008 kB
Active:           535428 kB
Mem:          3.8G       2.9G       922M       6.0M        54M       2.4G

MemTotal:        4016008 kB
MemFree:          861592 kB
Active:           535584 kB
Mem:          3.8G       3.0G       840M       6.0M        54M       2.5G

MemTotal:        4016008 kB
MemFree:          806204 kB
Active:           536096 kB
Mem:          3.8G       3.1G       787M       6.0M        54M       2.5G

MemTotal:        4016008 kB
MemFree:          806360 kB
Active:           536096 kB
Mem:          3.8G       3.1G       787M       6.0M        54M       2.5G

MemTotal:        4016008 kB
MemFree:          804800 kB
Active:           536696 kB
Mem:          3.8G       3.1G       785M       6.0M        54M       2.5G

MemTotal:        4016008 kB
MemFree:          632124 kB
Active:           536964 kB
Mem:          3.8G       3.2G       616M       6.0M        54M       2.7G

MemTotal:        4016008 kB
MemFree:          561204 kB
Active:           537448 kB
Mem:          3.8G       3.3G       547M       6.0M        54M       2.8G

MemTotal:        4016008 kB
MemFree:          560848 kB
Active:           537548 kB
Mem:          3.8G       3.3G       547M       6.0M        54M       2.8G

MemTotal:        4016008 kB
MemFree:          560448 kB
Active:           537560 kB
Mem:          3.8G       3.3G       547M       6.0M        54M       2.8G

MemTotal:        4016008 kB
MemFree:          560376 kB
Active:           537504 kB
Mem:          3.8G       3.3G       547M       6.0M        54M       2.8G

MemTotal:        4016008 kB
MemFree:          484720 kB
Active:           538404 kB
Mem:          3.8G       3.4G       473M       6.0M        54M       2.8G

MemTotal:        4016008 kB
MemFree:          376872 kB
Active:           538988 kB
Mem:          3.8G       3.5G       367M       6.0M        54M       2.9G

MemTotal:        4016008 kB
MemFree:          355524 kB
Active:           539992 kB
Mem:          3.8G       3.5G       347M       6.0M        54M       3.0G

MemTotal:        4016008 kB
MemFree:          355232 kB
Active:           540332 kB
Mem:          3.8G       3.5G       346M       6.0M        54M       3.0G

MemTotal:        4016008 kB
MemFree:          353576 kB
Active:           541760 kB
Mem:          3.8G       3.5G       344M       6.0M        54M       3.0G

MemTotal:        4016008 kB
MemFree:          353240 kB
Active:           541812 kB
Mem:          3.8G       3.5G       345M       6.0M        54M       3.0G

MemTotal:        4016008 kB
MemFree:          217616 kB
Active:           542220 kB
Mem:          3.8G       3.6G       212M       6.0M        54M       3.1G

MemTotal:        4016008 kB
MemFree:          197544 kB
Active:           542892 kB
Mem:          3.8G       3.6G       192M       6.0M        54M       3.1G

MemTotal:        4016008 kB
MemFree:          197508 kB
Active:           543072 kB
Mem:          3.8G       3.6G       192M       6.0M        54M       3.1G

MemTotal:        4016008 kB
MemFree:          138708 kB
Active:           569440 kB
Mem:          3.8G       3.7G       122M       6.0M        21M       3.2G

MemTotal:        4016008 kB
MemFree:          124776 kB
Active:           587048 kB
Mem:          3.8G       3.7G       121M       6.0M        21M       3.2G

MemTotal:        4016008 kB
MemFree:          132448 kB
Active:           571600 kB
Mem:          3.8G       3.7G       109M       6.0M        21M       3.2G

MemTotal:        4016008 kB
MemFree:          112096 kB
Active:           571956 kB
Mem:          3.8G       3.7G       109M       6.0M        21M       3.2G

MemTotal:        4016008 kB
MemFree:          111804 kB
Active:           572004 kB
Mem:          3.8G       3.7G       109M       6.0M        21M       3.2G

MemTotal:        4016008 kB
MemFree:          124108 kB
Active:           563016 kB
Mem:          3.8G       3.7G       120M       6.0M        21M       3.2G

MemTotal:        4016008 kB
MemFree:          128048 kB
Active:           557460 kB
Mem:          3.8G       3.7G       125M       6.0M        21M       3.2G

MemTotal:        4016008 kB
MemFree:          128128 kB
Active:           557440 kB
Mem:          3.8G       3.7G       124M       6.0M        21M       3.2G

MemTotal:        4016008 kB
MemFree:          128348 kB
Active:           557488 kB
Mem:          3.8G       3.7G       125M       6.0M        21M       3.2G

MemTotal:        4016008 kB
MemFree:          136424 kB
Active:           546496 kB
Mem:          3.8G       3.7G       133M       6.0M        21M       3.2G

MemTotal:        4016008 kB
MemFree:          131264 kB
Active:           536280 kB
Mem:          3.8G       3.7G       128M       6.0M        21M       3.2G

MemTotal:        4016008 kB
MemFree:          131156 kB
Active:           536232 kB
Mem:          3.8G       3.7G       127M       6.0M        21M       3.2G

MemTotal:        4016008 kB
MemFree:          131144 kB
Active:           536492 kB
Mem:          3.8G       3.7G       127M       6.0M        21M       3.2G

MemTotal:        4016008 kB
MemFree:          141200 kB
Active:           530452 kB
Mem:          3.8G       3.7G       137M       6.0M        21M       3.2G

MemTotal:        4016008 kB
MemFree:          134452 kB
Active:           529644 kB
Mem:          3.8G       3.7G       131M       6.0M        21M       3.2G

MemTotal:        4016008 kB
MemFree:          132292 kB
Active:           531852 kB
Mem:          3.8G       3.7G       129M       6.0M        21M       3.2G

MemTotal:        4016008 kB
MemFree:          132772 kB
Active:           531880 kB
Mem:          3.8G       3.7G       129M       6.0M        21M       3.2G

MemTotal:        4016008 kB
MemFree:          127644 kB
Active:           526872 kB
Mem:          3.8G       3.7G       123M       6.0M        21M       3.2G

MemTotal:        4016008 kB
MemFree:          126512 kB
Active:           524112 kB
Mem:          3.8G       3.7G       123M       6.0M        21M       3.2G

MemTotal:        4016008 kB
MemFree:          113076 kB
Active:           523972 kB
Mem:          3.8G       3.7G       110M       6.0M        21M       3.2G

MemTotal:        4016008 kB
MemFree:          113136 kB
Active:           523944 kB
Mem:          3.8G       3.7G       110M       6.0M        21M       3.2G

MemTotal:        4016008 kB
MemFree:          112888 kB
Active:           523972 kB
Mem:          3.8G       3.7G       110M       6.0M        21M       3.2G

MemTotal:        4016008 kB
MemFree:          129016 kB
Active:           522564 kB
Mem:          3.8G       3.7G       127M       6.0M        21M       3.2G

MemTotal:        4016008 kB
MemFree:          111888 kB
Active:           520072 kB
Mem:          3.8G       3.7G       109M       6.0M        21M       3.2G

MemTotal:        4016008 kB
MemFree:          128112 kB
Active:           519200 kB
Mem:          3.8G       3.7G       125M       6.0M        21M       3.2G

MemTotal:        4016008 kB
MemFree:          128424 kB
Active:           519224 kB
Mem:          3.8G       3.7G       125M       6.0M        21M       3.2G

MemTotal:        4016008 kB
MemFree:          128520 kB
Active:           519196 kB
Mem:          3.8G       3.7G       125M       6.0M        21M       3.2G

MemTotal:        4016008 kB
MemFree:          127920 kB
Active:           514900 kB
Mem:          3.8G       3.7G       124M       6.0M        21M       3.2G

MemTotal:        4016008 kB
MemFree:          129388 kB
Active:           511220 kB
Mem:          3.8G       3.7G       126M       6.0M        21M       3.2G

MemTotal:        4016008 kB
MemFree:          117216 kB
Active:           510212 kB
Mem:          3.8G       3.7G       114M       6.0M        21M       3.2G

MemTotal:        4016008 kB
MemFree:          127456 kB
Active:           508192 kB
Mem:          3.8G       3.7G       124M       6.0M        21M       3.2G

MemTotal:        4016008 kB
MemFree:          128512 kB
Active:           506908 kB
Mem:          3.8G       3.7G       126M       6.0M        21M       3.2G

MemTotal:        4016008 kB
MemFree:          131208 kB
Active:           506936 kB
Mem:          3.8G       3.7G       128M       6.0M        21M       3.2G

MemTotal:        4016008 kB
MemFree:          131452 kB
Active:           506916 kB
Mem:          3.8G       3.7G       128M       6.0M        21M       3.2G

MemTotal:        4016008 kB
MemFree:          131520 kB
Active:           506956 kB
Mem:          3.8G       3.7G       128M       6.0M        21M       3.2G

MemTotal:        4016008 kB
MemFree:          112940 kB
Active:           500740 kB
Mem:          3.8G       3.7G       110M       6.0M        21M       3.2G

MemTotal:        4016008 kB
MemFree:          139008 kB
Active:           497672 kB
Mem:          3.8G       3.7G       135M       6.0M        21M       3.2G

MemTotal:        4016008 kB
MemFree:          139124 kB
Active:           497584 kB
Mem:          3.8G       3.7G       135M       6.0M        21M       3.2G

MemTotal:        4016008 kB
MemFree:          138876 kB
Active:           497572 kB
Mem:          3.8G       3.7G       135M       6.0M        21M       3.2G

MemTotal:        4016008 kB
MemFree:          138828 kB
Active:           497636 kB
Mem:          3.8G       3.7G       135M       6.0M        21M       3.2G

MemTotal:        4016008 kB
MemFree:          112912 kB
Active:           496144 kB
Mem:          3.8G       3.7G       110M       6.0M        21M       3.2G

MemTotal:        4016008 kB
MemFree:          137584 kB
Active:           491060 kB
Mem:          3.8G       3.7G       134M       6.0M        21M       3.2G

MemTotal:        4016008 kB
MemFree:          150272 kB
Active:           490016 kB
Mem:          3.8G       3.7G       146M       6.0M        21M       3.2G

MemTotal:        4016008 kB
MemFree:          150224 kB
Active:           490076 kB
Mem:          3.8G       3.7G       146M       6.0M        21M       3.2G

MemTotal:        4016008 kB
MemFree:          150556 kB
Active:           490044 kB
Mem:          3.8G       3.7G       147M       6.0M        21M       3.2G

MemTotal:        4016008 kB
MemFree:          150576 kB
Active:           490084 kB
Mem:          3.8G       3.7G       147M       6.0M        21M       3.2G

MemTotal:        4016008 kB
MemFree:          136208 kB
Active:           486748 kB
Mem:          3.8G       3.7G       132M       6.0M        22M       3.2G

MemTotal:        4016008 kB
MemTotal:        4016008 kB
MemFree:         3263108 kB
Active:           395408 kB
Mem:          3.8G       758M       3.1G       2.2M        53M       306M

MemTotal:        4016008 kB
MemFree:         3093060 kB
Active:           396436 kB
Mem:          3.8G       901M       2.9G       2.2M        53M       445M

MemTotal:        4016008 kB
MemFree:         3039876 kB
Active:           396704 kB
Mem:          3.8G       953M       2.9G       2.2M        53M       496M

MemTotal:        4016008 kB
MemFree:         2978424 kB
Active:           398884 kB
Mem:          3.8G       1.0G       2.8G       2.2M        53M       553M

MemTotal:        4016008 kB
MemFree:         2977372 kB
Active:           399116 kB
Mem:          3.8G       1.0G       2.8G       2.2M        53M       553M

MemTotal:        4016008 kB
MemFree:         2962332 kB
Active:           399224 kB
Mem:          3.8G       1.0G       2.8G       2.2M        53M       568M

MemTotal:        4016008 kB
MemFree:         2676608 kB
Active:           400164 kB
Mem:          3.8G       1.3G       2.6G       2.2M        53M       839M

MemTotal:        4016008 kB
MemFree:         2611968 kB
Active:           400480 kB
Mem:          3.8G       1.3G       2.5G       2.2M        53M       900M

MemTotal:        4016008 kB
MemFree:         2563724 kB
Active:           400704 kB
Mem:          3.8G       1.4G       2.4G       2.2M        53M       946M

MemTotal:        4016008 kB
MemFree:         2532036 kB
Active:           398808 kB
Mem:          3.8G       1.4G       2.4G       2.2M        53M       975M

MemTotal:        4016008 kB
MemFree:         2529680 kB
Active:           400900 kB
Mem:          3.8G       1.4G       2.4G       2.2M        53M       978M

MemTotal:        4016008 kB
MemFree:         2529468 kB
Active:           400876 kB
Mem:          3.8G       1.4G       2.4G       2.2M        53M       978M

MemTotal:        4016008 kB
MemFree:         2529504 kB
Active:           400884 kB
Mem:          3.8G       1.4G       2.4G       2.2M        53M       978M

MemTotal:        4016008 kB
MemFree:         2520308 kB
Active:           401064 kB
Mem:          3.8G       1.4G       2.4G       2.2M        53M       989M

MemTotal:        4016008 kB
MemFree:         2296088 kB
Active:           401972 kB
Mem:          3.8G       1.6G       2.2G       2.2M        53M       1.2G

MemTotal:        4016008 kB
MemFree:         2295396 kB
Active:           402144 kB
Mem:          3.8G       1.6G       2.2G       2.2M        53M       1.2G

MemTotal:        4016008 kB
MemFree:         2304272 kB
Active:           394080 kB
Mem:          3.8G       1.6G       2.2G       2.2M        53M       1.2G

MemTotal:        4016008 kB
MemFree:         2288744 kB
Active:           397260 kB
Mem:          3.8G       1.6G       2.2G       2.2M        53M       1.2G

MemTotal:        4016008 kB
MemFree:         2288216 kB
Active:           397508 kB
Mem:          3.8G       1.6G       2.2G       2.2M        53M       1.2G

MemTotal:        4016008 kB
MemFree:         2148604 kB
Active:           397652 kB
Mem:          3.8G       1.8G       2.0G       2.2M        53M       1.3G

MemTotal:        4016008 kB
MemFree:         2033516 kB
Active:           398200 kB
Mem:          3.8G       1.9G       1.9G       2.2M        53M       1.4G

MemTotal:        4016008 kB
MemFree:         1970084 kB
Active:           407152 kB
Mem:          3.8G       2.0G       1.9G       2.2M        53M       1.5G

MemTotal:        4016008 kB
MemFree:         1967776 kB
Active:           407256 kB
Mem:          3.8G       2.0G       1.9G       2.2M        53M       1.5G

MemTotal:        4016008 kB
MemFree:         1967316 kB
Active:           407256 kB
Mem:          3.8G       2.0G       1.9G       2.2M        53M       1.5G

MemTotal:        4016008 kB
MemFree:         1967784 kB
Active:           407244 kB
Mem:          3.8G       2.0G       1.9G       2.2M        53M       1.5G

MemTotal:        4016008 kB
MemFree:         1928232 kB
Active:           407412 kB
Mem:          3.8G       2.0G       1.8G       2.2M        53M       1.5G

MemTotal:        4016008 kB
MemFree:         1842940 kB
Active:           407600 kB
Mem:          3.8G       2.1G       1.8G       2.2M        53M       1.6G

MemTotal:        4016008 kB
MemFree:         1746684 kB
Active:           408028 kB
Mem:          3.8G       2.2G       1.7G       2.2M        53M       1.7G

MemTotal:        4016008 kB
MemFree:         1667024 kB
Active:           408336 kB
Mem:          3.8G       2.2G       1.6G       2.2M        53M       1.8G

MemTotal:        4016008 kB
MemFree:         1624272 kB
Active:           408572 kB
Mem:          3.8G       2.3G       1.5G       2.2M        53M       1.8G

MemTotal:        4016008 kB
MemFree:         1582236 kB
Active:           408680 kB
Mem:          3.8G       2.3G       1.5G       2.2M        53M       1.8G

MemTotal:        4016008 kB
MemFree:         1582144 kB
Active:           408808 kB
Mem:          3.8G       2.3G       1.5G       2.2M        53M       1.8G

MemTotal:        4016008 kB
MemFree:         1582520 kB
Active:           408776 kB
Mem:          3.8G       2.3G       1.5G       2.2M        53M       1.8G

MemTotal:        4016008 kB
MemFree:         1480644 kB
Active:           408996 kB
Mem:          3.8G       2.4G       1.4G       2.2M        53M       1.9G

MemTotal:        4016008 kB
MemFree:         1408472 kB
Active:           409368 kB
Mem:          3.8G       2.5G       1.3G       2.2M        53M       2.0G

MemTotal:        4016008 kB
MemFree:         1371144 kB
Active:           412028 kB
Mem:          3.8G       2.5G       1.3G       2.2M        53M       2.0G

MemTotal:        4016008 kB
MemFree:         1323832 kB
Active:           417796 kB
Mem:          3.8G       2.6G       1.3G       2.2M        53M       2.1G

MemTotal:        4016008 kB
MemFree:         1315424 kB
Active:           417904 kB
Mem:          3.8G       2.6G       1.3G       2.2M        53M       2.1G

MemTotal:        4016008 kB
MemFree:         1315056 kB
Active:           417932 kB
Mem:          3.8G       2.6G       1.3G       2.2M        53M       2.1G

MemTotal:        4016008 kB
MemFree:         1314604 kB
Active:           417968 kB
Mem:          3.8G       2.6G       1.3G       2.2M        53M       2.1G

MemTotal:        4016008 kB
MemFree:         1278652 kB
Active:           417928 kB
Mem:          3.8G       2.6G       1.2G       2.2M        53M       2.1G

MemTotal:        4016008 kB
MemFree:         1137240 kB
Active:           418452 kB
Mem:          3.8G       2.7G       1.1G       2.2M        53M       2.2G

MemTotal:        4016008 kB
MemFree:         1082552 kB
Active:           418764 kB
Mem:          3.8G       2.8G       1.0G       2.2M        54M       2.3G

MemTotal:        4016008 kB
MemFree:         1082180 kB
Active:           418868 kB
Mem:          3.8G       2.8G       1.0G       2.2M        54M       2.3G

MemTotal:        4016008 kB
MemFree:         1081592 kB
Active:           418860 kB
Mem:          3.8G       2.8G       1.0G       2.2M        54M       2.3G

MemTotal:        4016008 kB
MemFree:         1081752 kB
Active:           418880 kB
Mem:          3.8G       2.8G       1.0G       2.2M        54M       2.3G

MemTotal:        4016008 kB
MemFree:         1017556 kB
Active:           418976 kB
Mem:          3.8G       2.9G       993M       2.2M        54M       2.3G

MemTotal:        4016008 kB
MemFree:          865188 kB
Active:           419552 kB
Mem:          3.8G       3.0G       844M       2.2M        54M       2.5G

MemTotal:        4016008 kB
MemFree:          835736 kB
Active:           419776 kB
Mem:          3.8G       3.0G       816M       2.2M        54M       2.5G

MemTotal:        4016008 kB
MemFree:          835180 kB
Active:           419824 kB
Mem:          3.8G       3.0G       815M       2.2M        54M       2.5G

MemTotal:        4016008 kB
MemFree:          835308 kB
Active:           419840 kB
Mem:          3.8G       3.0G       815M       2.2M        54M       2.5G

MemTotal:        4016008 kB
MemFree:          758940 kB
Active:           419956 kB
Mem:          3.8G       3.1G       706M       2.2M        54M       2.6G

MemTotal:        4016008 kB
MemFree:          611224 kB
Active:           420636 kB
Mem:          3.8G       3.2G       596M       2.2M        54M       2.7G

MemTotal:        4016008 kB
MemFree:          606884 kB
Active:           420716 kB
Mem:          3.8G       3.3G       592M       2.2M        54M       2.7G

MemTotal:        4016008 kB
MemFree:          607632 kB
Active:           420744 kB
Mem:          3.8G       3.3G       593M       2.2M        54M       2.7G

MemTotal:        4016008 kB
MemFree:          607708 kB
Active:           420768 kB
Mem:          3.8G       3.3G       593M       2.2M        54M       2.7G

MemTotal:        4016008 kB
MemFree:          496612 kB
Active:           421180 kB
Mem:          3.8G       3.4G       484M       2.2M        54M       2.8G

MemTotal:        4016008 kB
MemFree:          400652 kB
Active:           421572 kB
Mem:          3.8G       3.4G       391M       2.2M        54M       2.9G

MemTotal:        4016008 kB
MemFree:          400380 kB
Active:           421572 kB
Mem:          3.8G       3.4G       390M       2.2M        54M       2.9G

MemTotal:        4016008 kB
MemFree:          400044 kB
Active:           421576 kB
Mem:          3.8G       3.4G       390M       2.2M        54M       2.9G

MemTotal:        4016008 kB
MemFree:          264744 kB
Active:           422104 kB
Mem:          3.8G       3.6G       258M       2.2M        54M       3.0G

MemTotal:        4016008 kB
MemFree:          264388 kB
Active:           422076 kB
Mem:          3.8G       3.6G       258M       2.2M        54M       3.0G

MemTotal:        4016008 kB
MemFree:          251272 kB
Active:           422176 kB
Mem:          3.8G       3.6G       245M       2.2M        54M       3.1G

MemTotal:        4016008 kB
MemFree:          251268 kB
Active:           422180 kB
Mem:          3.8G       3.6G       245M       2.2M        54M       3.1G

MemTotal:        4016008 kB
MemFree:          131068 kB
Active:           435036 kB
Mem:          3.8G       3.7G       140M       2.2M        20M       3.2G

MemTotal:        4016008 kB
MemFree:          135732 kB
Active:           442212 kB
Mem:          3.8G       3.7G       132M       2.2M        20M       3.2G

MemTotal:        4016008 kB
MemFree:          127316 kB
Active:           411580 kB
Mem:          3.8G       3.7G       124M       2.2M        20M       3.2G

MemTotal:        4016008 kB
MemFree:          126988 kB
Active:           410228 kB
Mem:          3.8G       3.7G       123M       2.2M        21M       3.2G

MemTotal:        4016008 kB
MemFree:          125552 kB
Active:           410660 kB
Mem:          3.8G       3.7G       122M       2.2M        21M       3.2G

MemTotal:        4016008 kB
MemFree:          124484 kB
Active:           410796 kB
Mem:          3.8G       3.7G       121M       2.2M        21M       3.2G

MemTotal:        4016008 kB
MemFree:          141488 kB
Active:           405700 kB
Mem:          3.8G       3.7G       138M       2.2M        22M       3.2G

MemTotal:        4016008 kB
MemFree:          122436 kB
Active:           405232 kB
Mem:          3.8G       3.7G       119M       2.2M        22M       3.2G

MemTotal:        4016008 kB
MemFree:          121184 kB
Active:           405176 kB
Mem:          3.8G       3.7G       117M       2.2M        22M       3.2G

MemTotal:        4016008 kB
MemFree:          120504 kB
Active:           405344 kB
Mem:          3.8G       3.7G       117M       2.2M        22M       3.2G

MemTotal:        4016008 kB
MemFree:          121116 kB
Active:           405616 kB
Mem:          3.8G       3.7G       118M       2.2M        22M       3.2G

MemTotal:        4016008 kB
MemFree:          116516 kB
Active:           405832 kB
Mem:          3.8G       3.7G       113M       2.2M        22M       3.2G

MemTotal:        4016008 kB
MemFree:          130040 kB
Active:           401624 kB
Mem:          3.8G       3.7G       126M       2.2M        23M       3.2G

MemTotal:        4016008 kB
MemFree:          118884 kB
Active:           400468 kB
Mem:          3.8G       3.7G       116M       2.2M        23M       3.2G

MemTotal:        4016008 kB
MemFree:          118836 kB
Active:           400480 kB
Mem:          3.8G       3.7G       116M       2.2M        23M       3.2G

MemTotal:        4016008 kB
MemFree:          118872 kB
Active:           400492 kB
Mem:          3.8G       3.7G       115M       2.2M        23M       3.2G

MemTotal:        4016008 kB
MemFree:          118720 kB
Active:           400540 kB
Mem:          3.8G       3.7G       115M       2.2M        23M       3.2G

MemTotal:        4016008 kB
MemFree:          123568 kB
Active:           394376 kB
Mem:          3.8G       3.7G       120M       2.2M        23M       3.2G

MemTotal:        4016008 kB
MemFree:          124248 kB
Active:           392928 kB
Mem:          3.8G       3.7G       121M       2.2M        23M       3.2G

MemTotal:        4016008 kB
MemFree:          124308 kB
Active:           393212 kB
Mem:          3.8G       3.7G       121M       2.2M        23M       3.2G

MemTotal:        4016008 kB
MemFree:          124056 kB
Active:           393312 kB
Mem:          3.8G       3.7G       121M       2.2M        23M       3.2G

MemTotal:        4016008 kB
MemFree:          123720 kB
Active:           393280 kB
Mem:          3.8G       3.7G       120M       2.2M        23M       3.2G

MemTotal:        4016008 kB
MemFree:          138072 kB
Active:           394632 kB
Mem:          3.8G       3.7G       134M       2.2M        23M       3.2G

MemTotal:        4016008 kB
MemFree:          126120 kB
Active:           393000 kB
Mem:          3.8G       3.7G       123M       2.2M        23M       3.2G

MemTotal:        4016008 kB
MemFree:          144712 kB
Active:           396504 kB
Mem:          3.8G       3.7G       141M        10M        23M       3.2G

MemTotal:        4016008 kB
MemFree:          143260 kB
Active:           393264 kB
Mem:          3.8G       3.7G       139M        10M        23M       3.2G

MemTotal:        4016008 kB
MemFree:          143044 kB
Active:           395344 kB
Mem:          3.8G       3.7G       139M        10M        23M       3.2G

MemTotal:        4016008 kB
MemFree:          126620 kB
Active:           392212 kB
Mem:          3.8G       3.7G       127M        10M        23M       3.2G

MemTotal:        4016008 kB
MemFree:          143336 kB
Active:           388588 kB
Mem:          3.8G       3.7G       140M        10M        23M       3.2G

MemTotal:        4016008 kB
MemFree:          143024 kB
Active:           388708 kB
Mem:          3.8G       3.7G       139M        10M        23M       3.2G

MemTotal:        4016008 kB
MemFree:          142872 kB
Active:           388752 kB
Mem:          3.8G       3.7G       139M        10M        23M       3.2G

MemTotal:        4016008 kB
MemFree:          118248 kB
Active:           388756 kB
Mem:          3.8G       3.7G       115M        10M        23M       3.2G

MemTotal:        4016008 kB
MemFree:          133244 kB
Active:           381956 kB
Mem:          3.8G       3.7G       129M        10M        23M       3.2G

MemTotal:        4016008 kB
MemFree:          131836 kB
Active:           380256 kB
Mem:          3.8G       3.7G       128M        10M        23M       3.2G

MemTotal:        4016008 kB
MemFree:          129840 kB
Active:           380216 kB
Mem:          3.8G       3.7G       126M        10M        23M       3.2G

MemTotal:        4016008 kB
MemFree:          129936 kB
Active:           382256 kB
Mem:          3.8G       3.7G       126M        10M        23M       3.2G

MemTotal:        4016008 kB
MemFree:          124364 kB
Active:           382320 kB
Mem:          3.8G       3.7G       121M        10M        23M       3.2G

MemTotal:        4016008 kB
MemFree:          130676 kB
Active:           380340 kB
Mem:          3.8G       3.7G       127M        10M        23M       3.2G

MemTotal:        4016008 kB
MemFree:          130468 kB
Active:           380296 kB
Mem:          3.8G       3.7G       127M        10M        23M       3.2G

MemTotal:        4016008 kB
MemFree:          129952 kB
Active:           380360 kB
Mem:          3.8G       3.7G       122M        10M        23M       3.2G

MemTotal:        4016008 kB
MemFree:          127868 kB
Active:           376956 kB
Mem:          3.8G       3.7G       124M        10M        23M       3.2G

MemTotal:        4016008 kB
MemFree:          108128 kB
Active:           375208 kB
Mem:          3.8G       3.7G       105M        10M        23M       3.2G

MemTotal:        4016008 kB
MemFree:          140304 kB
Active:           374500 kB
Mem:          3.8G       3.7G       137M        10M        23M       3.2G

MemTotal:        4016008 kB
MemFree:          138964 kB
Active:           375508 kB
Mem:          3.8G       3.7G       135M        10M        23M       3.2G

MemTotal:        4016008 kB
MemFree:          137952 kB
Active:           377552 kB
Mem:          3.8G       3.7G       134M        10M        23M       3.2G

MemTotal:        4016008 kB
MemFree:          126716 kB
Active:           375548 kB
Mem:          3.8G       3.7G       123M        10M        23M       3.2G

MemTotal:        4016008 kB
MemFree:          129676 kB
Active:           372472 kB
Mem:          3.8G       3.7G       126M        10M        23M       3.2G

MemTotal:        4016008 kB
MemFree:          134968 kB
Active:           366588 kB
Mem:          3.8G       3.7G       132M        10M        23M       3.2G

MemTotal:        4016008 kB
MemFree:          149232 kB
Active:           366776 kB
Mem:          3.8G       3.7G       145M        10M        23M       3.2G

MemTotal:        4016008 kB
MemFree:          149772 kB
Active:           366876 kB
Mem:          3.8G       3.7G       146M        10M        23M       3.2G

MemTotal:        4016008 kB
MemFree:          149404 kB
Active:           366948 kB
Mem:          3.8G       3.7G       145M        10M        23M       3.2G

MemTotal:        4016008 kB
MemFree:          127268 kB
Active:           368052 kB
Mem:          3.8G       3.7G       124M        10M        23M       3.2G

MemTotal:        4016008 kB
MemFree:          129460 kB
Active:           368080 kB
Mem:          3.8G       3.7G       126M        10M        23M       3.2G

MemTotal:        4016008 kB
MemFree:          129920 kB
Active:           368064 kB
Mem:          3.8G       3.7G       126M        10M        23M       3.2G

MemTotal:        4016008 kB
MemFree:          129368 kB
Active:           368672 kB
Mem:          3.8G       3.7G       126M        10M        23M       3.2G

MemTotal:        4016008 kB
MemFree:          121320 kB
Active:           368900 kB
Mem:          3.8G       3.7G       118M        10M        23M       3.2G

MemTotal:        4016008 kB
MemFree:          134008 kB
Active:           369216 kB
Mem:          3.8G       3.7G       130M        10M        23M       3.2G

MemTotal:        4016008 kB
MemFree:          109560 kB
Active:           369416 kB
Mem:          3.8G       3.7G       106M        10M        23M       3.2G

MemTotal:        4016008 kB
MemFree:          109436 kB
Active:           369420 kB
Mem:          3.8G       3.7G       107M        10M        23M       3.2G

MemTotal:        4016008 kB
MemFree:          109132 kB
Active:           369368 kB
Mem:          3.8G       3.7G       106M        10M        23M       3.2G

MemTotal:        4016008 kB
MemFree:          109568 kB
Active:           369372 kB
Mem:          3.8G       3.7G       106M        10M        23M       3.2G

MemTotal:        4016008 kB
MemFree:          146960 kB
Active:           369880 kB
Mem:          3.8G       3.7G       143M        10M        23M       3.2G

MemTotal:        4016008 kB
MemFree:          124396 kB
Active:           370040 kB
Mem:          3.8G       3.7G       121M        10M        23M       3.2G

MemTotal:        4016008 kB
MemFree:          124152 kB
Active:           370216 kB
Mem:          3.8G       3.7G       121M        10M        23M       3.2G

MemTotal:        4016008 kB
MemFree:          123940 kB
Active:           370256 kB
Mem:          3.8G       3.7G       120M        10M        23M       3.2G

MemTotal:        4016008 kB
MemFree:          124128 kB
Active:           370224 kB
Mem:          3.8G       3.7G       120M        10M        23M       3.2G

MemTotal:        4016008 kB
MemFree:          132796 kB
Active:           370712 kB
Mem:          3.8G       3.7G       129M        10M        23M       3.2G

MemTotal:        4016008 kB
MemFree:          141344 kB
Active:           370852 kB
Mem:          3.8G       3.7G       138M        10M        23M       3.2G

MemTotal:        4016008 kB
MemFree:          141364 kB
Active:           370928 kB
Mem:          3.8G       3.7G       137M        10M        23M       3.2G

MemTotal:        4016008 kB
MemFree:          141036 kB
Active:           370932 kB
Mem:          3.8G       3.7G       137M        10M        23M       3.2G

MemTotal:        4016008 kB
MemFree:          116348 kB
Active:           370932 kB
Mem:          3.8G       3.7G       113M        10M        23M       3.2G

MemTotal:        4016008 kB
MemFree:          128764 kB
Active:           371452 kB
Mem:          3.8G       3.7G       125M        10M        23M       3.2G

MemTotal:        4016008 kB
MemFree:          126692 kB
Active:           371656 kB
Mem:          3.8G       3.7G       123M        10M        23M       3.2G

MemTotal:        4016008 kB
MemFree:          119116 kB
Active:           373448 kB
Mem:          3.8G       3.7G       115M        10M        23M       3.2G

MemTotal:        4016008 kB
MemFree:          118496 kB
Active:           373396 kB
Mem:          3.8G       3.7G       115M        10M        23M       3.2G

MemTotal:        4016008 kB
MemFree:          118424 kB
Active:           373456 kB
Mem:          3.8G       3.7G       115M        10M        23M       3.2G

MemTotal:        4016008 kB
MemFree:          122844 kB
Active:           373368 kB
Mem:          3.8G       3.7G       119M        10M        23M       3.2G

MemTotal:        4016008 kB
MemFree:          128652 kB
Active:           372920 kB
Mem:          3.8G       3.7G       125M        10M        23M       3.2G

MemTotal:        4016008 kB
MemFree:          128464 kB
Active:           372976 kB
Mem:          3.8G       3.7G       125M        10M        23M       3.2G

MemTotal:        4016008 kB
MemFree:          128448 kB
Active:           373096 kB
Mem:          3.8G       3.7G       125M        10M        23M       3.2G

MemTotal:        4016008 kB
MemFree:          128088 kB
Active:           373096 kB
Mem:          3.8G       3.7G       125M        10M        23M       3.2G

MemTotal:        4016008 kB
MemFree:          135388 kB
Active:           373196 kB
Mem:          3.8G       3.7G       132M        10M        23M       3.2G

MemTotal:        4016008 kB
MemFree:          125632 kB
Active:           373680 kB
Mem:          3.8G       3.7G       122M        10M        23M       3.2G

MemTotal:        4016008 kB
MemFree:          105840 kB
Active:           373892 kB
Mem:          3.8G       3.7G       103M        10M        23M       3.2G

MemTotal:        4016008 kB
MemFree:          105940 kB
Active:           373936 kB
Mem:          3.8G       3.7G       103M        10M        23M       3.2G

MemTotal:        4016008 kB
MemFree:          105568 kB
Active:           373940 kB
Mem:          3.8G       3.7G       102M        10M        23M       3.2G

MemTotal:        4016008 kB
MemFree:          127516 kB
Active:           368432 kB
Mem:          3.8G       3.7G       123M        10M        23M       3.2G

MemTotal:        4016008 kB
MemFree:          121360 kB
Active:           368584 kB
Mem:          3.8G       3.7G       118M        10M        23M       3.2G

MemTotal:        4016008 kB
MemFree:          132816 kB
Active:           368676 kB
Mem:          3.8G       3.7G       129M        10M        23M       3.2G

MemTotal:        4016008 kB
MemFree:          131316 kB
Active:           368848 kB
Mem:          3.8G       3.7G       127M        10M        23M       3.2G

MemTotal:        4016008 kB
MemFree:          130980 kB
Active:           368980 kB
Mem:          3.8G       3.7G       127M        10M        23M       3.2G

MemTotal:        4016008 kB
MemFree:          143088 kB
Active:           368608 kB
Mem:          3.8G       3.7G       139M        10M        23M       3.2G

MemTotal:        4016008 kB
MemFree:          118596 kB
Active:           368988 kB
Mem:          3.8G       3.7G       115M        10M        23M       3.2G

MemTotal:        4016008 kB
MemFree:          130684 kB
Active:           369124 kB
Mem:          3.8G       3.7G       127M        10M        23M       3.2G

MemTotal:        4016008 kB
MemFree:          131320 kB
Active:           369136 kB
Mem:          3.8G       3.7G       128M        10M        23M       3.2G

MemTotal:        4016008 kB
MemFree:          131076 kB
Active:           369136 kB
Mem:          3.8G       3.7G       127M        10M        23M       3.2G

MemTotal:        4016008 kB
MemFree:          113144 kB
Active:           369548 kB
Mem:          3.8G       3.7G       110M        10M        23M       3.2G

MemTotal:        4016008 kB
MemFree:          132168 kB
Active:           369892 kB
Mem:          3.8G       3.7G       129M        10M        23M       3.2G

MemTotal:        4016008 kB
MemFree:          132128 kB
Active:           369960 kB
Mem:          3.8G       3.7G       128M        10M        23M       3.2G

MemTotal:        4016008 kB
MemFree:          132320 kB
Active:           369996 kB
Mem:          3.8G       3.7G       129M        10M        23M       3.2G

MemTotal:        4016008 kB
MemFree:          130712 kB
Active:           369936 kB
Mem:          3.8G       3.7G       127M        10M        23M       3.2G

MemTotal:        4016008 kB
MemFree:          127472 kB
Active:           370364 kB
Mem:          3.8G       3.7G       124M        10M        23M       3.2G

MemTotal:        4016008 kB
MemFree:          129864 kB
Active:           370672 kB
Mem:          3.8G       3.7G       126M        10M        23M       3.2G

MemTotal:        4016008 kB
MemFree:          129276 kB
Active:           370716 kB
Mem:          3.8G       3.7G       125M        10M        23M       3.2G

MemTotal:        4016008 kB
MemFree:          129244 kB
Active:           370700 kB
Mem:          3.8G       3.7G       126M        10M        23M       3.2G

MemTotal:        4016008 kB
MemFree:          119316 kB
Active:           370672 kB
Mem:          3.8G       3.7G       114M        10M        23M       3.2G

MemTotal:        4016008 kB
MemFree:          126072 kB
Active:           371208 kB
Mem:          3.8G       3.7G       122M        10M        23M       3.2G

MemTotal:        4016008 kB
MemFree:          126372 kB
Active:           371532 kB
Mem:          3.8G       3.7G       123M        10M        23M       3.2G

MemTotal:        4016008 kB
MemFree:          119172 kB
Active:           370868 kB
Mem:          3.8G       3.7G       116M        10M        23M       3.2G

MemTotal:        4016008 kB
MemFree:          118956 kB
Active:           370888 kB
Mem:          3.8G       3.7G       116M        10M        23M       3.2G

MemTotal:        4016008 kB
MemFree:          118184 kB
Active:           370912 kB
Mem:          3.8G       3.7G       115M        10M        23M       3.2G

MemTotal:        4016008 kB
MemFree:          118528 kB
Active:           370856 kB
Mem:          3.8G       3.7G       115M        10M        23M       3.2G

MemTotal:        4016008 kB
MemFree:          139708 kB
Active:           371456 kB
Mem:          3.8G       3.7G       136M        10M        23M       3.2G

MemTotal:        4016008 kB
MemFree:          126044 kB
Active:           371812 kB
Mem:          3.8G       3.7G       123M        10M        23M       3.2G

MemTotal:        4016008 kB
MemFree:          126200 kB
Active:           371860 kB
Mem:          3.8G       3.7G       122M        10M        23M       3.2G

MemTotal:        4016008 kB
MemFree:          125864 kB
Active:           371864 kB
Mem:          3.8G       3.7G       122M        10M        23M       3.2G

MemTotal:        4016008 kB
MemFree:          135852 kB
Active:           369936 kB
Mem:          3.8G       3.7G       132M        10M        23M       3.2G

MemTotal:        4016008 kB
MemFree:          125288 kB
Active:           370060 kB
Mem:          3.8G       3.7G       122M        10M        23M       3.2G

MemTotal:        4016008 kB
MemFree:          139792 kB
Active:           370944 kB
Mem:          3.8G       3.7G       136M        10M        23M       3.2G

MemTotal:        4016008 kB
MemFree:          115528 kB
Active:           371152 kB
Mem:          3.8G       3.7G       112M        10M        23M       3.2G

MemTotal:        4016008 kB
MemFree:          126216 kB
Active:           371192 kB
Mem:          3.8G       3.7G       123M        10M        23M       3.2G

MemTotal:        4016008 kB
MemFree:          126096 kB
Active:           371196 kB
Mem:          3.8G       3.7G       123M        10M        23M       3.2G

MemTotal:        4016008 kB
MemFree:          126256 kB
Active:           371196 kB
Mem:          3.8G       3.7G       123M        10M        23M       3.2G

MemTotal:        4016008 kB
MemFree:          130196 kB
Active:           371664 kB
Mem:          3.8G       3.7G       127M        10M        23M       3.2G

MemTotal:        4016008 kB
MemFree:          130268 kB
Active:           371716 kB
Mem:          3.8G       3.7G       126M        10M        23M       3.2G

MemTotal:        4016008 kB
MemFree:          130176 kB
Active:           371744 kB
Mem:          3.8G       3.7G       126M        10M        23M       3.2G

MemTotal:        4016008 kB
MemFree:          129932 kB
Active:           371772 kB
Mem:          3.8G       3.7G       126M        10M        23M       3.2G

MemTotal:        4016008 kB
MemFree:          108540 kB
Active:           369240 kB
Mem:          3.8G       3.7G       105M        10M        23M       3.2G

MemTotal:        4016008 kB
MemFree:          143508 kB
Active:           369620 kB
Mem:          3.8G       3.7G       139M        10M        23M       3.2G

MemTotal:        4016008 kB
MemFree:          132740 kB
Active:           370008 kB
Mem:          3.8G       3.7G       129M        10M        23M       3.2G

MemTotal:        4016008 kB
MemFree:          118484 kB
Active:           370088 kB
Mem:          3.8G       3.7G       115M        10M        23M       3.2G

MemTotal:        4016008 kB
MemFree:          118456 kB
Active:           370076 kB
Mem:          3.8G       3.7G       115M        10M        23M       3.2G

MemTotal:        4016008 kB
MemFree:          117684 kB
Active:           370124 kB
Mem:          3.8G       3.7G       115M        10M        23M       3.2G

MemTotal:        4016008 kB
MemFree:          128708 kB
Active:           370440 kB
Mem:          3.8G       3.7G       124M        10M        23M       3.2G

MemTotal:        4016008 kB
MemFree:          130072 kB
Active:           368248 kB
Mem:          3.8G       3.7G       126M        10M        23M       3.2G

MemTotal:        4016008 kB
MemFree:          132412 kB
Active:           368332 kB
Mem:          3.8G       3.7G       129M        10M        23M       3.2G

MemTotal:        4016008 kB
MemFree:          107892 kB
Active:           370544 kB
Mem:          3.8G       3.7G       105M        10M        23M       3.2G

MemTotal:        4016008 kB
MemFree:          107800 kB
Active:           370544 kB
Mem:          3.8G       3.7G       105M        10M        23M       3.2G

MemTotal:        4016008 kB
MemFree:          108116 kB
Active:           370580 kB
Mem:          3.8G       3.7G       105M        10M        23M       3.2G

MemTotal:        4016008 kB
MemFree:          140200 kB
Active:           369040 kB
Mem:          3.8G       3.7G       136M        10M        23M       3.2G

MemTotal:        4016008 kB
MemFree:          128388 kB
Active:           369336 kB
Mem:          3.8G       3.7G       125M        10M        23M       3.2G

MemTotal:        4016008 kB
MemFree:          127876 kB
Active:           369432 kB
Mem:          3.8G       3.7G       124M        10M        23M       3.2G

MemTotal:        4016008 kB
MemFree:          128096 kB
Active:           369400 kB
Mem:          3.8G       3.7G       124M        10M        23M       3.2G

MemTotal:        4016008 kB
MemFree:          127712 kB
Active:           369400 kB
Mem:          3.8G       3.7G       124M        10M        23M       3.2G

MemTotal:        4016008 kB
MemFree:          132256 kB
Active:           369988 kB
Mem:          3.8G       3.7G       128M        10M        23M       3.2G

MemTotal:        4016008 kB
MemFree:          109372 kB
Active:           370332 kB
Mem:          3.8G       3.7G       106M        10M        23M       3.2G

MemTotal:        4016008 kB
MemFree:          108908 kB
Active:           370428 kB
Mem:          3.8G       3.7G       106M        10M        23M       3.2G

MemTotal:        4016008 kB
MemFree:          109064 kB
Active:           370400 kB
Mem:          3.8G       3.7G       106M        10M        23M       3.2G

MemTotal:        4016008 kB
MemFree:          112812 kB
Active:           370420 kB
Mem:          3.8G       3.7G       108M        10M        23M       3.2G

MemTotal:        4016008 kB
MemFree:          135040 kB
Active:           369752 kB
Mem:          3.8G       3.7G       131M        10M        23M       3.2G

MemTotal:        4016008 kB
MemFree:          134680 kB
Active:           369784 kB
Mem:          3.8G       3.7G       131M        10M        23M       3.2G

MemTotal:        4016008 kB
MemFree:          130552 kB
Active:           369832 kB
Mem:          3.8G       3.7G       127M        10M        23M       3.2G

MemTotal:        4016008 kB
MemFree:          130800 kB
Active:           369864 kB
Mem:          3.8G       3.7G       127M        10M        23M       3.2G

MemTotal:        4016008 kB
MemFree:          130588 kB
Active:           369864 kB
Mem:          3.8G       3.7G       127M        10M        23M       3.2G

MemTotal:        4016008 kB
MemFree:          133108 kB
Active:           370012 kB
Mem:          3.8G       3.7G       129M        10M        23M       3.2G

MemTotal:        4016008 kB
MemFree:          116188 kB
Active:           371200 kB
Mem:          3.8G       3.7G       112M        10M        23M       3.2G

MemTotal:        4016008 kB
MemFree:          128260 kB
Active:           370984 kB
Mem:          3.8G       3.7G       125M        10M        23M       3.2G

MemTotal:        4016008 kB
MemFree:          128528 kB
Active:           371140 kB
Mem:          3.8G       3.7G       125M        10M        23M       3.2G

MemTotal:        4016008 kB
MemFree:          127912 kB
Active:           371184 kB
Mem:          3.8G       3.7G       124M        10M        23M       3.2G

MemTotal:        4016008 kB
MemFree:          131412 kB
Active:           371328 kB
Mem:          3.8G       3.7G       128M        10M        23M       3.2G

MemTotal:        4016008 kB
MemFree:          128536 kB
Active:           369356 kB
Mem:          3.8G       3.7G       125M        10M        23M       3.2G

MemTotal:        4016008 kB
MemFree:          130232 kB
Active:           369448 kB
Mem:          3.8G       3.7G       127M        10M        23M       3.2G

MemTotal:        4016008 kB
MemFree:          116896 kB
Active:           369680 kB
Mem:          3.8G       3.7G       114M        10M        23M       3.2G

MemTotal:        4016008 kB
MemFree:          117052 kB
Active:           369712 kB
Mem:          3.8G       3.7G       114M        10M        23M       3.2G

MemTotal:        4016008 kB
MemFree:          116936 kB
Active:           369728 kB
Mem:          3.8G       3.7G       114M        10M        23M       3.2G

MemTotal:        4016008 kB
MemFree:         3313388 kB
Active:           327260 kB
Mem:          3.8G       685M       3.2G        10M        23M       235M

MemTotal:        4016008 kB
MemFree:         3359868 kB
Active:           329156 kB
Mem:          3.8G       640M       3.2G        10M        23M       191M

MemTotal:        4016008 kB
MemFree:         3077400 kB
Active:           330232 kB
Mem:          3.8G       916M       2.9G        10M        23M       462M

MemTotal:        4016008 kB
MemFree:         3014412 kB
Active:           330468 kB
Mem:          3.8G       978M       2.9G        10M        23M       521M

MemTotal:        4016008 kB
MemFree:         2951572 kB
Active:           330716 kB
Mem:          3.8G       1.0G       2.8G        10M        23M       581M

MemTotal:        4016008 kB
MemFree:         2942816 kB
Active:           330748 kB
Mem:          3.8G       1.0G       2.8G        10M        23M       589M

MemTotal:        4016008 kB
MemFree:         2892460 kB
Active:           330948 kB
Mem:          3.8G       1.1G       2.8G        10M        23M       638M

MemTotal:        4016008 kB
MemFree:         2851332 kB
Active:           331144 kB
Mem:          3.8G       1.1G       2.7G        10M        23M       677M

MemTotal:        4016008 kB
MemFree:         2850656 kB
Active:           331152 kB
Mem:          3.8G       1.1G       2.7G        10M        23M       678M

MemTotal:        4016008 kB
MemFree:         2850256 kB
Active:           331152 kB
Mem:          3.8G       1.1G       2.7G        10M        23M       678M

MemTotal:        4016008 kB
MemFree:         2721644 kB
Active:           331600 kB
Mem:          3.8G       1.2G       2.6G        10M        23M       801M

MemTotal:        4016008 kB
MemFree:         2689664 kB
Active:           331776 kB
Mem:          3.8G       1.3G       2.6G        10M        23M       830M

MemTotal:        4016008 kB
MemFree:         2603772 kB
Active:           332120 kB
Mem:          3.8G       1.3G       2.5G        10M        23M       912M

MemTotal:        4016008 kB
MemFree:         2603744 kB
Active:           332120 kB
Mem:          3.8G       1.3G       2.5G        10M        23M       912M

MemTotal:        4016008 kB
MemFree:         2603344 kB
Active:           332124 kB
Mem:          3.8G       1.3G       2.5G        10M        23M       912M

MemTotal:        4016008 kB
MemFree:         2515676 kB
Active:           332272 kB
Mem:          3.8G       1.4G       2.4G        10M        23M       997M

MemTotal:        4016008 kB
MemFree:         2430996 kB
Active:           332720 kB
Mem:          3.8G       1.5G       2.3G        10M        23M       1.1G

MemTotal:        4016008 kB
MemFree:         2414224 kB
Active:           332816 kB
Mem:          3.8G       1.5G       2.3G        10M        23M       1.1G

MemTotal:        4016008 kB
MemFree:         2413548 kB
Active:           332820 kB
Mem:          3.8G       1.5G       2.3G        10M        23M       1.1G

MemTotal:        4016008 kB
MemFree:         2413148 kB
Active:           332832 kB
Mem:          3.8G       1.5G       2.3G        10M        23M       1.1G

MemTotal:        4016008 kB
MemFree:         2287080 kB
Active:           333284 kB
Mem:          3.8G       1.6G       2.2G        10M        23M       1.2G

MemTotal:        4016008 kB
MemFree:         2202188 kB
Active:           333620 kB
Mem:          3.8G       1.7G       2.1G        10M        23M       1.3G

MemTotal:        4016008 kB
MemFree:         2155068 kB
Active:           333880 kB
Mem:          3.8G       1.8G       2.1G        10M        23M       1.3G

MemTotal:        4016008 kB
MemFree:         2113260 kB
Active:           334100 kB
Mem:          3.8G       1.8G       2.0G        10M        23M       1.3G

MemTotal:        4016008 kB
MemFree:         2070456 kB
Active:           334260 kB
Mem:          3.8G       1.9G       2.0G        10M        23M       1.4G

MemTotal:        4016008 kB
MemFree:         2028604 kB
Active:           334420 kB
Mem:          3.8G       1.9G       1.9G        10M        23M       1.4G

MemTotal:        4016008 kB
MemFree:         1979520 kB
Active:           334584 kB
Mem:          3.8G       1.9G       1.9G        10M        23M       1.5G

MemTotal:        4016008 kB
MemFree:         1968568 kB
Active:           334708 kB
Mem:          3.8G       2.0G       1.9G        10M        23M       1.5G

MemTotal:        4016008 kB
MemFree:         1968384 kB
Active:           334680 kB
Mem:          3.8G       2.0G       1.9G        10M        23M       1.5G

MemTotal:        4016008 kB
MemFree:         1968356 kB
Active:           334728 kB
Mem:          3.8G       2.0G       1.9G        10M        23M       1.5G

MemTotal:        4016008 kB
MemFree:         1951000 kB
Active:           334716 kB
Mem:          3.8G       2.0G       1.9G        10M        23M       1.5G

MemTotal:        4016008 kB
MemFree:         1814696 kB
Active:           335260 kB
Mem:          3.8G       2.1G       1.7G        10M        23M       1.6G

MemTotal:        4016008 kB
MemFree:         1814544 kB
Active:           335300 kB
Mem:          3.8G       2.1G       1.7G        10M        23M       1.6G

MemTotal:        4016008 kB
MemFree:         1814856 kB
Active:           335312 kB
Mem:          3.8G       2.1G       1.7G        10M        23M       1.6G

MemTotal:        4016008 kB
MemFree:         1614488 kB
Active:           335988 kB
Mem:          3.8G       2.3G       1.5G        10M        23M       1.8G

MemTotal:        4016008 kB
MemFree:         1596692 kB
Active:           336136 kB
Mem:          3.8G       2.3G       1.5G        10M        23M       1.8G

MemTotal:        4016008 kB
MemFree:         1596600 kB
Active:           336140 kB
Mem:          3.8G       2.3G       1.5G        10M        23M       1.8G

MemTotal:        4016008 kB
MemFree:         1596696 kB
Active:           336196 kB
Mem:          3.8G       2.3G       1.5G        10M        23M       1.8G

MemTotal:        4016008 kB
MemFree:         1466072 kB
Active:           336664 kB
Mem:          3.8G       2.4G       1.4G        10M        23M       1.9G

MemTotal:        4016008 kB
MemFree:         1381624 kB
Active:           337024 kB
Mem:          3.8G       2.5G       1.3G        10M        23M       2.0G

MemTotal:        4016008 kB
MemFree:         1345360 kB
Active:           337268 kB
Mem:          3.8G       2.5G       1.3G        10M        23M       2.1G

MemTotal:        4016008 kB
MemFree:         1344852 kB
Active:           337264 kB
Mem:          3.8G       2.5G       1.3G        10M        23M       2.1G

MemTotal:        4016008 kB
MemFree:         1344360 kB
Active:           337280 kB
Mem:          3.8G       2.5G       1.3G        10M        23M       2.1G

MemTotal:        4016008 kB
MemFree:         1344024 kB
Active:           337328 kB
Mem:          3.8G       2.5G       1.3G        10M        23M       2.1G

MemTotal:        4016008 kB
MemFree:         1190076 kB
Active:           337756 kB
Mem:          3.8G       2.7G       1.1G        10M        23M       2.2G

MemTotal:        4016008 kB
MemFree:         1107916 kB
Active:           338040 kB
Mem:          3.8G       2.8G       1.1G        10M        23M       2.3G

MemTotal:        4016008 kB
MemFree:         1087656 kB
Active:           338288 kB
Mem:          3.8G       2.8G       1.0G        10M        23M       2.3G

MemTotal:        4016008 kB
MemFree:         1087844 kB
Active:           338316 kB
Mem:          3.8G       2.8G       1.0G        10M        23M       2.3G

MemTotal:        4016008 kB
MemFree:          974144 kB
Active:           338776 kB
Mem:          3.8G       2.9G       951M        10M        23M       2.4G

MemTotal:        4016008 kB
MemFree:          868644 kB
Active:           339060 kB
Mem:          3.8G       3.0G       848M        10M        23M       2.5G

MemTotal:        4016008 kB
MemFree:          868832 kB
Active:           339156 kB
Mem:          3.8G       3.0G       848M        10M        23M       2.5G

MemTotal:        4016008 kB
MemFree:          856808 kB
Active:           339180 kB
Mem:          3.8G       3.0G       836M        10M        23M       2.5G

MemTotal:        4016008 kB
MemFree:          731220 kB
Active:           339644 kB
Mem:          3.8G       3.1G       713M        10M        23M       2.6G

MemTotal:        4016008 kB
MemFree:          663328 kB
Active:           339800 kB
Mem:          3.8G       3.2G       647M        10M        23M       2.7G

MemTotal:        4016008 kB
MemFree:          635116 kB
Active:           340032 kB
Mem:          3.8G       3.2G       620M        10M        23M       2.7G

MemTotal:        4016008 kB
MemFree:          635032 kB
Active:           340108 kB
Mem:          3.8G       3.2G       620M        10M        23M       2.7G

MemTotal:        4016008 kB
MemFree:          553992 kB
Active:           340276 kB
Mem:          3.8G       3.3G       540M        10M        23M       2.8G

MemTotal:        4016008 kB
MemFree:          487172 kB
Active:           340604 kB
Mem:          3.8G       3.4G       475M        10M        23M       2.9G

MemTotal:        4016008 kB
MemFree:          440692 kB
Active:           340680 kB
Mem:          3.8G       3.4G       429M        10M        23M       2.9G

MemTotal:        4016008 kB
MemFree:          398512 kB
Active:           340888 kB
Mem:          3.8G       3.5G       389M        10M        23M       2.9G

MemTotal:        4016008 kB
MemFree:          340428 kB
Active:           341152 kB
Mem:          3.8G       3.5G       332M        10M        23M       3.0G

MemTotal:        4016008 kB
MemFree:          314356 kB
Active:           341244 kB
Mem:          3.8G       3.5G       306M        10M        23M       3.0G

MemTotal:        4016008 kB
MemFree:          193704 kB
Active:           341756 kB
Mem:          3.8G       3.6G       188M        10M        23M       3.1G

MemTotal:        4016008 kB
MemFree:          142628 kB
Active:           342056 kB
Mem:          3.8G       3.7G       139M        10M        23M       3.2G

MemTotal:        4016008 kB
MemFree:          140084 kB
Active:           344088 kB
Mem:          3.8G       3.7G       136M        10M        23M       3.2G

MemTotal:        4016008 kB
MemFree:          140028 kB
Active:           344108 kB
Mem:          3.8G       3.7G       136M        10M        23M       3.2G

MemTotal:        4016008 kB
MemFree:          140092 kB
Active:           344100 kB
Mem:          3.8G       3.7G       136M        10M        23M       3.2G

MemTotal:        4016008 kB
MemFree:          148640 kB
Active:           343744 kB
Mem:          3.8G       3.7G       145M        10M        23M       3.2G

MemTotal:        4016008 kB
MemFree:          109632 kB
Active:           344204 kB
Mem:          3.8G       3.7G       107M        10M        23M       3.2G

MemTotal:        4016008 kB
MemFree:          138768 kB
Active:           344408 kB
Mem:          3.8G       3.7G       135M        10M        23M       3.2G

MemTotal:        4016008 kB
MemFree:          139048 kB
Active:           344408 kB
Mem:          3.8G       3.7G       135M        10M        23M       3.2G

MemTotal:        4016008 kB
MemFree:          126168 kB
Active:           344360 kB
Mem:          3.8G       3.7G       121M        10M        23M       3.2G

MemTotal:        4016008 kB
MemFree:          117000 kB
Active:           345008 kB
Mem:          3.8G       3.7G       114M        10M        23M       3.2G

MemTotal:        4016008 kB
MemFree:          138044 kB
Active:           345164 kB
Mem:          3.8G       3.7G       140M        10M        23M       3.2G

MemTotal:        4016008 kB
MemFree:          134384 kB
Active:           344068 kB
Mem:          3.8G       3.7G       131M        10M        23M       3.2G

MemTotal:        4016008 kB
MemFree:          134752 kB
Active:           344032 kB
Mem:          3.8G       3.7G       131M        10M        23M       3.2G

MemTotal:        4016008 kB
MemFree:          135156 kB
Active:           344020 kB
Mem:          3.8G       3.7G       131M        10M        23M       3.2G

MemTotal:        4016008 kB
MemFree:          135128 kB
Active:           344024 kB
Mem:          3.8G       3.7G       131M        10M        23M       3.2G

MemTotal:        4016008 kB
MemFree:          140916 kB
Active:           344436 kB
Mem:          3.8G       3.7G       137M        10M        23M       3.2G

MemTotal:        4016008 kB
MemFree:          107608 kB
Active:           344684 kB
Mem:          3.8G       3.7G       105M        10M        23M       3.2G

MemTotal:        4016008 kB
MemFree:          121572 kB
Active:           344992 kB
Mem:          3.8G       3.7G       118M        10M        23M       3.2G

MemTotal:        4016008 kB
MemFree:          140528 kB
Active:           345804 kB
Mem:          3.8G       3.7G       137M        10M        23M       3.2G

MemTotal:        4016008 kB
MemFree:          138992 kB
Active:           345952 kB
Mem:          3.8G       3.7G       135M        10M        23M       3.2G

MemTotal:        4016008 kB
MemFree:          138748 kB
Active:           345972 kB
Mem:          3.8G       3.7G       135M        10M        23M       3.2G

MemTotal:        4016008 kB
MemFree:          138844 kB
Active:           345920 kB
Mem:          3.8G       3.7G       135M        10M        23M       3.2G

MemTotal:        4016008 kB
MemFree:          121464 kB
Active:           346216 kB
Mem:          3.8G       3.7G       118M        10M        24M       3.2G

MemTotal:        4016008 kB
MemFree:          123412 kB
Active:           346544 kB
Mem:          3.8G       3.7G       120M        10M        24M       3.2G

MemTotal:        4016008 kB
MemFree:          106892 kB
Active:           346760 kB
Mem:          3.8G       3.7G       103M        10M        24M       3.2G

MemTotal:        4016008 kB
MemFree:          105096 kB
Active:           346876 kB
Mem:          3.8G       3.7G       102M        10M        24M       3.2G

MemTotal:        4016008 kB
MemFree:          105128 kB
Active:           346888 kB
Mem:          3.8G       3.7G       112M        10M        24M       3.2G

MemTotal:        4016008 kB
MemFree:          129560 kB
Active:           346880 kB
Mem:          3.8G       3.7G       125M        10M        24M       3.2G

MemTotal:        4016008 kB
MemFree:          142652 kB
Active:           346716 kB
Mem:          3.8G       3.7G       138M        10M        24M       3.2G

MemTotal:        4016008 kB
MemFree:          121560 kB
Active:           347000 kB
Mem:          3.8G       3.7G       118M        10M        24M       3.2G

MemTotal:        4016008 kB
MemFree:          128492 kB
Active:           347192 kB
Mem:          3.8G       3.7G       125M        10M        24M       3.2G

MemTotal:        4016008 kB
MemFree:          128480 kB
Active:           347184 kB
Mem:          3.8G       3.7G       125M        10M        24M       3.2G

MemTotal:        4016008 kB
MemFree:          128732 kB
Active:           347200 kB
Mem:          3.8G       3.7G       125M        10M        24M       3.2G

MemTotal:        4016008 kB
MemFree:          119908 kB
Active:           347276 kB
Mem:          3.8G       3.7G       116M        10M        24M       3.2G

MemTotal:        4016008 kB
MemFree:          138828 kB
Active:           346196 kB
Mem:          3.8G       3.7G       135M        10M        24M       3.2G

MemTotal:        4016008 kB
MemFree:          128168 kB
Active:           346420 kB
Mem:          3.8G       3.7G       124M        10M        24M       3.2G

MemTotal:        4016008 kB
MemFree:          127544 kB
Active:           346520 kB
Mem:          3.8G       3.7G       124M        10M        24M       3.2G

MemTotal:        4016008 kB
MemFree:          126704 kB
Active:           345396 kB
Mem:          3.8G       3.7G       123M        10M        24M       3.2G

MemTotal:        4016008 kB
MemFree:          125360 kB
Active:           347768 kB
Mem:          3.8G       3.7G       122M        10M        24M       3.2G

MemTotal:        4016008 kB
MemFree:          109792 kB
Active:           347812 kB
Mem:          3.8G       3.7G       106M        10M        24M       3.2G

MemTotal:        4016008 kB
MemFree:          126688 kB
Active:           348080 kB
Mem:          3.8G       3.7G       123M        10M        24M       3.2G

MemTotal:        4016008 kB
MemFree:          112088 kB
Active:           348284 kB
Mem:          3.8G       3.7G       109M        10M        24M       3.2G

MemTotal:        4016008 kB
MemFree:          108276 kB
Active:           348496 kB
Mem:          3.8G       3.7G       105M        10M        24M       3.2G

MemTotal:        4016008 kB
MemFree:          134880 kB
Active:           348708 kB
Mem:          3.8G       3.7G       131M        10M        24M       3.2G

MemTotal:        4016008 kB
MemFree:          135132 kB
Active:           348732 kB
Mem:          3.8G       3.7G       131M        10M        24M       3.2G

MemTotal:        4016008 kB
MemFree:          132684 kB
Active:           348772 kB
Mem:          3.8G       3.7G       129M        10M        24M       3.2G

MemTotal:        4016008 kB
MemFree:          126884 kB
Active:           350444 kB
Mem:          3.8G       3.7G       123M        10M        24M       3.2G

MemTotal:        4016008 kB
MemFree:          130716 kB
Active:           350348 kB
Mem:          3.8G       3.7G       127M        10M        24M       3.2G

MemTotal:        4016008 kB
MemFree:          141460 kB
Active:           350664 kB
Mem:          3.8G       3.7G       137M        10M        24M       3.2G

MemTotal:        4016008 kB
MemFree:          140932 kB
Active:           350580 kB
Mem:          3.8G       3.7G       137M        10M        24M       3.2G

MemTotal:        4016008 kB
MemFree:          140760 kB
Active:           350640 kB
Mem:          3.8G       3.7G       137M        10M        24M       3.2G

MemTotal:        4016008 kB
MemFree:          140860 kB
Active:           350608 kB
Mem:          3.8G       3.7G       137M        10M        24M       3.2G

MemTotal:        4016008 kB
MemFree:          148320 kB
Active:           351156 kB
Mem:          3.8G       3.7G       144M        10M        24M       3.2G

MemTotal:        4016008 kB
MemFree:          143620 kB
Active:           351428 kB
Mem:          3.8G       3.7G       140M        10M        24M       3.2G

MemTotal:        4016008 kB
MemFree:          143372 kB
Active:           351428 kB
Mem:          3.8G       3.7G       139M        10M        24M       3.2G

MemTotal:        4016008 kB
MemFree:          142972 kB
Active:           351452 kB
Mem:          3.8G       3.7G       139M        10M        24M       3.2G

MemTotal:        4016008 kB
MemFree:          137508 kB
Active:           351928 kB
Mem:          3.8G       3.7G       133M        10M        24M       3.2G

MemTotal:        4016008 kB
MemFree:          127624 kB
Active:           352228 kB
Mem:          3.8G       3.7G       124M        10M        24M       3.2G

MemTotal:        4016008 kB
MemFree:          105024 kB
Active:           352416 kB
Mem:          3.8G       3.7G       104M        10M        24M       3.2G

MemTotal:        4016008 kB
MemFree:          127904 kB
Active:           352444 kB
Mem:          3.8G       3.7G       124M        10M        24M       3.2G

MemTotal:        4016008 kB
MemFree:          135528 kB
Active:           352736 kB
Mem:          3.8G       3.7G       132M        10M        24M       3.2G

MemTotal:        4016008 kB
MemFree:          118680 kB
Active:           352904 kB
Mem:          3.8G       3.7G       115M        10M        24M       3.2G

MemTotal:        4016008 kB
MemFree:          131172 kB
Active:           353040 kB
Mem:          3.8G       3.7G       127M        10M        24M       3.2G

MemTotal:        4016008 kB
MemFree:          114348 kB
Active:           353352 kB
Mem:          3.8G       3.7G       111M        10M        24M       3.2G

MemTotal:        4016008 kB
MemFree:          110780 kB
Active:           353504 kB
Mem:          3.8G       3.7G       108M        10M        24M       3.2G

MemTotal:        4016008 kB
MemFree:          138056 kB
Active:           354948 kB
Mem:          3.8G       3.7G       135M        10M        24M       3.2G

MemTotal:        4016008 kB
MemFree:          138680 kB
Active:           354944 kB
Mem:          3.8G       3.7G       135M        10M        24M       3.2G

MemTotal:        4016008 kB
MemFree:          138560 kB
Active:           354944 kB
Mem:          3.8G       3.7G       135M        10M        24M       3.2G

MemTotal:        4016008 kB
MemFree:          132120 kB
Active:           352768 kB
Mem:          3.8G       3.7G       128M        10M        24M       3.2G

MemTotal:        4016008 kB
MemFree:          141212 kB
Active:           353392 kB
Mem:          3.8G       3.7G       137M        10M        24M       3.2G

MemTotal:        4016008 kB
MemFree:          142248 kB
Active:           354532 kB
Mem:          3.8G       3.7G       139M        10M        24M       3.2G

MemTotal:        4016008 kB
MemFree:          131820 kB
Active:           354928 kB
Mem:          3.8G       3.7G       128M        10M        24M       3.2G

MemTotal:        4016008 kB
MemFree:          127628 kB
Active:           355476 kB
Mem:          3.8G       3.7G       124M        10M        24M       3.2G

MemTotal:        4016008 kB
MemFree:          109288 kB
Active:           355636 kB
Mem:          3.8G       3.7G       106M        10M        24M       3.2G

MemTotal:        4016008 kB
MemFree:          107120 kB
Active:           355844 kB
Mem:          3.8G       3.7G       104M        10M        24M       3.2G

MemTotal:        4016008 kB
MemFree:          142608 kB
Active:           356152 kB
Mem:          3.8G       3.7G       139M        10M        24M       3.2G

MemTotal:        4016008 kB
MemFree:          143044 kB
Active:           356132 kB
Mem:          3.8G       3.7G       139M        10M        24M       3.2G

MemTotal:        4016008 kB
MemFree:          141200 kB
Active:           356188 kB
Mem:          3.8G       3.7G       137M        10M        24M       3.2G

MemTotal:        4016008 kB
MemFree:          118020 kB
Active:           356532 kB
Mem:          3.8G       3.7G       114M        10M        24M       3.2G

MemTotal:        4016008 kB
MemFree:          108732 kB
Active:           356840 kB
Mem:          3.8G       3.7G       105M        10M        24M       3.2G

MemTotal:        4016008 kB
MemFree:          134144 kB
Active:           357076 kB
Mem:          3.8G       3.7G       131M        10M        24M       3.2G

MemTotal:        4016008 kB
MemFree:          133404 kB
Active:           357088 kB
Mem:          3.8G       3.7G       130M        10M        24M       3.2G

MemTotal:        4016008 kB
MemFree:          133688 kB
Active:           357080 kB
Mem:          3.8G       3.7G       130M        10M        24M       3.2G

MemTotal:        4016008 kB
MemFree:          137660 kB
Active:           357492 kB
Mem:          3.8G       3.7G       134M        10M        24M       3.2G

MemTotal:        4016008 kB
MemFree:          127360 kB
Active:           357736 kB
Mem:          3.8G       3.7G       124M        10M        24M       3.2G

MemTotal:        4016008 kB
MemFree:          126664 kB
Active:           357824 kB
Mem:          3.8G       3.7G       123M        10M        24M       3.2G

MemTotal:        4016008 kB
MemFree:          127008 kB
Active:           357816 kB
Mem:          3.8G       3.7G       123M        10M        24M       3.2G

MemTotal:        4016008 kB
MemFree:          127140 kB
Active:           357808 kB
Mem:          3.8G       3.7G       124M        10M        24M       3.2G

MemTotal:        4016008 kB
MemFree:          105408 kB
Active:           358544 kB
Mem:          3.8G       3.7G       102M        10M        24M       3.2G

MemTotal:        4016008 kB
MemFree:          128008 kB
Active:           358772 kB
Mem:          3.8G       3.7G       124M        10M        24M       3.2G

MemTotal:        4016008 kB
MemFree:          113608 kB
Active:           360880 kB
Mem:          3.8G       3.7G       110M        10M        24M       3.2G

MemTotal:        4016008 kB
MemFree:          113236 kB
Active:           360924 kB
Mem:          3.8G       3.7G       110M        10M        24M       3.2G

MemTotal:        4016008 kB
MemFree:          113176 kB
Active:           360928 kB
Mem:          3.8G       3.7G       110M        10M        24M       3.2G

MemTotal:        4016008 kB
MemFree:          148392 kB
Active:           361112 kB
Mem:          3.8G       3.7G       144M        10M        24M       3.2G

MemTotal:        4016008 kB
MemFree:          127588 kB
Active:           361244 kB
Mem:          3.8G       3.7G       124M        10M        24M       3.2G

MemTotal:        4016008 kB
MemFree:          141468 kB
Active:           361272 kB
Mem:          3.8G       3.7G       138M        10M        24M       3.2G

MemTotal:        4016008 kB
MemFree:          141616 kB
Active:           361436 kB
Mem:          3.8G       3.7G       138M        10M        24M       3.2G

MemTotal:        4016008 kB
MemFree:          141676 kB
Active:           361436 kB
Mem:          3.8G       3.7G       138M        10M        24M       3.2G

MemTotal:        4016008 kB
MemFree:          137120 kB
Active:           361492 kB
Mem:          3.8G       3.7G       134M        10M        24M       3.2G

MemTotal:        4016008 kB
MemFree:          148416 kB
Active:           360980 kB
Mem:          3.8G       3.7G       144M        10M        24M       3.2G

MemTotal:        4016008 kB
MemFree:          118360 kB
Active:           361328 kB
Mem:          3.8G       3.7G       115M        10M        24M       3.2G

MemTotal:        4016008 kB
MemFree:          107572 kB
Active:           361468 kB
Mem:          3.8G       3.7G       105M        10M        24M       3.2G

MemTotal:        4016008 kB
MemFree:          107856 kB
Active:           361464 kB
Mem:          3.8G       3.7G       105M        10M        24M       3.2G

MemTotal:        4016008 kB
MemFree:          108420 kB
Active:           361464 kB
Mem:          3.8G       3.7G       105M        10M        24M       3.2G

MemTotal:        4016008 kB
MemFree:          131592 kB
Active:           362108 kB
Mem:          3.8G       3.7G       128M        10M        24M       3.2G

MemTotal:        4016008 kB
MemFree:          114972 kB
Active:           362388 kB
Mem:          3.8G       3.7G       112M        10M        24M       3.2G

MemTotal:        4016008 kB
MemFree:          114268 kB
Active:           362400 kB
Mem:          3.8G       3.7G       111M        10M        24M       3.2G

MemTotal:        4016008 kB
MemFree:          114116 kB
Active:           362412 kB
Mem:          3.8G       3.7G       111M        10M        24M       3.2G

MemTotal:        4016008 kB
MemFree:          124876 kB
Active:           362656 kB
Mem:          3.8G       3.7G       120M        10M        24M       3.2G

MemTotal:        4016008 kB
MemFree:          131084 kB
Active:           363036 kB
Mem:          3.8G       3.7G       127M        10M        24M       3.2G

MemTotal:        4016008 kB
MemFree:          111824 kB
Active:           363332 kB
Mem:          3.8G       3.7G       108M        10M        24M       3.2G

MemTotal:        4016008 kB
MemFree:          133432 kB
Active:           363436 kB
Mem:          3.8G       3.7G       130M        10M        24M       3.2G

MemTotal:        4016008 kB
MemFree:          133528 kB
Active:           363436 kB
Mem:          3.8G       3.7G       130M        10M        24M       3.2G

MemTotal:        4016008 kB
MemFree:          133408 kB
Active:           363432 kB
Mem:          3.8G       3.7G       130M        10M        24M       3.2G

MemTotal:        4016008 kB
MemFree:          131128 kB
Active:           363748 kB
Mem:          3.8G       3.7G       128M        10M        24M       3.2G

MemTotal:        4016008 kB
MemFree:          105360 kB
Active:           364040 kB
Mem:          3.8G       3.7G       103M        10M        24M       3.2G

MemTotal:        4016008 kB
MemFree:          134424 kB
Active:           364260 kB
Mem:          3.8G       3.7G       131M        10M        24M       3.2G

MemTotal:        4016008 kB
MemFree:          133900 kB
Active:           364312 kB
Mem:          3.8G       3.7G       130M        10M        24M       3.2G

MemTotal:        4016008 kB
MemFree:          134212 kB
Active:           364276 kB
Mem:          3.8G       3.7G       130M        10M        24M       3.2G

MemTotal:        4016008 kB
MemFree:          112408 kB
Active:           364444 kB
Mem:          3.8G       3.7G       108M        10M        24M       3.2G

MemTotal:        4016008 kB
MemFree:          139788 kB
Active:           364920 kB
Mem:          3.8G       3.7G       136M        10M        24M       3.2G

MemTotal:        4016008 kB
MemFree:          140292 kB
Active:           365008 kB
Mem:          3.8G       3.7G       137M        10M        24M       3.2G

MemTotal:        4016008 kB
MemFree:          140324 kB
Active:           365020 kB
Mem:          3.8G       3.7G       136M        10M        24M       3.2G

MemTotal:        4016008 kB
MemFree:          140012 kB
Active:           365080 kB
Mem:          3.8G       3.7G       136M        10M        24M       3.2G

MemTotal:        4016008 kB
MemFree:          113464 kB
Active:           365188 kB
Mem:          3.8G       3.7G       110M        10M        24M       3.2G

MemTotal:        4016008 kB
MemFree:          122320 kB
Active:           365800 kB
Mem:          3.8G       3.7G       119M        10M        24M       3.2G

MemTotal:        4016008 kB
MemFree:          132680 kB
Active:           366040 kB
Mem:          3.8G       3.7G       129M        10M        24M       3.2G

MemTotal:        4016008 kB
MemFree:          132580 kB
Active:           366204 kB
Mem:          3.8G       3.7G       129M        10M        24M       3.2G

MemTotal:        4016008 kB
MemFree:          132240 kB
Active:           366184 kB
Mem:          3.8G       3.7G       129M        10M        24M       3.2G

MemTotal:        4016008 kB
MemFree:          132244 kB
Active:           366172 kB
Mem:          3.8G       3.7G       129M        10M        24M       3.2G

MemTotal:        4016008 kB
MemFree:          134624 kB
Active:           366608 kB
Mem:          3.8G       3.7G       131M        10M        24M       3.2G

MemTotal:        4016008 kB
MemFree:          121956 kB
Active:           366792 kB
Mem:          3.8G       3.7G       119M        10M        24M       3.2G

MemTotal:        4016008 kB
MemFree:          128344 kB
Active:           367092 kB
Mem:          3.8G       3.7G       125M        10M        24M       3.2G

MemTotal:        4016008 kB
MemFree:          128796 kB
Active:           367172 kB
Mem:          3.8G       3.7G       125M        10M        24M       3.2G

MemTotal:        4016008 kB
MemFree:          128984 kB
Active:           367188 kB
Mem:          3.8G       3.7G       126M        10M        24M       3.2G

MemTotal:        4016008 kB
MemFree:          139336 kB
Active:           367456 kB
Mem:          3.8G       3.7G       136M        10M        24M       3.2G

MemTotal:        4016008 kB
MemFree:          110204 kB
Active:           367760 kB
Mem:          3.8G       3.7G       107M        10M        24M       3.2G

MemTotal:        4016008 kB
MemFree:          127912 kB
Active:           368900 kB
Mem:          3.8G       3.7G       124M        10M        24M       3.2G

MemTotal:        4016008 kB
MemFree:          127364 kB
Active:           369064 kB
Mem:          3.8G       3.7G       124M        10M        24M       3.2G

MemTotal:        4016008 kB
MemFree:          126840 kB
Active:           369104 kB
Mem:          3.8G       3.7G       123M        10M        24M       3.2G

MemTotal:        4016008 kB
MemFree:          127096 kB
Active:           369128 kB
Mem:          3.8G       3.7G       123M        10M        24M       3.2G

MemTotal:        4016008 kB
MemFree:          141356 kB
Active:           369680 kB
Mem:          3.8G       3.7G       138M        10M        24M       3.2G

MemTotal:        4016008 kB
MemFree:          121020 kB
Active:           370004 kB
Mem:          3.8G       3.7G       118M        10M        24M       3.2G

MemTotal:        4016008 kB
MemFree:          115468 kB
Active:           370128 kB
Mem:          3.8G       3.7G       112M        10M        24M       3.2G

MemTotal:        4016008 kB
MemFree:          115376 kB
Active:           370200 kB
Mem:          3.8G       3.7G       112M        10M        24M       3.2G

MemTotal:        4016008 kB
MemFree:          145032 kB
Active:           370344 kB
Mem:          3.8G       3.7G       141M        10M        24M       3.2G

MemTotal:        4016008 kB
MemFree:          131304 kB
Active:           370564 kB
Mem:          3.8G       3.7G       128M        10M        24M       3.2G

MemTotal:        4016008 kB
MemFree:          131732 kB
Active:           370760 kB
Mem:          3.8G       3.7G       128M        10M        24M       3.2G

MemTotal:        4016008 kB
MemFree:          111252 kB
Active:           371052 kB
Mem:          3.8G       3.7G       108M        10M        24M       3.2G

MemTotal:        4016008 kB
MemFree:          131416 kB
Active:           371196 kB
Mem:          3.8G       3.7G       128M        10M        24M       3.2G

MemTotal:        4016008 kB
MemFree:          131356 kB
Active:           371252 kB
Mem:          3.8G       3.7G       128M        10M        24M       3.2G

MemTotal:        4016008 kB
MemFree:          131204 kB
Active:           371212 kB
Mem:          3.8G       3.7G       128M        10M        24M       3.2G

MemTotal:        4016008 kB
MemFree:          131488 kB
Active:           371264 kB
Mem:          3.8G       3.7G       128M        10M        24M       3.2G

MemTotal:        4016008 kB
MemFree:          122588 kB
Active:           371748 kB
Mem:          3.8G       3.7G       119M        10M        24M       3.2G

MemTotal:        4016008 kB
MemFree:          126332 kB
Active:           370056 kB
Mem:          3.8G       3.7G       123M        10M        24M       3.2G

MemTotal:        4016008 kB
MemFree:          105068 kB
Active:           372224 kB
Mem:          3.8G       3.7G       102M        10M        24M       3.2G

MemTotal:        4016008 kB
MemFree:          128848 kB
Active:           372152 kB
Mem:          3.8G       3.7G       125M        10M        24M       3.2G

MemTotal:        4016008 kB
MemFree:          129068 kB
Active:           372108 kB
Mem:          3.8G       3.7G       125M        10M        24M       3.2G

MemTotal:        4016008 kB
MemFree:         1879488 kB
Active:           337136 kB
Mem:          3.8G       2.0G       1.8G        10M        24M       1.5G

MemTotal:        4016008 kB
MemFree:         3361096 kB
Active:           331368 kB
Mem:          3.8G       639M       3.2G        10M        24M       185M

MemTotal:        4016008 kB
MemFree:         3080908 kB
Active:           332312 kB
Mem:          3.8G       913M       2.9G        10M        24M       454M

MemTotal:        4016008 kB
MemFree:         3016184 kB
Active:           332580 kB
Mem:          3.8G       976M       2.9G        10M        24M       515M

MemTotal:        4016008 kB
MemFree:         2941728 kB
Active:           332828 kB
Mem:          3.8G       1.0G       2.8G        10M        24M       586M

MemTotal:        4016008 kB
MemFree:         2849100 kB
Active:           333296 kB
Mem:          3.8G       1.1G       2.7G        10M        24M       675M

MemTotal:        4016008 kB
MemFree:         2824516 kB
Active:           333444 kB
Mem:          3.8G       1.1G       2.7G        10M        24M       697M

MemTotal:        4016008 kB
MemFree:         2690184 kB
Active:           333848 kB
Mem:          3.8G       1.3G       2.6G        10M        24M       826M

MemTotal:        4016008 kB
MemFree:         2641680 kB
Active:           334208 kB
Mem:          3.8G       1.3G       2.5G        10M        24M       871M

MemTotal:        4016008 kB
MemFree:         2639336 kB
Active:           334236 kB
Mem:          3.8G       1.3G       2.5G        10M        24M       873M

MemTotal:        4016008 kB
MemFree:         2432440 kB
Active:           336896 kB
Mem:          3.8G       1.5G       2.3G        10M        24M       1.0G

MemTotal:        4016008 kB
MemFree:         2398788 kB
Active:           337084 kB
Mem:          3.8G       1.5G       2.3G        10M        24M       1.1G

MemTotal:        4016008 kB
MemFree:         2362352 kB
Active:           337316 kB
Mem:          3.8G       1.6G       2.3G        10M        24M       1.1G

MemTotal:        4016008 kB
MemFree:         2362136 kB
Active:           337352 kB
Mem:          3.8G       1.6G       2.3G        10M        24M       1.1G

MemTotal:        4016008 kB
MemFree:         2362172 kB
Active:           337360 kB
Mem:          3.8G       1.6G       2.3G        10M        24M       1.1G

MemTotal:        4016008 kB
MemFree:         2188748 kB
Active:           337960 kB
Mem:          3.8G       1.7G       2.1G        10M        24M       1.3G

MemTotal:        4016008 kB
MemFree:         2174828 kB
Active:           338056 kB
Mem:          3.8G       1.8G       2.1G        10M        24M       1.3G

MemTotal:        4016008 kB
MemFree:         2175016 kB
Active:           338080 kB
Mem:          3.8G       1.8G       2.1G        10M        24M       1.3G

MemTotal:        4016008 kB
MemFree:         2174556 kB
Active:           338120 kB
Mem:          3.8G       1.8G       2.1G        10M        24M       1.3G

MemTotal:        4016008 kB
MemFree:         2047528 kB
Active:           338516 kB
Mem:          3.8G       1.9G       2.0G        10M        24M       1.4G

MemTotal:        4016008 kB
MemFree:         2046584 kB
Active:           338624 kB
Mem:          3.8G       1.9G       2.0G        10M        24M       1.4G

MemTotal:        4016008 kB
MemFree:         1940072 kB
Active:           339024 kB
Mem:          3.8G       2.0G       1.8G        10M        24M       1.5G

MemTotal:        4016008 kB
MemFree:         1939576 kB
Active:           339052 kB
Mem:          3.8G       2.0G       1.8G        10M        24M       1.5G

MemTotal:        4016008 kB
MemFree:         1939452 kB
Active:           339012 kB
Mem:          3.8G       2.0G       1.8G        10M        24M       1.5G

MemTotal:        4016008 kB
MemFree:         1939116 kB
Active:           339060 kB
Mem:          3.8G       2.0G       1.8G        10M        24M       1.5G

MemTotal:        4016008 kB
MemFree:         1796740 kB
Active:           339428 kB
Mem:          3.8G       2.1G       1.7G        10M        24M       1.6G

MemTotal:        4016008 kB
MemFree:         1694216 kB
Active:           339844 kB
Mem:          3.8G       2.2G       1.6G        10M        24M       1.7G

MemTotal:        4016008 kB
MemFree:         1690620 kB
Active:           340032 kB
Mem:          3.8G       2.2G       1.6G        10M        24M       1.7G

MemTotal:        4016008 kB
MemFree:         1690716 kB
Active:           340000 kB
Mem:          3.8G       2.2G       1.6G        10M        24M       1.7G

MemTotal:        4016008 kB
MemFree:         1690628 kB
Active:           340020 kB
Mem:          3.8G       2.2G       1.6G        10M        24M       1.7G

MemTotal:        4016008 kB
MemFree:         1680216 kB
Active:           340032 kB
Mem:          3.8G       2.2G       1.6G        10M        24M       1.7G

MemTotal:        4016008 kB
MemFree:         1485736 kB
Active:           340720 kB
Mem:          3.8G       2.4G       1.4G        10M        24M       1.9G

MemTotal:        4016008 kB
MemFree:         1439404 kB
Active:           340856 kB
Mem:          3.8G       2.5G       1.4G        10M        24M       2.0G

MemTotal:        4016008 kB
MemFree:         1424600 kB
Active:           341108 kB
Mem:          3.8G       2.5G       1.4G        10M        24M       2.0G

MemTotal:        4016008 kB
MemFree:         1424172 kB
Active:           341144 kB
Mem:          3.8G       2.5G       1.4G        10M        24M       2.0G

MemTotal:        4016008 kB
MemFree:         1424020 kB
Active:           341292 kB
Mem:          3.8G       2.5G       1.4G        10M        24M       2.0G

MemTotal:        4016008 kB
MemFree:         1323508 kB
Active:           341532 kB
Mem:          3.8G       2.6G       1.3G        10M        24M       2.1G

MemTotal:        4016008 kB
MemFree:         1259720 kB
Active:           341956 kB
Mem:          3.8G       2.6G       1.2G        10M        24M       2.1G

MemTotal:        4016008 kB
MemFree:         1259464 kB
Active:           342016 kB
Mem:          3.8G       2.6G       1.2G        10M        24M       2.1G

MemTotal:        4016008 kB
MemFree:         1258848 kB
Active:           342016 kB
Mem:          3.8G       2.6G       1.2G        10M        24M       2.1G

MemTotal:        4016008 kB
MemFree:         1258668 kB
Active:           342036 kB
Mem:          3.8G       2.6G       1.2G        10M        24M       2.1G

MemTotal:        4016008 kB
MemFree:         1079156 kB
Active:           342568 kB
Mem:          3.8G       2.8G       1.0G        10M        24M       2.3G

MemTotal:        4016008 kB
MemFree:         1004204 kB
Active:           342828 kB
Mem:          3.8G       2.9G       980M        10M        24M       2.4G

MemTotal:        4016008 kB
MemFree:         1003460 kB
Active:           343036 kB
Mem:          3.8G       2.9G       979M        10M        24M       2.4G

MemTotal:        4016008 kB
MemFree:         1003648 kB
Active:           343072 kB
Mem:          3.8G       2.9G       980M        10M        24M       2.4G

MemTotal:        4016008 kB
MemFree:         1003684 kB
Active:           343124 kB
Mem:          3.8G       2.9G       980M        10M        24M       2.4G

MemTotal:        4016008 kB
MemFree:          869332 kB
Active:           343520 kB
Mem:          3.8G       3.0G       848M        10M        24M       2.5G

MemTotal:        4016008 kB
MemFree:          807796 kB
Active:           343724 kB
Mem:          3.8G       3.1G       788M        10M        24M       2.6G

MemTotal:        4016008 kB
MemFree:          735408 kB
Active:           344064 kB
Mem:          3.8G       3.1G       717M        10M        24M       2.6G

MemTotal:        4016008 kB
MemFree:          721408 kB
Active:           344228 kB
Mem:          3.8G       3.1G       704M        10M        24M       2.6G

MemTotal:        4016008 kB
MemFree:          721260 kB
Active:           344300 kB
Mem:          3.8G       3.1G       704M        10M        24M       2.6G

MemTotal:        4016008 kB
MemFree:          721168 kB
Active:           344304 kB
Mem:          3.8G       3.1G       704M        10M        24M       2.6G

MemTotal:        4016008 kB
MemFree:          600404 kB
Active:           344740 kB
Mem:          3.8G       3.3G       585M        10M        24M       2.7G

MemTotal:        4016008 kB
MemFree:          532728 kB
Active:           344988 kB
Mem:          3.8G       3.3G       520M        10M        24M       2.8G

MemTotal:        4016008 kB
MemFree:          510236 kB
Active:           345264 kB
Mem:          3.8G       3.3G       498M        10M        24M       2.8G

MemTotal:        4016008 kB
MemFree:          434396 kB
Active:           345580 kB
Mem:          3.8G       3.4G       423M        10M        24M       2.9G

MemTotal:        4016008 kB
MemFree:          393744 kB
Active:           345780 kB
Mem:          3.8G       3.5G       384M        10M        24M       2.9G

MemTotal:        4016008 kB
MemFree:          377212 kB
Active:           345960 kB
Mem:          3.8G       3.5G       368M        10M        24M       2.9G

MemTotal:        4016008 kB
MemFree:          319596 kB
Active:           346140 kB
Mem:          3.8G       3.5G       311M        10M        24M       3.0G

MemTotal:        4016008 kB
MemFree:          319224 kB
Active:           346172 kB
Mem:          3.8G       3.5G       311M        10M        24M       3.0G

MemTotal:        4016008 kB
MemFree:          319784 kB
Active:           346172 kB
Mem:          3.8G       3.5G       312M        10M        24M       3.0G

MemTotal:        4016008 kB
MemFree:          319864 kB
Active:           346224 kB
Mem:          3.8G       3.5G       312M        10M        24M       3.0G

MemTotal:        4016008 kB
MemFree:          202292 kB
Active:           346696 kB
Mem:          3.8G       3.6G       197M        10M        24M       3.1G

MemTotal:        4016008 kB
MemFree:          122916 kB
Active:           346912 kB
Mem:          3.8G       3.7G       120M        10M        24M       3.2G

MemTotal:        4016008 kB
MemFree:          147788 kB
Active:           346396 kB
Mem:          3.8G       3.7G       144M        10M        24M       3.2G

MemTotal:        4016008 kB
MemFree:          147956 kB
Active:           346440 kB
Mem:          3.8G       3.7G       144M        10M        24M       3.2G

MemTotal:        4016008 kB
MemFree:          148312 kB
Active:           346416 kB
Mem:          3.8G       3.7G       144M        10M        24M       3.2G

MemTotal:        4016008 kB
MemFree:          137684 kB
Active:           347348 kB
Mem:          3.8G       3.7G       134M        10M        24M       3.2G

MemTotal:        4016008 kB
MemFree:          145560 kB
Active:           347644 kB
Mem:          3.8G       3.7G       142M        10M        24M       3.2G

MemTotal:        4016008 kB
MemFree:          132184 kB
Active:           347060 kB
Mem:          3.8G       3.7G       128M        10M        24M       3.2G

MemTotal:        4016008 kB
MemFree:          115372 kB
Active:           347060 kB
Mem:          3.8G       3.7G       112M        10M        24M       3.2G

MemTotal:        4016008 kB
MemFree:          123272 kB
Active:           347300 kB
Mem:          3.8G       3.7G       120M        10M        24M       3.2G

MemTotal:        4016008 kB
MemFree:          135876 kB
Active:           347528 kB
Mem:          3.8G       3.7G       132M        10M        24M       3.2G

MemTotal:        4016008 kB
MemFree:          127416 kB
Active:           347600 kB
Mem:          3.8G       3.7G       124M        10M        24M       3.2G

MemTotal:        4016008 kB
MemFree:          127636 kB
Active:           347624 kB
Mem:          3.8G       3.7G       124M        10M        24M       3.2G

MemTotal:        4016008 kB
MemFree:          126956 kB
Active:           347612 kB
