MemTotal:        4016008 kB
MemFree:         3195276 kB
Active:           471232 kB
Mem:          3.8G       802M       3.0G       2.6M        60M       328M

MemTotal:        4016008 kB
MemFree:         3129000 kB
Active:           475924 kB
Mem:          3.8G       866M       3.0G       2.6M        60M       388M

MemTotal:        4016008 kB
MemFree:         3075916 kB
Active:           476080 kB
Mem:          3.8G       917M       2.9G       2.6M        60M       438M

MemTotal:        4016008 kB
MemFree:         3024452 kB
Active:           476052 kB
Mem:          3.8G       968M       2.9G       2.6M        60M       488M

MemTotal:        4016008 kB
MemFree:         2973128 kB
Active:           476072 kB
Mem:          3.8G       1.0G       2.8G       2.6M        60M       538M

MemTotal:        4016008 kB
MemFree:         2921308 kB
Active:           476088 kB
Mem:          3.8G       1.0G       2.8G       2.6M        60M       587M

MemTotal:        4016008 kB
MemFree:         2869364 kB
Active:           476096 kB
Mem:          3.8G       1.1G       2.7G       2.6M        60M       637M

MemTotal:        4016008 kB
MemFree:         2835128 kB
Active:           476096 kB
Mem:          3.8G       1.1G       2.7G       2.6M        60M       670M

MemTotal:        4016008 kB
MemFree:         2825144 kB
Active:           476136 kB
Mem:          3.8G       1.1G       2.7G       2.6M        60M       679M

MemTotal:        4016008 kB
MemFree:         2770640 kB
Active:           478196 kB
Mem:          3.8G       1.2G       2.6G       2.6M        60M       729M

MemTotal:        4016008 kB
MemFree:         2733856 kB
Active:           478172 kB
Mem:          3.8G       1.2G       2.6G       2.6M        60M       765M

MemTotal:        4016008 kB
MemFree:         2703008 kB
Active:           478248 kB
Mem:          3.8G       1.3G       2.6G       2.6M        60M       795M

MemTotal:        4016008 kB
MemFree:         2650460 kB
Active:           478224 kB
Mem:          3.8G       1.3G       2.5G       2.6M        60M       845M

MemTotal:        4016008 kB
MemFree:         2630612 kB
Active:           478272 kB
Mem:          3.8G       1.3G       2.5G       2.6M        60M       864M

MemTotal:        4016008 kB
MemFree:         2628936 kB
Active:           478288 kB
Mem:          3.8G       1.3G       2.5G       2.6M        60M       865M

MemTotal:        4016008 kB
MemFree:         2580804 kB
Active:           478316 kB
Mem:          3.8G       1.4G       2.5G       2.6M        60M       912M

MemTotal:        4016008 kB
MemFree:         2529176 kB
Active:           478308 kB
Mem:          3.8G       1.4G       2.4G       2.6M        60M       962M

MemTotal:        4016008 kB
MemFree:         2478084 kB
Active:           478308 kB
Mem:          3.8G       1.5G       2.4G       2.6M        60M       1.0G

MemTotal:        4016008 kB
MemFree:         2425644 kB
Active:           478340 kB
Mem:          3.8G       1.5G       2.3G       2.6M        60M       1.0G

MemTotal:        4016008 kB
MemFree:         2373328 kB
Active:           478348 kB
Mem:          3.8G       1.6G       2.3G       2.6M        60M       1.1G

MemTotal:        4016008 kB
MemFree:         2321508 kB
Active:           478352 kB
Mem:          3.8G       1.6G       2.2G       2.6M        60M       1.1G

MemTotal:        4016008 kB
MemFree:         2264920 kB
Active:           481952 kB
Mem:          3.8G       1.7G       2.2G       2.6M        60M       1.2G

MemTotal:        4016008 kB
MemFree:         2211960 kB
Active:           481948 kB
Mem:          3.8G       1.7G       2.1G       2.6M        60M       1.2G

MemTotal:        4016008 kB
MemFree:         2172252 kB
Active:           483016 kB
Mem:          3.8G       1.8G       2.1G       2.6M        60M       1.3G

MemTotal:        4016008 kB
MemFree:         2140520 kB
Active:           483036 kB
Mem:          3.8G       1.8G       2.0G       2.6M        60M       1.3G

MemTotal:        4016008 kB
MemFree:         2088732 kB
Active:           483036 kB
Mem:          3.8G       1.8G       2.0G       2.6M        60M       1.3G

MemTotal:        4016008 kB
MemFree:         2071084 kB
Active:           483052 kB
Mem:          3.8G       1.9G       2.0G       2.6M        60M       1.4G

MemTotal:        4016008 kB
MemFree:         2037700 kB
Active:           483168 kB
Mem:          3.8G       1.9G       1.9G       2.6M        60M       1.4G

MemTotal:        4016008 kB
MemFree:         1984812 kB
Active:           483152 kB
Mem:          3.8G       1.9G       1.9G       2.6M        60M       1.4G

MemTotal:        4016008 kB
MemFree:         1930416 kB
Active:           481236 kB
Mem:          3.8G       2.0G       1.8G       2.6M        60M       1.5G

MemTotal:        4016008 kB
MemFree:         1877892 kB
Active:           483220 kB
Mem:          3.8G       2.0G       1.8G       2.6M        60M       1.5G

MemTotal:        4016008 kB
MemFree:         1826848 kB
Active:           483228 kB
Mem:          3.8G       2.1G       1.7G       2.6M        60M       1.6G

MemTotal:        4016008 kB
MemFree:         1774988 kB
Active:           483184 kB
Mem:          3.8G       2.1G       1.7G       2.6M        60M       1.6G

MemTotal:        4016008 kB
MemFree:         1723240 kB
Active:           483248 kB
Mem:          3.8G       2.2G       1.6G       2.6M        60M       1.7G

MemTotal:        4016008 kB
MemFree:         1672704 kB
Active:           483204 kB
Mem:          3.8G       2.2G       1.6G       2.6M        60M       1.7G

MemTotal:        4016008 kB
MemFree:         1629688 kB
Active:           483248 kB
Mem:          3.8G       2.3G       1.6G       2.6M        60M       1.8G

MemTotal:        4016008 kB
MemFree:         1606304 kB
Active:           483264 kB
Mem:          3.8G       2.3G       1.5G       2.6M        60M       1.8G

MemTotal:        4016008 kB
MemFree:         1554748 kB
Active:           483244 kB
Mem:          3.8G       2.3G       1.5G       2.6M        60M       1.8G

MemTotal:        4016008 kB
MemFree:         1537212 kB
Active:           483268 kB
Mem:          3.8G       2.4G       1.5G       2.6M        60M       1.9G

MemTotal:        4016008 kB
MemFree:         1524756 kB
Active:           483260 kB
Mem:          3.8G       2.4G       1.5G       2.6M        60M       1.9G

MemTotal:        4016008 kB
MemFree:         1472912 kB
Active:           483300 kB
Mem:          3.8G       2.4G       1.4G       2.6M        60M       1.9G

MemTotal:        4016008 kB
MemFree:         1421876 kB
Active:           483312 kB
Mem:          3.8G       2.5G       1.4G       2.6M        60M       2.0G

MemTotal:        4016008 kB
MemFree:         1369500 kB
Active:           483352 kB
Mem:          3.8G       2.5G       1.3G       2.6M        60M       2.0G

MemTotal:        4016008 kB
MemFree:         1316768 kB
Active:           483320 kB
Mem:          3.8G       2.6G       1.3G       2.6M        60M       2.1G

MemTotal:        4016008 kB
MemFree:         1266216 kB
Active:           483384 kB
Mem:          3.8G       2.6G       1.2G       2.6M        60M       2.1G

MemTotal:        4016008 kB
MemFree:         1215000 kB
Active:           483396 kB
Mem:          3.8G       2.7G       1.2G       2.6M        60M       2.2G

MemTotal:        4016008 kB
MemFree:         1162316 kB
Active:           483388 kB
Mem:          3.8G       2.7G       1.1G       2.6M        60M       2.2G

MemTotal:        4016008 kB
MemFree:         1121504 kB
Active:           483544 kB
Mem:          3.8G       2.8G       1.1G       2.6M        60M       2.3G

MemTotal:        4016008 kB
MemFree:         1089132 kB
Active:           483460 kB
Mem:          3.8G       2.8G       1.0G       2.6M        60M       2.3G

MemTotal:        4016008 kB
MemFree:         1037828 kB
Active:           483612 kB
Mem:          3.8G       2.8G       1.0G       2.6M        60M       2.3G

MemTotal:        4016008 kB
MemFree:         1004132 kB
Active:           483536 kB
Mem:          3.8G       2.9G       980M       2.6M        60M       2.4G

MemTotal:        4016008 kB
MemFree:          986640 kB
Active:           483544 kB
Mem:          3.8G       2.9G       963M       2.6M        60M       2.4G

MemTotal:        4016008 kB
MemFree:          934280 kB
Active:           483612 kB
Mem:          3.8G       2.9G       912M       2.6M        60M       2.4G

MemTotal:        4016008 kB
MemFree:          881992 kB
Active:           483632 kB
Mem:          3.8G       3.0G       860M       2.6M        60M       2.5G

MemTotal:        4016008 kB
MemFree:          828156 kB
Active:           483652 kB
Mem:          3.8G       3.0G       808M       2.6M        60M       2.5G

MemTotal:        4016008 kB
MemFree:          775592 kB
Active:           483660 kB
Mem:          3.8G       3.1G       756M       2.6M        60M       2.6G

MemTotal:        4016008 kB
MemFree:          721476 kB
Active:           484376 kB
Mem:          3.8G       3.1G       704M       2.6M        60M       2.6G

MemTotal:        4016008 kB
MemFree:          668052 kB
Active:           484404 kB
Mem:          3.8G       3.2G       652M       2.6M        60M       2.7G

MemTotal:        4016008 kB
MemFree:          616392 kB
Active:           484444 kB
Mem:          3.8G       3.2G       601M       2.6M        60M       2.7G

MemTotal:        4016008 kB
MemFree:          565692 kB
Active:           484452 kB
Mem:          3.8G       3.3G       552M       2.6M        60M       2.8G

MemTotal:        4016008 kB
MemFree:          533680 kB
Active:           484492 kB
Mem:          3.8G       3.3G       520M       2.6M        60M       2.8G

MemTotal:        4016008 kB
MemFree:          481116 kB
Active:           484480 kB
Mem:          3.8G       3.4G       469M       2.6M        60M       2.9G

MemTotal:        4016008 kB
MemFree:          470200 kB
Active:           484476 kB
Mem:          3.8G       3.4G       458M       2.6M        60M       2.9G

MemTotal:        4016008 kB
MemFree:          470048 kB
Active:           484548 kB
Mem:          3.8G       3.4G       459M       2.6M        60M       2.9G

MemTotal:        4016008 kB
MemFree:          467232 kB
Active:           484556 kB
Mem:          3.8G       3.4G       456M       2.6M        60M       2.9G

MemTotal:        4016008 kB
MemFree:          414848 kB
Active:           484600 kB
Mem:          3.8G       3.4G       405M       2.6M        60M       2.9G

MemTotal:        4016008 kB
MemFree:          363136 kB
Active:           484596 kB
Mem:          3.8G       3.5G       354M       2.6M        60M       3.0G

MemTotal:        4016008 kB
MemFree:          310760 kB
Active:           484592 kB
Mem:          3.8G       3.5G       302M       2.6M        60M       3.0G

MemTotal:        4016008 kB
MemFree:          258188 kB
Active:           484628 kB
Mem:          3.8G       3.6G       251M       2.6M        60M       3.1G

MemTotal:        4016008 kB
MemFree:          206664 kB
Active:           484644 kB
Mem:          3.8G       3.6G       202M       2.6M        60M       3.1G

MemTotal:        4016008 kB
MemFree:          154652 kB
Active:           484680 kB
Mem:          3.8G       3.7G       150M       2.6M        60M       3.2G

MemTotal:        4016008 kB
MemFree:          125388 kB
Active:           482912 kB
Mem:          3.8G       3.7G       102M       2.6M        30M       3.2G

MemTotal:        4016008 kB
MemFree:          110668 kB
Active:           492316 kB
Mem:          3.8G       3.7G       108M       2.6M        28M       3.2G

MemTotal:        4016008 kB
MemFree:          126392 kB
Active:           529800 kB
Mem:          3.8G       3.7G       122M       2.6M        28M       3.2G

MemTotal:        4016008 kB
MemFree:          124064 kB
Active:           535856 kB
Mem:          3.8G       3.7G       119M       2.6M        28M       3.2G

MemTotal:        4016008 kB
MemFree:          126956 kB
Active:           520940 kB
Mem:          3.8G       3.7G       124M       2.6M        28M       3.2G

MemTotal:        4016008 kB
MemFree:          110836 kB
Active:           519616 kB
Mem:          3.8G       3.7G       108M       2.6M        28M       3.2G

MemTotal:        4016008 kB
MemFree:          130828 kB
Active:           512772 kB
Mem:          3.8G       3.7G       127M       2.6M        28M       3.2G

MemTotal:        4016008 kB
MemFree:          138484 kB
Active:           504092 kB
Mem:          3.8G       3.7G       134M       2.6M        28M       3.2G

MemTotal:        4016008 kB
MemFree:          109196 kB
Active:           498284 kB
Mem:          3.8G       3.7G       106M       2.6M        28M       3.2G

MemTotal:        4016008 kB
MemFree:          132932 kB
Active:           486348 kB
Mem:          3.8G       3.7G       130M       2.6M        28M       3.2G

MemTotal:        4016008 kB
MemFree:          148032 kB
Active:           480348 kB
Mem:          3.8G       3.7G       144M       2.6M        28M       3.2G

MemTotal:        4016008 kB
MemFree:          143760 kB
Active:           476516 kB
Mem:          3.8G       3.7G       140M       2.6M        28M       3.2G

MemTotal:        4016008 kB
MemFree:          125336 kB
Active:           476028 kB
Mem:          3.8G       3.7G       122M       2.6M        28M       3.2G

MemTotal:        4016008 kB
MemFree:          122000 kB
Active:           476088 kB
Mem:          3.8G       3.7G       119M       2.6M        28M       3.2G

MemTotal:        4016008 kB
MemFree:          130508 kB
Active:           473480 kB
Mem:          3.8G       3.7G       126M       2.6M        28M       3.2G

MemTotal:        4016008 kB
MemFree:          124084 kB
Active:           473492 kB
Mem:          3.8G       3.7G       120M       2.6M        28M       3.2G

MemTotal:        4016008 kB
MemFree:          117112 kB
Active:           471584 kB
Mem:          3.8G       3.7G       114M       2.6M        28M       3.2G

MemTotal:        4016008 kB
MemFree:          113336 kB
Active:           471044 kB
Mem:          3.8G       3.7G       110M       2.6M        28M       3.2G

MemTotal:        4016008 kB
MemFree:          118412 kB
Active:           468356 kB
Mem:          3.8G       3.7G       115M       2.6M        28M       3.2G

MemTotal:        4016008 kB
MemFree:          123944 kB
Active:           467412 kB
Mem:          3.8G       3.7G       121M       2.6M        28M       3.2G

MemTotal:        4016008 kB
MemFree:          123876 kB
Active:           465248 kB
Mem:          3.8G       3.7G       120M       2.6M        28M       3.2G

MemTotal:        4016008 kB
MemFree:          107120 kB
Active:           463920 kB
Mem:          3.8G       3.7G       104M       2.6M        28M       3.2G

MemTotal:        4016008 kB
MemFree:          108040 kB
Active:           462872 kB
Mem:          3.8G       3.7G       104M       2.6M        28M       3.2G

MemTotal:        4016008 kB
MemFree:          128268 kB
Active:           460576 kB
Mem:          3.8G       3.7G       125M       2.6M        28M       3.2G

MemTotal:        4016008 kB
MemFree:          111964 kB
Active:           459944 kB
Mem:          3.8G       3.7G       109M       2.6M        28M       3.2G

MemTotal:        4016008 kB
MemFree:          107756 kB
Active:           458936 kB
Mem:          3.8G       3.7G       104M       2.6M        28M       3.2G

MemTotal:        4016008 kB
MemFree:          114288 kB
Active:           457044 kB
Mem:          3.8G       3.7G       111M       2.6M        28M       3.2G

MemTotal:        4016008 kB
MemFree:          123316 kB
Active:           454840 kB
Mem:          3.8G       3.7G       120M       2.6M        28M       3.2G

MemTotal:        4016008 kB
MemFree:          135948 kB
Active:           459452 kB
Mem:          3.8G       3.7G       132M        10M        28M       3.2G

MemTotal:        4016008 kB
MemFree:          129996 kB
Active:           455496 kB
Mem:          3.8G       3.7G       126M        10M        28M       3.2G

MemTotal:        4016008 kB
MemFree:          112304 kB
Active:           454452 kB
Mem:          3.8G       3.7G       109M        10M        28M       3.2G

MemTotal:        4016008 kB
MemFree:          106488 kB
Active:           450672 kB
Mem:          3.8G       3.7G       104M        10M        28M       3.2G

MemTotal:        4016008 kB
MemFree:          128752 kB
Active:           448016 kB
Mem:          3.8G       3.7G       125M        10M        28M       3.2G

MemTotal:        4016008 kB
MemFree:          111436 kB
Active:           446872 kB
Mem:          3.8G       3.7G       108M        10M        28M       3.2G

MemTotal:        4016008 kB
MemFree:          131768 kB
Active:           444572 kB
Mem:          3.8G       3.7G       128M        10M        28M       3.2G

MemTotal:        4016008 kB
MemFree:          121208 kB
Active:           442876 kB
Mem:          3.8G       3.7G       117M        10M        28M       3.2G

MemTotal:        4016008 kB
MemFree:          109668 kB
Active:           442872 kB
Mem:          3.8G       3.7G       106M        10M        28M       3.2G

MemTotal:        4016008 kB
MemFree:          117996 kB
Active:           441132 kB
Mem:          3.8G       3.7G       114M        10M        28M       3.2G

MemTotal:        4016008 kB
MemFree:          124552 kB
Active:           439988 kB
Mem:          3.8G       3.7G       121M        10M        29M       3.2G

MemTotal:        4016008 kB
MemFree:          118616 kB
Active:           439976 kB
Mem:          3.8G       3.7G       115M        10M        29M       3.2G

MemTotal:        4016008 kB
MemFree:          120444 kB
Active:           438304 kB
Mem:          3.8G       3.7G       117M        10M        29M       3.2G

MemTotal:        4016008 kB
MemFree:          126764 kB
Active:           436696 kB
Mem:          3.8G       3.7G       123M        10M        29M       3.2G

MemTotal:        4016008 kB
MemFree:          112008 kB
Active:           433100 kB
Mem:          3.8G       3.7G       109M        10M        29M       3.2G

MemTotal:        4016008 kB
MemFree:          118800 kB
Active:           431052 kB
Mem:          3.8G       3.7G       115M        10M        29M       3.2G

MemTotal:        4016008 kB
MemFree:          127176 kB
Active:           429412 kB
Mem:          3.8G       3.7G       123M        10M        29M       3.2G

MemTotal:        4016008 kB
MemFree:          104764 kB
Active:           428004 kB
Mem:          3.8G       3.7G       102M        10M        29M       3.2G

MemTotal:        4016008 kB
MemFree:          124312 kB
Active:           425712 kB
Mem:          3.8G       3.7G       121M        10M        29M       3.2G

MemTotal:        4016008 kB
MemFree:          143976 kB
Active:           423792 kB
Mem:          3.8G       3.7G       140M        10M        29M       3.2G

MemTotal:        4016008 kB
MemFree:          144132 kB
Active:           423804 kB
Mem:          3.8G       3.7G       140M        10M        29M       3.2G

MemTotal:        4016008 kB
MemFree:          144764 kB
Active:           423780 kB
Mem:          3.8G       3.7G       141M        10M        29M       3.2G

MemTotal:        4016008 kB
MemFree:          139456 kB
Active:           422244 kB
Mem:          3.8G       3.7G       136M        10M        29M       3.2G

MemTotal:        4016008 kB
MemFree:          124064 kB
Active:           420820 kB
Mem:          3.8G       3.7G       120M        10M        29M       3.2G

MemTotal:        4016008 kB
MemFree:          108124 kB
Active:           417684 kB
Mem:          3.8G       3.7G       105M        10M        29M       3.2G

MemTotal:        4016008 kB
MemFree:          132824 kB
Active:           411528 kB
Mem:          3.8G       3.7G       129M        10M        29M       3.2G

MemTotal:        4016008 kB
MemFree:          119548 kB
Active:           413364 kB
Mem:          3.8G       3.7G       117M        10M        29M       3.2G

MemTotal:        4016008 kB
MemFree:          115312 kB
Active:           413400 kB
Mem:          3.8G       3.7G       112M        10M        29M       3.2G

MemTotal:        4016008 kB
MemFree:          115556 kB
Active:           413400 kB
Mem:          3.8G       3.7G       112M        10M        29M       3.2G

MemTotal:        4016008 kB
MemFree:          133560 kB
Active:           413400 kB
Mem:          3.8G       3.7G       130M        10M        29M       3.2G

MemTotal:        4016008 kB
MemFree:          120036 kB
Active:           413424 kB
Mem:          3.8G       3.7G       116M        10M        29M       3.2G

MemTotal:        4016008 kB
MemFree:          128468 kB
Active:           413420 kB
Mem:          3.8G       3.7G       125M        10M        29M       3.2G

MemTotal:        4016008 kB
MemFree:          116472 kB
Active:           413388 kB
Mem:          3.8G       3.7G       112M        10M        29M       3.2G

MemTotal:        4016008 kB
MemFree:          123776 kB
Active:           413440 kB
Mem:          3.8G       3.7G       120M        10M        29M       3.2G

MemTotal:        4016008 kB
MemFree:          134524 kB
Active:           413400 kB
Mem:          3.8G       3.7G       131M        10M        29M       3.2G

MemTotal:        4016008 kB
MemFree:          128808 kB
Active:           413440 kB
Mem:          3.8G       3.7G       125M        10M        29M       3.2G

MemTotal:        4016008 kB
MemFree:          124080 kB
Active:           413448 kB
Mem:          3.8G       3.7G       121M        10M        29M       3.2G

MemTotal:        4016008 kB
MemFree:          130384 kB
Active:           413424 kB
Mem:          3.8G       3.7G       127M        10M        29M       3.2G

MemTotal:        4016008 kB
MemFree:          129676 kB
Active:           413400 kB
Mem:          3.8G       3.7G       126M        10M        29M       3.2G

MemTotal:        4016008 kB
MemFree:          112544 kB
Active:           413452 kB
Mem:          3.8G       3.7G       110M        10M        29M       3.2G

MemTotal:        4016008 kB
MemFree:          122576 kB
Active:           413460 kB
Mem:          3.8G       3.7G       119M        10M        29M       3.2G

MemTotal:        4016008 kB
MemFree:          116836 kB
Active:           413496 kB
Mem:          3.8G       3.7G       113M        10M        29M       3.2G

MemTotal:        4016008 kB
MemFree:          117640 kB
Active:           413508 kB
Mem:          3.8G       3.7G       115M        10M        29M       3.2G

MemTotal:        4016008 kB
MemFree:          129636 kB
Active:           413508 kB
Mem:          3.8G       3.7G       126M        10M        29M       3.2G

MemTotal:        4016008 kB
MemFree:          120352 kB
Active:           413564 kB
Mem:          3.8G       3.7G       117M        10M        29M       3.2G

MemTotal:        4016008 kB
MemFree:          125096 kB
Active:           411684 kB
Mem:          3.8G       3.7G       122M        10M        29M       3.2G

MemTotal:        4016008 kB
MemFree:          125456 kB
Active:           411556 kB
Mem:          3.8G       3.7G       122M        10M        29M       3.2G

MemTotal:        4016008 kB
MemFree:          116908 kB
Active:           413584 kB
Mem:          3.8G       3.7G       114M        10M        29M       3.2G

MemTotal:        4016008 kB
MemFree:          125552 kB
Active:           413176 kB
Mem:          3.8G       3.7G       122M        10M        29M       3.2G

MemTotal:        4016008 kB
MemFree:          108132 kB
Active:           413076 kB
Mem:          3.8G       3.7G       104M        10M        29M       3.2G

MemTotal:        4016008 kB
MemFree:          128440 kB
Active:           413076 kB
Mem:          3.8G       3.7G       124M        10M        29M       3.2G

MemTotal:        4016008 kB
MemFree:          110844 kB
Active:           413064 kB
Mem:          3.8G       3.7G       108M        10M        29M       3.2G

MemTotal:        4016008 kB
MemFree:          113184 kB
Active:           413092 kB
Mem:          3.8G       3.7G       110M        10M        29M       3.2G

MemTotal:        4016008 kB
MemFree:          124188 kB
Active:           411652 kB
Mem:          3.8G       3.7G       121M        10M        29M       3.2G

MemTotal:        4016008 kB
MemFree:          142236 kB
Active:           411408 kB
Mem:          3.8G       3.7G       138M        10M        29M       3.2G

MemTotal:        4016008 kB
MemFree:          117336 kB
Active:           411400 kB
Mem:          3.8G       3.7G       114M        10M        29M       3.2G

MemTotal:        4016008 kB
MemFree:          130588 kB
Active:           411400 kB
Mem:          3.8G       3.7G       126M        10M        29M       3.2G

MemTotal:        4016008 kB
MemFree:          136816 kB
Active:           411452 kB
Mem:          3.8G       3.7G       133M        10M        29M       3.2G

MemTotal:        4016008 kB
MemFree:          146720 kB
Active:           411404 kB
Mem:          3.8G       3.7G       143M        10M        29M       3.2G

MemTotal:        4016008 kB
MemFree:          131252 kB
Active:           410396 kB
Mem:          3.8G       3.7G       128M        10M        29M       3.2G

MemTotal:        4016008 kB
MemFree:          126312 kB
Active:           410260 kB
Mem:          3.8G       3.7G       123M        10M        29M       3.2G

MemTotal:        4016008 kB
MemFree:          127288 kB
Active:           410240 kB
Mem:          3.8G       3.7G       123M        10M        29M       3.2G

MemTotal:        4016008 kB
MemFree:          115956 kB
Active:           410268 kB
Mem:          3.8G       3.7G       113M        10M        29M       3.2G

MemTotal:        4016008 kB
MemFree:          124760 kB
Active:           410228 kB
Mem:          3.8G       3.7G       121M        10M        29M       3.2G

MemTotal:        4016008 kB
MemFree:          124548 kB
Active:           404912 kB
Mem:          3.8G       3.7G       121M        10M        29M       3.2G

MemTotal:        4016008 kB
MemFree:          124744 kB
Active:           402752 kB
Mem:          3.8G       3.7G       121M        10M        29M       3.2G

MemTotal:        4016008 kB
MemFree:          112816 kB
Active:           404720 kB
Mem:          3.8G       3.7G       109M        10M        29M       3.2G

MemTotal:        4016008 kB
MemFree:          104820 kB
Active:           404744 kB
Mem:          3.8G       3.7G       119M        10M        29M       3.2G

MemTotal:        4016008 kB
MemFree:          128520 kB
Active:           404760 kB
Mem:          3.8G       3.7G       125M        10M        29M       3.2G

MemTotal:        4016008 kB
MemFree:          122200 kB
Active:           404740 kB
Mem:          3.8G       3.7G       119M        10M        29M       3.2G

MemTotal:        4016008 kB
MemFree:          129256 kB
Active:           404732 kB
Mem:          3.8G       3.7G       126M        10M        29M       3.2G

MemTotal:        4016008 kB
MemFree:          119048 kB
Active:           398912 kB
Mem:          3.8G       3.7G       116M        10M        29M       3.2G

MemTotal:        4016008 kB
MemFree:          126048 kB
Active:           398808 kB
Mem:          3.8G       3.7G       122M        10M        29M       3.2G

MemTotal:        4016008 kB
MemFree:          112460 kB
Active:           398792 kB
Mem:          3.8G       3.7G       109M        10M        29M       3.2G

MemTotal:        4016008 kB
MemFree:          122460 kB
Active:           398812 kB
Mem:          3.8G       3.7G       119M        10M        29M       3.2G

MemTotal:        4016008 kB
MemFree:          123140 kB
Active:           398768 kB
Mem:          3.8G       3.7G       120M        10M        29M       3.2G

MemTotal:        4016008 kB
MemFree:          106980 kB
Active:           398788 kB
Mem:          3.8G       3.7G       103M        10M        29M       3.2G

MemTotal:        4016008 kB
MemFree:          140252 kB
Active:           354452 kB
Mem:          3.8G       3.7G       136M        10M        29M       3.2G

MemTotal:        4016008 kB
MemFree:          126976 kB
Active:           354452 kB
Mem:          3.8G       3.7G       124M        10M        29M       3.2G

MemTotal:        4016008 kB
MemFree:          133516 kB
Active:           354452 kB
Mem:          3.8G       3.7G       130M        10M        29M       3.2G

MemTotal:        4016008 kB
MemFree:          134092 kB
Active:           354432 kB
Mem:          3.8G       3.7G       130M        10M        29M       3.2G

MemTotal:        4016008 kB
MemFree:          120752 kB
Active:           354464 kB
Mem:          3.8G       3.7G       118M        10M        29M       3.2G

MemTotal:        4016008 kB
MemFree:          119500 kB
Active:           354468 kB
Mem:          3.8G       3.7G       116M        10M        29M       3.2G

MemTotal:        4016008 kB
MemFree:          135612 kB
Active:           351920 kB
Mem:          3.8G       3.7G       132M        10M        29M       3.2G

MemTotal:        4016008 kB
MemFree:          120384 kB
Active:           351744 kB
Mem:          3.8G       3.7G       117M        10M        29M       3.2G

MemTotal:        4016008 kB
MemFree:          122136 kB
Active:           351752 kB
Mem:          3.8G       3.7G       119M        10M        29M       3.2G

MemTotal:        4016008 kB
MemFree:          105660 kB
Active:           351716 kB
Mem:          3.8G       3.7G       103M        10M        29M       3.2G

MemTotal:        4016008 kB
MemFree:          133184 kB
Active:           351752 kB
Mem:          3.8G       3.7G       130M        10M        29M       3.2G

MemTotal:        4016008 kB
MemFree:          133904 kB
Active:           351756 kB
Mem:          3.8G       3.7G       130M        10M        29M       3.2G

MemTotal:        4016008 kB
MemFree:          107724 kB
Active:           351752 kB
Mem:          3.8G       3.7G       105M        10M        29M       3.2G

MemTotal:        4016008 kB
MemFree:          116080 kB
Active:           351760 kB
Mem:          3.8G       3.7G       113M        10M        29M       3.2G

MemTotal:        4016008 kB
MemFree:          128268 kB
Active:           349532 kB
Mem:          3.8G       3.7G       124M        10M        29M       3.2G

MemTotal:        4016008 kB
MemFree:          134928 kB
Active:           349368 kB
Mem:          3.8G       3.7G       131M        10M        29M       3.2G

MemTotal:        4016008 kB
MemFree:          119396 kB
Active:           349392 kB
Mem:          3.8G       3.7G       116M        10M        29M       3.2G

MemTotal:        4016008 kB
MemFree:          117724 kB
Active:           349400 kB
Mem:          3.8G       3.7G       114M        10M        29M       3.2G

MemTotal:        4016008 kB
MemFree:          119932 kB
Active:           349412 kB
Mem:          3.8G       3.7G       117M        10M        29M       3.2G

MemTotal:        4016008 kB
MemFree:          105748 kB
Active:           349424 kB
Mem:          3.8G       3.7G       103M        10M        29M       3.2G

MemTotal:        4016008 kB
MemFree:          125236 kB
Active:           349372 kB
Mem:          3.8G       3.7G       122M        10M        29M       3.2G

MemTotal:        4016008 kB
MemFree:          118620 kB
Active:           346560 kB
Mem:          3.8G       3.7G       115M        10M        29M       3.2G

MemTotal:        4016008 kB
MemFree:          115540 kB
Active:           346588 kB
Mem:          3.8G       3.7G       112M        10M        29M       3.2G

MemTotal:        4016008 kB
MemFree:          132800 kB
Active:           346584 kB
Mem:          3.8G       3.7G       129M        10M        29M       3.2G

MemTotal:        4016008 kB
MemFree:          118040 kB
Active:           346584 kB
Mem:          3.8G       3.7G       115M        10M        29M       3.2G

MemTotal:        4016008 kB
MemFree:          114588 kB
Active:           346560 kB
Mem:          3.8G       3.7G       112M        10M        29M       3.2G

MemTotal:        4016008 kB
MemFree:          135316 kB
Active:           346588 kB
Mem:          3.8G       3.7G       132M        10M        29M       3.2G

MemTotal:        4016008 kB
MemFree:          124488 kB
Active:           347772 kB
Mem:          3.8G       3.7G       121M        10M        29M       3.2G

MemTotal:        4016008 kB
MemFree:          120876 kB
Active:           347648 kB
Mem:          3.8G       3.7G       117M        10M        29M       3.2G

MemTotal:        4016008 kB
MemFree:          131156 kB
Active:           346540 kB
Mem:          3.8G       3.7G       128M        10M        29M       3.2G

MemTotal:        4016008 kB
MemFree:          137556 kB
Active:           346548 kB
Mem:          3.8G       3.7G       123M        10M        29M       3.2G

MemTotal:        4016008 kB
MemFree:          112036 kB
Active:           346564 kB
Mem:          3.8G       3.7G       108M        10M        29M       3.2G

MemTotal:        4016008 kB
MemFree:          121924 kB
Active:           346568 kB
Mem:          3.8G       3.7G       118M        10M        29M       3.2G

MemTotal:        4016008 kB
MemFree:          125504 kB
Active:           346572 kB
Mem:          3.8G       3.7G       122M        10M        29M       3.2G

MemTotal:        4016008 kB
MemFree:          124200 kB
Active:           346580 kB
Mem:          3.8G       3.7G       121M        10M        29M       3.2G

MemTotal:        4016008 kB
MemFree:          130844 kB
Active:           346556 kB
Mem:          3.8G       3.7G       128M        10M        29M       3.2G

MemTotal:        4016008 kB
MemFree:          131484 kB
Active:           346568 kB
Mem:          3.8G       3.7G       128M        10M        29M       3.2G

MemTotal:        4016008 kB
MemFree:          118916 kB
Active:           346616 kB
Mem:          3.8G       3.7G       116M        10M        29M       3.2G

MemTotal:        4016008 kB
MemFree:          114036 kB
Active:           346620 kB
Mem:          3.8G       3.7G       111M        10M        29M       3.2G

MemTotal:        4016008 kB
MemFree:          105924 kB
Active:           346620 kB
Mem:          3.8G       3.7G       111M        10M        29M       3.2G

MemTotal:        4016008 kB
MemFree:          119744 kB
Active:           344780 kB
Mem:          3.8G       3.7G       117M        10M        29M       3.2G

MemTotal:        4016008 kB
MemFree:          128672 kB
Active:           344756 kB
Mem:          3.8G       3.7G       126M        10M        29M       3.2G

MemTotal:        4016008 kB
MemFree:          123240 kB
Active:           344756 kB
Mem:          3.8G       3.7G       120M        10M        29M       3.2G

MemTotal:        4016008 kB
MemFree:          121472 kB
Active:           344756 kB
Mem:          3.8G       3.7G       122M        10M        29M       3.2G

MemTotal:        4016008 kB
MemFree:          111500 kB
Active:           344764 kB
Mem:          3.8G       3.7G       109M        10M        29M       3.2G

MemTotal:        4016008 kB
MemFree:          125836 kB
Active:           344720 kB
Mem:          3.8G       3.7G       122M        10M        29M       3.2G

MemTotal:        4016008 kB
MemFree:          106792 kB
Active:           344792 kB
Mem:          3.8G       3.7G       104M        10M        29M       3.2G

MemTotal:        4016008 kB
MemFree:          126616 kB
Active:           344764 kB
Mem:          3.8G       3.7G       123M        10M        29M       3.2G

MemTotal:        4016008 kB
MemFree:          116056 kB
Active:           344824 kB
Mem:          3.8G       3.7G       113M        10M        29M       3.2G

MemTotal:        4016008 kB
MemFree:          125368 kB
Active:           344824 kB
Mem:          3.8G       3.7G       122M        10M        29M       3.2G

MemTotal:        4016008 kB
MemFree:          125616 kB
Active:           344840 kB
Mem:          3.8G       3.7G       122M        10M        29M       3.2G

MemTotal:        4016008 kB
MemFree:          133724 kB
Active:           344716 kB
Mem:          3.8G       3.7G       130M        10M        29M       3.2G

MemTotal:        4016008 kB
MemFree:          120984 kB
Active:           344700 kB
Mem:          3.8G       3.7G       118M        10M        29M       3.2G

MemTotal:        4016008 kB
MemFree:          129152 kB
Active:           344772 kB
Mem:          3.8G       3.7G       126M        10M        29M       3.2G

MemTotal:        4016008 kB
MemFree:          132276 kB
Active:           344760 kB
Mem:          3.8G       3.7G       129M        10M        29M       3.2G

MemTotal:        4016008 kB
MemFree:          116240 kB
Active:           344820 kB
Mem:          3.8G       3.7G       113M        10M        29M       3.2G

MemTotal:        4016008 kB
MemFree:          124856 kB
Active:           344848 kB
Mem:          3.8G       3.7G       121M        10M        29M       3.2G

MemTotal:        4016008 kB
MemFree:          129952 kB
Active:           344848 kB
Mem:          3.8G       3.7G       127M        10M        29M       3.2G

MemTotal:        4016008 kB
MemFree:          128784 kB
Active:           344884 kB
Mem:          3.8G       3.7G       125M        10M        29M       3.2G

MemTotal:        4016008 kB
MemFree:          111448 kB
Active:           344896 kB
Mem:          3.8G       3.7G       108M        10M        29M       3.2G

MemTotal:        4016008 kB
MemFree:          124764 kB
Active:           344896 kB
Mem:          3.8G       3.7G       121M        10M        29M       3.2G

MemTotal:        4016008 kB
MemFree:          119556 kB
Active:           344936 kB
Mem:          3.8G       3.7G       116M        10M        29M       3.2G

MemTotal:        4016008 kB
MemFree:          113696 kB
Active:           344944 kB
Mem:          3.8G       3.7G       111M        10M        29M       3.2G

MemTotal:        4016008 kB
MemFree:          134572 kB
Active:           344072 kB
Mem:          3.8G       3.7G       131M        10M        29M       3.2G

MemTotal:        4016008 kB
MemFree:          123852 kB
Active:           343940 kB
Mem:          3.8G       3.7G       121M        10M        29M       3.2G

MemTotal:        4016008 kB
MemFree:          137632 kB
Active:           343964 kB
Mem:          3.8G       3.7G       134M        10M        29M       3.2G

MemTotal:        4016008 kB
MemFree:          123516 kB
Active:           343996 kB
Mem:          3.8G       3.7G       120M        10M        29M       3.2G

MemTotal:        4016008 kB
MemFree:          132004 kB
Active:           343976 kB
Mem:          3.8G       3.7G       129M        10M        29M       3.2G

MemTotal:        4016008 kB
MemFree:          134596 kB
Active:           343988 kB
Mem:          3.8G       3.7G       131M        10M        29M       3.2G

MemTotal:        4016008 kB
MemFree:          118784 kB
Active:           344056 kB
Mem:          3.8G       3.7G       116M        10M        29M       3.2G

MemTotal:        4016008 kB
MemFree:          125648 kB
Active:           344060 kB
Mem:          3.8G       3.7G       122M        10M        29M       3.2G

MemTotal:        4016008 kB
MemFree:          117188 kB
Active:           344120 kB
Mem:          3.8G       3.7G       114M        10M        29M       3.2G

MemTotal:        4016008 kB
MemFree:          134432 kB
Active:           344148 kB
Mem:          3.8G       3.7G       131M        10M        29M       3.2G

MemTotal:        4016008 kB
MemFree:          113192 kB
Active:           344132 kB
Mem:          3.8G       3.7G       110M        10M        29M       3.2G

MemTotal:        4016008 kB
MemFree:          105500 kB
Active:           344208 kB
Mem:          3.8G       3.7G       102M        10M        29M       3.2G

MemTotal:        4016008 kB
MemFree:          140892 kB
Active:           344224 kB
Mem:          3.8G       3.7G       137M        10M        29M       3.2G

MemTotal:        4016008 kB
MemFree:          126676 kB
Active:           344240 kB
Mem:          3.8G       3.7G       123M        10M        29M       3.2G

MemTotal:        4016008 kB
MemFree:          110560 kB
Active:           344268 kB
Mem:          3.8G       3.7G       107M        10M        29M       3.2G

MemTotal:        4016008 kB
MemFree:          126076 kB
Active:           342172 kB
Mem:          3.8G       3.7G       122M        10M        29M       3.2G

MemTotal:        4016008 kB
MemFree:          128028 kB
Active:           342188 kB
Mem:          3.8G       3.7G       124M        10M        29M       3.2G

MemTotal:        4016008 kB
MemFree:          124556 kB
Active:           342228 kB
Mem:          3.8G       3.7G       121M        10M        29M       3.2G

MemTotal:        4016008 kB
MemFree:          109376 kB
Active:           342260 kB
Mem:          3.8G       3.7G       105M        10M        29M       3.2G

MemTotal:        4016008 kB
MemFree:          122088 kB
Active:           342232 kB
Mem:          3.8G       3.7G       119M        10M        29M       3.2G

MemTotal:        4016008 kB
MemFree:          118332 kB
Active:           342308 kB
Mem:          3.8G       3.7G       115M        10M        29M       3.2G

MemTotal:        4016008 kB
MemFree:          116580 kB
Active:           342328 kB
Mem:          3.8G       3.7G       113M        10M        29M       3.2G

MemTotal:        4016008 kB
MemFree:          124176 kB
Active:           342336 kB
Mem:          3.8G       3.7G       120M        10M        29M       3.2G

MemTotal:        4016008 kB
MemFree:          132216 kB
Active:           342244 kB
Mem:          3.8G       3.7G       128M        10M        29M       3.2G

MemTotal:        4016008 kB
MemFree:          133588 kB
Active:           342228 kB
Mem:          3.8G       3.7G       130M        10M        29M       3.2G

MemTotal:        4016008 kB
MemFree:          120388 kB
Active:           342288 kB
Mem:          3.8G       3.7G       116M        10M        29M       3.2G

MemTotal:        4016008 kB
MemFree:          115620 kB
Active:           342260 kB
Mem:          3.8G       3.7G       112M        10M        29M       3.2G

MemTotal:        4016008 kB
MemFree:          113396 kB
Active:           342332 kB
Mem:          3.8G       3.7G       110M        10M        29M       3.2G

MemTotal:        4016008 kB
MemFree:          121844 kB
Active:           342344 kB
Mem:          3.8G       3.7G       118M        10M        29M       3.2G

MemTotal:        4016008 kB
MemFree:          123012 kB
Active:           342392 kB
Mem:          3.8G       3.7G       120M        10M        29M       3.2G

MemTotal:        4016008 kB
MemFree:          131508 kB
Active:           342376 kB
Mem:          3.8G       3.7G       128M        10M        29M       3.2G

MemTotal:        4016008 kB
MemFree:          115040 kB
Active:           342412 kB
Mem:          3.8G       3.7G       112M        10M        29M       3.2G

MemTotal:        4016008 kB
MemFree:          113880 kB
Active:           342452 kB
Mem:          3.8G       3.7G       111M        10M        29M       3.2G

MemTotal:        4016008 kB
MemFree:          128228 kB
Active:           342452 kB
Mem:          3.8G       3.7G       124M        10M        29M       3.2G

MemTotal:        4016008 kB
MemFree:          108816 kB
Active:           342460 kB
Mem:          3.8G       3.7G       106M        10M        29M       3.2G

MemTotal:        4016008 kB
MemFree:          114192 kB
Active:           342468 kB
Mem:          3.8G       3.7G       111M        10M        29M       3.2G

MemTotal:        4016008 kB
MemFree:          127036 kB
Active:           342532 kB
Mem:          3.8G       3.7G       123M        10M        29M       3.2G

MemTotal:        4016008 kB
MemFree:          124992 kB
Active:           342556 kB
Mem:          3.8G       3.7G       122M        10M        29M       3.2G

MemTotal:        4016008 kB
MemFree:          125988 kB
Active:           342592 kB
Mem:          3.8G       3.7G       122M        10M        29M       3.2G

MemTotal:        4016008 kB
MemFree:          134268 kB
Active:           342584 kB
Mem:          3.8G       3.7G       130M        10M        29M       3.2G

MemTotal:        4016008 kB
MemFree:          115840 kB
Active:           342596 kB
Mem:          3.8G       3.7G       112M        10M        29M       3.2G

MemTotal:        4016008 kB
MemFree:          128128 kB
Active:           342660 kB
Mem:          3.8G       3.7G       125M        10M        29M       3.2G

MemTotal:        4016008 kB
MemFree:          128360 kB
Active:           342672 kB
Mem:          3.8G       3.7G       125M        10M        29M       3.2G

MemTotal:        4016008 kB
MemFree:          106660 kB
Active:           342668 kB
Mem:          3.8G       3.7G       103M        10M        29M       3.2G

MemTotal:        4016008 kB
MemFree:          126596 kB
Active:           342760 kB
Mem:          3.8G       3.7G       123M        10M        29M       3.2G

MemTotal:        4016008 kB
MemFree:          133352 kB
Active:           342736 kB
Mem:          3.8G       3.7G       130M        10M        29M       3.2G

MemTotal:        4016008 kB
MemFree:          118088 kB
Active:           342808 kB
Mem:          3.8G       3.7G       115M        10M        29M       3.2G

MemTotal:        4016008 kB
MemFree:          119476 kB
Active:           342836 kB
Mem:          3.8G       3.7G       116M        10M        29M       3.2G

MemTotal:        4016008 kB
MemFree:          128156 kB
Active:           342836 kB
Mem:          3.8G       3.7G       124M        10M        29M       3.2G

MemTotal:        4016008 kB
MemFree:          111388 kB
Active:           342824 kB
Mem:          3.8G       3.7G       108M        10M        29M       3.2G

MemTotal:        4016008 kB
MemFree:          129808 kB
Active:           342904 kB
Mem:          3.8G       3.7G       126M        10M        29M       3.2G

MemTotal:        4016008 kB
MemFree:          128504 kB
Active:           342980 kB
Mem:          3.8G       3.7G       125M        10M        29M       3.2G

MemTotal:        4016008 kB
MemFree:          140132 kB
Active:           343004 kB
Mem:          3.8G       3.7G       136M        10M        29M       3.2G

MemTotal:        4016008 kB
MemFree:          123224 kB
Active:           342884 kB
Mem:          3.8G       3.7G       119M        10M        29M       3.2G

MemTotal:        4016008 kB
MemFree:          112728 kB
Active:           343024 kB
Mem:          3.8G       3.7G       110M        10M        29M       3.2G

MemTotal:        4016008 kB
MemFree:          127236 kB
Active:           343080 kB
Mem:          3.8G       3.7G       124M        10M        29M       3.2G

MemTotal:        4016008 kB
MemFree:          134332 kB
Active:           343100 kB
Mem:          3.8G       3.7G       131M        10M        29M       3.2G

MemTotal:        4016008 kB
MemFree:          141392 kB
Active:           343116 kB
Mem:          3.8G       3.7G       137M        10M        29M       3.2G

MemTotal:        4016008 kB
MemFree:          124708 kB
Active:           336960 kB
Mem:          3.8G       3.7G       121M        10M        29M       3.2G

MemTotal:        4016008 kB
MemFree:          106724 kB
Active:           343636 kB
Mem:          3.8G       3.7G       104M        10M        29M       3.2G

MemTotal:        4016008 kB
MemFree:          138052 kB
Active:           343752 kB
Mem:          3.8G       3.7G       134M        10M        29M       3.2G

MemTotal:        4016008 kB
MemFree:          135464 kB
Active:           343592 kB
Mem:          3.8G       3.7G       132M        10M        29M       3.2G

MemTotal:        4016008 kB
MemFree:          106944 kB
Active:           342628 kB
Mem:          3.8G       3.7G       104M        10M        29M       3.2G

MemTotal:        4016008 kB
MemFree:          121392 kB
Active:           337388 kB
Mem:          3.8G       3.7G       118M        10M        29M       3.2G

MemTotal:        4016008 kB
MemFree:          115544 kB
Active:           337360 kB
Mem:          3.8G       3.7G       112M        10M        29M       3.2G

MemTotal:        4016008 kB
MemFree:          127124 kB
Active:           337396 kB
Mem:          3.8G       3.7G       124M        10M        29M       3.2G

MemTotal:        4016008 kB
MemFree:          111040 kB
Active:           337428 kB
Mem:          3.8G       3.7G       108M        10M        29M       3.2G

MemTotal:        4016008 kB
MemFree:          126112 kB
Active:           337428 kB
Mem:          3.8G       3.7G       122M        10M        29M       3.2G

MemTotal:        4016008 kB
MemFree:          122240 kB
Active:           337400 kB
Mem:          3.8G       3.7G       119M        10M        29M       3.2G

MemTotal:        4016008 kB
MemFree:          114616 kB
Active:           337424 kB
Mem:          3.8G       3.7G       111M        10M        29M       3.2G

MemTotal:        4016008 kB
MemFree:          128160 kB
Active:           337436 kB
Mem:          3.8G       3.7G       125M        10M        29M       3.2G

MemTotal:        4016008 kB
MemFree:          127728 kB
Active:           337400 kB
Mem:          3.8G       3.7G       124M        10M        29M       3.2G

MemTotal:        4016008 kB
MemFree:          126052 kB
Active:           337432 kB
Mem:          3.8G       3.7G       122M        10M        29M       3.2G

MemTotal:        4016008 kB
MemFree:          114240 kB
Active:           337444 kB
Mem:          3.8G       3.7G       111M        10M        29M       3.2G

MemTotal:        4016008 kB
MemFree:          113592 kB
Active:           337436 kB
Mem:          3.8G       3.7G       110M        10M        29M       3.2G

MemTotal:        4016008 kB
MemFree:          113136 kB
Active:           337472 kB
Mem:          3.8G       3.7G       110M        10M        29M       3.2G

MemTotal:        4016008 kB
MemFree:          121960 kB
Active:           337416 kB
Mem:          3.8G       3.7G       118M        10M        29M       3.2G

MemTotal:        4016008 kB
MemFree:          107704 kB
Active:           337460 kB
Mem:          3.8G       3.7G       105M        10M        29M       3.2G

MemTotal:        4016008 kB
MemFree:          118132 kB
Active:           337456 kB
Mem:          3.8G       3.7G       115M        10M        29M       3.2G

MemTotal:        4016008 kB
MemFree:          126412 kB
Active:           337456 kB
Mem:          3.8G       3.7G       123M        10M        29M       3.2G

MemTotal:        4016008 kB
MemFree:          109908 kB
Active:           337444 kB
Mem:          3.8G       3.7G       107M        10M        29M       3.2G

MemTotal:        4016008 kB
MemFree:          123612 kB
Active:           337492 kB
Mem:          3.8G       3.7G       120M        10M        29M       3.2G

MemTotal:        4016008 kB
MemFree:          115136 kB
Active:           337500 kB
Mem:          3.8G       3.7G       112M        10M        29M       3.2G

MemTotal:        4016008 kB
MemFree:          128300 kB
Active:           337508 kB
Mem:          3.8G       3.7G       125M        10M        29M       3.2G

MemTotal:        4016008 kB
MemFree:          134548 kB
Active:           337496 kB
Mem:          3.8G       3.7G       131M        10M        29M       3.2G

MemTotal:        4016008 kB
MemFree:          123640 kB
Active:           337532 kB
Mem:          3.8G       3.7G       120M        10M        29M       3.2G

MemTotal:        4016008 kB
MemFree:          107964 kB
Active:           337496 kB
Mem:          3.8G       3.7G       105M        10M        29M       3.2G

MemTotal:        4016008 kB
MemFree:          132420 kB
Active:           337536 kB
Mem:          3.8G       3.7G       129M        10M        29M       3.2G

MemTotal:        4016008 kB
MemFree:          128252 kB
Active:           337492 kB
Mem:          3.8G       3.7G       125M        10M        29M       3.2G

MemTotal:        4016008 kB
MemFree:          123060 kB
Active:           337536 kB
Mem:          3.8G       3.7G       120M        10M        29M       3.2G

MemTotal:        4016008 kB
MemFree:          115964 kB
Active:           337540 kB
Mem:          3.8G       3.7G       113M        10M        29M       3.2G

MemTotal:        4016008 kB
MemFree:          131408 kB
Active:           337516 kB
Mem:          3.8G       3.7G       128M        10M        29M       3.2G

MemTotal:        4016008 kB
MemFree:          115380 kB
Active:           337556 kB
Mem:          3.8G       3.7G       112M        10M        29M       3.2G

MemTotal:        4016008 kB
MemFree:          114636 kB
Active:           337560 kB
Mem:          3.8G       3.7G       112M        10M        29M       3.2G

MemTotal:        4016008 kB
MemFree:          134824 kB
Active:           337560 kB
Mem:          3.8G       3.7G       131M        10M        29M       3.2G

MemTotal:        4016008 kB
MemFree:          130608 kB
Active:           337560 kB
Mem:          3.8G       3.7G       127M        10M        29M       3.2G

MemTotal:        4016008 kB
MemFree:          126632 kB
Active:           337584 kB
Mem:          3.8G       3.7G       123M        10M        29M       3.2G

MemTotal:        4016008 kB
MemFree:          128740 kB
Active:           337576 kB
Mem:          3.8G       3.7G       125M        10M        29M       3.2G

MemTotal:        4016008 kB
MemFree:          111268 kB
Active:           337592 kB
Mem:          3.8G       3.7G       108M        10M        29M       3.2G

MemTotal:        4016008 kB
MemFree:          108588 kB
Active:           337592 kB
Mem:          3.8G       3.7G       105M        10M        29M       3.2G

MemTotal:        4016008 kB
MemFree:          106536 kB
Active:           337592 kB
Mem:          3.8G       3.7G       103M        10M        29M       3.2G

MemTotal:        4016008 kB
MemFree:          126840 kB
Active:           337596 kB
Mem:          3.8G       3.7G       124M        10M        29M       3.2G

MemTotal:        4016008 kB
MemFree:          104776 kB
Active:           337600 kB
Mem:          3.8G       3.7G       102M        10M        29M       3.2G

MemTotal:        4016008 kB
MemFree:          113228 kB
Active:           337608 kB
Mem:          3.8G       3.7G       110M        10M        29M       3.2G

MemTotal:        4016008 kB
MemFree:          109696 kB
Active:           337580 kB
Mem:          3.8G       3.7G       107M        10M        29M       3.2G

MemTotal:        4016008 kB
MemFree:          130816 kB
Active:           337588 kB
Mem:          3.8G       3.7G       127M        10M        29M       3.2G

MemTotal:        4016008 kB
MemFree:          138240 kB
Active:           337612 kB
Mem:          3.8G       3.7G       134M        10M        29M       3.2G

MemTotal:        4016008 kB
MemFree:          117904 kB
Active:           337648 kB
Mem:          3.8G       3.7G       115M        10M        29M       3.2G

MemTotal:        4016008 kB
MemFree:          117808 kB
Active:           337632 kB
Mem:          3.8G       3.7G       115M        10M        29M       3.2G

MemTotal:        4016008 kB
MemFree:          117436 kB
Active:           337648 kB
Mem:          3.8G       3.7G       114M        10M        29M       3.2G

MemTotal:        4016008 kB
MemFree:          121808 kB
Active:           337620 kB
Mem:          3.8G       3.7G       118M        10M        29M       3.2G

MemTotal:        4016008 kB
MemFree:          132832 kB
Active:           337668 kB
Mem:          3.8G       3.7G       129M        10M        29M       3.2G

MemTotal:        4016008 kB
MemFree:          117492 kB
Active:           337676 kB
Mem:          3.8G       3.7G       114M        10M        29M       3.2G

MemTotal:        4016008 kB
MemFree:          115400 kB
Active:           337676 kB
Mem:          3.8G       3.7G       112M        10M        29M       3.2G

MemTotal:        4016008 kB
MemFree:          113924 kB
Active:           337676 kB
Mem:          3.8G       3.7G       111M        10M        29M       3.2G

MemTotal:        4016008 kB
MemFree:          126136 kB
Active:           337656 kB
Mem:          3.8G       3.7G       123M        10M        29M       3.2G

MemTotal:        4016008 kB
MemFree:          116516 kB
Active:           337676 kB
Mem:          3.8G       3.7G       113M        10M        29M       3.2G

MemTotal:        4016008 kB
MemFree:          123844 kB
Active:           337644 kB
Mem:          3.8G       3.7G       120M        10M        29M       3.2G

MemTotal:        4016008 kB
MemFree:          127060 kB
Active:           337688 kB
Mem:          3.8G       3.7G       124M        10M        29M       3.2G

MemTotal:        4016008 kB
MemFree:          113384 kB
Active:           337700 kB
Mem:          3.8G       3.7G       110M        10M        29M       3.2G

MemTotal:        4016008 kB
MemFree:          126976 kB
Active:           337700 kB
Mem:          3.8G       3.7G       123M        10M        29M       3.2G

MemTotal:        4016008 kB
MemFree:          124176 kB
Active:           337704 kB
Mem:          3.8G       3.7G       121M        10M        29M       3.2G

MemTotal:        4016008 kB
MemFree:          131836 kB
Active:           337720 kB
Mem:          3.8G       3.7G       124M        10M        29M       3.2G

MemTotal:        4016008 kB
MemFree:          122684 kB
Active:           337724 kB
Mem:          3.8G       3.7G       119M        10M        29M       3.2G

MemTotal:        4016008 kB
MemFree:          118748 kB
Active:           337704 kB
Mem:          3.8G       3.7G       116M        10M        29M       3.2G

MemTotal:        4016008 kB
MemFree:          118620 kB
Active:           337724 kB
Mem:          3.8G       3.7G       115M        10M        29M       3.2G

MemTotal:        4016008 kB
MemFree:          114448 kB
Active:           337736 kB
Mem:          3.8G       3.7G       111M        10M        29M       3.2G

MemTotal:        4016008 kB
MemFree:          134880 kB
Active:           337736 kB
Mem:          3.8G       3.7G       131M        10M        29M       3.2G

MemTotal:        4016008 kB
MemFree:          137284 kB
Active:           337748 kB
Mem:          3.8G       3.7G       133M        10M        29M       3.2G

MemTotal:        4016008 kB
MemFree:          112356 kB
Active:           337724 kB
Mem:          3.8G       3.7G       109M        10M        29M       3.2G

MemTotal:        4016008 kB
MemFree:          110268 kB
Active:           337776 kB
Mem:          3.8G       3.7G       107M        10M        29M       3.2G

MemTotal:        4016008 kB
MemFree:          134520 kB
Active:           337776 kB
Mem:          3.8G       3.7G       131M        10M        29M       3.2G

MemTotal:        4016008 kB
MemFree:          126292 kB
Active:           337736 kB
Mem:          3.8G       3.7G       123M        10M        29M       3.2G

MemTotal:        4016008 kB
MemFree:          110888 kB
Active:           337776 kB
Mem:          3.8G       3.7G       108M        10M        29M       3.2G

MemTotal:        4016008 kB
MemFree:          109328 kB
Active:           337784 kB
Mem:          3.8G       3.7G       106M        10M        29M       3.2G

MemTotal:        4016008 kB
MemFree:          118796 kB
Active:           337748 kB
Mem:          3.8G       3.7G       116M        10M        29M       3.2G

MemTotal:        4016008 kB
MemFree:          127048 kB
Active:           337764 kB
Mem:          3.8G       3.7G       123M        10M        29M       3.2G

MemTotal:        4016008 kB
MemFree:          112152 kB
Active:           337772 kB
Mem:          3.8G       3.7G       108M        10M        29M       3.2G

MemTotal:        4016008 kB
MemFree:          124028 kB
Active:           337788 kB
Mem:          3.8G       3.7G       121M        10M        29M       3.2G

MemTotal:        4016008 kB
MemFree:          120084 kB
Active:           337796 kB
Mem:          3.8G       3.7G       116M        10M        29M       3.2G

MemTotal:        4016008 kB
MemFree:          128220 kB
Active:           337824 kB
Mem:          3.8G       3.7G       124M        10M        29M       3.2G

MemTotal:        4016008 kB
MemFree:          127912 kB
Active:           337792 kB
Mem:          3.8G       3.7G       124M        10M        29M       3.2G

MemTotal:        4016008 kB
MemFree:          127924 kB
Active:           337828 kB
Mem:          3.8G       3.7G       125M        10M        29M       3.2G

MemTotal:        4016008 kB
MemFree:          128020 kB
Active:           337792 kB
Mem:          3.8G       3.7G       125M        10M        29M       3.2G

MemTotal:        4016008 kB
MemFree:          106272 kB
Active:           337848 kB
Mem:          3.8G       3.7G       103M        10M        29M       3.2G

MemTotal:        4016008 kB
MemFree:          105656 kB
Active:           337844 kB
Mem:          3.8G       3.7G       103M        10M        29M       3.2G

MemTotal:        4016008 kB
MemFree:          132344 kB
Active:           337844 kB
Mem:          3.8G       3.7G       129M        10M        29M       3.2G

MemTotal:        4016008 kB
MemFree:          128212 kB
Active:           337860 kB
Mem:          3.8G       3.7G       125M        10M        29M       3.2G

MemTotal:        4016008 kB
MemFree:          124540 kB
Active:           337832 kB
Mem:          3.8G       3.7G       121M        10M        29M       3.2G

MemTotal:        4016008 kB
MemFree:          127160 kB
Active:           337804 kB
Mem:          3.8G       3.7G       124M        10M        29M       3.2G

MemTotal:        4016008 kB
MemFree:          117804 kB
Active:           337812 kB
Mem:          3.8G       3.7G       114M        10M        29M       3.2G

MemTotal:        4016008 kB
MemFree:          137256 kB
Active:           337812 kB
Mem:          3.8G       3.7G       133M        10M        29M       3.2G

MemTotal:        4016008 kB
MemFree:          121160 kB
Active:           337848 kB
Mem:          3.8G       3.7G       117M        10M        29M       3.2G

MemTotal:        4016008 kB
MemFree:          105232 kB
Active:           337824 kB
Mem:          3.8G       3.7G       102M        10M        29M       3.2G

MemTotal:        4016008 kB
MemFree:          127032 kB
Active:           337884 kB
Mem:          3.8G       3.7G       123M        10M        29M       3.2G

MemTotal:        4016008 kB
MemFree:          128312 kB
Active:           337856 kB
Mem:          3.8G       3.7G       125M        10M        29M       3.2G

MemTotal:        4016008 kB
MemFree:          113208 kB
Active:           337860 kB
Mem:          3.8G       3.7G       110M        10M        29M       3.2G

MemTotal:        4016008 kB
MemFree:          112604 kB
Active:           337792 kB
Mem:          3.8G       3.7G       110M        10M        29M       3.2G

MemTotal:        4016008 kB
MemFree:          125360 kB
Active:           337636 kB
Mem:          3.8G       3.7G       122M        10M        29M       3.2G

MemTotal:        4016008 kB
MemFree:          126360 kB
Active:           337652 kB
Mem:          3.8G       3.7G       123M        10M        29M       3.2G

MemTotal:        4016008 kB
MemFree:          123880 kB
Active:           337660 kB
Mem:          3.8G       3.7G       121M        10M        29M       3.2G

MemTotal:        4016008 kB
MemFree:          107012 kB
Active:           337660 kB
Mem:          3.8G       3.7G       104M        10M        29M       3.2G

MemTotal:        4016008 kB
MemFree:          132564 kB
Active:           337668 kB
Mem:          3.8G       3.7G       129M        10M        29M       3.2G

MemTotal:        4016008 kB
MemFree:          132772 kB
Active:           337676 kB
Mem:          3.8G       3.7G       129M        10M        29M       3.2G

MemTotal:        4016008 kB
MemFree:          140348 kB
Active:           337644 kB
Mem:          3.8G       3.7G       137M        10M        29M       3.2G

MemTotal:        4016008 kB
MemFree:          142120 kB
Active:           337704 kB
Mem:          3.8G       3.7G       138M        10M        29M       3.2G

MemTotal:        4016008 kB
MemFree:          125824 kB
Active:           337716 kB
Mem:          3.8G       3.7G       122M        10M        29M       3.2G

MemTotal:        4016008 kB
MemFree:          125176 kB
Active:           337692 kB
Mem:          3.8G       3.7G       121M        10M        29M       3.2G

MemTotal:        4016008 kB
MemFree:          110796 kB
Active:           337720 kB
Mem:          3.8G       3.7G       108M        10M        29M       3.2G

MemTotal:        4016008 kB
MemFree:          127144 kB
Active:           337724 kB
Mem:          3.8G       3.7G       123M        10M        29M       3.2G

MemTotal:        4016008 kB
MemFree:          128396 kB
Active:           337724 kB
Mem:          3.8G       3.7G       125M        10M        29M       3.2G

MemTotal:        4016008 kB
MemFree:          106824 kB
Active:           337728 kB
Mem:          3.8G       3.7G       104M        10M        29M       3.2G

MemTotal:        4016008 kB
MemFree:          125540 kB
Active:           337732 kB
Mem:          3.8G       3.7G       122M        10M        29M       3.2G

MemTotal:        4016008 kB
MemFree:          123056 kB
Active:           337732 kB
Mem:          3.8G       3.7G       120M        10M        29M       3.2G

MemTotal:        4016008 kB
MemFree:          118960 kB
Active:           337744 kB
Mem:          3.8G       3.7G       116M        10M        29M       3.2G

MemTotal:        4016008 kB
MemFree:          127212 kB
Active:           337748 kB
Mem:          3.8G       3.7G       124M        10M        29M       3.2G

MemTotal:        4016008 kB
MemFree:          115932 kB
Active:           337772 kB
Mem:          3.8G       3.7G       113M        10M        29M       3.2G

MemTotal:        4016008 kB
MemFree:          129524 kB
Active:           337772 kB
Mem:          3.8G       3.7G       126M        10M        29M       3.2G

MemTotal:        4016008 kB
MemFree:          123496 kB
Active:           337784 kB
Mem:          3.8G       3.7G       120M        10M        29M       3.2G

MemTotal:        4016008 kB
MemFree:          125132 kB
Active:           337784 kB
Mem:          3.8G       3.7G       122M        10M        29M       3.2G

MemTotal:        4016008 kB
MemFree:          115728 kB
Active:           337736 kB
Mem:          3.8G       3.7G       113M        10M        29M       3.2G

MemTotal:        4016008 kB
MemFree:          110588 kB
Active:           337788 kB
Mem:          3.8G       3.7G       107M        10M        29M       3.2G

MemTotal:        4016008 kB
MemFree:          124908 kB
Active:           337760 kB
Mem:          3.8G       3.7G       121M        10M        29M       3.2G

MemTotal:        4016008 kB
MemFree:          116612 kB
Active:           337792 kB
Mem:          3.8G       3.7G       114M        10M        29M       3.2G

MemTotal:        4016008 kB
MemFree:          125464 kB
Active:           337808 kB
Mem:          3.8G       3.7G       122M        10M        29M       3.2G

MemTotal:        4016008 kB
MemFree:          127120 kB
Active:           337808 kB
Mem:          3.8G       3.7G       124M        10M        29M       3.2G

MemTotal:        4016008 kB
MemFree:          114024 kB
Active:           337808 kB
Mem:          3.8G       3.7G       111M        10M        29M       3.2G

MemTotal:        4016008 kB
MemFree:          128892 kB
Active:           337832 kB
Mem:          3.8G       3.7G       125M        10M        29M       3.2G

MemTotal:        4016008 kB
MemFree:          123984 kB
Active:           337836 kB
Mem:          3.8G       3.7G       120M        10M        29M       3.2G

MemTotal:        4016008 kB
MemFree:          113104 kB
Active:           337908 kB
Mem:          3.8G       3.7G       110M        10M        29M       3.2G

MemTotal:        4016008 kB
MemFree:          135864 kB
Active:           337940 kB
Mem:          3.8G       3.7G       132M        10M        29M       3.2G

MemTotal:        4016008 kB
MemFree:          136240 kB
Active:           337928 kB
Mem:          3.8G       3.7G       132M        10M        29M       3.2G

MemTotal:        4016008 kB
MemFree:          135980 kB
Active:           337944 kB
Mem:          3.8G       3.7G       132M        10M        29M       3.2G

MemTotal:        4016008 kB
MemFree:          136008 kB
Active:           337984 kB
Mem:          3.8G       3.7G       132M        10M        29M       3.2G

MemTotal:        4016008 kB
MemFree:          112240 kB
Active:           338388 kB
Mem:          3.8G       3.7G       108M        10M        29M       3.2G

MemTotal:        4016008 kB
MemFree:          121388 kB
Active:           336088 kB
Mem:          3.8G       3.7G       118M        10M        29M       3.2G

MemTotal:        4016008 kB
MemFree:          120132 kB
Active:           338448 kB
Mem:          3.8G       3.7G       117M        10M        29M       3.2G

MemTotal:        4016008 kB
MemFree:          114704 kB
Active:           338852 kB
Mem:          3.8G       3.7G       112M        10M        30M       3.2G

MemTotal:        4016008 kB
MemFree:          140824 kB
Active:           338744 kB
Mem:          3.8G       3.7G       137M        10M        30M       3.2G

MemTotal:        4016008 kB
MemFree:          123424 kB
Active:           338748 kB
Mem:          3.8G       3.7G       120M        10M        30M       3.2G

MemTotal:        4016008 kB
MemFree:          118544 kB
Active:           338764 kB
Mem:          3.8G       3.7G       115M        10M        30M       3.2G

MemTotal:        4016008 kB
MemFree:          123712 kB
Active:           338776 kB
Mem:          3.8G       3.7G       121M        10M        30M       3.2G

MemTotal:        4016008 kB
MemFree:          129940 kB
Active:           338780 kB
Mem:          3.8G       3.7G       126M        10M        30M       3.2G

MemTotal:        4016008 kB
MemFree:          129732 kB
Active:           338780 kB
Mem:          3.8G       3.7G       126M        10M        30M       3.2G

MemTotal:        4016008 kB
MemFree:          123528 kB
Active:           338792 kB
Mem:          3.8G       3.7G       120M        10M        30M       3.2G

MemTotal:        4016008 kB
MemFree:          107392 kB
Active:           336908 kB
Mem:          3.8G       3.7G       104M        10M        30M       3.2G

MemTotal:        4016008 kB
MemFree:          119312 kB
Active:           338840 kB
Mem:          3.8G       3.7G       116M        10M        30M       3.2G

MemTotal:        4016008 kB
MemFree:          114520 kB
Active:           338972 kB
Mem:          3.8G       3.7G       112M        10M        30M       3.2G

MemTotal:        4016008 kB
MemFree:          110968 kB
Active:           338960 kB
Mem:          3.8G       3.7G       108M        10M        30M       3.2G

MemTotal:        4016008 kB
MemFree:          128080 kB
Active:           343544 kB
Mem:          3.8G       3.7G       124M        10M        31M       3.2G

MemTotal:        4016008 kB
MemFree:          124692 kB
Active:           343104 kB
Mem:          3.8G       3.7G       121M        10M        32M       3.2G

MemTotal:        4016008 kB
MemFree:          107340 kB
Active:           344652 kB
Mem:          3.8G       3.7G       104M        10M        32M       3.2G

MemTotal:        4016008 kB
MemFree:          129872 kB
Active:           345488 kB
Mem:          3.8G       3.7G       126M        10M        33M       3.2G

MemTotal:        4016008 kB
MemFree:          123240 kB
Active:           346116 kB
Mem:          3.8G       3.7G       120M        10M        33M       3.2G

MemTotal:        4016008 kB
MemFree:          126604 kB
Active:           346732 kB
Mem:          3.8G       3.7G       123M        10M        33M       3.2G

MemTotal:        4016008 kB
MemFree:          113688 kB
Active:           346792 kB
Mem:          3.8G       3.7G       111M        10M        33M       3.2G

MemTotal:        4016008 kB
MemFree:          140552 kB
Active:           346832 kB
Mem:          3.8G       3.7G       137M        10M        33M       3.2G

MemTotal:        4016008 kB
MemFree:          119352 kB
Active:           359248 kB
Mem:          3.8G       3.7G       116M        10M        33M       3.2G

MemTotal:        4016008 kB
MemFree:          125352 kB
Active:           358084 kB
Mem:          3.8G       3.7G       122M        10M        33M       3.2G

MemTotal:        4016008 kB
MemFree:          130228 kB
Active:           356916 kB
Mem:          3.8G       3.7G       127M        10M        33M       3.1G

MemTotal:        4016008 kB
MemFree:          112916 kB
Active:           357412 kB
Mem:          3.8G       3.7G       110M        10M        33M       3.2G

MemTotal:        4016008 kB
MemFree:          131836 kB
Active:           357420 kB
Mem:          3.8G       3.7G       128M        10M        33M       3.1G

MemTotal:        4016008 kB
MemFree:          127572 kB
Active:           357656 kB
Mem:          3.8G       3.7G       124M        10M        33M       3.1G

MemTotal:        4016008 kB
MemFree:          115852 kB
Active:           357828 kB
Mem:          3.8G       3.7G       113M        10M        33M       3.2G

MemTotal:        4016008 kB
MemFree:          132236 kB
Active:           357840 kB
Mem:          3.8G       3.7G       128M        10M        33M       3.1G

MemTotal:        4016008 kB
MemFree:          127740 kB
Active:           357968 kB
Mem:          3.8G       3.7G       124M        10M        33M       3.1G

MemTotal:        4016008 kB
MemFree:          117124 kB
Active:           357864 kB
Mem:          3.8G       3.7G       114M        10M        33M       3.2G

MemTotal:        4016008 kB
MemFree:          125456 kB
Active:           357844 kB
Mem:          3.8G       3.7G       122M        10M        33M       3.1G

MemTotal:        4016008 kB
MemFree:          131912 kB
Active:           357868 kB
Mem:          3.8G       3.7G       128M        10M        33M       3.1G

MemTotal:        4016008 kB
MemFree:          143544 kB
Active:           358008 kB
Mem:          3.8G       3.7G       140M        10M        33M       3.1G

MemTotal:        4016008 kB
MemFree:          125844 kB
Active:           358236 kB
Mem:          3.8G       3.7G       122M        10M        33M       3.1G

MemTotal:        4016008 kB
MemFree:          116036 kB
Active:           358768 kB
Mem:          3.8G       3.7G       112M        10M        33M       3.2G

MemTotal:        4016008 kB
MemFree:          133236 kB
Active:           359060 kB
Mem:          3.8G       3.7G       130M        10M        33M       3.1G

MemTotal:        4016008 kB
MemFree:          128760 kB
Active:           359160 kB
Mem:          3.8G       3.7G       125M        10M        33M       3.1G

MemTotal:        4016008 kB
MemFree:          347472 kB
Active:           357820 kB
Mem:          3.8G       3.5G       338M        10M        33M       2.9G

MemTotal:        4016008 kB
MemFree:          294468 kB
Active:           357876 kB
Mem:          3.8G       3.5G       287M        10M        33M       3.0G

MemTotal:        4016008 kB
MemFree:          241148 kB
Active:           358360 kB
Mem:          3.8G       3.6G       235M        10M        33M       3.0G

MemTotal:        4016008 kB
MemFree:          188348 kB
Active:           358308 kB
Mem:          3.8G       3.7G       183M        10M        33M       3.1G

MemTotal:        4016008 kB
MemFree:          135212 kB
Active:           358372 kB
Mem:          3.8G       3.7G       132M        10M        33M       3.1G

MemTotal:        4016008 kB
MemFree:          131496 kB
Active:           358116 kB
Mem:          3.8G       3.7G       128M        10M        33M       3.1G

MemTotal:        4016008 kB
MemFree:          107704 kB
Active:           358268 kB
Mem:          3.8G       3.7G       105M        10M        33M       3.2G

MemTotal:        4016008 kB
MemFree:          125624 kB
Active:           358832 kB
Mem:          3.8G       3.7G       122M        10M        33M       3.1G

MemTotal:        4016008 kB
MemFree:          113716 kB
Active:           359332 kB
Mem:          3.8G       3.7G       111M        10M        33M       3.2G

MemTotal:        4016008 kB
MemFree:          130852 kB
Active:           359420 kB
Mem:          3.8G       3.7G       127M        10M        33M       3.1G

MemTotal:        4016008 kB
MemFree:          128852 kB
Active:           359660 kB
Mem:          3.8G       3.7G       125M        10M        33M       3.1G

MemTotal:        4016008 kB
MemFree:          117196 kB
Active:           359884 kB
Mem:          3.8G       3.7G       114M        10M        33M       3.2G

MemTotal:        4016008 kB
MemFree:          116748 kB
Active:           360060 kB
Mem:          3.8G       3.7G       113M        10M        33M       3.2G

MemTotal:        4016008 kB
MemFree:          225844 kB
Active:           359852 kB
Mem:          3.8G       3.6G       220M        10M        33M       3.0G

MemTotal:        4016008 kB
MemFree:          225568 kB
Active:           359872 kB
Mem:          3.8G       3.6G       220M        10M        33M       3.0G

MemTotal:        4016008 kB
MemFree:          225944 kB
Active:           359912 kB
Mem:          3.8G       3.6G       220M        10M        33M       3.0G

MemTotal:        4016008 kB
MemFree:          212536 kB
Active:           359928 kB
Mem:          3.8G       3.6G       207M        10M        33M       3.1G

MemTotal:        4016008 kB
MemFree:          159528 kB
Active:           360348 kB
Mem:          3.8G       3.7G       155M        10M        33M       3.1G

MemTotal:        4016008 kB
MemFree:          105608 kB
Active:           361264 kB
Mem:          3.8G       3.7G       102M        10M        33M       3.2G

MemTotal:        4016008 kB
MemFree:          115304 kB
Active:           359480 kB
Mem:          3.8G       3.7G       111M        10M        33M       3.2G

MemTotal:        4016008 kB
MemFree:          108048 kB
Active:           362408 kB
Mem:          3.8G       3.7G       105M        10M        33M       3.2G

MemTotal:        4016008 kB
MemFree:          120836 kB
Active:           379308 kB
Mem:          3.8G       3.7G       117M        10M        33M       3.1G

MemTotal:        4016008 kB
MemFree:          125556 kB
Active:           402388 kB
Mem:          3.8G       3.7G       122M        10M        33M       3.1G

MemTotal:        4016008 kB
MemFree:          116128 kB
Active:           442000 kB
Mem:          3.8G       3.7G       113M        10M        33M       3.1G

MemTotal:        4016008 kB
MemFree:          133168 kB
Active:           448484 kB
Mem:          3.8G       3.7G       129M        10M        33M       3.0G

MemTotal:        4016008 kB
MemFree:          110404 kB
Active:           477264 kB
Mem:          3.8G       3.7G       107M        10M        33M       3.0G

MemTotal:        4016008 kB
MemFree:          112084 kB
Active:           475896 kB
Mem:          3.8G       3.7G       109M        10M        34M       3.0G

MemTotal:        4016008 kB
MemFree:          105032 kB
Active:           474196 kB
Mem:          3.8G       3.7G       102M        10M        34M       3.0G

MemTotal:        4016008 kB
MemFree:          112592 kB
Active:           537004 kB
Mem:          3.8G       3.7G       110M        10M        34M       3.0G

MemTotal:        4016008 kB
MemFree:          118504 kB
Active:           543008 kB
Mem:          3.8G       3.7G       115M        10M        34M       3.0G

MemTotal:        4016008 kB
MemFree:          116588 kB
Active:           543948 kB
Mem:          3.8G       3.7G       113M        10M        34M       3.0G

MemTotal:        4016008 kB
MemFree:          122960 kB
Active:           545396 kB
Mem:          3.8G       3.7G       119M        10M        34M       3.0G

MemTotal:        4016008 kB
MemFree:          117460 kB
Active:           551660 kB
Mem:          3.8G       3.7G       114M        10M        34M       3.0G

MemTotal:        4016008 kB
MemFree:          120904 kB
Active:           554084 kB
Mem:          3.8G       3.7G       118M        10M        34M       2.9G

MemTotal:        4016008 kB
MemFree:          117852 kB
Active:           555668 kB
Mem:          3.8G       3.7G       114M        10M        34M       2.9G

MemTotal:        4016008 kB
MemFree:          135288 kB
Active:           558052 kB
Mem:          3.8G       3.7G       132M        10M        34M       2.9G

MemTotal:        4016008 kB
MemFree:          123108 kB
Active:           559236 kB
Mem:          3.8G       3.7G       119M        10M        34M       2.9G

MemTotal:        4016008 kB
MemFree:          117128 kB
Active:           559628 kB
Mem:          3.8G       3.7G       113M        10M        34M       2.9G

MemTotal:        4016008 kB
MemFree:          129964 kB
Active:           560640 kB
Mem:          3.8G       3.7G       126M        10M        34M       2.9G

MemTotal:        4016008 kB
MemFree:          357180 kB
Active:           298284 kB
Mem:          3.8G       3.5G       348M        10M        34M       3.0G

MemTotal:        4016008 kB
MemFree:          299712 kB
Active:           301424 kB
Mem:          3.8G       3.5G       292M        10M        34M       3.0G

MemTotal:        4016008 kB
MemFree:          244644 kB
Active:           303604 kB
Mem:          3.8G       3.6G       238M        10M        34M       3.1G

MemTotal:        4016008 kB
MemFree:          191836 kB
Active:           304172 kB
Mem:          3.8G       3.6G       186M        10M        34M       3.1G

MemTotal:        4016008 kB
MemFree:          140132 kB
Active:           302400 kB
Mem:          3.8G       3.7G       136M        10M        34M       3.2G

MemTotal:        4016008 kB
MemFree:          120812 kB
Active:           303728 kB
Mem:          3.8G       3.7G       117M        10M        34M       3.2G

MemTotal:        4016008 kB
MemFree:          126324 kB
Active:           303552 kB
Mem:          3.8G       3.7G       123M        10M        34M       3.2G

MemTotal:        4016008 kB
MemFree:          113728 kB
Active:           303424 kB
Mem:          3.8G       3.7G       111M        10M        35M       3.2G

MemTotal:        4016008 kB
MemFree:          114568 kB
Active:           303440 kB
Mem:          3.8G       3.7G       111M        10M        35M       3.2G

MemTotal:        4016008 kB
MemFree:          114608 kB
Active:           303432 kB
Mem:          3.8G       3.7G       111M        10M        35M       3.2G

MemTotal:        4016008 kB
MemFree:          131156 kB
Active:           303500 kB
Mem:          3.8G       3.7G       128M        10M        35M       3.2G

MemTotal:        4016008 kB
MemFree:          124716 kB
Active:           303520 kB
Mem:          3.8G       3.7G       121M        10M        35M       3.2G

MemTotal:        4016008 kB
MemFree:          131924 kB
Active:           303492 kB
Mem:          3.8G       3.7G       128M        10M        35M       3.2G

MemTotal:        4016008 kB
MemFree:          130640 kB
Active:           303572 kB
Mem:          3.8G       3.7G       127M        10M        35M       3.2G

MemTotal:        4016008 kB
MemFree:          136332 kB
Active:           303572 kB
Mem:          3.8G       3.7G       133M        10M        35M       3.2G

MemTotal:        4016008 kB
MemFree:          142420 kB
Active:           303612 kB
Mem:          3.8G       3.7G       139M        10M        35M       3.2G

MemTotal:        4016008 kB
MemFree:          125672 kB
Active:           303608 kB
Mem:          3.8G       3.7G       122M        10M        35M       3.2G

MemTotal:        4016008 kB
MemFree:          131504 kB
Active:           303588 kB
Mem:          3.8G       3.7G       128M        10M        35M       3.2G

MemTotal:        4016008 kB
MemFree:          121692 kB
Active:           303636 kB
Mem:          3.8G       3.7G       118M        10M        35M       3.2G

MemTotal:        4016008 kB
MemFree:          130344 kB
Active:           303812 kB
Mem:          3.8G       3.7G       126M        10M        35M       3.2G

MemTotal:        4016008 kB
MemFree:          121140 kB
Active:           303740 kB
Mem:          3.8G       3.7G       118M        10M        35M       3.2G

MemTotal:        4016008 kB
MemFree:          120328 kB
Active:           303912 kB
Mem:          3.8G       3.7G       116M        10M        35M       3.2G

MemTotal:        4016008 kB
MemFree:          125456 kB
Active:           303804 kB
Mem:          3.8G       3.7G       122M        10M        35M       3.2G

MemTotal:        4016008 kB
MemFree:          113412 kB
Active:           303824 kB
Mem:          3.8G       3.7G       110M        10M        35M       3.2G

MemTotal:        4016008 kB
MemFree:          118316 kB
Active:           303844 kB
Mem:          3.8G       3.7G       115M        10M        35M       3.2G

MemTotal:        4016008 kB
MemFree:          118956 kB
Active:           306196 kB
Mem:          3.8G       3.7G       116M        10M        36M       3.2G

MemTotal:        4016008 kB
MemFree:          126536 kB
Active:           307380 kB
Mem:          3.8G       3.7G       123M        10M        38M       3.2G

MemTotal:        4016008 kB
MemFree:          106968 kB
Active:           311476 kB
Mem:          3.8G       3.7G       104M        10M        42M       3.2G

MemTotal:        4016008 kB
MemFree:          130600 kB
Active:           313824 kB
Mem:          3.8G       3.7G       127M        10M        44M       3.2G

MemTotal:        4016008 kB
MemFree:          120552 kB
Active:           314360 kB
Mem:          3.8G       3.7G       117M        10M        45M       3.2G

MemTotal:        4016008 kB
MemFree:          128972 kB
Active:           315160 kB
Mem:          3.8G       3.7G       125M        10M        45M       3.2G

MemTotal:        4016008 kB
MemFree:          127804 kB
Active:           315280 kB
Mem:          3.8G       3.7G       124M        10M        45M       3.2G

MemTotal:        4016008 kB
MemFree:          119656 kB
Active:           315732 kB
Mem:          3.8G       3.7G       116M        10M        46M       3.2G

MemTotal:        4016008 kB
MemFree:          117780 kB
Active:           315772 kB
Mem:          3.8G       3.7G       115M        10M        46M       3.2G

MemTotal:        4016008 kB
MemFree:          113840 kB
Active:           315824 kB
Mem:          3.8G       3.7G       110M        10M        46M       3.2G

MemTotal:        4016008 kB
MemFree:          127080 kB
Active:           316004 kB
Mem:          3.8G       3.7G       124M        10M        46M       3.2G

MemTotal:        4016008 kB
MemFree:          116772 kB
Active:           319500 kB
Mem:          3.8G       3.7G       113M        10M        50M       3.2G

MemTotal:        4016008 kB
MemFree:          126300 kB
Active:           323340 kB
Mem:          3.8G       3.7G       123M        10M        53M       3.1G

MemTotal:        4016008 kB
MemFree:          127524 kB
Active:           325356 kB
Mem:          3.8G       3.7G       124M        10M        55M       3.1G

MemTotal:        4016008 kB
MemFree:          122748 kB
Active:           326560 kB
Mem:          3.8G       3.7G       119M        10M        56M       3.1G

MemTotal:        4016008 kB
MemFree:          131568 kB
Active:           327980 kB
Mem:          3.8G       3.7G       128M        10M        58M       3.1G

MemTotal:        4016008 kB
MemFree:          119092 kB
Active:           328688 kB
Mem:          3.8G       3.7G       116M        10M        58M       3.1G

MemTotal:        4016008 kB
MemFree:          123340 kB
Active:           328988 kB
Mem:          3.8G       3.7G       120M        10M        58M       3.1G

MemTotal:        4016008 kB
MemFree:          132908 kB
Active:           328972 kB
Mem:          3.8G       3.7G       129M        10M        58M       3.1G

MemTotal:        4016008 kB
MemFree:          126016 kB
Active:           329008 kB
Mem:          3.8G       3.7G       123M        10M        58M       3.1G

MemTotal:        4016008 kB
MemFree:          125612 kB
Active:           329056 kB
Mem:          3.8G       3.7G       122M        10M        58M       3.1G

MemTotal:        4016008 kB
MemFree:          143620 kB
Active:           331764 kB
Mem:          3.8G       3.7G       140M        10M        62M       3.1G

MemTotal:        4016008 kB
MemFree:          130144 kB
Active:           336796 kB
Mem:          3.8G       3.7G       126M        10M        66M       3.1G

MemTotal:        4016008 kB
MemFree:          115592 kB
Active:           341412 kB
Mem:          3.8G       3.7G       112M        10M        71M       3.1G

MemTotal:        4016008 kB
MemFree:          110488 kB
Active:           342716 kB
Mem:          3.8G       3.7G       107M        10M        72M       3.1G

MemTotal:        4016008 kB
MemFree:          117920 kB
Active:           344296 kB
Mem:          3.8G       3.7G       115M        10M        73M       3.1G

MemTotal:        4016008 kB
MemFree:          131172 kB
Active:           346768 kB
Mem:          3.8G       3.7G       127M        10M        76M       3.1G

MemTotal:        4016008 kB
MemFree:          127460 kB
Active:           347356 kB
Mem:          3.8G       3.7G       123M        10M        76M       3.1G

MemTotal:        4016008 kB
MemFree:          124224 kB
Active:           347972 kB
Mem:          3.8G       3.7G       121M        10M        77M       3.1G

MemTotal:        4016008 kB
MemFree:          117492 kB
Active:           348008 kB
Mem:          3.8G       3.7G       114M        10M        77M       3.1G

MemTotal:        4016008 kB
MemFree:          115208 kB
Active:           348060 kB
Mem:          3.8G       3.7G       112M        10M        77M       3.1G

MemTotal:        4016008 kB
MemFree:          124648 kB
Active:           350824 kB
Mem:          3.8G       3.7G       121M        10M        80M       3.1G

MemTotal:        4016008 kB
MemFree:          119864 kB
Active:           355764 kB
Mem:          3.8G       3.7G       117M        10M        85M       3.1G

MemTotal:        4016008 kB
MemFree:          112396 kB
Active:           361448 kB
Mem:          3.8G       3.7G       109M        10M        90M       3.1G

MemTotal:        4016008 kB
MemFree:          125632 kB
Active:           362904 kB
Mem:          3.8G       3.7G       122M        10M        91M       3.1G

MemTotal:        4016008 kB
MemFree:          132580 kB
Active:           364428 kB
Mem:          3.8G       3.7G       129M        10M        93M       3.1G

MemTotal:        4016008 kB
MemFree:          106484 kB
Active:           365168 kB
Mem:          3.8G       3.7G       103M        10M        94M       3.1G

MemTotal:        4016008 kB
MemFree:          120216 kB
Active:           366204 kB
Mem:          3.8G       3.7G       117M        10M        94M       3.1G

MemTotal:        4016008 kB
MemFree:          122952 kB
Active:           366436 kB
Mem:          3.8G       3.7G       120M        10M        95M       3.1G

MemTotal:        4016008 kB
MemFree:          123008 kB
Active:           366456 kB
Mem:          3.8G       3.7G       120M        10M        95M       3.1G

MemTotal:        4016008 kB
MemFree:          123288 kB
Active:           366432 kB
Mem:          3.8G       3.7G       120M        10M        95M       3.1G

MemTotal:        4016008 kB
MemFree:          120628 kB
Active:           366492 kB
Mem:          3.8G       3.7G       117M        10M        95M       3.1G

MemTotal:        4016008 kB
MemFree:          124380 kB
Active:           368804 kB
Mem:          3.8G       3.7G       121M        10M        97M       3.1G

MemTotal:        4016008 kB
MemFree:          125732 kB
Active:           370936 kB
Mem:          3.8G       3.7G       121M        10M        99M       3.1G

MemTotal:        4016008 kB
MemFree:          123084 kB
Active:           371992 kB
Mem:          3.8G       3.7G       120M        10M       100M       3.1G

MemTotal:        4016008 kB
MemFree:          114336 kB
Active:           372992 kB
Mem:          3.8G       3.7G       111M        10M       101M       3.1G

MemTotal:        4016008 kB
MemFree:          128056 kB
Active:           373816 kB
Mem:          3.8G       3.7G       124M        10M       102M       3.1G

MemTotal:        4016008 kB
MemFree:          117976 kB
Active:           377824 kB
Mem:          3.8G       3.7G       115M        10M       106M       3.1G

MemTotal:        4016008 kB
MemFree:          110716 kB
Active:           378588 kB
Mem:          3.8G       3.7G       108M        10M       106M       3.1G

MemTotal:        4016008 kB
MemFree:          118964 kB
Active:           378580 kB
Mem:          3.8G       3.7G       115M        10M       107M       3.1G

MemTotal:        4016008 kB
MemFree:          109240 kB
Active:           380260 kB
Mem:          3.8G       3.7G       106M        10M       108M       3.1G

MemTotal:        4016008 kB
MemFree:          121904 kB
Active:           380300 kB
Mem:          3.8G       3.7G       124M        10M       108M       3.1G

MemTotal:        4016008 kB
MemFree:          137304 kB
Active:           380580 kB
Mem:          3.8G       3.7G       133M        10M       108M       3.1G

MemTotal:        4016008 kB
MemFree:          129472 kB
Active:           380636 kB
Mem:          3.8G       3.7G       126M        10M       108M       3.1G

MemTotal:        4016008 kB
MemFree:          113688 kB
Active:           380672 kB
Mem:          3.8G       3.7G       111M        10M       108M       3.1G

MemTotal:        4016008 kB
MemFree:          121908 kB
Active:           380688 kB
Mem:          3.8G       3.7G       118M        10M       108M       3.1G

MemTotal:        4016008 kB
MemFree:          112512 kB
Active:           382692 kB
Mem:          3.8G       3.7G       109M        10M       110M       3.1G

MemTotal:        4016008 kB
MemFree:          125408 kB
Active:           383616 kB
Mem:          3.8G       3.7G       122M        10M       111M       3.1G

MemTotal:        4016008 kB
MemFree:          115872 kB
Active:           384588 kB
Mem:          3.8G       3.7G       113M        10M       112M       3.1G

MemTotal:        4016008 kB
MemFree:          118668 kB
Active:           384812 kB
Mem:          3.8G       3.7G       115M        10M       112M       3.1G

MemTotal:        4016008 kB
MemFree:          111284 kB
Active:           385064 kB
Mem:          3.8G       3.7G       108M        10M       112M       3.1G

MemTotal:        4016008 kB
MemFree:          126396 kB
Active:           385224 kB
Mem:          3.8G       3.7G       123M        10M       113M       3.1G

MemTotal:        4016008 kB
MemFree:          123000 kB
Active:           385556 kB
Mem:          3.8G       3.7G       119M        10M       113M       3.1G

