MemTotal:        4016008 kB
MemFree:         3117440 kB
Active:           529140 kB
Mem:          3.8G       877M       3.0G       3.0M        59M       333M

MemTotal:        4016008 kB
MemFree:         3117112 kB
Active:           529424 kB
Mem:          3.8G       878M       3.0G       3.0M        59M       333M

MemTotal:        4016008 kB
MemFree:         3117000 kB
Active:           529500 kB
Mem:          3.8G       877M       3.0G       3.0M        59M       333M

MemTotal:        4016008 kB
MemFree:         3116780 kB
Active:           529500 kB
Mem:          3.8G       878M       3.0G       3.0M        59M       333M

MemTotal:        4016008 kB
MemFree:         3116384 kB
Active:           529652 kB
Mem:          3.8G       878M       3.0G       3.0M        59M       333M

MemTotal:        4016008 kB
MemFree:         3116524 kB
Active:           529504 kB
Mem:          3.8G       878M       3.0G       3.0M        59M       333M

MemTotal:        4016008 kB
MemFree:         3116456 kB
Active:           529504 kB
Mem:          3.8G       878M       3.0G       3.0M        59M       333M

MemTotal:        4016008 kB
MemFree:         3116900 kB
Active:           529528 kB
Mem:          3.8G       878M       3.0G       3.0M        59M       333M

MemTotal:        4016008 kB
MemFree:         3117008 kB
Active:           529484 kB
Mem:          3.8G       877M       3.0G       3.0M        59M       333M

MemTotal:        4016008 kB
MemFree:         3117192 kB
Active:           529528 kB
Mem:          3.8G       877M       3.0G       3.0M        59M       333M

MemTotal:        4016008 kB
MemFree:         3116992 kB
Active:           529544 kB
Mem:          3.8G       877M       3.0G       3.0M        59M       333M

MemTotal:        4016008 kB
MemFree:         3116884 kB
Active:           529568 kB
Mem:          3.8G       877M       3.0G       3.0M        59M       333M

MemTotal:        4016008 kB
MemFree:         3116812 kB
Active:           529624 kB
Mem:          3.8G       878M       3.0G       3.0M        59M       333M

MemTotal:        4016008 kB
MemFree:         3116780 kB
Active:           529636 kB
Mem:          3.8G       878M       3.0G       3.0M        59M       333M

MemTotal:        4016008 kB
MemFree:         3116664 kB
Active:           529660 kB
Mem:          3.8G       878M       3.0G       3.0M        59M       333M

MemTotal:        4016008 kB
MemFree:         3116656 kB
Active:           530196 kB
Mem:          3.8G       878M       3.0G       3.0M        59M       333M

MemTotal:        4016008 kB
MemFree:         3116760 kB
Active:           530208 kB
Mem:          3.8G       878M       3.0G       3.0M        59M       333M

MemTotal:        4016008 kB
MemFree:         3116864 kB
Active:           530188 kB
Mem:          3.8G       878M       3.0G       3.0M        59M       333M

MemTotal:        4016008 kB
MemFree:         3116468 kB
Active:           530932 kB
Mem:          3.8G       878M       3.0G       3.0M        59M       333M

MemTotal:        4016008 kB
MemFree:         3115988 kB
Active:           531004 kB
Mem:          3.8G       879M       3.0G       3.0M        59M       333M

MemTotal:        4016008 kB
MemFree:         3115984 kB
Active:           531156 kB
Mem:          3.8G       879M       3.0G       3.0M        59M       333M

MemTotal:        4016008 kB
MemFree:         3115780 kB
Active:           531204 kB
Mem:          3.8G       879M       3.0G       3.0M        59M       333M

MemTotal:        4016008 kB
MemFree:         3115580 kB
Active:           531180 kB
Mem:          3.8G       879M       3.0G       3.0M        59M       333M

MemTotal:        4016008 kB
MemFree:         3115804 kB
Active:           531288 kB
Mem:          3.8G       878M       3.0G       3.0M        59M       333M

MemTotal:        4016008 kB
MemFree:         3116088 kB
Active:           531072 kB
Mem:          3.8G       879M       3.0G       3.0M        59M       333M

MemTotal:        4016008 kB
MemFree:         3115888 kB
Active:           531160 kB
Mem:          3.8G       878M       3.0G       3.0M        59M       333M

MemTotal:        4016008 kB
MemFree:         3116224 kB
Active:           531048 kB
Mem:          3.8G       878M       3.0G       3.0M        59M       333M

MemTotal:        4016008 kB
MemFree:         3115744 kB
Active:           531052 kB
Mem:          3.8G       879M       3.0G       3.0M        59M       333M

MemTotal:        4016008 kB
MemFree:         3115820 kB
Active:           531040 kB
Mem:          3.8G       879M       3.0G       3.0M        59M       333M

MemTotal:        4016008 kB
MemFree:         3115812 kB
Active:           531224 kB
Mem:          3.8G       878M       3.0G       3.0M        59M       333M

MemTotal:        4016008 kB
MemFree:         3115436 kB
Active:           531088 kB
Mem:          3.8G       879M       3.0G       3.0M        59M       333M

MemTotal:        4016008 kB
MemFree:         3115672 kB
Active:           531208 kB
Mem:          3.8G       879M       3.0G       3.0M        59M       333M

MemTotal:        4016008 kB
MemFree:         3115544 kB
Active:           531100 kB
Mem:          3.8G       879M       3.0G       3.0M        59M       333M

MemTotal:        4016008 kB
MemFree:         3115024 kB
Active:           531308 kB
Mem:          3.8G       879M       3.0G       3.0M        59M       333M

MemTotal:        4016008 kB
MemFree:         3115328 kB
Active:           531284 kB
Mem:          3.8G       879M       3.0G       3.0M        59M       333M

MemTotal:        4016008 kB
MemFree:         3115408 kB
Active:           531156 kB
Mem:          3.8G       879M       3.0G       3.0M        59M       333M

MemTotal:        4016008 kB
MemFree:         3115780 kB
Active:           531080 kB
Mem:          3.8G       879M       3.0G       3.0M        59M       333M

MemTotal:        4016008 kB
MemFree:         3115296 kB
Active:           531384 kB
Mem:          3.8G       879M       3.0G       3.0M        59M       333M

MemTotal:        4016008 kB
MemFree:         3115172 kB
Active:           531412 kB
Mem:          3.8G       879M       3.0G       3.0M        59M       333M

MemTotal:        4016008 kB
MemFree:         3115020 kB
Active:           531216 kB
Mem:          3.8G       879M       3.0G       3.0M        59M       333M

MemTotal:        4016008 kB
MemFree:         3115692 kB
Active:           531156 kB
Mem:          3.8G       879M       3.0G       3.0M        59M       333M

MemTotal:        4016008 kB
MemFree:         3115604 kB
Active:           531144 kB
Mem:          3.8G       879M       3.0G       3.0M        59M       333M

MemTotal:        4016008 kB
MemFree:         3115296 kB
Active:           531080 kB
Mem:          3.8G       879M       3.0G       3.0M        59M       333M

MemTotal:        4016008 kB
MemFree:         3115540 kB
Active:           531244 kB
Mem:          3.8G       879M       3.0G       3.0M        59M       333M

MemTotal:        4016008 kB
MemFree:         3115304 kB
Active:           531148 kB
Mem:          3.8G       879M       3.0G       3.0M        59M       333M

MemTotal:        4016008 kB
MemFree:         3115228 kB
Active:           531120 kB
Mem:          3.8G       879M       3.0G       3.0M        59M       333M

MemTotal:        4016008 kB
MemFree:         3115204 kB
Active:           531052 kB
Mem:          3.8G       879M       3.0G       3.0M        59M       333M

MemTotal:        4016008 kB
MemFree:         3115428 kB
Active:           531268 kB
Mem:          3.8G       879M       3.0G       3.0M        59M       333M

MemTotal:        4016008 kB
MemFree:         3114860 kB
Active:           531256 kB
Mem:          3.8G       880M       3.0G       3.0M        59M       333M

MemTotal:        4016008 kB
MemFree:         3115304 kB
Active:           531256 kB
Mem:          3.8G       879M       3.0G       3.0M        59M       333M

MemTotal:        4016008 kB
MemFree:         3115576 kB
Active:           531280 kB
Mem:          3.8G       879M       3.0G       3.0M        59M       333M

MemTotal:        4016008 kB
MemFree:         3115524 kB
Active:           531076 kB
Mem:          3.8G       879M       3.0G       3.0M        59M       333M

MemTotal:        4016008 kB
MemFree:         3115436 kB
Active:           531172 kB
Mem:          3.8G       879M       3.0G       3.0M        59M       333M

MemTotal:        4016008 kB
MemFree:         3114880 kB
Active:           531192 kB
Mem:          3.8G       880M       3.0G       3.0M        59M       333M

MemTotal:        4016008 kB
MemFree:         3115556 kB
Active:           531240 kB
Mem:          3.8G       879M       3.0G       3.0M        59M       333M

MemTotal:        4016008 kB
MemFree:         3115988 kB
Active:           531168 kB
Mem:          3.8G       879M       3.0G       3.0M        59M       333M

MemTotal:        4016008 kB
MemFree:         3115160 kB
Active:           531124 kB
Mem:          3.8G       879M       3.0G       3.0M        59M       333M

MemTotal:        4016008 kB
MemFree:         3115504 kB
Active:           531276 kB
Mem:          3.8G       879M       3.0G       3.0M        59M       333M

MemTotal:        4016008 kB
MemFree:         3115652 kB
Active:           531340 kB
Mem:          3.8G       879M       3.0G       3.0M        59M       333M

MemTotal:        4016008 kB
MemFree:         3115124 kB
Active:           531152 kB
Mem:          3.8G       879M       3.0G       3.0M        59M       333M

MemTotal:        4016008 kB
MemFree:         3115496 kB
Active:           531336 kB
Mem:          3.8G       879M       3.0G       3.0M        59M       333M

MemTotal:        4016008 kB
MemFree:         3115620 kB
Active:           531176 kB
Mem:          3.8G       879M       3.0G       3.0M        59M       333M

MemTotal:        4016008 kB
MemFree:         3115520 kB
Active:           531156 kB
Mem:          3.8G       879M       3.0G       3.0M        59M       333M

MemTotal:        4016008 kB
MemFree:         3115032 kB
Active:           531180 kB
Mem:          3.8G       879M       3.0G       3.0M        59M       333M

MemTotal:        4016008 kB
MemFree:         3115660 kB
Active:           531180 kB
Mem:          3.8G       878M       3.0G       3.0M        59M       333M

MemTotal:        4016008 kB
MemFree:         3115604 kB
Active:           531148 kB
Mem:          3.8G       879M       3.0G       3.0M        59M       333M

MemTotal:        4016008 kB
MemFree:         3115736 kB
Active:           531164 kB
Mem:          3.8G       878M       3.0G       3.0M        59M       333M

MemTotal:        4016008 kB
MemFree:         3115412 kB
Active:           531104 kB
Mem:          3.8G       879M       3.0G       3.0M        59M       333M

MemTotal:        4016008 kB
MemFree:         3115172 kB
Active:           531044 kB
Mem:          3.8G       879M       3.0G       3.0M        59M       333M

MemTotal:        4016008 kB
MemFree:         3115404 kB
Active:           531336 kB
Mem:          3.8G       879M       3.0G       3.0M        59M       333M

MemTotal:        4016008 kB
MemFree:         3115164 kB
Active:           531200 kB
Mem:          3.8G       879M       3.0G       3.0M        59M       333M

MemTotal:        4016008 kB
MemFree:         3114764 kB
Active:           531284 kB
Mem:          3.8G       880M       3.0G       3.0M        59M       333M

MemTotal:        4016008 kB
MemFree:         3115012 kB
Active:           531220 kB
Mem:          3.8G       879M       3.0G       3.0M        59M       333M

MemTotal:        4016008 kB
MemFree:         3115372 kB
Active:           531056 kB
Mem:          3.8G       879M       3.0G       3.0M        59M       333M

MemTotal:        4016008 kB
MemFree:         3115512 kB
Active:           531208 kB
Mem:          3.8G       879M       3.0G       3.0M        59M       333M

MemTotal:        4016008 kB
MemFree:         3115364 kB
Active:           531180 kB
Mem:          3.8G       879M       3.0G       3.0M        59M       333M

MemTotal:        4016008 kB
MemFree:         3115516 kB
Active:           531196 kB
Mem:          3.8G       879M       3.0G       3.0M        59M       333M

MemTotal:        4016008 kB
MemFree:         3115388 kB
Active:           531184 kB
Mem:          3.8G       879M       3.0G       3.0M        59M       333M

MemTotal:        4016008 kB
MemFree:         3115216 kB
Active:           531196 kB
Mem:          3.8G       879M       3.0G       3.0M        59M       333M

MemTotal:        4016008 kB
MemFree:         3115744 kB
Active:           531220 kB
Mem:          3.8G       879M       3.0G       3.0M        59M       333M

MemTotal:        4016008 kB
MemFree:         3115636 kB
Active:           531244 kB
Mem:          3.8G       879M       3.0G       3.0M        59M       333M

MemTotal:        4016008 kB
MemFree:         3115508 kB
Active:           531244 kB
Mem:          3.8G       879M       3.0G       3.0M        59M       333M

MemTotal:        4016008 kB
MemFree:         3114752 kB
Active:           531216 kB
Mem:          3.8G       879M       3.0G       3.0M        59M       333M

MemTotal:        4016008 kB
MemFree:         3115016 kB
Active:           531244 kB
Mem:          3.8G       879M       3.0G       3.0M        59M       333M

MemTotal:        4016008 kB
MemFree:         3115264 kB
Active:           531236 kB
Mem:          3.8G       879M       3.0G       3.0M        59M       333M

MemTotal:        4016008 kB
MemFree:         3115604 kB
Active:           531180 kB
Mem:          3.8G       879M       3.0G       3.0M        59M       333M

MemTotal:        4016008 kB
MemFree:         3114076 kB
Active:           531452 kB
Mem:          3.8G       880M       3.0G       3.0M        59M       333M

MemTotal:        4016008 kB
MemFree:         3114920 kB
Active:           531384 kB
Mem:          3.8G       879M       3.0G       3.0M        59M       333M

MemTotal:        4016008 kB
MemFree:         3114904 kB
Active:           531276 kB
Mem:          3.8G       879M       3.0G       3.0M        59M       333M

MemTotal:        4016008 kB
MemFree:         3114848 kB
Active:           531392 kB
Mem:          3.8G       880M       3.0G       3.0M        59M       333M

MemTotal:        4016008 kB
MemFree:         3114920 kB
Active:           531276 kB
Mem:          3.8G       879M       3.0G       3.0M        59M       333M

MemTotal:        4016008 kB
MemFree:         3115128 kB
Active:           531440 kB
Mem:          3.8G       879M       3.0G       3.0M        59M       333M

MemTotal:        4016008 kB
MemFree:         3114972 kB
Active:           531272 kB
Mem:          3.8G       879M       3.0G       3.0M        59M       333M

MemTotal:        4016008 kB
MemFree:         3115452 kB
Active:           531444 kB
Mem:          3.8G       879M       3.0G       3.0M        59M       333M

MemTotal:        4016008 kB
MemFree:         3114968 kB
Active:           531292 kB
Mem:          3.8G       880M       3.0G       3.0M        59M       333M

MemTotal:        4016008 kB
MemFree:         3114760 kB
Active:           531156 kB
Mem:          3.8G       880M       3.0G       3.0M        59M       333M

MemTotal:        4016008 kB
MemFree:         3115424 kB
Active:           531304 kB
Mem:          3.8G       879M       3.0G       3.0M        59M       333M

MemTotal:        4016008 kB
MemFree:         3114904 kB
Active:           531156 kB
Mem:          3.8G       880M       3.0G       3.0M        59M       333M

MemTotal:        4016008 kB
MemFree:         3114940 kB
Active:           531412 kB
Mem:          3.8G       879M       3.0G       3.0M        59M       333M

MemTotal:        4016008 kB
MemFree:         3115128 kB
Active:           531452 kB
Mem:          3.8G       879M       3.0G       3.0M        59M       333M

MemTotal:        4016008 kB
MemFree:         3115492 kB
Active:           531436 kB
Mem:          3.8G       879M       3.0G       3.0M        59M       333M

MemTotal:        4016008 kB
MemFree:         3115248 kB
Active:           531464 kB
Mem:          3.8G       879M       3.0G       3.0M        59M       333M

MemTotal:        4016008 kB
MemFree:         3115532 kB
Active:           531264 kB
Mem:          3.8G       879M       3.0G       3.0M        59M       333M

MemTotal:        4016008 kB
MemFree:         3115244 kB
Active:           531388 kB
Mem:          3.8G       879M       3.0G       3.0M        59M       333M

MemTotal:        4016008 kB
MemFree:         3115608 kB
Active:           531232 kB
Mem:          3.8G       879M       3.0G       3.0M        59M       333M

MemTotal:        4016008 kB
MemFree:         3114920 kB
Active:           531488 kB
Mem:          3.8G       880M       3.0G       3.0M        59M       333M

MemTotal:        4016008 kB
MemFree:         3115220 kB
Active:           531416 kB
Mem:          3.8G       880M       3.0G       3.0M        59M       333M

MemTotal:        4016008 kB
MemFree:         3115220 kB
Active:           531476 kB
Mem:          3.8G       879M       3.0G       3.0M        59M       333M

MemTotal:        4016008 kB
MemFree:         3115068 kB
Active:           531328 kB
Mem:          3.8G       879M       3.0G       3.0M        59M       333M

MemTotal:        4016008 kB
MemFree:         3115492 kB
Active:           531452 kB
Mem:          3.8G       879M       3.0G       3.0M        59M       333M

MemTotal:        4016008 kB
MemFree:         3115240 kB
Active:           531472 kB
Mem:          3.8G       879M       3.0G       3.0M        59M       333M

MemTotal:        4016008 kB
MemFree:         3115280 kB
Active:           531320 kB
Mem:          3.8G       879M       3.0G       3.0M        59M       333M

MemTotal:        4016008 kB
MemFree:         3114736 kB
Active:           531460 kB
Mem:          3.8G       880M       3.0G       3.0M        59M       333M

MemTotal:        4016008 kB
MemFree:         3115192 kB
Active:           531488 kB
Mem:          3.8G       879M       3.0G       3.0M        59M       333M

MemTotal:        4016008 kB
MemFree:         3115404 kB
Active:           531320 kB
Mem:          3.8G       879M       3.0G       3.0M        59M       333M

MemTotal:        4016008 kB
MemFree:         3115408 kB
Active:           531452 kB
Mem:          3.8G       879M       3.0G       3.0M        59M       333M

MemTotal:        4016008 kB
MemFree:         3115944 kB
Active:           531344 kB
Mem:          3.8G       879M       3.0G       3.0M        59M       333M

MemTotal:        4016008 kB
MemFree:         3115456 kB
Active:           531336 kB
Mem:          3.8G       879M       3.0G       3.0M        59M       333M

MemTotal:        4016008 kB
MemFree:         3115036 kB
Active:           531604 kB
Mem:          3.8G       879M       3.0G       3.0M        59M       333M

MemTotal:        4016008 kB
MemFree:         3115072 kB
Active:           531396 kB
Mem:          3.8G       879M       3.0G       3.0M        59M       333M

MemTotal:        4016008 kB
MemFree:         3115380 kB
Active:           531448 kB
Mem:          3.8G       879M       3.0G       3.0M        59M       333M

MemTotal:        4016008 kB
MemFree:         3115968 kB
Active:           531468 kB
Mem:          3.8G       879M       3.0G       3.0M        59M       333M

MemTotal:        4016008 kB
MemFree:         3115100 kB
Active:           531820 kB
Mem:          3.8G       879M       3.0G       3.0M        59M       333M

MemTotal:        4016008 kB
MemFree:         3115040 kB
Active:           531348 kB
Mem:          3.8G       879M       3.0G       3.0M        59M       333M

MemTotal:        4016008 kB
MemFree:         3115264 kB
Active:           531460 kB
Mem:          3.8G       879M       3.0G       3.0M        59M       333M

MemTotal:        4016008 kB
MemFree:         3115328 kB
Active:           531504 kB
Mem:          3.8G       879M       3.0G       3.0M        59M       333M

MemTotal:        4016008 kB
MemFree:         3114888 kB
Active:           531460 kB
Mem:          3.8G       879M       3.0G       3.0M        59M       333M

MemTotal:        4016008 kB
MemFree:         3115704 kB
Active:           531380 kB
Mem:          3.8G       879M       3.0G       3.0M        59M       333M

MemTotal:        4016008 kB
MemFree:         3115588 kB
Active:           531352 kB
Mem:          3.8G       879M       3.0G       3.0M        59M       333M

MemTotal:        4016008 kB
MemFree:         3116008 kB
Active:           531360 kB
Mem:          3.8G       879M       3.0G       3.0M        59M       333M

MemTotal:        4016008 kB
MemFree:         3115472 kB
Active:           531376 kB
Mem:          3.8G       879M       3.0G       3.0M        59M       333M

MemTotal:        4016008 kB
MemFree:         3115100 kB
Active:           531388 kB
Mem:          3.8G       879M       3.0G       3.0M        59M       333M

MemTotal:        4016008 kB
MemFree:         3115160 kB
Active:           531400 kB
Mem:          3.8G       879M       3.0G       3.0M        59M       333M

MemTotal:        4016008 kB
MemFree:         3115248 kB
Active:           531476 kB
Mem:          3.8G       879M       3.0G       3.0M        59M       333M

MemTotal:        4016008 kB
MemFree:         3115296 kB
Active:           531364 kB
Mem:          3.8G       879M       3.0G       3.0M        59M       333M

MemTotal:        4016008 kB
MemFree:         3115248 kB
Active:           531492 kB
Mem:          3.8G       879M       3.0G       3.0M        59M       333M

MemTotal:        4016008 kB
MemFree:         3115536 kB
Active:           531344 kB
Mem:          3.8G       879M       3.0G       3.0M        59M       333M

MemTotal:        4016008 kB
MemFree:         3115412 kB
Active:           531356 kB
Mem:          3.8G       879M       3.0G       3.0M        59M       333M

MemTotal:        4016008 kB
MemFree:         3115100 kB
Active:           531384 kB
Mem:          3.8G       879M       3.0G       3.0M        59M       333M

MemTotal:        4016008 kB
MemFree:         3115280 kB
Active:           531400 kB
Mem:          3.8G       879M       3.0G       3.0M        59M       333M

MemTotal:        4016008 kB
MemFree:         3115288 kB
Active:           531384 kB
Mem:          3.8G       879M       3.0G       3.0M        59M       333M

MemTotal:        4016008 kB
MemFree:         3115396 kB
Active:           531384 kB
Mem:          3.8G       879M       3.0G       3.0M        59M       333M

MemTotal:        4016008 kB
MemFree:         3114916 kB
Active:           531420 kB
Mem:          3.8G       879M       3.0G       3.0M        59M       333M

MemTotal:        4016008 kB
MemFree:         3115048 kB
Active:           531404 kB
Mem:          3.8G       879M       3.0G       3.0M        59M       333M

MemTotal:        4016008 kB
MemFree:         3114836 kB
Active:           531424 kB
Mem:          3.8G       879M       3.0G       3.0M        59M       333M

MemTotal:        4016008 kB
MemFree:         3114928 kB
Active:           531420 kB
Mem:          3.8G       879M       3.0G       3.0M        59M       333M

MemTotal:        4016008 kB
MemFree:         3115304 kB
Active:           531448 kB
Mem:          3.8G       879M       3.0G       3.0M        59M       333M

MemTotal:        4016008 kB
MemFree:         3115436 kB
Active:           531428 kB
Mem:          3.8G       879M       3.0G       3.0M        59M       333M

MemTotal:        4016008 kB
MemFree:         3115064 kB
Active:           531456 kB
Mem:          3.8G       879M       3.0G       3.0M        59M       333M

MemTotal:        4016008 kB
MemFree:         3114948 kB
Active:           531460 kB
Mem:          3.8G       879M       3.0G       3.0M        59M       333M

MemTotal:        4016008 kB
MemFree:         3115080 kB
Active:           531464 kB
Mem:          3.8G       879M       3.0G       3.0M        59M       333M

MemTotal:        4016008 kB
MemFree:         3114380 kB
Active:           531504 kB
Mem:          3.8G       880M       3.0G       3.0M        59M       333M

MemTotal:        4016008 kB
MemFree:         3114652 kB
Active:           531572 kB
Mem:          3.8G       880M       3.0G       3.0M        59M       333M

MemTotal:        4016008 kB
MemFree:         3114988 kB
Active:           531504 kB
Mem:          3.8G       879M       3.0G       3.0M        59M       333M

MemTotal:        4016008 kB
MemFree:         3115196 kB
Active:           531476 kB
Mem:          3.8G       879M       3.0G       3.0M        59M       333M

MemTotal:        4016008 kB
MemFree:         3114932 kB
Active:           531360 kB
Mem:          3.8G       879M       3.0G       3.0M        59M       333M

MemTotal:        4016008 kB
MemFree:         3115004 kB
Active:           531484 kB
Mem:          3.8G       879M       3.0G       3.0M        59M       333M

MemTotal:        4016008 kB
MemFree:         3115288 kB
Active:           531596 kB
Mem:          3.8G       879M       3.0G       3.0M        59M       333M

MemTotal:        4016008 kB
MemFree:         3114884 kB
Active:           531788 kB
Mem:          3.8G       879M       3.0G       3.0M        59M       333M

MemTotal:        4016008 kB
MemFree:         3115508 kB
Active:           531496 kB
Mem:          3.8G       879M       3.0G       3.0M        59M       333M

MemTotal:        4016008 kB
MemFree:         3115412 kB
Active:           531624 kB
Mem:          3.8G       879M       3.0G       3.0M        59M       333M

MemTotal:        4016008 kB
MemFree:         3115024 kB
Active:           531352 kB
Mem:          3.8G       879M       3.0G       3.0M        59M       333M

MemTotal:        4016008 kB
MemFree:         3114756 kB
Active:           531496 kB
Mem:          3.8G       880M       3.0G       3.0M        59M       333M

MemTotal:        4016008 kB
MemFree:         3114780 kB
Active:           531504 kB
Mem:          3.8G       879M       3.0G       3.0M        59M       333M

MemTotal:        4016008 kB
MemFree:         3115288 kB
Active:           531628 kB
Mem:          3.8G       880M       3.0G       3.0M        59M       333M

MemTotal:        4016008 kB
MemFree:         3115236 kB
Active:           531648 kB
Mem:          3.8G       879M       3.0G       3.0M        59M       333M

MemTotal:        4016008 kB
MemFree:         3115040 kB
Active:           531748 kB
Mem:          3.8G       880M       3.0G       3.0M        59M       333M

MemTotal:        4016008 kB
MemFree:         3114724 kB
Active:           531696 kB
Mem:          3.8G       880M       3.0G       3.0M        59M       333M

MemTotal:        4016008 kB
MemFree:         3114724 kB
Active:           531528 kB
Mem:          3.8G       880M       3.0G       3.0M        59M       333M

MemTotal:        4016008 kB
MemFree:         3114796 kB
Active:           531568 kB
Mem:          3.8G       880M       3.0G       3.0M        59M       333M

MemTotal:        4016008 kB
MemFree:         3114900 kB
Active:           531804 kB
Mem:          3.8G       880M       3.0G       3.0M        59M       333M

MemTotal:        4016008 kB
MemFree:         3114628 kB
Active:           531492 kB
Mem:          3.8G       879M       3.0G       3.0M        59M       333M

MemTotal:        4016008 kB
MemFree:         3114892 kB
Active:           531560 kB
Mem:          3.8G       880M       3.0G       3.0M        59M       333M

MemTotal:        4016008 kB
MemFree:         3114676 kB
Active:           531680 kB
Mem:          3.8G       880M       3.0G       3.0M        59M       333M

MemTotal:        4016008 kB
MemFree:         3114736 kB
Active:           531516 kB
Mem:          3.8G       880M       3.0G       3.0M        59M       333M

MemTotal:        4016008 kB
MemFree:         3114856 kB
Active:           531612 kB
Mem:          3.8G       880M       3.0G       3.0M        59M       333M

MemTotal:        4016008 kB
MemFree:         3114780 kB
Active:           531660 kB
Mem:          3.8G       880M       3.0G       3.0M        59M       333M

MemTotal:        4016008 kB
MemFree:         3115180 kB
Active:           531384 kB
Mem:          3.8G       879M       3.0G       3.0M        59M       333M

MemTotal:        4016008 kB
MemFree:         3115412 kB
Active:           531404 kB
Mem:          3.8G       879M       3.0G       3.0M        59M       333M

MemTotal:        4016008 kB
MemFree:         3115120 kB
Active:           531640 kB
Mem:          3.8G       879M       3.0G       3.0M        59M       333M

MemTotal:        4016008 kB
MemFree:         3114700 kB
Active:           531664 kB
Mem:          3.8G       879M       3.0G       3.0M        59M       333M

MemTotal:        4016008 kB
MemFree:         3115104 kB
Active:           531660 kB
Mem:          3.8G       879M       3.0G       3.0M        59M       333M

MemTotal:        4016008 kB
MemFree:         3115028 kB
Active:           531536 kB
Mem:          3.8G       880M       3.0G       3.0M        59M       333M

MemTotal:        4016008 kB
MemFree:         3114516 kB
Active:           531548 kB
Mem:          3.8G       880M       3.0G       3.0M        59M       333M

MemTotal:        4016008 kB
MemFree:         3115160 kB
Active:           531652 kB
Mem:          3.8G       879M       3.0G       3.0M        59M       333M

MemTotal:        4016008 kB
MemFree:         3115204 kB
Active:           531700 kB
Mem:          3.8G       879M       3.0G       3.0M        59M       333M

MemTotal:        4016008 kB
MemFree:         3115096 kB
Active:           531540 kB
Mem:          3.8G       879M       3.0G       3.0M        59M       333M

MemTotal:        4016008 kB
MemFree:         3114932 kB
Active:           531504 kB
Mem:          3.8G       879M       3.0G       3.0M        59M       333M

MemTotal:        4016008 kB
MemFree:         3115156 kB
Active:           531564 kB
Mem:          3.8G       879M       3.0G       3.0M        59M       333M

MemTotal:        4016008 kB
MemFree:         3114812 kB
Active:           531372 kB
Mem:          3.8G       880M       3.0G       3.0M        59M       333M

MemTotal:        4016008 kB
MemFree:         3114412 kB
Active:           531680 kB
Mem:          3.8G       880M       3.0G       3.0M        59M       333M

MemTotal:        4016008 kB
MemFree:         3114628 kB
Active:           531424 kB
Mem:          3.8G       880M       3.0G       3.0M        59M       333M

MemTotal:        4016008 kB
MemFree:         3114556 kB
Active:           531736 kB
Mem:          3.8G       879M       3.0G       3.0M        59M       333M

MemTotal:        4016008 kB
MemFree:         3114884 kB
Active:           531848 kB
Mem:          3.8G       880M       3.0G       3.0M        59M       333M

MemTotal:        4016008 kB
MemFree:         3115024 kB
Active:           531624 kB
Mem:          3.8G       879M       3.0G       3.0M        59M       333M

MemTotal:        4016008 kB
MemFree:         3115352 kB
Active:           531472 kB
Mem:          3.8G       879M       3.0G       3.0M        59M       333M

MemTotal:        4016008 kB
MemFree:         3115020 kB
Active:           531692 kB
Mem:          3.8G       879M       3.0G       3.0M        59M       333M

MemTotal:        4016008 kB
MemFree:         3114912 kB
Active:           531580 kB
Mem:          3.8G       879M       3.0G       3.0M        59M       333M

MemTotal:        4016008 kB
MemFree:         3115008 kB
Active:           531588 kB
Mem:          3.8G       879M       3.0G       3.0M        59M       333M

MemTotal:        4016008 kB
MemFree:         3114776 kB
Active:           531720 kB
Mem:          3.8G       880M       3.0G       3.0M        59M       333M

MemTotal:        4016008 kB
MemFree:         3115028 kB
Active:           531584 kB
Mem:          3.8G       880M       3.0G       3.0M        59M       333M

MemTotal:        4016008 kB
MemFree:         3114692 kB
Active:           531564 kB
Mem:          3.8G       880M       3.0G       3.0M        59M       333M

MemTotal:        4016008 kB
MemFree:         3114940 kB
Active:           531600 kB
Mem:          3.8G       880M       3.0G       3.0M        59M       333M

MemTotal:        4016008 kB
MemFree:         3114908 kB
Active:           531544 kB
Mem:          3.8G       879M       3.0G       3.0M        59M       333M

MemTotal:        4016008 kB
MemFree:         3115188 kB
Active:           531604 kB
Mem:          3.8G       879M       3.0G       3.0M        59M       333M

MemTotal:        4016008 kB
MemFree:         3115196 kB
Active:           531584 kB
Mem:          3.8G       879M       3.0G       3.0M        59M       333M

MemTotal:        4016008 kB
MemFree:         3114748 kB
Active:           531608 kB
Mem:          3.8G       880M       3.0G       3.0M        59M       333M

MemTotal:        4016008 kB
MemFree:         3115136 kB
Active:           531612 kB
Mem:          3.8G       879M       3.0G       3.0M        59M       333M

MemTotal:        4016008 kB
MemFree:         3115012 kB
Active:           531572 kB
Mem:          3.8G       879M       3.0G       3.0M        59M       333M

MemTotal:        4016008 kB
MemFree:         3115536 kB
Active:           531588 kB
Mem:          3.8G       879M       3.0G       3.0M        59M       333M

MemTotal:        4016008 kB
MemFree:         3115396 kB
Active:           531612 kB
Mem:          3.8G       879M       3.0G       3.0M        59M       333M

MemTotal:        4016008 kB
MemFree:         3115404 kB
Active:           531600 kB
Mem:          3.8G       879M       3.0G       3.0M        59M       333M

MemTotal:        4016008 kB
MemFree:         3115684 kB
Active:           531588 kB
Mem:          3.8G       879M       3.0G       3.0M        59M       333M

MemTotal:        4016008 kB
MemFree:         3115436 kB
Active:           531608 kB
Mem:          3.8G       879M       3.0G       3.0M        59M       333M

MemTotal:        4016008 kB
MemFree:         3115524 kB
Active:           531628 kB
Mem:          3.8G       879M       3.0G       3.0M        59M       333M

MemTotal:        4016008 kB
MemFree:         3114940 kB
Active:           531636 kB
Mem:          3.8G       879M       3.0G       3.0M        59M       333M

MemTotal:        4016008 kB
MemFree:         3114568 kB
Active:           531636 kB
Mem:          3.8G       880M       3.0G       3.0M        59M       333M

MemTotal:        4016008 kB
MemFree:         3114640 kB
Active:           531556 kB
Mem:          3.8G       880M       3.0G       3.0M        59M       333M

MemTotal:        4016008 kB
MemFree:         3115004 kB
Active:           531544 kB
Mem:          3.8G       879M       3.0G       3.0M        59M       333M

MemTotal:        4016008 kB
MemFree:         3114776 kB
Active:           531640 kB
Mem:          3.8G       880M       3.0G       3.0M        59M       333M

MemTotal:        4016008 kB
MemFree:         3114948 kB
Active:           531772 kB
Mem:          3.8G       880M       3.0G       3.0M        59M       333M

MemTotal:        4016008 kB
MemFree:         3114988 kB
Active:           531788 kB
Mem:          3.8G       880M       3.0G       3.0M        59M       333M

MemTotal:        4016008 kB
MemFree:         3115356 kB
Active:           531664 kB
Mem:          3.8G       879M       3.0G       3.0M        59M       333M

MemTotal:        4016008 kB
MemFree:         3115156 kB
Active:           531768 kB
Mem:          3.8G       879M       3.0G       3.0M        59M       333M

MemTotal:        4016008 kB
MemFree:         3115272 kB
Active:           531960 kB
Mem:          3.8G       879M       3.0G       3.0M        59M       333M

MemTotal:        4016008 kB
MemFree:         3112952 kB
Active:           533664 kB
Mem:          3.8G       881M       3.0G       3.0M        59M       333M

MemTotal:        4016008 kB
MemFree:         3112728 kB
Active:           533784 kB
Mem:          3.8G       882M       3.0G       3.0M        59M       333M

MemTotal:        4016008 kB
MemFree:         3112740 kB
Active:           533848 kB
Mem:          3.8G       881M       3.0G       3.0M        59M       333M

MemTotal:        4016008 kB
MemFree:         3112604 kB
Active:           533940 kB
Mem:          3.8G       881M       3.0G       3.0M        59M       333M

MemTotal:        4016008 kB
MemFree:         3113156 kB
Active:           533696 kB
Mem:          3.8G       881M       3.0G       3.0M        59M       333M

MemTotal:        4016008 kB
MemFree:         3113280 kB
Active:           533728 kB
Mem:          3.8G       881M       3.0G       3.0M        59M       333M

MemTotal:        4016008 kB
MemFree:         3112992 kB
Active:           533660 kB
Mem:          3.8G       881M       3.0G       3.0M        59M       333M

MemTotal:        4016008 kB
MemFree:         3112768 kB
Active:           533892 kB
Mem:          3.8G       881M       3.0G       3.0M        59M       333M

MemTotal:        4016008 kB
MemFree:         3112808 kB
Active:           533676 kB
Mem:          3.8G       882M       3.0G       3.0M        59M       333M

MemTotal:        4016008 kB
MemFree:         3112580 kB
Active:           533772 kB
Mem:          3.8G       882M       3.0G       3.0M        59M       333M

MemTotal:        4016008 kB
MemFree:         3112800 kB
Active:           533712 kB
Mem:          3.8G       881M       3.0G       3.0M        59M       333M

MemTotal:        4016008 kB
MemFree:         3112672 kB
Active:           533568 kB
Mem:          3.8G       882M       3.0G       3.0M        59M       333M

MemTotal:        4016008 kB
MemFree:         3113156 kB
Active:           533564 kB
Mem:          3.8G       881M       3.0G       3.0M        59M       333M

MemTotal:        4016008 kB
MemFree:         3113764 kB
Active:           533668 kB
Mem:          3.8G       881M       3.0G       3.0M        59M       333M

MemTotal:        4016008 kB
MemFree:         3113240 kB
Active:           533640 kB
Mem:          3.8G       881M       3.0G       3.0M        59M       333M

MemTotal:        4016008 kB
MemFree:         3113304 kB
Active:           533816 kB
Mem:          3.8G       881M       3.0G       3.0M        59M       333M

MemTotal:        4016008 kB
MemFree:         3113188 kB
Active:           533828 kB
Mem:          3.8G       881M       3.0G       3.0M        59M       333M

MemTotal:        4016008 kB
MemFree:         3113396 kB
Active:           533712 kB
Mem:          3.8G       881M       3.0G       3.0M        59M       333M

MemTotal:        4016008 kB
MemFree:         3113228 kB
Active:           533984 kB
Mem:          3.8G       881M       3.0G       3.0M        59M       333M

MemTotal:        4016008 kB
MemFree:         3113164 kB
Active:           533900 kB
Mem:          3.8G       881M       3.0G       3.0M        59M       333M

MemTotal:        4016008 kB
MemFree:         3112812 kB
Active:           533884 kB
Mem:          3.8G       882M       3.0G       3.0M        59M       333M

MemTotal:        4016008 kB
MemFree:         3112692 kB
Active:           533820 kB
Mem:          3.8G       882M       3.0G       3.0M        59M       333M

MemTotal:        4016008 kB
MemFree:         3113260 kB
Active:           534044 kB
Mem:          3.8G       882M       3.0G       3.0M        59M       333M

MemTotal:        4016008 kB
MemFree:         3113024 kB
Active:           533892 kB
Mem:          3.8G       881M       3.0G       3.0M        59M       333M

MemTotal:        4016008 kB
MemFree:         3112848 kB
Active:           533996 kB
Mem:          3.8G       881M       3.0G       3.0M        59M       333M

MemTotal:        4016008 kB
MemFree:         3113140 kB
Active:           533728 kB
Mem:          3.8G       881M       3.0G       3.0M        59M       333M

MemTotal:        4016008 kB
MemFree:         3112816 kB
Active:           533724 kB
Mem:          3.8G       881M       3.0G       3.0M        59M       333M

MemTotal:        4016008 kB
MemFree:         3113064 kB
Active:           533808 kB
Mem:          3.8G       881M       3.0G       3.0M        59M       333M

MemTotal:        4016008 kB
MemFree:         3113200 kB
Active:           533808 kB
Mem:          3.8G       881M       3.0G       3.0M        59M       333M

MemTotal:        4016008 kB
MemFree:         3112704 kB
Active:           533728 kB
Mem:          3.8G       882M       3.0G       3.0M        59M       333M

MemTotal:        4016008 kB
MemFree:         3112308 kB
Active:           533700 kB
Mem:          3.8G       882M       3.0G       3.0M        59M       333M

MemTotal:        4016008 kB
MemFree:         3112948 kB
Active:           533872 kB
Mem:          3.8G       881M       3.0G       3.0M        59M       333M

MemTotal:        4016008 kB
MemFree:         3112868 kB
Active:           533852 kB
Mem:          3.8G       882M       3.0G       3.0M        59M       333M

MemTotal:        4016008 kB
MemFree:         3113132 kB
Active:           533868 kB
Mem:          3.8G       881M       3.0G       3.0M        59M       333M

MemTotal:        4016008 kB
MemFree:         3113084 kB
Active:           533776 kB
Mem:          3.8G       882M       3.0G       3.0M        59M       333M

MemTotal:        4016008 kB
MemFree:         3113000 kB
Active:           533868 kB
Mem:          3.8G       881M       3.0G       3.0M        59M       333M

MemTotal:        4016008 kB
MemFree:         3113724 kB
Active:           533616 kB
Mem:          3.8G       881M       3.0G       3.0M        59M       333M

MemTotal:        4016008 kB
MemFree:         3112928 kB
Active:           533796 kB
Mem:          3.8G       881M       3.0G       3.0M        59M       333M

MemTotal:        4016008 kB
MemFree:         3112668 kB
Active:           533900 kB
Mem:          3.8G       882M       3.0G       3.0M        59M       333M

MemTotal:        4016008 kB
MemFree:         3112972 kB
Active:           533820 kB
Mem:          3.8G       881M       3.0G       3.0M        59M       333M

MemTotal:        4016008 kB
MemFree:         3112564 kB
Active:           533900 kB
Mem:          3.8G       882M       3.0G       3.0M        59M       333M

MemTotal:        4016008 kB
MemFree:         3112980 kB
Active:           533804 kB
Mem:          3.8G       881M       3.0G       3.0M        59M       333M

MemTotal:        4016008 kB
MemFree:         3112492 kB
Active:           533792 kB
Mem:          3.8G       882M       3.0G       3.0M        59M       333M

MemTotal:        4016008 kB
MemFree:         3112716 kB
Active:           533772 kB
Mem:          3.8G       881M       3.0G       3.0M        59M       333M

MemTotal:        4016008 kB
MemFree:         3113236 kB
Active:           533772 kB
Mem:          3.8G       881M       3.0G       3.0M        59M       333M

MemTotal:        4016008 kB
MemFree:         3113484 kB
Active:           533772 kB
Mem:          3.8G       881M       3.0G       3.0M        59M       333M

MemTotal:        4016008 kB
MemFree:         3112932 kB
Active:           533784 kB
Mem:          3.8G       881M       3.0G       3.0M        59M       333M

MemTotal:        4016008 kB
MemFree:         3113032 kB
Active:           533820 kB
Mem:          3.8G       881M       3.0G       3.0M        59M       333M

MemTotal:        4016008 kB
MemFree:         3112916 kB
Active:           533800 kB
Mem:          3.8G       882M       3.0G       3.0M        59M       333M

MemTotal:        4016008 kB
MemFree:         3112732 kB
Active:           533816 kB
Mem:          3.8G       882M       3.0G       3.0M        59M       333M

MemTotal:        4016008 kB
MemFree:         3112980 kB
Active:           533768 kB
Mem:          3.8G       881M       3.0G       3.0M        59M       333M

MemTotal:        4016008 kB
MemFree:         3113088 kB
Active:           533816 kB
Mem:          3.8G       881M       3.0G       3.0M        59M       333M

MemTotal:        4016008 kB
MemFree:         3113172 kB
Active:           533784 kB
Mem:          3.8G       881M       3.0G       3.0M        59M       333M

MemTotal:        4016008 kB
MemFree:         3112924 kB
Active:           533800 kB
Mem:          3.8G       881M       3.0G       3.0M        59M       333M

MemTotal:        4016008 kB
MemFree:         3113112 kB
Active:           533860 kB
Mem:          3.8G       881M       3.0G       3.0M        59M       333M

MemTotal:        4016008 kB
MemFree:         3112988 kB
Active:           533864 kB
Mem:          3.8G       881M       3.0G       3.0M        59M       333M

MemTotal:        4016008 kB
MemFree:         3112432 kB
Active:           533888 kB
Mem:          3.8G       882M       3.0G       3.0M        59M       333M

MemTotal:        4016008 kB
MemFree:         3112792 kB
Active:           533856 kB
Mem:          3.8G       881M       3.0G       3.0M        59M       333M

MemTotal:        4016008 kB
MemFree:         3112492 kB
Active:           533872 kB
Mem:          3.8G       882M       3.0G       3.0M        59M       333M

MemTotal:        4016008 kB
MemFree:         3112448 kB
Active:           533856 kB
Mem:          3.8G       882M       3.0G       3.0M        59M       333M

MemTotal:        4016008 kB
MemFree:         3112568 kB
Active:           533716 kB
Mem:          3.8G       881M       3.0G       3.0M        59M       333M

MemTotal:        4016008 kB
MemFree:         3113180 kB
Active:           533904 kB
Mem:          3.8G       881M       3.0G       3.0M        59M       333M

MemTotal:        4016008 kB
MemFree:         3112744 kB
Active:           534192 kB
Mem:          3.8G       881M       3.0G       3.0M        59M       333M

MemTotal:        4016008 kB
MemFree:         3113008 kB
Active:           533760 kB
Mem:          3.8G       882M       3.0G       3.0M        59M       333M

MemTotal:        4016008 kB
MemFree:         3113584 kB
Active:           533632 kB
Mem:          3.8G       881M       3.0G       3.0M        59M       333M

MemTotal:        4016008 kB
MemFree:         3113212 kB
Active:           533884 kB
Mem:          3.8G       881M       3.0G       3.0M        59M       333M

MemTotal:        4016008 kB
MemFree:         3112512 kB
Active:           534080 kB
Mem:          3.8G       882M       3.0G       3.0M        59M       333M

MemTotal:        4016008 kB
MemFree:         3112612 kB
Active:           534108 kB
Mem:          3.8G       882M       3.0G       3.0M        59M       333M

MemTotal:        4016008 kB
MemFree:         3112784 kB
Active:           533796 kB
Mem:          3.8G       882M       3.0G       3.0M        59M       333M

MemTotal:        4016008 kB
MemFree:         3112652 kB
Active:           533864 kB
Mem:          3.8G       882M       3.0G       3.0M        59M       333M

MemTotal:        4016008 kB
MemFree:         3112552 kB
Active:           534248 kB
Mem:          3.8G       882M       3.0G       3.0M        59M       333M

MemTotal:        4016008 kB
MemFree:         3112436 kB
Active:           534064 kB
Mem:          3.8G       882M       3.0G       3.0M        59M       333M

MemTotal:        4016008 kB
MemFree:         3112420 kB
Active:           534064 kB
Mem:          3.8G       882M       3.0G       3.0M        59M       333M

MemTotal:        4016008 kB
MemFree:         3112988 kB
Active:           534012 kB
Mem:          3.8G       881M       3.0G       3.0M        59M       333M

MemTotal:        4016008 kB
MemFree:         3112900 kB
Active:           533952 kB
Mem:          3.8G       882M       3.0G       3.0M        59M       333M

