MemTotal:        4016008 kB
MemFree:         3014676 kB
Active:           560772 kB
Mem:          3.8G       978M       2.9G        11M        73M       436M

MemTotal:        4016008 kB
MemFree:         2984648 kB
Active:           565240 kB
Mem:          3.8G       1.0G       2.8G        11M        73M       439M

MemTotal:        4016008 kB
MemFree:         2984336 kB
Active:           565628 kB
Mem:          3.8G       1.0G       2.8G        11M        73M       439M

MemTotal:        4016008 kB
MemFree:         2983964 kB
Active:           565860 kB
Mem:          3.8G       1.0G       2.8G        11M        73M       439M

MemTotal:        4016008 kB
MemFree:         2983780 kB
Active:           565820 kB
Mem:          3.8G       1.0G       2.8G        11M        73M       439M

MemTotal:        4016008 kB
MemFree:         2984144 kB
Active:           565588 kB
Mem:          3.8G       1.0G       2.8G        11M        73M       439M

MemTotal:        4016008 kB
MemFree:         2984020 kB
Active:           565700 kB
Mem:          3.8G       1.0G       2.8G        11M        73M       439M

MemTotal:        4016008 kB
MemFree:         2983680 kB
Active:           565656 kB
Mem:          3.8G       1.0G       2.8G        11M        73M       439M

MemTotal:        4016008 kB
MemFree:         2983112 kB
Active:           565712 kB
Mem:          3.8G       1.0G       2.8G        11M        73M       439M

MemTotal:        4016008 kB
MemFree:         2983524 kB
Active:           565736 kB
Mem:          3.8G       1.0G       2.8G        11M        73M       439M

MemTotal:        4016008 kB
MemFree:         2983656 kB
Active:           565700 kB
Mem:          3.8G       1.0G       2.8G        11M        73M       439M

MemTotal:        4016008 kB
MemFree:         2983316 kB
Active:           565700 kB
Mem:          3.8G       1.0G       2.8G        11M        73M       439M

MemTotal:        4016008 kB
MemFree:         2983216 kB
Active:           565724 kB
Mem:          3.8G       1.0G       2.8G        11M        73M       439M

MemTotal:        4016008 kB
MemFree:         2983588 kB
Active:           565708 kB
Mem:          3.8G       1.0G       2.8G        11M        73M       439M

MemTotal:        4016008 kB
MemFree:         2983464 kB
Active:           565736 kB
Mem:          3.8G       1.0G       2.8G        11M        73M       439M

MemTotal:        4016008 kB
MemFree:         2983680 kB
Active:           565716 kB
Mem:          3.8G       1.0G       2.8G        11M        73M       439M

MemTotal:        4016008 kB
MemFree:         2983400 kB
Active:           565720 kB
Mem:          3.8G       1.0G       2.8G        11M        73M       439M

MemTotal:        4016008 kB
MemFree:         2983400 kB
Active:           565740 kB
Mem:          3.8G       1.0G       2.8G        11M        73M       439M

MemTotal:        4016008 kB
MemFree:         2983400 kB
Active:           565736 kB
Mem:          3.8G       1.0G       2.8G        11M        73M       439M

MemTotal:        4016008 kB
MemFree:         2983648 kB
Active:           565840 kB
Mem:          3.8G       1.0G       2.8G        11M        73M       439M

MemTotal:        4016008 kB
MemFree:         2983716 kB
Active:           565848 kB
Mem:          3.8G       1.0G       2.8G        11M        73M       439M

MemTotal:        4016008 kB
MemFree:         2983896 kB
Active:           565832 kB
Mem:          3.8G       1.0G       2.8G        11M        73M       439M

MemTotal:        4016008 kB
MemFree:         2983772 kB
Active:           565820 kB
Mem:          3.8G       1.0G       2.8G        11M        73M       439M

MemTotal:        4016008 kB
MemFree:         2983492 kB
Active:           565772 kB
Mem:          3.8G       1.0G       2.8G        11M        73M       439M

MemTotal:        4016008 kB
MemFree:         2983028 kB
Active:           565876 kB
Mem:          3.8G       1.0G       2.8G        11M        73M       439M

MemTotal:        4016008 kB
MemFree:         2982700 kB
Active:           565948 kB
Mem:          3.8G       1.0G       2.8G        11M        73M       439M

MemTotal:        4016008 kB
MemFree:         2983344 kB
Active:           565912 kB
Mem:          3.8G       1.0G       2.8G        11M        73M       439M

MemTotal:        4016008 kB
MemFree:         2983824 kB
Active:           565856 kB
Mem:          3.8G       1.0G       2.8G        11M        73M       439M

MemTotal:        4016008 kB
MemFree:         2983632 kB
Active:           565712 kB
Mem:          3.8G       1.0G       2.8G        11M        73M       439M

MemTotal:        4016008 kB
MemFree:         2983452 kB
Active:           565884 kB
Mem:          3.8G       1.0G       2.8G        11M        73M       439M

MemTotal:        4016008 kB
MemFree:         2983196 kB
Active:           565992 kB
Mem:          3.8G       1.0G       2.8G        11M        73M       439M

MemTotal:        4016008 kB
MemFree:         2982632 kB
Active:           566040 kB
Mem:          3.8G       1.0G       2.8G        11M        73M       439M

MemTotal:        4016008 kB
MemFree:         2983252 kB
Active:           565948 kB
Mem:          3.8G       1.0G       2.8G        11M        73M       439M

MemTotal:        4016008 kB
MemFree:         2983236 kB
Active:           566016 kB
Mem:          3.8G       1.0G       2.8G        11M        73M       439M

MemTotal:        4016008 kB
MemFree:         2983212 kB
Active:           565848 kB
Mem:          3.8G       1.0G       2.8G        11M        73M       439M

MemTotal:        4016008 kB
MemFree:         2973708 kB
Active:           575560 kB
Mem:          3.8G       1.0G       2.8G        11M        73M       439M

MemTotal:        4016008 kB
MemFree:         2972824 kB
Active:           576156 kB
Mem:          3.8G       1.0G       2.8G        11M        73M       439M

MemTotal:        4016008 kB
MemFree:         2972612 kB
Active:           575884 kB
Mem:          3.8G       1.0G       2.8G        11M        73M       439M

MemTotal:        4016008 kB
MemFree:         2972716 kB
Active:           576012 kB
Mem:          3.8G       1.0G       2.8G        11M        73M       439M

MemTotal:        4016008 kB
MemFree:         2972896 kB
Active:           575832 kB
Mem:          3.8G       1.0G       2.8G        11M        73M       439M

MemTotal:        4016008 kB
MemFree:         2972592 kB
Active:           575916 kB
Mem:          3.8G       1.0G       2.8G        11M        73M       439M

MemTotal:        4016008 kB
MemFree:         2972904 kB
Active:           576044 kB
Mem:          3.8G       1.0G       2.8G        11M        73M       439M

MemTotal:        4016008 kB
MemFree:         2972832 kB
Active:           576112 kB
Mem:          3.8G       1.0G       2.8G        11M        73M       439M

MemTotal:        4016008 kB
MemFree:         2973052 kB
Active:           575848 kB
Mem:          3.8G       1.0G       2.8G        11M        73M       439M

MemTotal:        4016008 kB
MemFree:         2972920 kB
Active:           576100 kB
Mem:          3.8G       1.0G       2.8G        11M        73M       439M

MemTotal:        4016008 kB
MemFree:         2973140 kB
Active:           575852 kB
Mem:          3.8G       1.0G       2.8G        11M        73M       439M

MemTotal:        4016008 kB
MemFree:         2972848 kB
Active:           575864 kB
Mem:          3.8G       1.0G       2.8G        11M        73M       439M

MemTotal:        4016008 kB
MemFree:         2973120 kB
Active:           575868 kB
Mem:          3.8G       1.0G       2.8G        11M        73M       439M

MemTotal:        4016008 kB
MemFree:         2973236 kB
Active:           575764 kB
Mem:          3.8G       1.0G       2.8G        11M        73M       439M

MemTotal:        4016008 kB
MemFree:         2973124 kB
Active:           576048 kB
Mem:          3.8G       1.0G       2.8G        11M        73M       439M

MemTotal:        4016008 kB
MemFree:         2973060 kB
Active:           575980 kB
Mem:          3.8G       1.0G       2.8G        11M        73M       439M

MemTotal:        4016008 kB
MemFree:         2972552 kB
Active:           576252 kB
Mem:          3.8G       1.0G       2.8G        11M        73M       439M

MemTotal:        4016008 kB
MemFree:         2973368 kB
Active:           576096 kB
Mem:          3.8G       1.0G       2.8G        11M        73M       439M

MemTotal:        4016008 kB
MemFree:         2973188 kB
Active:           576188 kB
Mem:          3.8G       1.0G       2.8G        11M        73M       439M

MemTotal:        4016008 kB
MemFree:         2973220 kB
Active:           575940 kB
Mem:          3.8G       1.0G       2.8G        11M        73M       439M

MemTotal:        4016008 kB
MemFree:         2972920 kB
Active:           575972 kB
Mem:          3.8G       1.0G       2.8G        11M        73M       439M

MemTotal:        4016008 kB
MemFree:         2972232 kB
Active:           576288 kB
Mem:          3.8G       1.0G       2.8G        11M        73M       439M

MemTotal:        4016008 kB
MemFree:         2972728 kB
Active:           576148 kB
Mem:          3.8G       1.0G       2.8G        11M        73M       439M

MemTotal:        4016008 kB
MemFree:         2953164 kB
Active:           593764 kB
Mem:          3.8G       1.0G       2.8G        11M        73M       440M

MemTotal:        4016008 kB
MemFree:         2952976 kB
Active:           594472 kB
Mem:          3.8G       1.0G       2.8G        11M        73M       439M

MemTotal:        4016008 kB
MemFree:         2952816 kB
Active:           594492 kB
Mem:          3.8G       1.0G       2.8G        11M        73M       440M

MemTotal:        4016008 kB
MemFree:         2953012 kB
Active:           594392 kB
Mem:          3.8G       1.0G       2.8G        11M        73M       440M

MemTotal:        4016008 kB
MemFree:         2953056 kB
Active:           594244 kB
Mem:          3.8G       1.0G       2.8G        11M        73M       440M

MemTotal:        4016008 kB
MemFree:         2953532 kB
Active:           594320 kB
Mem:          3.8G       1.0G       2.8G        11M        73M       440M

MemTotal:        4016008 kB
MemFree:         2952844 kB
Active:           594196 kB
Mem:          3.8G       1.0G       2.8G        11M        73M       440M

MemTotal:        4016008 kB
MemFree:         2970916 kB
Active:           576936 kB
Mem:          3.8G       1.0G       2.8G        11M        73M       439M

MemTotal:        4016008 kB
MemFree:         2971820 kB
Active:           576384 kB
Mem:          3.8G       1.0G       2.8G        11M        73M       439M

MemTotal:        4016008 kB
MemFree:         2971884 kB
Active:           576948 kB
Mem:          3.8G       1.0G       2.8G        11M        73M       439M

MemTotal:        4016008 kB
MemFree:         2970964 kB
Active:           576876 kB
Mem:          3.8G       1.0G       2.8G        11M        73M       439M

MemTotal:        4016008 kB
MemFree:         2971244 kB
Active:           576720 kB
Mem:          3.8G       1.0G       2.8G        11M        73M       439M

MemTotal:        4016008 kB
MemFree:         2972208 kB
Active:           576412 kB
Mem:          3.8G       1.0G       2.8G        11M        73M       439M

MemTotal:        4016008 kB
MemFree:         2971920 kB
Active:           576736 kB
Mem:          3.8G       1.0G       2.8G        11M        73M       439M

MemTotal:        4016008 kB
MemFree:         2971996 kB
Active:           576764 kB
Mem:          3.8G       1.0G       2.8G        11M        73M       439M

MemTotal:        4016008 kB
MemFree:         2972328 kB
Active:           576684 kB
Mem:          3.8G       1.0G       2.8G        11M        73M       439M

MemTotal:        4016008 kB
MemFree:         2972320 kB
Active:           576628 kB
Mem:          3.8G       1.0G       2.8G        11M        73M       439M

MemTotal:        4016008 kB
MemFree:         2972260 kB
Active:           576600 kB
Mem:          3.8G       1.0G       2.8G        11M        73M       439M

MemTotal:        4016008 kB
MemFree:         2972192 kB
Active:           576544 kB
Mem:          3.8G       1.0G       2.8G        11M        73M       439M

MemTotal:        4016008 kB
MemFree:         2971904 kB
Active:           576588 kB
Mem:          3.8G       1.0G       2.8G        11M        73M       439M

MemTotal:        4016008 kB
MemFree:         2971540 kB
Active:           576600 kB
Mem:          3.8G       1.0G       2.8G        11M        73M       439M

MemTotal:        4016008 kB
MemFree:         2972044 kB
Active:           576568 kB
Mem:          3.8G       1.0G       2.8G        11M        73M       439M

MemTotal:        4016008 kB
MemFree:         2972304 kB
Active:           576532 kB
Mem:          3.8G       1.0G       2.8G        11M        73M       439M

MemTotal:        4016008 kB
MemFree:         2972040 kB
Active:           576492 kB
Mem:          3.8G       1.0G       2.8G        11M        73M       439M

MemTotal:        4016008 kB
MemFree:         2971760 kB
Active:           576720 kB
Mem:          3.8G       1.0G       2.8G        11M        73M       439M

MemTotal:        4016008 kB
MemFree:         2971628 kB
Active:           576792 kB
Mem:          3.8G       1.0G       2.8G        11M        73M       439M

MemTotal:        4016008 kB
MemFree:         2971860 kB
Active:           576476 kB
Mem:          3.8G       1.0G       2.8G        11M        73M       439M

MemTotal:        4016008 kB
MemFree:         2971692 kB
Active:           576784 kB
Mem:          3.8G       1.0G       2.8G        11M        73M       439M

MemTotal:        4016008 kB
MemFree:         2971216 kB
Active:           576660 kB
Mem:          3.8G       1.0G       2.8G        11M        73M       439M

MemTotal:        4016008 kB
MemFree:         2971696 kB
Active:           576644 kB
Mem:          3.8G       1.0G       2.8G        11M        73M       439M

MemTotal:        4016008 kB
MemFree:         2971980 kB
Active:           576812 kB
Mem:          3.8G       1.0G       2.8G        11M        73M       439M

MemTotal:        4016008 kB
MemFree:         2971616 kB
Active:           577020 kB
Mem:          3.8G       1.0G       2.8G        11M        73M       439M

MemTotal:        4016008 kB
MemFree:         2971176 kB
Active:           576872 kB
Mem:          3.8G       1.0G       2.8G        11M        73M       439M

MemTotal:        4016008 kB
MemFree:         2971552 kB
Active:           576660 kB
Mem:          3.8G       1.0G       2.8G        11M        73M       439M

MemTotal:        4016008 kB
MemFree:         2972308 kB
Active:           576736 kB
Mem:          3.8G       1.0G       2.8G        11M        73M       439M

MemTotal:        4016008 kB
MemFree:         2972148 kB
Active:           576764 kB
Mem:          3.8G       1.0G       2.8G        11M        73M       439M

MemTotal:        4016008 kB
MemFree:         2972644 kB
Active:           576568 kB
Mem:          3.8G       1.0G       2.8G        11M        73M       439M

MemTotal:        4016008 kB
MemFree:         2972420 kB
Active:           576680 kB
Mem:          3.8G       1.0G       2.8G        11M        73M       439M

MemTotal:        4016008 kB
MemFree:         2971948 kB
Active:           576680 kB
Mem:          3.8G       1.0G       2.8G        11M        73M       439M

MemTotal:        4016008 kB
MemFree:         2972188 kB
Active:           576672 kB
Mem:          3.8G       1.0G       2.8G        11M        73M       439M

MemTotal:        4016008 kB
MemFree:         2973008 kB
Active:           576664 kB
Mem:          3.8G       1.0G       2.8G        11M        73M       439M

MemTotal:        4016008 kB
MemFree:         2972972 kB
Active:           576676 kB
Mem:          3.8G       1.0G       2.8G        11M        73M       439M

MemTotal:        4016008 kB
MemFree:         2972116 kB
Active:           576712 kB
Mem:          3.8G       1.0G       2.8G        11M        73M       439M

MemTotal:        4016008 kB
MemFree:         2972572 kB
Active:           576864 kB
Mem:          3.8G       1.0G       2.8G        11M        73M       439M

MemTotal:        4016008 kB
MemFree:         2971976 kB
Active:           577168 kB
Mem:          3.8G       1.0G       2.8G        11M        73M       439M

MemTotal:        4016008 kB
MemFree:         2971868 kB
Active:           577048 kB
Mem:          3.8G       1.0G       2.8G        11M        73M       439M

MemTotal:        4016008 kB
MemFree:         2971868 kB
Active:           576784 kB
Mem:          3.8G       1.0G       2.8G        11M        73M       439M

MemTotal:        4016008 kB
MemFree:         2972628 kB
Active:           576760 kB
Mem:          3.8G       1.0G       2.8G        11M        73M       439M

MemTotal:        4016008 kB
MemFree:         2972308 kB
Active:           576956 kB
Mem:          3.8G       1.0G       2.8G        11M        73M       439M

MemTotal:        4016008 kB
MemFree:         2972068 kB
Active:           576884 kB
Mem:          3.8G       1.0G       2.8G        11M        73M       439M

MemTotal:        4016008 kB
MemFree:         2971804 kB
Active:           576936 kB
Mem:          3.8G       1.0G       2.8G        11M        73M       439M

MemTotal:        4016008 kB
MemFree:         2971728 kB
Active:           576928 kB
Mem:          3.8G       1.0G       2.8G        11M        73M       439M

MemTotal:        4016008 kB
MemFree:         2971952 kB
Active:           576744 kB
Mem:          3.8G       1.0G       2.8G        11M        73M       439M

MemTotal:        4016008 kB
MemFree:         2972676 kB
Active:           576728 kB
Mem:          3.8G       1.0G       2.8G        11M        73M       439M

MemTotal:        4016008 kB
MemFree:         2972388 kB
Active:           576952 kB
Mem:          3.8G       1.0G       2.8G        11M        73M       439M

MemTotal:        4016008 kB
MemFree:         2972684 kB
Active:           576624 kB
Mem:          3.8G       1.0G       2.8G        11M        73M       439M

MemTotal:        4016008 kB
MemFree:         2972068 kB
Active:           576720 kB
Mem:          3.8G       1.0G       2.8G        11M        73M       439M

MemTotal:        4016008 kB
MemFree:         2972140 kB
Active:           576812 kB
Mem:          3.8G       1.0G       2.8G        11M        73M       439M

MemTotal:        4016008 kB
MemFree:         2971448 kB
Active:           577136 kB
Mem:          3.8G       1.0G       2.8G        11M        73M       439M

MemTotal:        4016008 kB
MemFree:         2971640 kB
Active:           576716 kB
Mem:          3.8G       1.0G       2.8G        11M        73M       439M

MemTotal:        4016008 kB
MemFree:         2972028 kB
Active:           577244 kB
Mem:          3.8G       1.0G       2.8G        11M        73M       439M

MemTotal:        4016008 kB
MemFree:         2971300 kB
Active:           576996 kB
Mem:          3.8G       1.0G       2.8G        11M        73M       439M

MemTotal:        4016008 kB
MemFree:         2972144 kB
Active:           576748 kB
Mem:          3.8G       1.0G       2.8G        11M        73M       439M

MemTotal:        4016008 kB
MemFree:         2972088 kB
Active:           576968 kB
Mem:          3.8G       1.0G       2.8G        11M        73M       439M

MemTotal:        4016008 kB
MemFree:         2972260 kB
Active:           577104 kB
Mem:          3.8G       1.0G       2.8G        11M        73M       439M

MemTotal:        4016008 kB
MemFree:         2972268 kB
Active:           576824 kB
Mem:          3.8G       1.0G       2.8G        11M        73M       439M

MemTotal:        4016008 kB
MemFree:         2972660 kB
Active:           577020 kB
Mem:          3.8G       1.0G       2.8G        11M        73M       439M

MemTotal:        4016008 kB
MemFree:         2972208 kB
Active:           576868 kB
Mem:          3.8G       1.0G       2.8G        11M        73M       439M

MemTotal:        4016008 kB
MemFree:         2972524 kB
Active:           576560 kB
Mem:          3.8G       1.0G       2.8G        11M        73M       439M

MemTotal:        4016008 kB
MemFree:         2972304 kB
Active:           576612 kB
Mem:          3.8G       1.0G       2.8G        11M        73M       439M

MemTotal:        4016008 kB
MemFree:         2971900 kB
Active:           576784 kB
Mem:          3.8G       1.0G       2.8G        11M        73M       439M

MemTotal:        4016008 kB
MemFree:         2971992 kB
Active:           576660 kB
Mem:          3.8G       1.0G       2.8G        11M        73M       439M

MemTotal:        4016008 kB
MemFree:         2972556 kB
Active:           576688 kB
Mem:          3.8G       1.0G       2.8G        11M        73M       439M

MemTotal:        4016008 kB
MemFree:         2972388 kB
Active:           576796 kB
Mem:          3.8G       1.0G       2.8G        11M        73M       439M

MemTotal:        4016008 kB
MemFree:         2972228 kB
Active:           576704 kB
Mem:          3.8G       1.0G       2.8G        11M        73M       439M

MemTotal:        4016008 kB
MemFree:         2971840 kB
Active:           576980 kB
Mem:          3.8G       1.0G       2.8G        11M        73M       439M

MemTotal:        4016008 kB
MemFree:         2972308 kB
Active:           576812 kB
Mem:          3.8G       1.0G       2.8G        11M        73M       439M

MemTotal:        4016008 kB
MemFree:         2972908 kB
Active:           576552 kB
Mem:          3.8G       1.0G       2.8G        11M        73M       439M

MemTotal:        4016008 kB
MemFree:         2971820 kB
Active:           576996 kB
Mem:          3.8G       1.0G       2.8G        11M        73M       439M

MemTotal:        4016008 kB
MemFree:         2972312 kB
Active:           576876 kB
Mem:          3.8G       1.0G       2.8G        11M        73M       439M

MemTotal:        4016008 kB
MemFree:         2971836 kB
Active:           576700 kB
Mem:          3.8G       1.0G       2.8G        11M        73M       439M

MemTotal:        4016008 kB
MemFree:         2971808 kB
Active:           577164 kB
Mem:          3.8G       1.0G       2.8G        11M        73M       439M

MemTotal:        4016008 kB
MemFree:         2971952 kB
Active:           576704 kB
Mem:          3.8G       1.0G       2.8G        11M        73M       439M

MemTotal:        4016008 kB
MemFree:         2971992 kB
Active:           576752 kB
Mem:          3.8G       1.0G       2.8G        11M        73M       439M

MemTotal:        4016008 kB
MemFree:         2972364 kB
Active:           576664 kB
Mem:          3.8G       1.0G       2.8G        11M        73M       439M

MemTotal:        4016008 kB
MemFree:         2972532 kB
Active:           576652 kB
Mem:          3.8G       1.0G       2.8G        11M        73M       439M

MemTotal:        4016008 kB
MemFree:         2972728 kB
Active:           576644 kB
Mem:          3.8G       1.0G       2.8G        11M        73M       439M

MemTotal:        4016008 kB
MemFree:         2972556 kB
Active:           576672 kB
Mem:          3.8G       1.0G       2.8G        11M        73M       439M

MemTotal:        4016008 kB
MemFree:         2972588 kB
Active:           576484 kB
Mem:          3.8G       1.0G       2.8G        11M        73M       439M

MemTotal:        4016008 kB
MemFree:         2972500 kB
Active:           576764 kB
Mem:          3.8G       1.0G       2.8G        11M        73M       439M

MemTotal:        4016008 kB
MemFree:         2972416 kB
Active:           576572 kB
Mem:          3.8G       1.0G       2.8G        11M        73M       439M

MemTotal:        4016008 kB
MemFree:         2972292 kB
Active:           576668 kB
Mem:          3.8G       1.0G       2.8G        11M        73M       439M

MemTotal:        4016008 kB
MemFree:         2972488 kB
Active:           576788 kB
Mem:          3.8G       1.0G       2.8G        11M        73M       439M

MemTotal:        4016008 kB
MemFree:         2972620 kB
Active:           576660 kB
Mem:          3.8G       1.0G       2.8G        11M        73M       439M

MemTotal:        4016008 kB
MemFree:         2972952 kB
Active:           576824 kB
Mem:          3.8G       1.0G       2.8G        11M        73M       439M

MemTotal:        4016008 kB
MemFree:         2972704 kB
Active:           576820 kB
Mem:          3.8G       1.0G       2.8G        11M        73M       439M

MemTotal:        4016008 kB
MemFree:         2972420 kB
Active:           576788 kB
Mem:          3.8G       1.0G       2.8G        11M        73M       439M

MemTotal:        4016008 kB
MemFree:         2971612 kB
Active:           577032 kB
Mem:          3.8G       1.0G       2.8G        11M        73M       439M

MemTotal:        4016008 kB
MemFree:         2972040 kB
Active:           576860 kB
Mem:          3.8G       1.0G       2.8G        11M        73M       439M

MemTotal:        4016008 kB
MemFree:         2972652 kB
Active:           576888 kB
Mem:          3.8G       1.0G       2.8G        11M        73M       439M

MemTotal:        4016008 kB
MemFree:         2971900 kB
Active:           576864 kB
Mem:          3.8G       1.0G       2.8G        11M        73M       439M

MemTotal:        4016008 kB
MemFree:         2971636 kB
Active:           577052 kB
Mem:          3.8G       1.0G       2.8G        11M        73M       439M

MemTotal:        4016008 kB
MemFree:         2971364 kB
Active:           577108 kB
Mem:          3.8G       1.0G       2.8G        11M        73M       439M

MemTotal:        4016008 kB
MemFree:         2972080 kB
Active:           576788 kB
Mem:          3.8G       1.0G       2.8G        11M        73M       439M

MemTotal:        4016008 kB
MemFree:         2971852 kB
Active:           577076 kB
Mem:          3.8G       1.0G       2.8G        11M        73M       439M

MemTotal:        4016008 kB
MemFree:         2972576 kB
Active:           576792 kB
Mem:          3.8G       1.0G       2.8G        11M        73M       439M

MemTotal:        4016008 kB
MemFree:         2971960 kB
Active:           576876 kB
Mem:          3.8G       1.0G       2.8G        11M        73M       439M

MemTotal:        4016008 kB
MemFree:         2971736 kB
Active:           576800 kB
Mem:          3.8G       1.0G       2.8G        11M        73M       439M

MemTotal:        4016008 kB
MemFree:         2972132 kB
Active:           576684 kB
Mem:          3.8G       1.0G       2.8G        11M        73M       439M

MemTotal:        4016008 kB
MemFree:         2971768 kB
Active:           576988 kB
Mem:          3.8G       1.0G       2.8G        11M        73M       439M

MemTotal:        4016008 kB
MemFree:         2971804 kB
Active:           576908 kB
Mem:          3.8G       1.0G       2.8G        11M        73M       439M

MemTotal:        4016008 kB
MemFree:         2971676 kB
Active:           576756 kB
Mem:          3.8G       1.0G       2.8G        11M        73M       439M

MemTotal:        4016008 kB
MemFree:         2971448 kB
Active:           576772 kB
Mem:          3.8G       1.0G       2.8G        11M        73M       439M

MemTotal:        4016008 kB
MemFree:         2972176 kB
Active:           576784 kB
Mem:          3.8G       1.0G       2.8G        11M        73M       439M

MemTotal:        4016008 kB
MemFree:         2972060 kB
Active:           576896 kB
Mem:          3.8G       1.0G       2.8G        11M        73M       439M

MemTotal:        4016008 kB
MemFree:         2972580 kB
Active:           576792 kB
Mem:          3.8G       1.0G       2.8G        11M        73M       439M

MemTotal:        4016008 kB
MemFree:         2972612 kB
Active:           576788 kB
Mem:          3.8G       1.0G       2.8G        11M        73M       439M

MemTotal:        4016008 kB
MemFree:         2971888 kB
Active:           576740 kB
Mem:          3.8G       1.0G       2.8G        11M        73M       439M

MemTotal:        4016008 kB
MemFree:         2972004 kB
Active:           577120 kB
Mem:          3.8G       1.0G       2.8G        11M        73M       439M

MemTotal:        4016008 kB
MemFree:         2971792 kB
Active:           576756 kB
Mem:          3.8G       1.0G       2.8G        11M        73M       439M

MemTotal:        4016008 kB
MemFree:         2972588 kB
Active:           576792 kB
Mem:          3.8G       1.0G       2.8G        11M        73M       439M

MemTotal:        4016008 kB
MemFree:         2972312 kB
Active:           576988 kB
Mem:          3.8G       1.0G       2.8G        11M        73M       439M

MemTotal:        4016008 kB
MemFree:         2971740 kB
Active:           577060 kB
Mem:          3.8G       1.0G       2.8G        11M        73M       439M

MemTotal:        4016008 kB
MemFree:         2971624 kB
Active:           576880 kB
Mem:          3.8G       1.0G       2.8G        11M        73M       439M

MemTotal:        4016008 kB
MemFree:         2971256 kB
Active:           577344 kB
Mem:          3.8G       1.0G       2.8G        11M        73M       440M

MemTotal:        4016008 kB
MemFree:         2972064 kB
Active:           576772 kB
Mem:          3.8G       1.0G       2.8G        11M        73M       440M

MemTotal:        4016008 kB
MemFree:         2972716 kB
Active:           576720 kB
Mem:          3.8G       1.0G       2.8G        11M        73M       440M

MemTotal:        4016008 kB
MemFree:         2971796 kB
Active:           577016 kB
Mem:          3.8G       1.0G       2.8G        11M        73M       440M

MemTotal:        4016008 kB
MemFree:         2971684 kB
Active:           577220 kB
Mem:          3.8G       1.0G       2.8G        11M        73M       440M

MemTotal:        4016008 kB
MemFree:         2971624 kB
Active:           576700 kB
Mem:          3.8G       1.0G       2.8G        11M        73M       440M

MemTotal:        4016008 kB
MemFree:         2972496 kB
Active:           577204 kB
Mem:          3.8G       1.0G       2.8G        11M        73M       440M

MemTotal:        4016008 kB
MemFree:         2972220 kB
Active:           576960 kB
Mem:          3.8G       1.0G       2.8G        11M        73M       440M

MemTotal:        4016008 kB
MemFree:         2972984 kB
Active:           576760 kB
Mem:          3.8G       1.0G       2.8G        11M        73M       440M

MemTotal:        4016008 kB
MemFree:         2972364 kB
Active:           577116 kB
Mem:          3.8G       1.0G       2.8G        11M        73M       440M

MemTotal:        4016008 kB
MemFree:         2971532 kB
Active:           577412 kB
Mem:          3.8G       1.0G       2.8G        11M        73M       440M

MemTotal:        4016008 kB
MemFree:         2971596 kB
Active:           577484 kB
Mem:          3.8G       1.0G       2.8G        11M        73M       440M

MemTotal:        4016008 kB
MemFree:         2971496 kB
Active:           577388 kB
Mem:          3.8G       1.0G       2.8G        11M        73M       440M

MemTotal:        4016008 kB
MemFree:         2971472 kB
Active:           577620 kB
Mem:          3.8G       1.0G       2.8G        11M        73M       440M

MemTotal:        4016008 kB
MemFree:         2971596 kB
Active:           577632 kB
Mem:          3.8G       1.0G       2.8G        11M        73M       440M

MemTotal:        4016008 kB
MemFree:         2970844 kB
Active:           577708 kB
Mem:          3.8G       1.0G       2.8G        11M        73M       440M

MemTotal:        4016008 kB
MemFree:         2971716 kB
Active:           577544 kB
Mem:          3.8G       1.0G       2.8G        11M        73M       440M

MemTotal:        4016008 kB
MemFree:         2970788 kB
Active:           577652 kB
Mem:          3.8G       1.0G       2.8G        11M        73M       440M

MemTotal:        4016008 kB
MemFree:         2970992 kB
Active:           577512 kB
Mem:          3.8G       1.0G       2.8G        11M        73M       440M

MemTotal:        4016008 kB
MemFree:         2971128 kB
Active:           577676 kB
Mem:          3.8G       1.0G       2.8G        11M        73M       440M

MemTotal:        4016008 kB
MemFree:         2971536 kB
Active:           577464 kB
Mem:          3.8G       1.0G       2.8G        11M        73M       440M

MemTotal:        4016008 kB
MemFree:         2971472 kB
Active:           577260 kB
Mem:          3.8G       1.0G       2.8G        11M        73M       440M

MemTotal:        4016008 kB
MemFree:         2971664 kB
Active:           577192 kB
Mem:          3.8G       1.0G       2.8G        11M        73M       440M

MemTotal:        4016008 kB
MemFree:         2971800 kB
Active:           577628 kB
Mem:          3.8G       1.0G       2.8G        11M        73M       440M

MemTotal:        4016008 kB
MemFree:         2972032 kB
Active:           577532 kB
Mem:          3.8G       1.0G       2.8G        11M        73M       440M

MemTotal:        4016008 kB
MemFree:         2972024 kB
Active:           577404 kB
Mem:          3.8G       1.0G       2.8G        11M        73M       440M

MemTotal:        4016008 kB
MemFree:         2972316 kB
Active:           577248 kB
Mem:          3.8G       1.0G       2.8G        11M        73M       440M

MemTotal:        4016008 kB
MemFree:         2972036 kB
Active:           577348 kB
Mem:          3.8G       1.0G       2.8G        11M        73M       440M

MemTotal:        4016008 kB
MemFree:         2971860 kB
Active:           577352 kB
Mem:          3.8G       1.0G       2.8G        11M        73M       440M

MemTotal:        4016008 kB
MemFree:         2971300 kB
Active:           577440 kB
Mem:          3.8G       1.0G       2.8G        11M        73M       440M

MemTotal:        4016008 kB
MemFree:         2971928 kB
Active:           577344 kB
Mem:          3.8G       1.0G       2.8G        11M        73M       440M

MemTotal:        4016008 kB
MemFree:         2971780 kB
Active:           577396 kB
Mem:          3.8G       1.0G       2.8G        11M        73M       440M

MemTotal:        4016008 kB
MemFree:         2971612 kB
Active:           577332 kB
Mem:          3.8G       1.0G       2.8G        11M        73M       440M

MemTotal:        4016008 kB
MemFree:         2971860 kB
Active:           577380 kB
Mem:          3.8G       1.0G       2.8G        11M        73M       440M

MemTotal:        4016008 kB
MemFree:         2971712 kB
Active:           577376 kB
Mem:          3.8G       1.0G       2.8G        11M        73M       440M

MemTotal:        4016008 kB
MemFree:         2971612 kB
Active:           577484 kB
Mem:          3.8G       1.0G       2.8G        11M        73M       440M

MemTotal:        4016008 kB
MemFree:         2971564 kB
Active:           577636 kB
Mem:          3.8G       1.0G       2.8G        11M        73M       440M

MemTotal:        4016008 kB
MemFree:         2971876 kB
Active:           577488 kB
Mem:          3.8G       1.0G       2.8G        11M        73M       440M

MemTotal:        4016008 kB
MemFree:         2971984 kB
Active:           577624 kB
Mem:          3.8G       1.0G       2.8G        11M        73M       440M

MemTotal:        4016008 kB
MemFree:         2972064 kB
Active:           577320 kB
Mem:          3.8G       1.0G       2.8G        11M        73M       440M

MemTotal:        4016008 kB
MemFree:         2971924 kB
Active:           577536 kB
Mem:          3.8G       1.0G       2.8G        11M        73M       440M

MemTotal:        4016008 kB
MemFree:         2971824 kB
Active:           577404 kB
Mem:          3.8G       1.0G       2.8G        11M        73M       440M

MemTotal:        4016008 kB
MemFree:         2971312 kB
Active:           577568 kB
Mem:          3.8G       1.0G       2.8G        11M        73M       440M

MemTotal:        4016008 kB
MemFree:         2971492 kB
Active:           577396 kB
Mem:          3.8G       1.0G       2.8G        11M        73M       440M

MemTotal:        4016008 kB
MemFree:         2971444 kB
Active:           577400 kB
Mem:          3.8G       1.0G       2.8G        11M        73M       440M

MemTotal:        4016008 kB
MemFree:         2970752 kB
Active:           577376 kB
Mem:          3.8G       1.0G       2.8G        11M        73M       440M

MemTotal:        4016008 kB
MemFree:         2971372 kB
Active:           577460 kB
Mem:          3.8G       1.0G       2.8G        11M        73M       440M

MemTotal:        4016008 kB
MemFree:         2971052 kB
Active:           577644 kB
Mem:          3.8G       1.0G       2.8G        11M        73M       440M

MemTotal:        4016008 kB
MemFree:         2971256 kB
Active:           577472 kB
Mem:          3.8G       1.0G       2.8G        11M        73M       440M

MemTotal:        4016008 kB
MemFree:         2970912 kB
Active:           577548 kB
Mem:          3.8G       1.0G       2.8G        11M        73M       440M

MemTotal:        4016008 kB
MemFree:         2971276 kB
Active:           577460 kB
Mem:          3.8G       1.0G       2.8G        11M        73M       440M

MemTotal:        4016008 kB
MemFree:         2971396 kB
Active:           577792 kB
Mem:          3.8G       1.0G       2.8G        11M        73M       440M

MemTotal:        4016008 kB
MemFree:         2972188 kB
Active:           577508 kB
Mem:          3.8G       1.0G       2.8G        11M        73M       440M

MemTotal:        4016008 kB
MemFree:         2972072 kB
Active:           577404 kB
Mem:          3.8G       1.0G       2.8G        11M        73M       440M

MemTotal:        4016008 kB
MemFree:         2971248 kB
Active:           577636 kB
Mem:          3.8G       1.0G       2.8G        11M        73M       440M

MemTotal:        4016008 kB
MemFree:         2970992 kB
Active:           577552 kB
Mem:          3.8G       1.0G       2.8G        11M        73M       440M

MemTotal:        4016008 kB
MemFree:         2971412 kB
Active:           577508 kB
Mem:          3.8G       1.0G       2.8G        11M        73M       440M

MemTotal:        4016008 kB
MemFree:         2971344 kB
Active:           577580 kB
Mem:          3.8G       1.0G       2.8G        11M        73M       440M

MemTotal:        4016008 kB
MemFree:         2971536 kB
Active:           577624 kB
Mem:          3.8G       1.0G       2.8G        11M        73M       440M

MemTotal:        4016008 kB
MemFree:         2971716 kB
Active:           577472 kB
Mem:          3.8G       1.0G       2.8G        11M        73M       440M

MemTotal:        4016008 kB
MemFree:         2971296 kB
Active:           577480 kB
Mem:          3.8G       1.0G       2.8G        11M        73M       440M

MemTotal:        4016008 kB
MemFree:         2971560 kB
Active:           577488 kB
Mem:          3.8G       1.0G       2.8G        11M        73M       440M

MemTotal:        4016008 kB
MemFree:         2971720 kB
Active:           577476 kB
Mem:          3.8G       1.0G       2.8G        11M        73M       440M

MemTotal:        4016008 kB
MemFree:         2971636 kB
Active:           577636 kB
Mem:          3.8G       1.0G       2.8G        11M        73M       440M

MemTotal:        4016008 kB
MemFree:         2971636 kB
Active:           577796 kB
Mem:          3.8G       1.0G       2.8G        11M        73M       440M

MemTotal:        4016008 kB
MemFree:         2971840 kB
Active:           577400 kB
Mem:          3.8G       1.0G       2.8G        11M        73M       440M

MemTotal:        4016008 kB
MemFree:         2971688 kB
Active:           577552 kB
Mem:          3.8G       1.0G       2.8G        11M        73M       440M

MemTotal:        4016008 kB
MemFree:         2971752 kB
Active:           577708 kB
Mem:          3.8G       1.0G       2.8G        11M        73M       440M

MemTotal:        4016008 kB
MemFree:         2970248 kB
Active:           577644 kB
Mem:          3.8G       1.0G       2.8G        11M        73M       440M

MemTotal:        4016008 kB
MemFree:         2970948 kB
Active:           577680 kB
Mem:          3.8G       1.0G       2.8G        11M        73M       440M

MemTotal:        4016008 kB
MemFree:         2970248 kB
Active:           577660 kB
Mem:          3.8G       1.0G       2.8G        11M        73M       440M

MemTotal:        4016008 kB
MemFree:         2972088 kB
Active:           577524 kB
Mem:          3.8G       1.0G       2.8G        11M        73M       440M

MemTotal:        4016008 kB
MemFree:         2971888 kB
Active:           577548 kB
Mem:          3.8G       1.0G       2.8G        11M        73M       440M

MemTotal:        4016008 kB
MemFree:         2971076 kB
Active:           577916 kB
Mem:          3.8G       1.0G       2.8G        11M        73M       440M

MemTotal:        4016008 kB
MemFree:         2970792 kB
Active:           578024 kB
Mem:          3.8G       1.0G       2.8G        11M        73M       440M

MemTotal:        4016008 kB
MemFree:         2971480 kB
Active:           577792 kB
Mem:          3.8G       1.0G       2.8G        11M        73M       440M

MemTotal:        4016008 kB
MemFree:         2971116 kB
Active:           577740 kB
Mem:          3.8G       1.0G       2.8G        11M        73M       440M

MemTotal:        4016008 kB
MemFree:         2970836 kB
Active:           577876 kB
Mem:          3.8G       1.0G       2.8G        11M        73M       440M

MemTotal:        4016008 kB
MemFree:         2971512 kB
Active:           577756 kB
Mem:          3.8G       1.0G       2.8G        11M        73M       440M

MemTotal:        4016008 kB
MemFree:         2971424 kB
Active:           577880 kB
Mem:          3.8G       1.0G       2.8G        11M        73M       440M

MemTotal:        4016008 kB
MemFree:         2971828 kB
Active:           577796 kB
Mem:          3.8G       1.0G       2.8G        11M        73M       440M

MemTotal:        4016008 kB
MemFree:         2971280 kB
Active:           577772 kB
Mem:          3.8G       1.0G       2.8G        11M        73M       440M

MemTotal:        4016008 kB
MemFree:         2970508 kB
Active:           577668 kB
Mem:          3.8G       1.0G       2.8G        11M        73M       440M

MemTotal:        4016008 kB
MemFree:         2970872 kB
Active:           577860 kB
Mem:          3.8G       1.0G       2.8G        11M        73M       440M

MemTotal:        4016008 kB
MemFree:         2971132 kB
Active:           577776 kB
Mem:          3.8G       1.0G       2.8G        11M        73M       440M

MemTotal:        4016008 kB
MemFree:         2970744 kB
Active:           578176 kB
Mem:          3.8G       1.0G       2.8G        11M        73M       440M

MemTotal:        4016008 kB
MemFree:         2970364 kB
Active:           577948 kB
Mem:          3.8G       1.0G       2.8G        11M        73M       440M

MemTotal:        4016008 kB
MemFree:         2970948 kB
Active:           577796 kB
Mem:          3.8G       1.0G       2.8G        11M        73M       440M

MemTotal:        4016008 kB
MemFree:         2971080 kB
Active:           577816 kB
Mem:          3.8G       1.0G       2.8G        11M        73M       440M

MemTotal:        4016008 kB
MemFree:         2970288 kB
Active:           578116 kB
Mem:          3.8G       1.0G       2.8G        11M        73M       440M

MemTotal:        4016008 kB
MemFree:         2970604 kB
Active:           577832 kB
Mem:          3.8G       1.0G       2.8G        11M        73M       440M

MemTotal:        4016008 kB
MemFree:         2970712 kB
Active:           577920 kB
Mem:          3.8G       1.0G       2.8G        11M        73M       440M

MemTotal:        4016008 kB
MemFree:         2971044 kB
Active:           577788 kB
Mem:          3.8G       1.0G       2.8G        11M        73M       440M

MemTotal:        4016008 kB
MemFree:         2970836 kB
Active:           577944 kB
Mem:          3.8G       1.0G       2.8G        11M        73M       440M

MemTotal:        4016008 kB
MemFree:         2971044 kB
Active:           577764 kB
Mem:          3.8G       1.0G       2.8G        11M        73M       440M

MemTotal:        4016008 kB
MemFree:         2970544 kB
Active:           577992 kB
Mem:          3.8G       1.0G       2.8G        11M        73M       440M

MemTotal:        4016008 kB
MemFree:         2971112 kB
Active:           577912 kB
Mem:          3.8G       1.0G       2.8G        11M        73M       440M

MemTotal:        4016008 kB
MemFree:         2970492 kB
Active:           577924 kB
Mem:          3.8G       1.0G       2.8G        11M        73M       440M

MemTotal:        4016008 kB
MemFree:         2970972 kB
Active:           577916 kB
Mem:          3.8G       1.0G       2.8G        11M        73M       440M

MemTotal:        4016008 kB
MemFree:         2970972 kB
Active:           577904 kB
Mem:          3.8G       1.0G       2.8G        11M        73M       440M

MemTotal:        4016008 kB
MemFree:         2970700 kB
Active:           577908 kB
Mem:          3.8G       1.0G       2.8G        11M        73M       440M

MemTotal:        4016008 kB
MemFree:         2971136 kB
Active:           577904 kB
Mem:          3.8G       1.0G       2.8G        11M        73M       440M

MemTotal:        4016008 kB
MemFree:         2970352 kB
Active:           577920 kB
Mem:          3.8G       1.0G       2.8G        11M        73M       440M

MemTotal:        4016008 kB
MemFree:         2971464 kB
Active:           577976 kB
Mem:          3.8G       1.0G       2.8G        11M        73M       440M

MemTotal:        4016008 kB
MemFree:         2970972 kB
Active:           578168 kB
Mem:          3.8G       1.0G       2.8G        11M        73M       440M

MemTotal:        4016008 kB
MemFree:         2971472 kB
Active:           577972 kB
Mem:          3.8G       1.0G       2.8G        11M        73M       440M

MemTotal:        4016008 kB
MemFree:         2970904 kB
Active:           578008 kB
Mem:          3.8G       1.0G       2.8G        11M        73M       440M

MemTotal:        4016008 kB
MemFree:         2971004 kB
Active:           578108 kB
Mem:          3.8G       1.0G       2.8G        11M        73M       440M

MemTotal:        4016008 kB
MemFree:         2971004 kB
Active:           578024 kB
Mem:          3.8G       1.0G       2.8G        11M        73M       440M

MemTotal:        4016008 kB
MemFree:         2971160 kB
Active:           578004 kB
Mem:          3.8G       1.0G       2.8G        11M        73M       440M

MemTotal:        4016008 kB
MemFree:         2970996 kB
Active:           578136 kB
Mem:          3.8G       1.0G       2.8G        11M        73M       440M

MemTotal:        4016008 kB
MemFree:         2970516 kB
Active:           578276 kB
Mem:          3.8G       1.0G       2.8G        11M        73M       440M

MemTotal:        4016008 kB
MemFree:         2970768 kB
Active:           578156 kB
Mem:          3.8G       1.0G       2.8G        11M        73M       440M

MemTotal:        4016008 kB
MemFree:         2971056 kB
Active:           578120 kB
Mem:          3.8G       1.0G       2.8G        11M        73M       440M

MemTotal:        4016008 kB
MemFree:         2970624 kB
Active:           578112 kB
Mem:          3.8G       1.0G       2.8G        11M        73M       440M

MemTotal:        4016008 kB
MemFree:         2971232 kB
Active:           577952 kB
Mem:          3.8G       1.0G       2.8G        11M        73M       440M

MemTotal:        4016008 kB
MemFree:         2971128 kB
Active:           577968 kB
Mem:          3.8G       1.0G       2.8G        11M        73M       440M

MemTotal:        4016008 kB
MemFree:         2971412 kB
Active:           577936 kB
Mem:          3.8G       1.0G       2.8G        11M        73M       440M

